 Ruletka

 Timestamp is 5a37d1b6 (Mon Dec 18 15:33:26 2017)

 Preferred load address is 0000000140000000

 Start         Length     Name                   Class
 0001:00000000 00000630H .text$di                CODE
 0001:00000630 00010a10H .text$mn                CODE
 0001:00011040 000000e0H .text$mn$00             CODE
 0001:00011120 00001410H .text$x                 CODE
 0001:00012530 000000d3H .text$yd                CODE
 0002:00000000 00000548H .idata$5                DATA
 0002:00000548 00000020H .00cfg                  DATA
 0002:00000568 00000008H .CRT$XCA                DATA
 0002:00000570 00000008H .CRT$XCAA               DATA
 0002:00000578 00000008H .CRT$XCL                DATA
 0002:00000580 00000010H .CRT$XCU                DATA
 0002:00000590 00000008H .CRT$XCZ                DATA
 0002:00000598 00000008H .CRT$XIA                DATA
 0002:000005a0 00000008H .CRT$XIAA               DATA
 0002:000005a8 00000008H .CRT$XIAC               DATA
 0002:000005b0 00000008H .CRT$XIZ                DATA
 0002:000005b8 00000008H .CRT$XPA                DATA
 0002:000005c0 00000008H .CRT$XPZ                DATA
 0002:000005c8 00000008H .CRT$XTA                DATA
 0002:000005d0 00000010H .CRT$XTZ                DATA
 0002:000005d8 00000000H .gfids$y                DATA
 0002:000005e0 00001f00H .rdata                  DATA
 0002:000024e0 000009acH .rdata$r                DATA
 0002:00002e8c 0000038cH .rdata$zzzdbg           DATA
 0002:00003218 00000008H .rtc$IAA                DATA
 0002:00003220 00000008H .rtc$IZZ                DATA
 0002:00003228 00000008H .rtc$TAA                DATA
 0002:00003230 00000010H .rtc$TZZ                DATA
 0002:00003240 00002728H .xdata                  DATA
 0002:00005968 0000014cH .xdata$x                DATA
 0002:00005ab4 00000000H .edata                  DATA
 0002:00005ab4 0000012cH .idata$2                DATA
 0002:00005be0 00000018H .idata$3                DATA
 0002:00005bf8 00000548H .idata$4                DATA
 0002:00006140 000015b6H .idata$6                DATA
 0003:00000000 00000080H .data                   DATA
 0003:00000080 00000480H .data$r                 DATA
 0003:00000500 00000648H .bss                    DATA
 0004:00000000 00000ca8H .pdata                  DATA
 0005:00000000 00000a20H .rsrc$01                DATA
 0005:00000a20 027ed508H .rsrc$02                DATA

  Address         Publics by Value              Rva+Base               Lib:Object

 0000:00000000       __guard_iat_count          0000000000000000     <absolute>
 0000:00000000       __hybrid_code_map          0000000000000000     <absolute>
 0000:00000000       __hybrid_code_map_count    0000000000000000     <absolute>
 0000:00000000       __hybrid_auxiliary_iat     0000000000000000     <absolute>
 0000:00000000       __guard_iat_table          0000000000000000     <absolute>
 0000:00000000       __guard_fids_count         0000000000000000     <absolute>
 0000:00000000       __enclave_config           0000000000000000     <absolute>
 0000:00000000       __guard_longjmp_table      0000000000000000     <absolute>
 0000:00000000       __guard_longjmp_count      0000000000000000     <absolute>
 0000:00000000       ___safe_se_handler_table   0000000000000000     <absolute>
 0000:00000000       ___safe_se_handler_count   0000000000000000     <absolute>
 0000:00000000       __guard_fids_table         0000000000000000     <absolute>
 0000:00000000       __dynamic_value_reloc_table 0000000000000000     <absolute>
 0000:00000100       __guard_flags              0000000000000100     <absolute>
 0000:00000000       __ImageBase                0000000140000000     <linker-defined>
 0001:00000630       ??0exception@std@@QEAA@AEBV01@@Z 0000000140001630 f i main.obj
 0001:00000670       ?what@exception@std@@UEBAPEBDXZ 0000000140001670 f i main.obj
 0001:00000690       ??_Gbad_cast@std@@UEAAPEAXI@Z 0000000140001690 f i main.obj
 0001:00000690       ??_Eexception@std@@UEAAPEAXI@Z 0000000140001690 f i * CIL library *:* CIL module *
 0001:00000690       ??_Ebad_cast@std@@UEAAPEAXI@Z 0000000140001690 f i * CIL library *:* CIL module *
 0001:00000690       ??_Gexception@std@@UEAAPEAXI@Z 0000000140001690 f i main.obj
 0001:000006e0       _initialize_invalid_parameter_handler 00000001400016e0 f i MSVCRT:invalid_parameter_handler.obj
 0001:000006e0       ??3@YAXPEAX0@Z             00000001400016e0 f i main.obj
 0001:000006e0       _initialize_denormal_control 00000001400016e0 f i MSVCRT:denormal_control.obj
 0001:000006e0       _guard_check_icall_nop     00000001400016e0 f i MSVCRT:guard_support.obj
 0001:000006f0       ??0bad_cast@std@@QEAA@XZ   00000001400016f0 f i main.obj
 0001:00000710       ??1bad_cast@std@@UEAA@XZ   0000000140001710 f i main.obj
 0001:00000730       ??1locale@std@@QEAA@XZ     0000000140001730 f i main.obj
 0001:00000770       ?_Tidy_deallocate@?$basic_string@DU?$char_traits@D@std@@V?$allocator@D@2@@std@@QEAAXXZ 0000000140001770 f i main.obj
 0001:00000770       ??1?$pair@$$CBV?$basic_string@DU?$char_traits@D@std@@V?$allocator@D@2@@std@@G@std@@QEAA@XZ 0000000140001770 f i main.obj
 0001:00000770       ??1?$basic_string@DU?$char_traits@D@std@@V?$allocator@D@2@@std@@QEAA@XZ 0000000140001770 f i main.obj
 0001:000007f0       main                       00000001400017f0 f   main.obj
 0001:00000b60       ??_D?$basic_ofstream@DU?$char_traits@D@std@@@std@@QEAAXXZ 0000000140001b60 f i main.obj
 0001:00000c40       ??_D?$basic_fstream@DU?$char_traits@D@std@@@std@@QEAAXXZ 0000000140001c40 f i main.obj
 0001:00000d20       ?Obstaw@@YA?AV?$basic_string@DU?$char_traits@D@std@@V?$allocator@D@2@@std@@XZ 0000000140001d20 f   main.obj
 0001:000016a0       ?Wczytaj_KwotÍ_Zak≥adu@@YAXAEAHAEBH@Z 00000001400026a0 f   main.obj
 0001:00001890       ?ZakrÍÊ_Ruletkπ@@YAHXZ     0000000140002890 f   main.obj
 0001:00001c70       ?Sprawdü_Zak≥ad@@YAHAEBHAEBV?$basic_string@DU?$char_traits@D@std@@V?$allocator@D@2@@std@@0@Z 0000000140002c70 f   main.obj
 0001:00001fa0       ?Czy_KontynuowaÊ@@YA_NAEBH@Z 0000000140002fa0 f   main.obj
 0001:00002320       ?Odczytaj_LiczbÍ@@YAXAEBHAEBV?$basic_string@DU?$char_traits@D@std@@V?$allocator@D@2@@std@@@Z 0000000140003320 f   main.obj
 0001:00003250       ??_D?$basic_stringstream@DU?$char_traits@D@std@@V?$allocator@D@2@@std@@QEAAXXZ 0000000140004250 f i main.obj
 0001:000032b0       ?__autoclassinit2@?$basic_stringstream@DU?$char_traits@D@std@@V?$allocator@D@2@@std@@QEAAX_K@Z 00000001400042b0 f i main.obj
 0001:000032d0       ?Wczytaj_z_Pliku@@YAXAEAV?$basic_ofstream@DU?$char_traits@D@std@@@std@@AEAV?$basic_fstream@DU?$char_traits@D@std@@@2@AEADAEAH33AEAV?$basic_string@DU?$char_traits@D@std@@V?$allocator@D@2@@2@@Z 00000001400042d0 f   main.obj
 0001:00004b60       ?Sprawdü_Pliki@@YAXXZ      0000000140005b60 f   main.obj
 0001:00007940       ?Sprawdü_Ustawienia@@YAXXZ 0000000140008940 f   main.obj
 0001:00008250       ??_D?$basic_ifstream@DU?$char_traits@D@std@@@std@@QEAAXXZ 0000000140009250 f i main.obj
 0001:00008330       ?Og≥oú_Wynik@@YAXAEBH0AEAHAEAV?$basic_ofstream@DU?$char_traits@D@std@@@std@@AEAV?$basic_fstream@DU?$char_traits@D@std@@@2@@Z 0000000140009330 f   main.obj
 0001:000087d0       ?Koniec_Gry@@YAXAEAV?$basic_ofstream@DU?$char_traits@D@std@@@std@@AEAV?$basic_fstream@DU?$char_traits@D@std@@@2@AEBH@Z 00000001400097d0 f   main.obj
 0001:00008a30       ?PÍtla_G≥Ûwna@@YAXAEAH00AEAV?$basic_ofstream@DU?$char_traits@D@std@@@std@@AEAV?$basic_fstream@DU?$char_traits@D@std@@@2@AEADAEAV?$basic_string@DU?$char_traits@D@std@@V?$allocator@D@2@@2@0@Z 0000000140009a30 f   main.obj
 0001:00008f20       ?Ustaw_Ustawienia@@YAXAEAV?$basic_string@DU?$char_traits@D@std@@V?$allocator@D@2@@std@@@Z 0000000140009f20 f   main.obj
 0001:00009c50       ?Wyciπgnij_z_Programu@@YA_NAEBV?$basic_string@DU?$char_traits@D@std@@V?$allocator@D@2@@std@@G@Z 000000014000ac50 f   main.obj
 0001:00009d60       ?Wypakuj_Rar@@YAXAEBV?$basic_string@DU?$char_traits@D@std@@V?$allocator@D@2@@std@@@Z 000000014000ad60 f   main.obj
 0001:00009f10       ?Przenieú_Plik@@YA_NAEBV?$basic_string@DU?$char_traits@D@std@@V?$allocator@D@2@@std@@0@Z 000000014000af10 f   main.obj
 0001:00009f40       ?UsuÒ_Folder_Wypakowany_i_Winrar@@YAXAEBV?$basic_string@DU?$char_traits@D@std@@V?$allocator@D@2@@std@@@Z 000000014000af40 f   main.obj
 0001:0000b080       ??1?$_Tree@V?$_Tmap_traits@V?$basic_string@DU?$char_traits@D@std@@V?$allocator@D@2@@std@@GU?$less@V?$basic_string@DU?$char_traits@D@std@@V?$allocator@D@2@@std@@@2@V?$allocator@U?$pair@$$CBV?$basic_string@DU?$char_traits@D@std@@V?$allocator@D@2@@std@@G@std@@@2@$0A@@std@@@std@@QEAA@XZ 000000014000c080 f i main.obj
 0001:0000b0c0       ?at@?$map@V?$basic_string@DU?$char_traits@D@std@@V?$allocator@D@2@@std@@GU?$less@V?$basic_string@DU?$char_traits@D@std@@V?$allocator@D@2@@std@@@2@V?$allocator@U?$pair@$$CBV?$basic_string@DU?$char_traits@D@std@@V?$allocator@D@2@@std@@G@std@@@2@@std@@QEBAAEBGAEBV?$basic_string@DU?$char_traits@D@std@@V?$allocator@D@2@@2@@Z 000000014000c0c0 f i main.obj
 0001:0000b1c0       ?c_str@?$basic_string@DU?$char_traits@D@std@@V?$allocator@D@2@@std@@QEBAPEBDXZ 000000014000c1c0 f i main.obj
 0001:0000b1d0       ??0?$basic_string@DU?$char_traits@D@std@@V?$allocator@D@2@@std@@QEAA@QEBD@Z 000000014000c1d0 f i main.obj
 0001:0000b260       ??0?$basic_string@DU?$char_traits@D@std@@V?$allocator@D@2@@std@@QEAA@AEBV01@@Z 000000014000c260 f i main.obj
 0001:0000b320       ??0?$basic_ofstream@DU?$char_traits@D@std@@@std@@QEAA@XZ 000000014000c320 f i main.obj
 0001:0000b400       ?imbue@?$basic_filebuf@DU?$char_traits@D@std@@@std@@MEAAXAEBVlocale@2@@Z 000000014000c400 f i main.obj
 0001:0000b450       ?sync@?$basic_filebuf@DU?$char_traits@D@std@@@std@@MEAAHXZ 000000014000c450 f i main.obj
 0001:0000b4a0       ?setbuf@?$basic_filebuf@DU?$char_traits@D@std@@@std@@MEAAPEAV?$basic_streambuf@DU?$char_traits@D@std@@@2@PEAD_J@Z 000000014000c4a0 f i main.obj
 0001:0000b500       ?seekpos@?$basic_filebuf@DU?$char_traits@D@std@@@std@@MEAA?AV?$fpos@U_Mbstatet@@@2@V32@H@Z 000000014000c500 f i main.obj
 0001:0000b5f0       ?seekoff@?$basic_filebuf@DU?$char_traits@D@std@@@std@@MEAA?AV?$fpos@U_Mbstatet@@@2@_JHH@Z 000000014000c5f0 f i main.obj
 0001:0000b700       ?uflow@?$basic_filebuf@DU?$char_traits@D@std@@@std@@MEAAHXZ 000000014000c700 f i main.obj
 0001:0000ba10       ?underflow@?$basic_filebuf@DU?$char_traits@D@std@@@std@@MEAAHXZ 000000014000ca10 f i main.obj
 0001:0000ba80       ?pbackfail@?$basic_filebuf@DU?$char_traits@D@std@@@std@@MEAAHH@Z 000000014000ca80 f i main.obj
 0001:0000bb70       ?overflow@?$basic_filebuf@DU?$char_traits@D@std@@@std@@MEAAHH@Z 000000014000cb70 f i main.obj
 0001:0000be40       ?_Unlock@?$basic_filebuf@DU?$char_traits@D@std@@@std@@UEAAXXZ 000000014000ce40 f i main.obj
 0001:0000be60       ?_Lock@?$basic_filebuf@DU?$char_traits@D@std@@@std@@UEAAXXZ 000000014000ce60 f i main.obj
 0001:0000be80       ?str@?$basic_stringstream@DU?$char_traits@D@std@@V?$allocator@D@2@@std@@QEBA?AV?$basic_string@DU?$char_traits@D@std@@V?$allocator@D@2@@2@XZ 000000014000ce80 f i main.obj
 0001:0000bfd0       ??0?$basic_stringstream@DU?$char_traits@D@std@@V?$allocator@D@2@@std@@QEAA@H@Z 000000014000cfd0 f i main.obj
 0001:0000c090       ?seekpos@?$basic_stringbuf@DU?$char_traits@D@std@@V?$allocator@D@2@@std@@MEAA?AV?$fpos@U_Mbstatet@@@2@V32@H@Z 000000014000d090 f i main.obj
 0001:0000c1a0       ?seekoff@?$basic_stringbuf@DU?$char_traits@D@std@@V?$allocator@D@2@@std@@MEAA?AV?$fpos@U_Mbstatet@@@2@_JHH@Z 000000014000d1a0 f i main.obj
 0001:0000c350       ?underflow@?$basic_stringbuf@DU?$char_traits@D@std@@V?$allocator@D@2@@std@@MEAAHXZ 000000014000d350 f i main.obj
 0001:0000c3c0       ?pbackfail@?$basic_stringbuf@DU?$char_traits@D@std@@V?$allocator@D@2@@std@@MEAAHH@Z 000000014000d3c0 f i main.obj
 0001:0000c410       ?overflow@?$basic_stringbuf@DU?$char_traits@D@std@@V?$allocator@D@2@@std@@MEAAHH@Z 000000014000d410 f i main.obj
 0001:0000c700       ??1?$basic_stringbuf@DU?$char_traits@D@std@@V?$allocator@D@2@@std@@UEAA@XZ 000000014000d700 f i main.obj
 0001:0000c7d0       ??_E?$basic_fstream@DU?$char_traits@D@std@@@std@@UEAAPEAXI@Z 000000014000d7d0 f i * CIL library *:* CIL module *
 0001:0000c7d0       ??_G?$basic_fstream@DU?$char_traits@D@std@@@std@@UEAAPEAXI@Z 000000014000d7d0 f i main.obj
 0001:0000c810       ??_G?$basic_ofstream@DU?$char_traits@D@std@@@std@@UEAAPEAXI@Z 000000014000d810 f i main.obj
 0001:0000c810       ??_E?$basic_ofstream@DU?$char_traits@D@std@@@std@@UEAAPEAXI@Z 000000014000d810 f i * CIL library *:* CIL module *
 0001:0000c850       ??_G?$basic_ifstream@DU?$char_traits@D@std@@@std@@UEAAPEAXI@Z 000000014000d850 f i main.obj
 0001:0000c850       ??_E?$basic_ifstream@DU?$char_traits@D@std@@@std@@UEAAPEAXI@Z 000000014000d850 f i * CIL library *:* CIL module *
 0001:0000c890       ??_E?$basic_filebuf@DU?$char_traits@D@std@@@std@@UEAAPEAXI@Z 000000014000d890 f i * CIL library *:* CIL module *
 0001:0000c890       ??_G?$basic_filebuf@DU?$char_traits@D@std@@@std@@UEAAPEAXI@Z 000000014000d890 f i main.obj
 0001:0000c930       ??_E?$basic_stringstream@DU?$char_traits@D@std@@V?$allocator@D@2@@std@@UEAAPEAXI@Z 000000014000d930 f i * CIL library *:* CIL module *
 0001:0000c930       ??_G?$basic_stringstream@DU?$char_traits@D@std@@V?$allocator@D@2@@std@@UEAAPEAXI@Z 000000014000d930 f i main.obj
 0001:0000c9d0       ??_G?$basic_stringbuf@DU?$char_traits@D@std@@V?$allocator@D@2@@std@@UEAAPEAXI@Z 000000014000d9d0 f i main.obj
 0001:0000c9d0       ??_E?$basic_stringbuf@DU?$char_traits@D@std@@V?$allocator@D@2@@std@@UEAAPEAXI@Z 000000014000d9d0 f i * CIL library *:* CIL module *
 0001:0000ca10       ??1sentry@?$basic_ostream@DU?$char_traits@D@std@@@std@@QEAA@XZ 000000014000da10 f i main.obj
 0001:0000ca60       ?assign@?$basic_string@DU?$char_traits@D@std@@V?$allocator@D@2@@std@@QEAAAEAV12@_KD@Z 000000014000da60 f i main.obj
 0001:0000cbb0       ?append@?$basic_string@DU?$char_traits@D@std@@V?$allocator@D@2@@std@@QEAAAEAV12@QEBD_K@Z 000000014000dbb0 f i main.obj
 0001:0000cc40       ?_Reset_back@?$basic_filebuf@DU?$char_traits@D@std@@@std@@AEAAXXZ 000000014000dc40 f i main.obj
 0001:0000cc70       ?_Endwrite@?$basic_filebuf@DU?$char_traits@D@std@@@std@@IEAA_NXZ 000000014000dc70 f i main.obj
 0001:0000ce70       ?_Init@?$basic_filebuf@DU?$char_traits@D@std@@@std@@IEAAXPEAU_iobuf@@W4_Initfl@12@@Z 000000014000de70 f i main.obj
 0001:0000cf30       ?close@?$basic_filebuf@DU?$char_traits@D@std@@@std@@QEAAPEAV12@XZ 000000014000df30 f i main.obj
 0001:0000cfb0       ?open@?$basic_filebuf@DU?$char_traits@D@std@@@std@@QEAAPEAV12@PEBDHH@Z 000000014000dfb0 f i main.obj
 0001:0000d090       ?erase@?$_Tree@V?$_Tmap_traits@V?$basic_string@DU?$char_traits@D@std@@V?$allocator@D@2@@std@@GU?$less@V?$basic_string@DU?$char_traits@D@std@@V?$allocator@D@2@@std@@@2@V?$allocator@U?$pair@$$CBV?$basic_string@DU?$char_traits@D@std@@V?$allocator@D@2@@std@@G@std@@@2@$0A@@std@@@std@@QEAA?AV?$_Tree_iterator@V?$_Tree_val@U?$_Tree_simple_types@U?$pair@$$CBV?$basic_string@DU?$char_traits@D@std@@V?$allocator@D@2@@std@@G@std@@@std@@@std@@@2@V?$_Tree_const_iterator@V?$_Tree_val@U?$_Tree_simple_types@U?$pair@$$CBV?$basic_string@DU?$char_traits@D@std@@V?$allocator@D@2@@std@@G@std@@@std@@@std@@@2@0@Z 000000014000e090 f i main.obj
 0001:0000d270       ??1_Sentry_base@?$basic_ostream@DU?$char_traits@D@std@@@std@@QEAA@XZ 000000014000e270 f i main.obj
 0001:0000d270       ??1_Sentry_base@?$basic_istream@DU?$char_traits@D@std@@@std@@QEAA@XZ 000000014000e270 f i main.obj
 0001:0000d2a0       ?_Xran@?$_String_val@U?$_Simple_types@D@std@@@std@@SAXXZ 000000014000e2a0 f i main.obj
 0001:0000d2c0       ?_Buyheadnode@?$_Tree_comp_alloc@V?$_Tmap_traits@V?$basic_string@DU?$char_traits@D@std@@V?$allocator@D@2@@std@@GU?$less@V?$basic_string@DU?$char_traits@D@std@@V?$allocator@D@2@@std@@@2@V?$allocator@U?$pair@$$CBV?$basic_string@DU?$char_traits@D@std@@V?$allocator@D@2@@std@@G@std@@@2@$0A@@std@@@std@@QEAAPEAU?$_Tree_node@U?$pair@$$CBV?$basic_string@DU?$char_traits@D@std@@V?$allocator@D@2@@std@@G@std@@PEAX@2@XZ 000000014000e2c0 f i main.obj
 0001:0000d2f0       ?_Erase@?$_Tree@V?$_Tmap_traits@V?$basic_string@DU?$char_traits@D@std@@V?$allocator@D@2@@std@@GU?$less@V?$basic_string@DU?$char_traits@D@std@@V?$allocator@D@2@@std@@@2@V?$allocator@U?$pair@$$CBV?$basic_string@DU?$char_traits@D@std@@V?$allocator@D@2@@std@@G@std@@@2@$0A@@std@@@std@@IEAAXPEAU?$_Tree_node@U?$pair@$$CBV?$basic_string@DU?$char_traits@D@std@@V?$allocator@D@2@@std@@G@std@@PEAX@2@@Z 000000014000e2f0 f i main.obj
 0001:0000d3c0       ?_Extract@?$_Tree@V?$_Tmap_traits@V?$basic_string@DU?$char_traits@D@std@@V?$allocator@D@2@@std@@GU?$less@V?$basic_string@DU?$char_traits@D@std@@V?$allocator@D@2@@std@@@2@V?$allocator@U?$pair@$$CBV?$basic_string@DU?$char_traits@D@std@@V?$allocator@D@2@@std@@G@std@@@2@$0A@@std@@@std@@QEAAPEAU?$_Tree_node@U?$pair@$$CBV?$basic_string@DU?$char_traits@D@std@@V?$allocator@D@2@@std@@G@std@@PEAX@2@V?$_Tree_const_iterator@V?$_Tree_val@U?$_Tree_simple_types@U?$pair@$$CBV?$basic_string@DU?$char_traits@D@std@@V?$allocator@D@2@@std@@G@std@@@std@@@std@@@2@@Z 000000014000e3c0 f i main.obj
 0001:0000d880       ??$use_facet@V?$ctype@D@std@@@std@@YAAEBV?$ctype@D@0@AEBVlocale@0@@Z 000000014000e880 f i main.obj
 0001:0000d9a0       ??$?6U?$char_traits@D@std@@@std@@YAAEAV?$basic_ostream@DU?$char_traits@D@std@@@0@AEAV10@D@Z 000000014000e9a0 f i main.obj
 0001:0000db60       ??$?6U?$char_traits@D@std@@@std@@YAAEAV?$basic_ostream@DU?$char_traits@D@std@@@0@AEAV10@PEBD@Z 000000014000eb60 f i main.obj
 0001:0000dd30       ??$endl@DU?$char_traits@D@std@@@std@@YAAEAV?$basic_ostream@DU?$char_traits@D@std@@@0@AEAV10@@Z 000000014000ed30 f i main.obj
 0001:0000dd70       ??$?HDU?$char_traits@D@std@@V?$allocator@D@1@@std@@YA?AV?$basic_string@DU?$char_traits@D@std@@V?$allocator@D@2@@0@$$QEAV10@0@Z 000000014000ed70 f i main.obj
 0001:0000ddf0       ??$?HDU?$char_traits@D@std@@V?$allocator@D@1@@std@@YA?AV?$basic_string@DU?$char_traits@D@std@@V?$allocator@D@2@@0@AEBV10@$$QEAV10@@Z 000000014000edf0 f i main.obj
 0001:0000de40       ??$?HDU?$char_traits@D@std@@V?$allocator@D@1@@std@@YA?AV?$basic_string@DU?$char_traits@D@std@@V?$allocator@D@2@@0@AEBV10@0@Z 000000014000ee40 f i main.obj
 0001:0000def0       ??$?HDU?$char_traits@D@std@@V?$allocator@D@1@@std@@YA?AV?$basic_string@DU?$char_traits@D@std@@V?$allocator@D@2@@0@$$QEAV10@QEBD@Z 000000014000eef0 f i main.obj
 0001:0000df50       ??$?HDU?$char_traits@D@std@@V?$allocator@D@1@@std@@YA?AV?$basic_string@DU?$char_traits@D@std@@V?$allocator@D@2@@0@AEBV10@QEBD@Z 000000014000ef50 f i main.obj
 0001:0000e000       ??$?HDU?$char_traits@D@std@@V?$allocator@D@1@@std@@YA?AV?$basic_string@DU?$char_traits@D@std@@V?$allocator@D@2@@0@$$QEAV10@D@Z 000000014000f000 f i main.obj
 0001:0000e080       ??$?HDU?$char_traits@D@std@@V?$allocator@D@1@@std@@YA?AV?$basic_string@DU?$char_traits@D@std@@V?$allocator@D@2@@0@AEBV10@D@Z 000000014000f080 f i main.obj
 0001:0000e150       ??$use_facet@V?$codecvt@DDU_Mbstatet@@@std@@@std@@YAAEBV?$codecvt@DDU_Mbstatet@@@0@AEBVlocale@0@@Z 000000014000f150 f i main.obj
 0001:0000e860       ??0bad_cast@std@@QEAA@AEBV01@@Z 000000014000f860 f i main.obj
 0001:0000e8a0       ?_Fail@?$_Default_allocate_traits@$00@std@@SAXXZ 000000014000f8a0 f i main.obj
 0001:0000e8b0       ?_Xlen@?$basic_string@DU?$char_traits@D@std@@V?$allocator@D@2@@std@@SAXXZ 000000014000f8b0 f i main.obj
 0001:0000e8d0       ?reserve@?$basic_string@DU?$char_traits@D@std@@V?$allocator@D@2@@std@@QEAAX_K@Z 000000014000f8d0 f i main.obj
 0001:0000e9a0       ?insert@?$basic_string@DU?$char_traits@D@std@@V?$allocator@D@2@@std@@QEAAAEAV12@_KAEBV12@@Z 000000014000f9a0 f i main.obj
 0001:0000eaa0       ??$?5DU?$char_traits@D@std@@V?$allocator@D@1@@std@@YAAEAV?$basic_istream@DU?$char_traits@D@std@@@0@$$QEAV10@AEAV?$basic_string@DU?$char_traits@D@std@@V?$allocator@D@2@@0@@Z 000000014000faa0 f i main.obj
 0001:0000ecc0       ??$getline@DU?$char_traits@D@std@@V?$allocator@D@2@@std@@YAAEAV?$basic_istream@DU?$char_traits@D@std@@@0@$$QEAV10@AEAV?$basic_string@DU?$char_traits@D@std@@V?$allocator@D@2@@0@D@Z 000000014000fcc0 f i main.obj
 0001:0000ee70       ??$_Insert_string@DU?$char_traits@D@std@@_K@std@@YAAEAV?$basic_ostream@DU?$char_traits@D@std@@@0@AEAV10@QEBD_K@Z 000000014000fe70 f i main.obj
 0001:0000f340       ??1sentry@?$basic_istream@DU?$char_traits@D@std@@@std@@QEAA@XZ 0000000140010340 f i main.obj
 0001:0000f370       ??$_Buynode@AEBU?$pair@$$CBV?$basic_string@DU?$char_traits@D@std@@V?$allocator@D@2@@std@@G@std@@@?$_Tree_comp_alloc@V?$_Tmap_traits@V?$basic_string@DU?$char_traits@D@std@@V?$allocator@D@2@@std@@GU?$less@V?$basic_string@DU?$char_traits@D@std@@V?$allocator@D@2@@std@@@2@V?$allocator@U?$pair@$$CBV?$basic_string@DU?$char_traits@D@std@@V?$allocator@D@2@@std@@G@std@@@2@$0A@@std@@@std@@QEAAPEAU?$_Tree_node@U?$pair@$$CBV?$basic_string@DU?$char_traits@D@std@@V?$allocator@D@2@@std@@G@std@@PEAX@1@AEBU?$pair@$$CBV?$basic_string@DU?$char_traits@D@std@@V?$allocator@D@2@@std@@G@1@@Z 0000000140010370 f i main.obj
 0001:0000f3d0       ??$_Insert_hint@AEAU?$pair@$$CBV?$basic_string@DU?$char_traits@D@std@@V?$allocator@D@2@@std@@G@std@@PEAU?$_Tree_node@U?$pair@$$CBV?$basic_string@DU?$char_traits@D@std@@V?$allocator@D@2@@std@@G@std@@PEAX@2@@?$_Tree@V?$_Tmap_traits@V?$basic_string@DU?$char_traits@D@std@@V?$allocator@D@2@@std@@GU?$less@V?$basic_string@DU?$char_traits@D@std@@V?$allocator@D@2@@std@@@2@V?$allocator@U?$pair@$$CBV?$basic_string@DU?$char_traits@D@std@@V?$allocator@D@2@@std@@G@std@@@2@$0A@@std@@@std@@IEAA?AV?$_Tree_iterator@V?$_Tree_val@U?$_Tree_simple_types@U?$pair@$$CBV?$basic_string@DU?$char_traits@D@std@@V?$allocator@D@2@@std@@G@std@@@std@@@std@@@1@V?$_Tree_const_iterator@V?$_Tree_val@U?$_Tree_simple_types@U?$pair@$$CBV?$basic_string@DU?$char_traits@D@std@@V?$allocator@D@2@@std@@G@std@@@std@@@std@@@1@AEAU?$pair@$$CBV?$basic_string@DU?$char_traits@D@std@@V?$allocator@D@2@@std@@G@1@PEAU?$_Tree_node@U?$pair@$$CBV?$basic_string@DU?$char_traits@D@std@@V?$allocator@D@2@@std@@G@std@@PEAX@1@@Z 00000001400103d0 f i main.obj
 0001:0000f7f0       ?_Freenode0@?$_Tree_comp_alloc@V?$_Tmap_traits@V?$basic_string@DU?$char_traits@D@std@@V?$allocator@D@2@@std@@GU?$less@V?$basic_string@DU?$char_traits@D@std@@V?$allocator@D@2@@std@@@2@V?$allocator@U?$pair@$$CBV?$basic_string@DU?$char_traits@D@std@@V?$allocator@D@2@@std@@G@std@@@2@$0A@@std@@@std@@QEAAXPEAU?$_Tree_node@U?$pair@$$CBV?$basic_string@DU?$char_traits@D@std@@V?$allocator@D@2@@std@@G@std@@PEAX@2@@Z 00000001400107f0 f i main.obj
 0001:0000f800       ?_Buynode0@?$_Tree_comp_alloc@V?$_Tmap_traits@V?$basic_string@DU?$char_traits@D@std@@V?$allocator@D@2@@std@@GU?$less@V?$basic_string@DU?$char_traits@D@std@@V?$allocator@D@2@@std@@@2@V?$allocator@U?$pair@$$CBV?$basic_string@DU?$char_traits@D@std@@V?$allocator@D@2@@std@@G@std@@@2@$0A@@std@@@std@@QEAAPEAU?$_Tree_node@U?$pair@$$CBV?$basic_string@DU?$char_traits@D@std@@V?$allocator@D@2@@std@@G@std@@PEAX@2@XZ 0000000140010800 f i main.obj
 0001:0000f840       ?_Destroy_if_node@?$_Tree@V?$_Tmap_traits@V?$basic_string@DU?$char_traits@D@std@@V?$allocator@D@2@@std@@GU?$less@V?$basic_string@DU?$char_traits@D@std@@V?$allocator@D@2@@std@@@2@V?$allocator@U?$pair@$$CBV?$basic_string@DU?$char_traits@D@std@@V?$allocator@D@2@@std@@G@std@@@2@$0A@@std@@@std@@IEAAXPEAU?$_Tree_node@U?$pair@$$CBV?$basic_string@DU?$char_traits@D@std@@V?$allocator@D@2@@std@@G@std@@PEAX@2@@Z 0000000140010840 f i main.obj
 0001:0000f8c0       ??$_Insert_at@AEAU?$pair@$$CBV?$basic_string@DU?$char_traits@D@std@@V?$allocator@D@2@@std@@G@std@@PEAU?$_Tree_node@U?$pair@$$CBV?$basic_string@DU?$char_traits@D@std@@V?$allocator@D@2@@std@@G@std@@PEAX@2@@?$_Tree@V?$_Tmap_traits@V?$basic_string@DU?$char_traits@D@std@@V?$allocator@D@2@@std@@GU?$less@V?$basic_string@DU?$char_traits@D@std@@V?$allocator@D@2@@std@@@2@V?$allocator@U?$pair@$$CBV?$basic_string@DU?$char_traits@D@std@@V?$allocator@D@2@@std@@G@std@@@2@$0A@@std@@@std@@IEAA?AV?$_Tree_iterator@V?$_Tree_val@U?$_Tree_simple_types@U?$pair@$$CBV?$basic_string@DU?$char_traits@D@std@@V?$allocator@D@2@@std@@G@std@@@std@@@std@@@1@_NPEAU?$_Tree_node@U?$pair@$$CBV?$basic_string@DU?$char_traits@D@std@@V?$allocator@D@2@@std@@G@std@@PEAX@1@AEAU?$pair@$$CBV?$basic_string@DU?$char_traits@D@std@@V?$allocator@D@2@@std@@G@1@1@Z 00000001400108c0 f i main.obj
 0001:0000fba0       ??$_Insert_nohint@AEAU?$pair@$$CBV?$basic_string@DU?$char_traits@D@std@@V?$allocator@D@2@@std@@G@std@@PEAU?$_Tree_node@U?$pair@$$CBV?$basic_string@DU?$char_traits@D@std@@V?$allocator@D@2@@std@@G@std@@PEAX@2@@?$_Tree@V?$_Tmap_traits@V?$basic_string@DU?$char_traits@D@std@@V?$allocator@D@2@@std@@GU?$less@V?$basic_string@DU?$char_traits@D@std@@V?$allocator@D@2@@std@@@2@V?$allocator@U?$pair@$$CBV?$basic_string@DU?$char_traits@D@std@@V?$allocator@D@2@@std@@G@std@@@2@$0A@@std@@@std@@IEAA?AU?$pair@V?$_Tree_iterator@V?$_Tree_val@U?$_Tree_simple_types@U?$pair@$$CBV?$basic_string@DU?$char_traits@D@std@@V?$allocator@D@2@@std@@G@std@@@std@@@std@@@std@@_N@1@_NAEAU?$pair@$$CBV?$basic_string@DU?$char_traits@D@std@@V?$allocator@D@2@@std@@G@1@PEAU?$_Tree_node@U?$pair@$$CBV?$basic_string@DU?$char_traits@D@std@@V?$allocator@D@2@@std@@G@std@@PEAX@1@@Z 0000000140010ba0 f i main.obj
 0001:0000fe2c       ??_E?$basic_stringstream@DU?$char_traits@D@std@@V?$allocator@D@2@@std@@$4PPPPPPPM@A@EAAPEAXI@Z 0000000140010e2c f i main.obj
 0001:0000fe38       ??_E?$basic_ifstream@DU?$char_traits@D@std@@@std@@$4PPPPPPPM@A@EAAPEAXI@Z 0000000140010e38 f i main.obj
 0001:0000fe44       ??_E?$basic_ofstream@DU?$char_traits@D@std@@@std@@$4PPPPPPPM@A@EAAPEAXI@Z 0000000140010e44 f i main.obj
 0001:0000fe50       ??_E?$basic_fstream@DU?$char_traits@D@std@@@std@@$4PPPPPPPM@A@EAAPEAXI@Z 0000000140010e50 f i main.obj
 0001:0000fe5c       ??_G_Fac_node@std@@QEAAPEAXI@Z 0000000140010e5c f i msvcprt:locale0_implib.obj
 0001:0000fee8       ?_Facet_Register@std@@YAXPEAV_Facet_base@1@@Z 0000000140010ee8 f   msvcprt:locale0_implib.obj
 0001:0000ff20       ?_Lock@?$basic_streambuf@DU?$char_traits@D@std@@@std@@UEAAXXZ 0000000140010f20 f   msvcprt:MSVCP140.dll
 0001:0000ff26       ?_Unlock@?$basic_streambuf@DU?$char_traits@D@std@@@std@@UEAAXXZ 0000000140010f26 f   msvcprt:MSVCP140.dll
 0001:0000ff2c       ?showmanyc@?$basic_streambuf@DU?$char_traits@D@std@@@std@@MEAA_JXZ 0000000140010f2c f   msvcprt:MSVCP140.dll
 0001:0000ff32       ?uflow@?$basic_streambuf@DU?$char_traits@D@std@@@std@@MEAAHXZ 0000000140010f32 f   msvcprt:MSVCP140.dll
 0001:0000ff38       ?xsgetn@?$basic_streambuf@DU?$char_traits@D@std@@@std@@MEAA_JPEAD_J@Z 0000000140010f38 f   msvcprt:MSVCP140.dll
 0001:0000ff3e       ?xsputn@?$basic_streambuf@DU?$char_traits@D@std@@@std@@MEAA_JPEBD_J@Z 0000000140010f3e f   msvcprt:MSVCP140.dll
 0001:0000ff44       ?setbuf@?$basic_streambuf@DU?$char_traits@D@std@@@std@@MEAAPEAV12@PEAD_J@Z 0000000140010f44 f   msvcprt:MSVCP140.dll
 0001:0000ff4a       ?sync@?$basic_streambuf@DU?$char_traits@D@std@@@std@@MEAAHXZ 0000000140010f4a f   msvcprt:MSVCP140.dll
 0001:0000ff50       ?imbue@?$basic_streambuf@DU?$char_traits@D@std@@@std@@MEAAXAEBVlocale@2@@Z 0000000140010f50 f   msvcprt:MSVCP140.dll
 0001:0000ff70       __security_check_cookie    0000000140010f70 f   MSVCRT:_amdsecgs_.obj
 0001:0000ff94       ??2@YAPEAX_K@Z             0000000140010f94 f   MSVCRT:new_scalar.obj
 0001:0000ffd0       ??_M@YAXPEAX_K1P6AX0@Z@Z   0000000140010fd0 f   MSVCRT:ehvecdtr.obj
 0001:0001003c       ?__ArrayUnwind@@YAXPEAX_K1P6AX0@Z@Z 000000014001103c f   MSVCRT:ehvecdtr.obj
 0001:000100a0       __scrt_acquire_startup_lock 00000001400110a0 f   MSVCRT:utility.obj
 0001:000100dc       __scrt_initialize_crt      00000001400110dc f   MSVCRT:utility.obj
 0001:00010128       __scrt_initialize_onexit_tables 0000000140011128 f   MSVCRT:utility.obj
 0001:00010208       __scrt_is_nonwritable_in_current_image 0000000140011208 f   MSVCRT:utility.obj
 0001:000102a4       __scrt_release_startup_lock 00000001400112a4 f   MSVCRT:utility.obj
 0001:000102c8       __scrt_uninitialize_crt    00000001400112c8 f   MSVCRT:utility.obj
 0001:000102f4       _onexit                    00000001400112f4 f   MSVCRT:utility.obj
 0001:00010344       atexit                     0000000140011344 f   MSVCRT:utility.obj
 0001:0001035c       ??3@YAXPEAX_K@Z            000000014001135c f   MSVCRT:delete_scalar_size.obj
 0001:00010364       ??_Gtype_info@@UEAAPEAXI@Z 0000000140011364 f i MSVCRT:std_type_info_static.obj
 0001:00010364       ??_Etype_info@@UEAAPEAXI@Z 0000000140011364 f i MSVCRT:std_type_info_static.obj
 0001:000105f8       mainCRTStartup             00000001400115f8 f   MSVCRT:exe_main.obj
 0001:0001060c       _guard_check_icall         000000014001160c f i MSVCRT:checkcfg.obj
 0001:00010614       __raise_securityfailure    0000000140011614 f   MSVCRT:gs_report.obj
 0001:00010648       __report_gsfailure         0000000140011648 f   MSVCRT:gs_report.obj
 0001:00010790       ??0bad_alloc@std@@QEAA@AEBV01@@Z 0000000140011790 f i MSVCRT:throw_bad_alloc.obj
 0001:000107d0       ??0bad_alloc@std@@QEAA@XZ  00000001400117d0 f i MSVCRT:throw_bad_alloc.obj
 0001:000107f0       ??0bad_array_new_length@std@@QEAA@AEBV01@@Z 00000001400117f0 f i MSVCRT:throw_bad_alloc.obj
 0001:00010830       ??0bad_array_new_length@std@@QEAA@XZ 0000000140011830 f i MSVCRT:throw_bad_alloc.obj
 0001:00010850       ??1bad_alloc@std@@UEAA@XZ  0000000140011850 f i MSVCRT:throw_bad_alloc.obj
 0001:00010850       ??1bad_array_new_length@std@@UEAA@XZ 0000000140011850 f i MSVCRT:throw_bad_alloc.obj
 0001:00010864       ??_Ebad_alloc@std@@UEAAPEAXI@Z 0000000140011864 f i MSVCRT:throw_bad_alloc.obj
 0001:00010864       ??_Gbad_alloc@std@@UEAAPEAXI@Z 0000000140011864 f i MSVCRT:throw_bad_alloc.obj
 0001:00010864       ??_Gbad_array_new_length@std@@UEAAPEAXI@Z 0000000140011864 f i MSVCRT:throw_bad_alloc.obj
 0001:00010864       ??_Ebad_array_new_length@std@@UEAAPEAXI@Z 0000000140011864 f i MSVCRT:throw_bad_alloc.obj
 0001:000108a8       ?__scrt_throw_std_bad_alloc@@YAXXZ 00000001400118a8 f   MSVCRT:throw_bad_alloc.obj
 0001:000108c8       ?__scrt_throw_std_bad_array_new_length@@YAXXZ 00000001400118c8 f   MSVCRT:throw_bad_alloc.obj
 0001:000108e8       __isa_available_init       00000001400118e8 f   MSVCRT:_cpu_disp_.obj
 0001:00010aa4       _get_startup_argv_mode     0000000140011aa4 f   MSVCRT:argv_mode.obj
 0001:00010aac       __scrt_is_ucrt_dll_in_use  0000000140011aac f   MSVCRT:ucrt_detection.obj
 0001:00010ab8       __crt_debugger_hook        0000000140011ab8 f   MSVCRT:utility_desktop.obj
 0001:00010ac0       __scrt_fastfail            0000000140011ac0 f   MSVCRT:utility_desktop.obj
 0001:00010c0c       __scrt_is_managed_app      0000000140011c0c f   MSVCRT:utility_desktop.obj
 0001:00010c60       __scrt_set_unhandled_exception_filter 0000000140011c60 f   MSVCRT:utility_desktop.obj
 0001:00010c70       __scrt_unhandled_exception_filter 0000000140011c70 f   MSVCRT:utility_desktop.obj
 0001:00010ca8       ??3@YAXPEAX@Z              0000000140011ca8 f   MSVCRT:delete_scalar.obj
 0001:00010cb0       __security_init_cookie     0000000140011cb0 f   MSVCRT:gs_support.obj
 0001:00010d60       _matherr                   0000000140011d60 f   MSVCRT:matherr.obj
 0001:00010d60       __scrt_initialize_winrt    0000000140011d60 f   MSVCRT:utility_desktop.obj
 0001:00010d60       _get_startup_commit_mode   0000000140011d60 f   MSVCRT:commit_mode.obj
 0001:00010d60       _get_startup_thread_locale_mode 0000000140011d60 f   MSVCRT:thread_locale.obj
 0001:00010d60       _get_startup_new_mode      0000000140011d60 f   MSVCRT:new_mode.obj
 0001:00010d64       _get_startup_file_mode     0000000140011d64 f   MSVCRT:file_mode.obj
 0001:00010d6c       ?__scrt_initialize_type_info@@YAXXZ 0000000140011d6c f   MSVCRT:tncleanup.obj
 0001:00010d7c       __local_stdio_printf_options 0000000140011d7c f i MSVCRT:default_local_stdio_options.obj
 0001:00010d84       __local_stdio_scanf_options 0000000140011d84 f i MSVCRT:default_local_stdio_options.obj
 0001:00010d8c       __scrt_initialize_default_local_stdio_options 0000000140011d8c f   MSVCRT:default_local_stdio_options.obj
 0001:00010da8       __scrt_is_user_matherr_present 0000000140011da8 f   MSVCRT:matherr_detection.obj
 0001:00010db4       __scrt_get_dyn_tls_init_callback 0000000140011db4 f   MSVCRT:dyn_tls_init.obj
 0001:00010dbc       __scrt_get_dyn_tls_dtor_callback 0000000140011dbc f   MSVCRT:dyn_tls_dtor.obj
 0001:00010dc4       _RTC_Initialize            0000000140011dc4 f   MSVCRT:_initsect_.obj
 0001:00010e10       _RTC_Terminate             0000000140011e10 f   MSVCRT:_initsect_.obj
 0001:00010e60       __CxxFrameHandler3         0000000140011e60 f   vcruntime:VCRUNTIME140.dll
 0001:00010e66       __std_exception_destroy    0000000140011e66 f   vcruntime:VCRUNTIME140.dll
 0001:00010e6c       __std_exception_copy       0000000140011e6c f   vcruntime:VCRUNTIME140.dll
 0001:00010e72       __std_terminate            0000000140011e72 f   vcruntime:VCRUNTIME140.dll
 0001:00010e78       __C_specific_handler       0000000140011e78 f   vcruntime:VCRUNTIME140.dll
 0001:00010e7e       _CxxThrowException         0000000140011e7e f   vcruntime:VCRUNTIME140.dll
 0001:00010e84       memset                     0000000140011e84 f   vcruntime:VCRUNTIME140.dll
 0001:00010e8a       _callnewh                  0000000140011e8a f   ucrt:api-ms-win-crt-heap-l1-1-0.dll
 0001:00010e90       malloc                     0000000140011e90 f   ucrt:api-ms-win-crt-heap-l1-1-0.dll
 0001:00010e96       terminate                  0000000140011e96 f   ucrt:api-ms-win-crt-runtime-l1-1-0.dll
 0001:00010e9c       _configure_narrow_argv     0000000140011e9c f   ucrt:api-ms-win-crt-runtime-l1-1-0.dll
 0001:00010ea2       _initialize_narrow_environment 0000000140011ea2 f   ucrt:api-ms-win-crt-runtime-l1-1-0.dll
 0001:00010ea8       _initialize_onexit_table   0000000140011ea8 f   ucrt:api-ms-win-crt-runtime-l1-1-0.dll
 0001:00010eae       _register_onexit_function  0000000140011eae f   ucrt:api-ms-win-crt-runtime-l1-1-0.dll
 0001:00010eb4       _crt_atexit                0000000140011eb4 f   ucrt:api-ms-win-crt-runtime-l1-1-0.dll
 0001:00010eba       _cexit                     0000000140011eba f   ucrt:api-ms-win-crt-runtime-l1-1-0.dll
 0001:00010ec0       _seh_filter_exe            0000000140011ec0 f   ucrt:api-ms-win-crt-runtime-l1-1-0.dll
 0001:00010ec6       _set_app_type              0000000140011ec6 f   ucrt:api-ms-win-crt-runtime-l1-1-0.dll
 0001:00010ecc       __setusermatherr           0000000140011ecc f   ucrt:api-ms-win-crt-math-l1-1-0.dll
 0001:00010ed2       _get_initial_narrow_environment 0000000140011ed2 f   ucrt:api-ms-win-crt-runtime-l1-1-0.dll
 0001:00010ed8       _initterm                  0000000140011ed8 f   ucrt:api-ms-win-crt-runtime-l1-1-0.dll
 0001:00010ede       _initterm_e                0000000140011ede f   ucrt:api-ms-win-crt-runtime-l1-1-0.dll
 0001:00010ee4       exit                       0000000140011ee4 f   ucrt:api-ms-win-crt-runtime-l1-1-0.dll
 0001:00010eea       _exit                      0000000140011eea f   ucrt:api-ms-win-crt-runtime-l1-1-0.dll
 0001:00010ef0       _set_fmode                 0000000140011ef0 f   ucrt:api-ms-win-crt-stdio-l1-1-0.dll
 0001:00010ef6       __p___argc                 0000000140011ef6 f   ucrt:api-ms-win-crt-runtime-l1-1-0.dll
 0001:00010efc       __p___argv                 0000000140011efc f   ucrt:api-ms-win-crt-runtime-l1-1-0.dll
 0001:00010f02       _c_exit                    0000000140011f02 f   ucrt:api-ms-win-crt-runtime-l1-1-0.dll
 0001:00010f08       _register_thread_local_exe_atexit_callback 0000000140011f08 f   ucrt:api-ms-win-crt-runtime-l1-1-0.dll
 0001:00010f0e       _configthreadlocale        0000000140011f0e f   ucrt:api-ms-win-crt-locale-l1-1-0.dll
 0001:00010f14       _set_new_mode              0000000140011f14 f   ucrt:api-ms-win-crt-heap-l1-1-0.dll
 0001:00010f1a       __p__commode               0000000140011f1a f   ucrt:api-ms-win-crt-stdio-l1-1-0.dll
 0001:00010f20       free                       0000000140011f20 f   ucrt:api-ms-win-crt-heap-l1-1-0.dll
 0001:00010f26       IsProcessorFeaturePresent  0000000140011f26 f   kernel32:KERNEL32.dll
 0001:00010f2c       __acrt_initialize          0000000140011f2c f   MSVCRT:ucrt_stubs.obj
 0001:00010f2c       __vcrt_initialize          0000000140011f2c f   MSVCRT:ucrt_stubs.obj
 0001:00010f2c       __scrt_stub_for_acrt_uninitialize 0000000140011f2c f   MSVCRT:ucrt_stubs.obj
 0001:00010f2c       _should_initialize_environment 0000000140011f2c f   MSVCRT:env_mode.obj
 0001:00010f2c       __scrt_stub_for_acrt_initialize 0000000140011f2c f   MSVCRT:ucrt_stubs.obj
 0001:00010f2c       __acrt_uninitialize        0000000140011f2c f   MSVCRT:ucrt_stubs.obj
 0001:00010f2c       __vcrt_uninitialize        0000000140011f2c f   MSVCRT:ucrt_stubs.obj
 0001:00010f30       __GSHandlerCheck           0000000140011f30 f   MSVCRT:_gshandler_.obj
 0001:00010f50       __GSHandlerCheckCommon     0000000140011f50 f   MSVCRT:_gshandler_.obj
 0001:00010fac       __GSHandlerCheck_EH        0000000140011fac f   MSVCRT:gshandlereh.obj
 0001:0001102b       memcmp                     000000014001202b f   vcruntime:VCRUNTIME140.dll
 0001:00011031       memcpy                     0000000140012031 f   vcruntime:VCRUNTIME140.dll
 0001:00011050       _guard_dispatch_icall_nop  0000000140012050 f   MSVCRT:_guard_dispatch_.obj
 0001:00011070       __guard_ss_verify_failure  0000000140012070 f   MSVCRT:_rfgfailure_.obj
 0001:0001107b       __guard_ss_verify_failure_rcx 000000014001207b     MSVCRT:_rfgfailure_.obj
 0001:00011081       __guard_ss_verify_failure_rdx 0000000140012081     MSVCRT:_rfgfailure_.obj
 0001:00011087       __guard_ss_verify_failure_r8 0000000140012087     MSVCRT:_rfgfailure_.obj
 0001:0001108d       __guard_ss_verify_failure_r9 000000014001208d     MSVCRT:_rfgfailure_.obj
 0001:00011093       __guard_ss_verify_failure_r10 0000000140012093     MSVCRT:_rfgfailure_.obj
 0001:000110a0       __guard_ss_verify_failure_default 00000001400120a0 f   MSVCRT:_rfgfailure_.obj
 0001:00011100       __guard_ss_verify_sp       0000000140012100 f   MSVCRT:_rfgfailure_.obj
 0001:00011110       __guard_ss_verify_sp_default 0000000140012110 f   MSVCRT:_rfgfailure_.obj
 0002:00000000       __imp_RtlCaptureContext    0000000140014000     kernel32:KERNEL32.dll
 0002:00000008       __imp_RtlLookupFunctionEntry 0000000140014008     kernel32:KERNEL32.dll
 0002:00000010       __imp_SizeofResource       0000000140014010     kernel32:KERNEL32.dll
 0002:00000018       __imp_MoveFileA            0000000140014018     kernel32:KERNEL32.dll
 0002:00000020       __imp_SetConsoleTextAttribute 0000000140014020     kernel32:KERNEL32.dll
 0002:00000028       __imp_GetStdHandle         0000000140014028     kernel32:KERNEL32.dll
 0002:00000030       __imp_WriteFile            0000000140014030     kernel32:KERNEL32.dll
 0002:00000038       __imp_GetConsoleCursorInfo 0000000140014038     kernel32:KERNEL32.dll
 0002:00000040       __imp_FindResourceA        0000000140014040     kernel32:KERNEL32.dll
 0002:00000048       __imp_GetModuleHandleA     0000000140014048     kernel32:KERNEL32.dll
 0002:00000050       __imp_Sleep                0000000140014050     kernel32:KERNEL32.dll
 0002:00000058       __imp_SetConsoleCursorInfo 0000000140014058     kernel32:KERNEL32.dll
 0002:00000060       __imp_CreateFileA          0000000140014060     kernel32:KERNEL32.dll
 0002:00000068       __imp_DeleteFileA          0000000140014068     kernel32:KERNEL32.dll
 0002:00000070       __imp_CloseHandle          0000000140014070     kernel32:KERNEL32.dll
 0002:00000078       __imp_LoadResource         0000000140014078     kernel32:KERNEL32.dll
 0002:00000080       __imp_RemoveDirectoryA     0000000140014080     kernel32:KERNEL32.dll
 0002:00000088       __imp_CreateDirectoryA     0000000140014088     kernel32:KERNEL32.dll
 0002:00000090       __imp_GetSystemTime        0000000140014090     kernel32:KERNEL32.dll
 0002:00000098       __imp_GetCurrentProcessId  0000000140014098     kernel32:KERNEL32.dll
 0002:000000a0       __imp_RtlVirtualUnwind     00000001400140a0     kernel32:KERNEL32.dll
 0002:000000a8       __imp_UnhandledExceptionFilter 00000001400140a8     kernel32:KERNEL32.dll
 0002:000000b0       __imp_QueryPerformanceCounter 00000001400140b0     kernel32:KERNEL32.dll
 0002:000000b8       __imp_GetModuleHandleW     00000001400140b8     kernel32:KERNEL32.dll
 0002:000000c0       __imp_IsDebuggerPresent    00000001400140c0     kernel32:KERNEL32.dll
 0002:000000c8       __imp_IsProcessorFeaturePresent 00000001400140c8     kernel32:KERNEL32.dll
 0002:000000d0       __imp_TerminateProcess     00000001400140d0     kernel32:KERNEL32.dll
 0002:000000d8       __imp_GetSystemTimeAsFileTime 00000001400140d8     kernel32:KERNEL32.dll
 0002:000000e0       __imp_InitializeSListHead  00000001400140e0     kernel32:KERNEL32.dll
 0002:000000e8       __imp_GetCurrentProcess    00000001400140e8     kernel32:KERNEL32.dll
 0002:000000f0       __imp_SetUnhandledExceptionFilter 00000001400140f0     kernel32:KERNEL32.dll
 0002:000000f8       __imp_GetCurrentThreadId   00000001400140f8     kernel32:KERNEL32.dll
 0002:00000100       \177KERNEL32_NULL_THUNK_DATA 0000000140014100     kernel32:KERNEL32.dll
 0002:00000108       __imp_?_Random_device@std@@YAIXZ 0000000140014108     msvcprt:MSVCP140.dll
 0002:00000110       __imp_?_Xlength_error@std@@YAXPEBD@Z 0000000140014110     msvcprt:MSVCP140.dll
 0002:00000118       __imp_?_Ipfx@?$basic_istream@DU?$char_traits@D@std@@@std@@QEAA_N_N@Z 0000000140014118     msvcprt:MSVCP140.dll
 0002:00000120       __imp_?snextc@?$basic_streambuf@DU?$char_traits@D@std@@@std@@QEAAHXZ 0000000140014120     msvcprt:MSVCP140.dll
 0002:00000128       __imp_?sputn@?$basic_streambuf@DU?$char_traits@D@std@@@std@@QEAA_JPEBD_J@Z 0000000140014128     msvcprt:MSVCP140.dll
 0002:00000130       __imp_?put@?$basic_ostream@DU?$char_traits@D@std@@@std@@QEAAAEAV12@D@Z 0000000140014130     msvcprt:MSVCP140.dll
 0002:00000138       __imp_?_Getcat@?$codecvt@DDU_Mbstatet@@@std@@SA_KPEAPEBVfacet@locale@2@PEBV42@@Z 0000000140014138     msvcprt:MSVCP140.dll
 0002:00000140       __imp_?sbumpc@?$basic_streambuf@DU?$char_traits@D@std@@@std@@QEAAHXZ 0000000140014140     msvcprt:MSVCP140.dll
 0002:00000148       __imp_?sgetc@?$basic_streambuf@DU?$char_traits@D@std@@@std@@QEAAHXZ 0000000140014148     msvcprt:MSVCP140.dll
 0002:00000150       __imp_?widen@?$basic_ios@DU?$char_traits@D@std@@@std@@QEBADD@Z 0000000140014150     msvcprt:MSVCP140.dll
 0002:00000158       __imp_?sputc@?$basic_streambuf@DU?$char_traits@D@std@@@std@@QEAAHD@Z 0000000140014158     msvcprt:MSVCP140.dll
 0002:00000160       __imp_??0?$basic_streambuf@DU?$char_traits@D@std@@@std@@IEAA@XZ 0000000140014160     msvcprt:MSVCP140.dll
 0002:00000168       __imp_?getloc@?$basic_streambuf@DU?$char_traits@D@std@@@std@@QEBA?AVlocale@2@XZ 0000000140014168     msvcprt:MSVCP140.dll
 0002:00000170       __imp_?_Init@?$basic_streambuf@DU?$char_traits@D@std@@@std@@IEAAXXZ 0000000140014170     msvcprt:MSVCP140.dll
 0002:00000178       __imp_?_Osfx@?$basic_ostream@DU?$char_traits@D@std@@@std@@QEAAXXZ 0000000140014178     msvcprt:MSVCP140.dll
 0002:00000180       __imp_?unshift@?$codecvt@DDU_Mbstatet@@@std@@QEBAHAEAU_Mbstatet@@PEAD1AEAPEAD@Z 0000000140014180     msvcprt:MSVCP140.dll
 0002:00000188       __imp_?clear@?$basic_ios@DU?$char_traits@D@std@@@std@@QEAAXH_N@Z 0000000140014188     msvcprt:MSVCP140.dll
 0002:00000190       __imp_?setstate@?$basic_ios@DU?$char_traits@D@std@@@std@@QEAAXH_N@Z 0000000140014190     msvcprt:MSVCP140.dll
 0002:00000198       __imp_??0?$basic_ios@DU?$char_traits@D@std@@@std@@IEAA@XZ 0000000140014198     msvcprt:MSVCP140.dll
 0002:000001a0       __imp_?_Fiopen@std@@YAPEAU_iobuf@@PEBDHH@Z 00000001400141a0     msvcprt:MSVCP140.dll
 0002:000001a8       __imp_??0?$basic_istream@DU?$char_traits@D@std@@@std@@QEAA@PEAV?$basic_streambuf@DU?$char_traits@D@std@@@1@_N@Z 00000001400141a8     msvcprt:MSVCP140.dll
 0002:000001b0       __imp_??0?$basic_ostream@DU?$char_traits@D@std@@@std@@QEAA@PEAV?$basic_streambuf@DU?$char_traits@D@std@@@1@_N@Z 00000001400141b0     msvcprt:MSVCP140.dll
 0002:000001b8       __imp_??0?$basic_iostream@DU?$char_traits@D@std@@@std@@QEAA@PEAV?$basic_streambuf@DU?$char_traits@D@std@@@1@@Z 00000001400141b8     msvcprt:MSVCP140.dll
 0002:000001c0       __imp_?in@?$codecvt@DDU_Mbstatet@@@std@@QEBAHAEAU_Mbstatet@@PEBD1AEAPEBDPEAD3AEAPEAD@Z 00000001400141c0     msvcprt:MSVCP140.dll
 0002:000001c8       __imp_?out@?$codecvt@DDU_Mbstatet@@@std@@QEBAHAEAU_Mbstatet@@PEBD1AEAPEBDPEAD3AEAPEAD@Z 00000001400141c8     msvcprt:MSVCP140.dll
 0002:000001d0       __imp_??1?$basic_ios@DU?$char_traits@D@std@@@std@@UEAA@XZ 00000001400141d0     msvcprt:MSVCP140.dll
 0002:000001d8       __imp_??1?$basic_streambuf@DU?$char_traits@D@std@@@std@@UEAA@XZ 00000001400141d8     msvcprt:MSVCP140.dll
 0002:000001e0       __imp_?_Lock@?$basic_streambuf@DU?$char_traits@D@std@@@std@@UEAAXXZ 00000001400141e0     msvcprt:MSVCP140.dll
 0002:000001e8       __imp_?_Unlock@?$basic_streambuf@DU?$char_traits@D@std@@@std@@UEAAXXZ 00000001400141e8     msvcprt:MSVCP140.dll
 0002:000001f0       __imp_?showmanyc@?$basic_streambuf@DU?$char_traits@D@std@@@std@@MEAA_JXZ 00000001400141f0     msvcprt:MSVCP140.dll
 0002:000001f8       __imp_?uflow@?$basic_streambuf@DU?$char_traits@D@std@@@std@@MEAAHXZ 00000001400141f8     msvcprt:MSVCP140.dll
 0002:00000200       __imp_?xsgetn@?$basic_streambuf@DU?$char_traits@D@std@@@std@@MEAA_JPEAD_J@Z 0000000140014200     msvcprt:MSVCP140.dll
 0002:00000208       __imp_?xsputn@?$basic_streambuf@DU?$char_traits@D@std@@@std@@MEAA_JPEBD_J@Z 0000000140014208     msvcprt:MSVCP140.dll
 0002:00000210       __imp_?setbuf@?$basic_streambuf@DU?$char_traits@D@std@@@std@@MEAAPEAV12@PEAD_J@Z 0000000140014210     msvcprt:MSVCP140.dll
 0002:00000218       __imp_?sync@?$basic_streambuf@DU?$char_traits@D@std@@@std@@MEAAHXZ 0000000140014218     msvcprt:MSVCP140.dll
 0002:00000220       __imp_?imbue@?$basic_streambuf@DU?$char_traits@D@std@@@std@@MEAAXAEBVlocale@2@@Z 0000000140014220     msvcprt:MSVCP140.dll
 0002:00000228       __imp_??1?$basic_istream@DU?$char_traits@D@std@@@std@@UEAA@XZ 0000000140014228     msvcprt:MSVCP140.dll
 0002:00000230       __imp_??1?$basic_ostream@DU?$char_traits@D@std@@@std@@UEAA@XZ 0000000140014230     msvcprt:MSVCP140.dll
 0002:00000238       __imp_??6?$basic_ostream@DU?$char_traits@D@std@@@std@@QEAAAEAV01@P6AAEAV01@AEAV01@@Z@Z 0000000140014238     msvcprt:MSVCP140.dll
 0002:00000240       __imp_??6?$basic_ostream@DU?$char_traits@D@std@@@std@@QEAAAEAV01@G@Z 0000000140014240     msvcprt:MSVCP140.dll
 0002:00000248       __imp_??6?$basic_ostream@DU?$char_traits@D@std@@@std@@QEAAAEAV01@H@Z 0000000140014248     msvcprt:MSVCP140.dll
 0002:00000250       __imp_?flush@?$basic_ostream@DU?$char_traits@D@std@@@std@@QEAAAEAV12@XZ 0000000140014250     msvcprt:MSVCP140.dll
 0002:00000258       __imp_??1?$basic_iostream@DU?$char_traits@D@std@@@std@@UEAA@XZ 0000000140014258     msvcprt:MSVCP140.dll
 0002:00000260       __imp_?getloc@ios_base@std@@QEBA?AVlocale@2@XZ 0000000140014260     msvcprt:MSVCP140.dll
 0002:00000268       __imp_?id@?$codecvt@DDU_Mbstatet@@@std@@2V0locale@2@A 0000000140014268     msvcprt:MSVCP140.dll
 0002:00000270       __imp_?_Getcat@?$ctype@D@std@@SA_KPEAPEBVfacet@locale@2@PEBV42@@Z 0000000140014270     msvcprt:MSVCP140.dll
 0002:00000278       __imp_?always_noconv@codecvt_base@std@@QEBA_NXZ 0000000140014278     msvcprt:MSVCP140.dll
 0002:00000280       __imp_??Bid@locale@std@@QEAA_KXZ 0000000140014280     msvcprt:MSVCP140.dll
 0002:00000288       __imp_?_BADOFF@std@@3_JB   0000000140014288     msvcprt:MSVCP140.dll
 0002:00000290       __imp_?_Xout_of_range@std@@YAXPEBD@Z 0000000140014290     msvcprt:MSVCP140.dll
 0002:00000298       __imp_?_Xbad_alloc@std@@YAXXZ 0000000140014298     msvcprt:MSVCP140.dll
 0002:000002a0       __imp_?cin@std@@3V?$basic_istream@DU?$char_traits@D@std@@@1@A 00000001400142a0     msvcprt:MSVCP140.dll
 0002:000002a8       __imp_?_Getgloballocale@locale@std@@CAPEAV_Locimp@12@XZ 00000001400142a8     msvcprt:MSVCP140.dll
 0002:000002b0       __imp_?cout@std@@3V?$basic_ostream@DU?$char_traits@D@std@@@1@A 00000001400142b0     msvcprt:MSVCP140.dll
 0002:000002b8       __imp_?uncaught_exceptions@std@@YAHXZ 00000001400142b8     msvcprt:MSVCP140.dll
 0002:000002c0       __imp_??0_Lockit@std@@QEAA@H@Z 00000001400142c0     msvcprt:MSVCP140.dll
 0002:000002c8       __imp_??1_Lockit@std@@QEAA@XZ 00000001400142c8     msvcprt:MSVCP140.dll
 0002:000002d0       __imp_?id@?$ctype@D@std@@2V0locale@2@A 00000001400142d0     msvcprt:MSVCP140.dll
 0002:000002d8       \177MSVCP140_NULL_THUNK_DATA 00000001400142d8     msvcprt:MSVCP140.dll
 0002:000002e0       __imp_LoadIconA            00000001400142e0     user32:USER32.dll
 0002:000002e8       \177USER32_NULL_THUNK_DATA 00000001400142e8     user32:USER32.dll
 0002:000002f0       __imp___std_terminate      00000001400142f0     vcruntime:VCRUNTIME140.dll
 0002:000002f8       __imp_memchr               00000001400142f8     vcruntime:VCRUNTIME140.dll
 0002:00000300       __imp___std_exception_copy 0000000140014300     vcruntime:VCRUNTIME140.dll
 0002:00000308       __imp__CxxThrowException   0000000140014308     vcruntime:VCRUNTIME140.dll
 0002:00000310       __imp___std_exception_destroy 0000000140014310     vcruntime:VCRUNTIME140.dll
 0002:00000318       __imp___CxxFrameHandler3   0000000140014318     vcruntime:VCRUNTIME140.dll
 0002:00000320       __imp_memcpy               0000000140014320     vcruntime:VCRUNTIME140.dll
 0002:00000328       __imp___C_specific_handler 0000000140014328     vcruntime:VCRUNTIME140.dll
 0002:00000330       __imp_memmove              0000000140014330     vcruntime:VCRUNTIME140.dll
 0002:00000338       __imp_memcmp               0000000140014338     vcruntime:VCRUNTIME140.dll
 0002:00000340       __imp_memset               0000000140014340     vcruntime:VCRUNTIME140.dll
 0002:00000348       \177VCRUNTIME140_NULL_THUNK_DATA 0000000140014348     vcruntime:VCRUNTIME140.dll
 0002:00000350       __imp_PlaySoundA           0000000140014350     winmm:WINMM.dll
 0002:00000358       \177WINMM_NULL_THUNK_DATA  0000000140014358     winmm:WINMM.dll
 0002:00000360       __imp_atoi                 0000000140014360     ucrt:api-ms-win-crt-convert-l1-1-0.dll
 0002:00000368       \177api-ms-win-crt-convert-l1-1-0_NULL_THUNK_DATA 0000000140014368     ucrt:api-ms-win-crt-convert-l1-1-0.dll
 0002:00000370       __imp_remove               0000000140014370     ucrt:api-ms-win-crt-filesystem-l1-1-0.dll
 0002:00000378       __imp__lock_file           0000000140014378     ucrt:api-ms-win-crt-filesystem-l1-1-0.dll
 0002:00000380       __imp__access              0000000140014380     ucrt:api-ms-win-crt-filesystem-l1-1-0.dll
 0002:00000388       __imp__unlock_file         0000000140014388     ucrt:api-ms-win-crt-filesystem-l1-1-0.dll
 0002:00000390       \177api-ms-win-crt-filesystem-l1-1-0_NULL_THUNK_DATA 0000000140014390     ucrt:api-ms-win-crt-filesystem-l1-1-0.dll
 0002:00000398       __imp__set_new_mode        0000000140014398     ucrt:api-ms-win-crt-heap-l1-1-0.dll
 0002:000003a0       __imp__callnewh            00000001400143a0     ucrt:api-ms-win-crt-heap-l1-1-0.dll
 0002:000003a8       __imp_malloc               00000001400143a8     ucrt:api-ms-win-crt-heap-l1-1-0.dll
 0002:000003b0       __imp_free                 00000001400143b0     ucrt:api-ms-win-crt-heap-l1-1-0.dll
 0002:000003b8       \177api-ms-win-crt-heap-l1-1-0_NULL_THUNK_DATA 00000001400143b8     ucrt:api-ms-win-crt-heap-l1-1-0.dll
 0002:000003c0       __imp__configthreadlocale  00000001400143c0     ucrt:api-ms-win-crt-locale-l1-1-0.dll
 0002:000003c8       __imp_setlocale            00000001400143c8     ucrt:api-ms-win-crt-locale-l1-1-0.dll
 0002:000003d0       \177api-ms-win-crt-locale-l1-1-0_NULL_THUNK_DATA 00000001400143d0     ucrt:api-ms-win-crt-locale-l1-1-0.dll
 0002:000003d8       __imp___setusermatherr     00000001400143d8     ucrt:api-ms-win-crt-math-l1-1-0.dll
 0002:000003e0       \177api-ms-win-crt-math-l1-1-0_NULL_THUNK_DATA 00000001400143e0     ucrt:api-ms-win-crt-math-l1-1-0.dll
 0002:000003e8       __imp__crt_atexit          00000001400143e8     ucrt:api-ms-win-crt-runtime-l1-1-0.dll
 0002:000003f0       __imp__errno               00000001400143f0     ucrt:api-ms-win-crt-runtime-l1-1-0.dll
 0002:000003f8       __imp__seh_filter_exe      00000001400143f8     ucrt:api-ms-win-crt-runtime-l1-1-0.dll
 0002:00000400       __imp__set_app_type        0000000140014400     ucrt:api-ms-win-crt-runtime-l1-1-0.dll
 0002:00000408       __imp__register_onexit_function 0000000140014408     ucrt:api-ms-win-crt-runtime-l1-1-0.dll
 0002:00000410       __imp__get_initial_narrow_environment 0000000140014410     ucrt:api-ms-win-crt-runtime-l1-1-0.dll
 0002:00000418       __imp__initterm            0000000140014418     ucrt:api-ms-win-crt-runtime-l1-1-0.dll
 0002:00000420       __imp__initterm_e          0000000140014420     ucrt:api-ms-win-crt-runtime-l1-1-0.dll
 0002:00000428       __imp_exit                 0000000140014428     ucrt:api-ms-win-crt-runtime-l1-1-0.dll
 0002:00000430       __imp__exit                0000000140014430     ucrt:api-ms-win-crt-runtime-l1-1-0.dll
 0002:00000438       __imp__initialize_onexit_table 0000000140014438     ucrt:api-ms-win-crt-runtime-l1-1-0.dll
 0002:00000440       __imp___p___argc           0000000140014440     ucrt:api-ms-win-crt-runtime-l1-1-0.dll
 0002:00000448       __imp___p___argv           0000000140014448     ucrt:api-ms-win-crt-runtime-l1-1-0.dll
 0002:00000450       __imp__c_exit              0000000140014450     ucrt:api-ms-win-crt-runtime-l1-1-0.dll
 0002:00000458       __imp__register_thread_local_exe_atexit_callback 0000000140014458     ucrt:api-ms-win-crt-runtime-l1-1-0.dll
 0002:00000460       __imp__initialize_narrow_environment 0000000140014460     ucrt:api-ms-win-crt-runtime-l1-1-0.dll
 0002:00000468       __imp__configure_narrow_argv 0000000140014468     ucrt:api-ms-win-crt-runtime-l1-1-0.dll
 0002:00000470       __imp_terminate            0000000140014470     ucrt:api-ms-win-crt-runtime-l1-1-0.dll
 0002:00000478       __imp__invalid_parameter_noinfo_noreturn 0000000140014478     ucrt:api-ms-win-crt-runtime-l1-1-0.dll
 0002:00000480       __imp_system               0000000140014480     ucrt:api-ms-win-crt-runtime-l1-1-0.dll
 0002:00000488       __imp__invalid_parameter_noinfo 0000000140014488     ucrt:api-ms-win-crt-runtime-l1-1-0.dll
 0002:00000490       __imp__cexit               0000000140014490     ucrt:api-ms-win-crt-runtime-l1-1-0.dll
 0002:00000498       \177api-ms-win-crt-runtime-l1-1-0_NULL_THUNK_DATA 0000000140014498     ucrt:api-ms-win-crt-runtime-l1-1-0.dll
 0002:000004a0       __imp_ungetc               00000001400144a0     ucrt:api-ms-win-crt-stdio-l1-1-0.dll
 0002:000004a8       __imp_fgetpos              00000001400144a8     ucrt:api-ms-win-crt-stdio-l1-1-0.dll
 0002:000004b0       __imp_setvbuf              00000001400144b0     ucrt:api-ms-win-crt-stdio-l1-1-0.dll
 0002:000004b8       __imp___p__commode         00000001400144b8     ucrt:api-ms-win-crt-stdio-l1-1-0.dll
 0002:000004c0       __imp__set_fmode           00000001400144c0     ucrt:api-ms-win-crt-stdio-l1-1-0.dll
 0002:000004c8       __imp__get_stream_buffer_pointers 00000001400144c8     ucrt:api-ms-win-crt-stdio-l1-1-0.dll
 0002:000004d0       __imp__fseeki64            00000001400144d0     ucrt:api-ms-win-crt-stdio-l1-1-0.dll
 0002:000004d8       __imp_fsetpos              00000001400144d8     ucrt:api-ms-win-crt-stdio-l1-1-0.dll
 0002:000004e0       __imp_fgetc                00000001400144e0     ucrt:api-ms-win-crt-stdio-l1-1-0.dll
 0002:000004e8       __imp_fputc                00000001400144e8     ucrt:api-ms-win-crt-stdio-l1-1-0.dll
 0002:000004f0       __imp_fwrite               00000001400144f0     ucrt:api-ms-win-crt-stdio-l1-1-0.dll
 0002:000004f8       __imp_fclose               00000001400144f8     ucrt:api-ms-win-crt-stdio-l1-1-0.dll
 0002:00000500       __imp_fflush               0000000140014500     ucrt:api-ms-win-crt-stdio-l1-1-0.dll
 0002:00000508       \177api-ms-win-crt-stdio-l1-1-0_NULL_THUNK_DATA 0000000140014508     ucrt:api-ms-win-crt-stdio-l1-1-0.dll
 0002:00000510       __imp__time64              0000000140014510     ucrt:api-ms-win-crt-time-l1-1-0.dll
 0002:00000518       \177api-ms-win-crt-time-l1-1-0_NULL_THUNK_DATA 0000000140014518     ucrt:api-ms-win-crt-time-l1-1-0.dll
 0002:00000520       __imp_rand                 0000000140014520     ucrt:api-ms-win-crt-utility-l1-1-0.dll
 0002:00000528       __imp_srand                0000000140014528     ucrt:api-ms-win-crt-utility-l1-1-0.dll
 0002:00000530       \177api-ms-win-crt-utility-l1-1-0_NULL_THUNK_DATA 0000000140014530     ucrt:api-ms-win-crt-utility-l1-1-0.dll
 0002:00000538       __imp_URLDownloadToFileA   0000000140014538     urlmon:urlmon.dll
 0002:00000540       \177urlmon_NULL_THUNK_DATA 0000000140014540     urlmon:urlmon.dll
 0002:00000548       __guard_check_icall_fptr   0000000140014548     MSVCRT:guard_support.obj
 0002:00000550       __guard_dispatch_icall_fptr 0000000140014550     MSVCRT:guard_support.obj
 0002:00000558       __guard_ss_verify_failure_fptr 0000000140014558     MSVCRT:guard_support.obj
 0002:00000560       __guard_ss_verify_sp_fptr  0000000140014560     MSVCRT:guard_support.obj
 0002:00000568       __xc_a                     0000000140014568     MSVCRT:initializers.obj
 0002:00000590       __xc_z                     0000000140014590     MSVCRT:initializers.obj
 0002:00000598       __xi_a                     0000000140014598     MSVCRT:initializers.obj
 0002:000005b0       __xi_z                     00000001400145b0     MSVCRT:initializers.obj
 0002:000005b8       __xp_a                     00000001400145b8     MSVCRT:initializers.obj
 0002:000005c0       __xp_z                     00000001400145c0     MSVCRT:initializers.obj
 0002:000005c8       __xt_a                     00000001400145c8     MSVCRT:initializers.obj
 0002:000005d0       __xt_z                     00000001400145d0     MSVCRT:initializers.obj
 0002:00000610       ??_7type_info@@6B@         0000000140014610     MSVCRT:std_type_info_static.obj
 0002:00000630       ??_7exception@std@@6B@     0000000140014630     MSVCRT:throw_bad_alloc.obj
 0002:00000648       ??_7bad_alloc@std@@6B@     0000000140014648     MSVCRT:throw_bad_alloc.obj
 0002:00000658       ??_C@_0P@GHFPNOJB@bad?5allocation?$AA@ 0000000140014658     MSVCRT:throw_bad_alloc.obj
 0002:00000670       ??_7bad_array_new_length@std@@6B@ 0000000140014670     MSVCRT:throw_bad_alloc.obj
 0002:00000680       ??_C@_0BF@KINCDENJ@bad?5array?5new?5length?$AA@ 0000000140014680     MSVCRT:throw_bad_alloc.obj
 0002:00000698       ??_C@_0BC@EOODALEL@Unknown?5exception?$AA@ 0000000140014698     main.obj
 0002:000006b0       ??_C@_08EPJLHIJG@bad?5cast?$AA@ 00000001400146b0     main.obj
 0002:000006c0       ??_C@_07NMCGPECH@Agata_1?$AA@ 00000001400146c0     main.obj
 0002:000006c8       ??_C@_07PHALKHOE@Agata_2?$AA@ 00000001400146c8     main.obj
 0002:000006d0       ??_C@_07OOBAJGKF@Agata_3?$AA@ 00000001400146d0     main.obj
 0002:000006d8       ??_C@_07KBFBAAGC@Agata_4?$AA@ 00000001400146d8     main.obj
 0002:000006e0       ??_C@_07LIEKDBCD@Agata_5?$AA@ 00000001400146e0     main.obj
 0002:000006e8       ??_C@_05HIHNAHAF@Ewa_1?$AA@ 00000001400146e8     main.obj
 0002:000006f0       ??_C@_05FDFAFEMG@Ewa_2?$AA@ 00000001400146f0     main.obj
 0002:000006f8       ??_C@_05EKELGFIH@Ewa_3?$AA@ 00000001400146f8     main.obj
 0002:00000700       ??_C@_05FAKPDEA@Ewa_4?$AA@ 0000000140014700     main.obj
 0002:00000708       ??_C@_05BMBBMCAB@Ewa_5?$AA@ 0000000140014708     main.obj
 0002:00000710       ??_C@_06DNEKEHMO@Ewa2_1?$AA@ 0000000140014710     main.obj
 0002:00000718       ??_C@_06BGGHBEAN@Ewa2_2?$AA@ 0000000140014718     main.obj
 0002:00000720       ??_C@_06PHMCFEM@Ewa2_3?$AA@ 0000000140014720     main.obj
 0002:00000728       ??_C@_06EADNLDIL@Ewa2_4?$AA@ 0000000140014728     main.obj
 0002:00000730       ??_C@_06FJCGICMK@Ewa2_5?$AA@ 0000000140014730     main.obj
 0002:00000738       ??_C@_07JNGJCCBG@Jacek_1?$AA@ 0000000140014738     main.obj
 0002:00000740       ??_C@_07LGEEHBNF@Jacek_2?$AA@ 0000000140014740     main.obj
 0002:00000748       ??_C@_07KPFPEAJE@Jacek_3?$AA@ 0000000140014748     main.obj
 0002:00000750       ??_C@_07OABONGFD@Jacek_4?$AA@ 0000000140014750     main.obj
 0002:00000758       ??_C@_07PJAFOHBC@Jacek_5?$AA@ 0000000140014758     main.obj
 0002:00000760       ??_C@_08LJBBBCDF@Jacek2_1?$AA@ 0000000140014760     main.obj
 0002:00000770       ??_C@_08JCDMEBPG@Jacek2_2?$AA@ 0000000140014770     main.obj
 0002:00000780       ??_C@_08ILCHHALH@Jacek2_3?$AA@ 0000000140014780     main.obj
 0002:00000790       ??_C@_08MEGGOGHA@Jacek2_4?$AA@ 0000000140014790     main.obj
 0002:000007a0       ??_C@_08NNHNNHDB@Jacek2_5?$AA@ 00000001400147a0     main.obj
 0002:000007ac       ??_C@_05DOOIMHKE@Jan_1?$AA@ 00000001400147ac     main.obj
 0002:000007b4       ??_C@_05BFMFJEGH@Jan_2?$AA@ 00000001400147b4     main.obj
 0002:000007bc       ??_C@_05MNOKFCG@Jan_3?$AA@ 00000001400147bc     main.obj
 0002:000007c4       ??_C@_05EDJPDDOB@Jan_4?$AA@ 00000001400147c4     main.obj
 0002:000007cc       ??_C@_05FKIEACKA@Jan_5?$AA@ 00000001400147cc     main.obj
 0002:000007d4       ??_C@_06JMNNEBHA@Jan2_1?$AA@ 00000001400147d4     main.obj
 0002:000007dc       ??_C@_06LHPABCLD@Jan2_2?$AA@ 00000001400147dc     main.obj
 0002:000007e4       ??_C@_06KOOLCDPC@Jan2_3?$AA@ 00000001400147e4     main.obj
 0002:000007ec       ??_C@_06OBKKLFDF@Jan2_4?$AA@ 00000001400147ec     main.obj
 0002:000007f4       ??_C@_06PILBIEHE@Jan2_5?$AA@ 00000001400147f4     main.obj
 0002:000007fc       ??_C@_06HFECHJHC@Maja_1?$AA@ 00000001400147fc     main.obj
 0002:00000804       ??_C@_06FOGPCKLB@Maja_2?$AA@ 0000000140014804     main.obj
 0002:0000080c       ??_C@_06EHHEBLPA@Maja_3?$AA@ 000000014001480c     main.obj
 0002:00000814       ??_C@_06IDFINDH@Maja_4?$AA@ 0000000140014814     main.obj
 0002:0000081c       ??_C@_06BBCOLMHG@Maja_5?$AA@ 000000014001481c     main.obj
 0002:00000828       ??_C@_07PDCGJMCP@Maja2_1?$AA@ 0000000140014828     main.obj
 0002:00000830       ??_C@_07NIALMPOM@Maja2_2?$AA@ 0000000140014830     main.obj
 0002:00000838       ??_C@_07MBBAPOKN@Maja2_3?$AA@ 0000000140014838     main.obj
 0002:00000840       ??_C@_07IOFBGIGK@Maja2_4?$AA@ 0000000140014840     main.obj
 0002:00000848       ??_C@_07JHEKFJCL@Maja2_5?$AA@ 0000000140014848     main.obj
 0002:00000850       ??_C@_0P@GMFAENOC@log_og?slny?4txt?$AA@ 0000000140014850     main.obj
 0002:00000860       ??_C@_05PDJBBECF@pause?$AA@ 0000000140014860     main.obj
 0002:00000868       ??_C@_0DL@POFCNLON@Jak?$LJ?5opcje?5chcesz?5obstawi?f?$DP?5?$CIzgo@ 0000000140014868     main.obj
 0002:000008a8       ??_C@_0N@KLINIBPG@p?5?9?5parzyste?$AA@ 00000001400148a8     main.obj
 0002:000008b8       ??_C@_0BA@GNAADEAG@n?5?9?5nieparzyste?$AA@ 00000001400148b8     main.obj
 0002:000008c8       ??_C@_0BD@LEDAOJLK@r?5?9?5czerwone?5?$CIred?$CJ?$AA@ 00000001400148c8     main.obj
 0002:000008e0       ??_C@_0BD@EPLAAEJB@b?5?9?5czarne?5?$CIblack?$CJ?$AA@ 00000001400148e0     main.obj
 0002:000008f8       ??_C@_0BB@FMNKHOJE@g?5?9?5g?srna?5po?$LDowa?$AA@ 00000001400148f8     main.obj
 0002:00000910       ??_C@_0BB@CHNPGJIO@d?5?9?5dolna?5po?$LDowa?$AA@ 0000000140014910     main.obj
 0002:00000928       ??_C@_0CN@EJBDEIIK@k1?0?5k2?0?5k3?5?9?5kolumna?51?0?5kolumna?5@ 0000000140014928     main.obj
 0002:00000958       ??_C@_0CK@OAIPJBPB@w1?0?5w2?0?5?4?4?4?5?0?5w12?5?9?5wiersz?5trzec@ 0000000140014958     main.obj
 0002:00000988       ??_C@_0CN@CGIAAFPM@0?936?5?9?5pojedy?qcze?5pole?5o?5odpowie@ 0000000140014988     main.obj
 0002:000009b8       ??_C@_01JBBJJEPG@p?$AA@    00000001400149b8     main.obj
 0002:000009bc       ??_C@_01EFFIKLCJ@n?$AA@    00000001400149bc     main.obj
 0002:000009c0       ??_C@_01KDCPPGHE@r?$AA@    00000001400149c0     main.obj
 0002:000009c4       ??_C@_01OJONOECF@b?$AA@    00000001400149c4     main.obj
 0002:000009c8       ??_C@_01JEJKBAGA@g?$AA@    00000001400149c8     main.obj
 0002:000009cc       ??_C@_01LPLHEDKD@d?$AA@    00000001400149cc     main.obj
 0002:000009d0       ??_C@_02ICGBAFJO@k1?$AA@   00000001400149d0     main.obj
 0002:000009d4       ??_C@_02KJEMFGFN@k2?$AA@   00000001400149d4     main.obj
 0002:000009d8       ??_C@_02LAFHGHBM@k3?$AA@   00000001400149d8     main.obj
 0002:000009dc       ??_C@_02JHFNFPIK@w1?$AA@   00000001400149dc     main.obj
 0002:000009e0       ??_C@_02LMHAAMEJ@w2?$AA@   00000001400149e0     main.obj
 0002:000009e4       ??_C@_02KFGLDNAI@w3?$AA@   00000001400149e4     main.obj
 0002:000009e8       ??_C@_02OKCKKLMP@w4?$AA@   00000001400149e8     main.obj
 0002:000009ec       ??_C@_02PDDBJKIO@w5?$AA@   00000001400149ec     main.obj
 0002:000009f0       ??_C@_02NIBMMJEN@w6?$AA@   00000001400149f0     main.obj
 0002:000009f4       ??_C@_02MBAHPIAM@w7?$AA@   00000001400149f4     main.obj
 0002:000009f8       ??_C@_02EGJPOEMD@w8?$AA@   00000001400149f8     main.obj
 0002:000009fc       ??_C@_02FPIENFIC@w9?$AA@   00000001400149fc     main.obj
 0002:00000a00       ??_C@_03NCLMABJC@w10?$AA@  0000000140014a00     main.obj
 0002:00000a04       ??_C@_03MLKHDAND@w11?$AA@  0000000140014a04     main.obj
 0002:00000a08       ??_C@_03OAIKGDBA@w12?$AA@  0000000140014a08     main.obj
 0002:00000a0c       ??_C@_01GBGANLPD@0?$AA@    0000000140014a0c     main.obj
 0002:00000a10       ??_C@_01HIHLOKLC@1?$AA@    0000000140014a10     main.obj
 0002:00000a14       ??_C@_01FDFGLJHB@2?$AA@    0000000140014a14     main.obj
 0002:00000a18       ??_C@_01EKENIIDA@3?$AA@    0000000140014a18     main.obj
 0002:00000a1c       ??_C@_01FAMBOPH@4?$AA@     0000000140014a1c     main.obj
 0002:00000a20       ??_C@_01BMBHCPLG@5?$AA@    0000000140014a20     main.obj
 0002:00000a24       ??_C@_01DHDKHMHF@6?$AA@    0000000140014a24     main.obj
 0002:00000a28       ??_C@_01COCBENDE@7?$AA@    0000000140014a28     main.obj
 0002:00000a2c       ??_C@_01KJLJFBPL@8?$AA@    0000000140014a2c     main.obj
 0002:00000a30       ??_C@_01LAKCGALK@9?$AA@    0000000140014a30     main.obj
 0002:00000a34       ??_C@_02PKFBJPLJ@10?$AA@   0000000140014a34     main.obj
 0002:00000a38       ??_C@_02ODEKKOPI@11?$AA@   0000000140014a38     main.obj
 0002:00000a3c       ??_C@_02MIGHPNDL@12?$AA@   0000000140014a3c     main.obj
 0002:00000a40       ??_C@_02NBHMMMHK@13?$AA@   0000000140014a40     main.obj
 0002:00000a44       ??_C@_02JODNFKLN@14?$AA@   0000000140014a44     main.obj
 0002:00000a48       ??_C@_02IHCGGLPM@15?$AA@   0000000140014a48     main.obj
 0002:00000a4c       ??_C@_02KMALDIDP@16?$AA@   0000000140014a4c     main.obj
 0002:00000a50       ??_C@_02LFBAAJHO@17?$AA@   0000000140014a50     main.obj
 0002:00000a54       ??_C@_02DCIIBFLB@18?$AA@   0000000140014a54     main.obj
 0002:00000a58       ??_C@_02CLJDCEPA@19?$AA@   0000000140014a58     main.obj
 0002:00000a5c       ??_C@_02PIBHCBOA@20?$AA@   0000000140014a5c     main.obj
 0002:00000a60       ??_C@_02OBAMBAKB@21?$AA@   0000000140014a60     main.obj
 0002:00000a64       ??_C@_02MKCBEDGC@22?$AA@   0000000140014a64     main.obj
 0002:00000a68       ??_C@_02NDDKHCCD@23?$AA@   0000000140014a68     main.obj
 0002:00000a6c       ??_C@_02JMHLOEOE@24?$AA@   0000000140014a6c     main.obj
 0002:00000a70       ??_C@_02IFGANFKF@25?$AA@   0000000140014a70     main.obj
 0002:00000a74       ??_C@_02KOENIGGG@26?$AA@   0000000140014a74     main.obj
 0002:00000a78       ??_C@_02LHFGLHCH@27?$AA@   0000000140014a78     main.obj
 0002:00000a7c       ??_C@_02DAMOKLOI@28?$AA@   0000000140014a7c     main.obj
 0002:00000a80       ??_C@_02CJNFJKKJ@29?$AA@   0000000140014a80     main.obj
 0002:00000a84       ??_C@_02PJNFELNH@30?$AA@   0000000140014a84     main.obj
 0002:00000a88       ??_C@_02OAMOHKJG@31?$AA@   0000000140014a88     main.obj
 0002:00000a8c       ??_C@_02MLODCJFF@32?$AA@   0000000140014a8c     main.obj
 0002:00000a90       ??_C@_02NCPIBIBE@33?$AA@   0000000140014a90     main.obj
 0002:00000a94       ??_C@_02JNLJIOND@34?$AA@   0000000140014a94     main.obj
 0002:00000a98       ??_C@_02IEKCLPJC@35?$AA@   0000000140014a98     main.obj
 0002:00000a9c       ??_C@_02KPIPOMFB@36?$AA@   0000000140014a9c     main.obj
 0002:00000aa0       ??_C@_0CF@MANFGHNE@$?0?5jak?$LJ?5kwot?$LJ?5chcesz?5obstawi?f?5wy@ 0000000140014aa0     main.obj
 0002:00000ac8       ??_C@_05OMMBNPEF@Masz?5?$AA@ 0000000140014ac8     main.obj
 0002:00000ad0       ??_C@_0CD@OGNPPNBN@Wprowadzi?$LDe?f?5nieprawid?$LDow?$LJ?5warto@ 0000000140014ad0     main.obj
 0002:00000af8       ??_C@_0CF@LJDHNEHM@Nie?5mo?$LPesz?5obstawi?f?5zerowego?5zak@ 0000000140014af8     main.obj
 0002:00000b20       ??_C@_0BI@CMKDFAEK@Nie?5masz?5tyle?5pieni?jdzy?$AA@ 0000000140014b20     main.obj
 0002:00000b38       ??_C@_0CJ@PMIHJCIC@Nie?5mo?$LPesz?5obstawi?f?5ujemn?$LJ?5kwot?$LJ@ 0000000140014b38     main.obj
 0002:00000b64       ??_C@_02MGHEPNFN@?$AI?$AI?$AA@ 0000000140014b64     main.obj
 0002:00000b68       ??_C@_02KNHHEEKP@?5?5?$AA@ 0000000140014b68     main.obj
 0002:00000b70       ??_C@_0BC@IEHJKDDM@Wylosowano?5numer?5?$AA@ 0000000140014b70     main.obj
 0002:00000b84       ??_C@_02KHOJGJKF@?4?5?$AA@ 0000000140014b84     main.obj
 0002:00000b88       ??_C@_02DEPNMBPN@$?4?$AA@  0000000140014b88     main.obj
 0002:00000b90       ??_C@_0CB@GINPHDN@Obstawi?$LDe?$JM?5poprawnie?0?5wygrywasz?5@ 0000000140014b90     main.obj
 0002:00000bc0       ??_C@_0EF@MDKBMGPE@Obstawi?$LDe?$JM?5niepoprawnie?5lecz?5uda@ 0000000140014bc0     main.obj
 0002:00000c08       ??_C@_0CF@BAJKLKHM@Obstawi?$LDe?$JM?5niepoprawnie?0?5przegra@ 0000000140014c08     main.obj
 0002:00000c30       ??_C@_0CM@BIICBBPD@Nie?5mo?$LPesz?5kontynuowa?f?0?5przegra?$LD@ 0000000140014c30     main.obj
 0002:00000c60       ??_C@_0CO@DOCNGCMI@$?0?5czy?5chcesz?5grac?5dalej?5?$CI?8t?8?9ta@ 0000000140014c60     main.obj
 0002:00000c90       ??_C@_0BA@KCLBOCHC@Na?5koncie?5masz?5?$AA@ 0000000140014c90     main.obj
 0002:00000ca0       ??_C@_01PFHFFBPC@t?$AA@    0000000140014ca0     main.obj
 0002:00000ca4       ??_C@_03PFPKAEFD@tak?$AA@  0000000140014ca4     main.obj
 0002:00000ca8       ??_C@_03FFMIKLGN@Tak?$AA@  0000000140014ca8     main.obj
 0002:00000cac       ??_C@_03PIABMJCP@TAK?$AA@  0000000140014cac     main.obj
 0002:00000cb0       ??_C@_03FKMOMPJO@nie?$AA@  0000000140014cb0     main.obj
 0002:00000cb4       ??_C@_03PKPMGAKA@Nie?$AA@  0000000140014cb4     main.obj
 0002:00000cb8       ??_C@_03FHDFACOC@NIE?$AA@  0000000140014cb8     main.obj
 0002:00000cbc       ??_C@_04IBLEHOMF@?4wav?$AA@ 0000000140014cbc     main.obj
 0002:00000cc4       ??_C@_05PNHGCFLK@p?4wav?$AA@ 0000000140014cc4     main.obj
 0002:00000ccc       ??_C@_05MEKKEGFB@n?4wav?$AA@ 0000000140014ccc     main.obj
 0002:00000cd4       ??_C@_05LALOIELB@r?4wav?$AA@ 0000000140014cd4     main.obj
 0002:00000cdc       ??_C@_05LDGIIGCK@b?4wav?$AA@ 0000000140014cdc     main.obj
 0002:00000ce4       ??_C@_05ODKFBHJJ@g?4wav?$AA@ 0000000140014ce4     main.obj
 0002:00000cec       ??_C@_05GFDBGFDH@d?4wav?$AA@ 0000000140014cec     main.obj
 0002:00000cf4       ??_C@_01DICPFPGM@k?$AA@    0000000140014cf4     main.obj
 0002:00000cf8       ??_C@_01NOFIACDB@w?$AA@    0000000140014cf8     main.obj
 0002:00000d00       ??_C@_0BB@KLDNCCFE@log_aktualny?4txt?$AA@ 0000000140014d00     main.obj
 0002:00000d18       ??_C@_0DJ@EFIKGJBI@Uruchomiono?5ponownie?5gr?j?5z?5wy?$LD?$LJc@ 0000000140014d18     main.obj
 0002:00000d58       ??_C@_09LFKNBKJA@Posiadasz?$AA@ 0000000140014d58     main.obj
 0002:00000d68       ??_C@_0L@DAFLKCID@Wylosowano?$AA@ 0000000140014d68     main.obj
 0002:00000d78       ??_C@_0M@DIDIAOPI@?5Wylosowano?$AA@ 0000000140014d78     main.obj
 0002:00000d88       ??_C@_0BC@EAGHPBJK@Obstawiono?5zaklad?$AA@ 0000000140014d88     main.obj
 0002:00000da0       ??_C@_0O@POHKAIHJ@Obstawiono?5za?$AA@ 0000000140014da0     main.obj
 0002:00000db0       ??_C@_0BE@CILJHICG@Gra?5rozpoczeta?5dnia?$AA@ 0000000140014db0     main.obj
 0002:00000dc8       ??_C@_0N@KHLIPMCA@?5o?5godzinie?5?$AA@ 0000000140014dc8     main.obj
 0002:00000dd8       ??_C@_01LFCBOECM@?4?$AA@   0000000140014dd8     main.obj
 0002:00000de0       ??_C@_0BF@EHKBBICH@Gra?5rozpoczeta?5dnia?5?$AA@ 0000000140014de0     main.obj
 0002:00000df8       ??_C@_01JLIPDDHJ@?3?$AA@   0000000140014df8     main.obj
 0002:00000e00       ??_C@_0BK@PLEOEKGI@Nowa?5gra?5rozpoczeta?5dnia?5?$AA@ 0000000140014e00     main.obj
 0002:00000e20       ??_C@_0BB@GJELGIOA@Efekty_d?$JPwi?jkowe?$AA@ 0000000140014e20     main.obj
 0002:00000e38       ??_C@_0BN@JMMCOBLJ@Efekty_d?$JPwi?jkowe?1bankrut?4wav?$AA@ 0000000140014e38     main.obj
 0002:00000e58       ??_C@_0DC@DNDHBNPK@Rozpoczynam?5pobieranie?5brakuj?$LJcy@ 0000000140014e58     main.obj
 0002:00000e90       ??_C@_0FP@HCIMMKGN@https?3?1?1github?4com?1talez2709?1Rul@ 0000000140014e90     main.obj
 0002:00000ef0       ??_C@_0IB@GKCCNHLI@Brak?5plik?sw?5dla?5efekt?sw?5d?$JPwi?jkow@ 0000000140014ef0     main.obj
 0002:00000f78       ??_C@_0BO@OCGMENDH@Efekty_d?$JPwi?jkowe?1wygrana1?4wav?$AA@ 0000000140014f78     main.obj
 0002:00000fa0       ??_C@_0GA@GDDMBFNB@https?3?1?1github?4com?1talez2709?1Rul@ 0000000140014fa0     main.obj
 0002:00001000       ??_C@_0BO@GEPIDPJJ@Efekty_d?$JPwi?jkowe?1wygrana2?4wav?$AA@ 0000000140015000     main.obj
 0002:00001020       ??_C@_0GA@OFKIGHHP@https?3?1?1github?4com?1talez2709?1Rul@ 0000000140015020     main.obj
 0002:00001080       ??_C@_0CF@PNMICDIM@Efekty_d?$JPwi?jkowe?1zwielokrotnenie@ 0000000140015080     main.obj
 0002:000010b0       ??_C@_0GH@BAJDCEKO@https?3?1?1github?4com?1talez2709?1Rul@ 00000001400150b0     main.obj
 0002:00001118       ??_C@_0CA@KILAJOJF@Pobrano?5brakuj?$LJce?5pliki?5efekt?sw?$AA@ 0000000140015118     main.obj
 0002:00001138       ??_C@_05CMOJBPHN@G?$LDos?1?$AA@ 0000000140015138     main.obj
 0002:00001140       ??_C@_05KFCKMKOB@Jacek?$AA@ 0000000140015140     main.obj
 0002:00001148       ??_C@_03FPCJKMNP@Ewa?$AA@  0000000140015148     main.obj
 0002:0000114c       ??_C@_04CDICBAGM@Maja?$AA@ 000000014001514c     main.obj
 0002:00001154       ??_C@_03JIHJHPIE@Jan?$AA@  0000000140015154     main.obj
 0002:00001158       ??_C@_06DKNIKMFF@Jacek2?$AA@ 0000000140015158     main.obj
 0002:00001160       ??_C@_04PLEDLCJI@Ewa2?$AA@ 0000000140015160     main.obj
 0002:00001168       ??_C@_05KJFHPLBC@Maja2?$AA@ 0000000140015168     main.obj
 0002:00001170       ??_C@_04HDNGKDH@Jan2?$AA@  0000000140015170     main.obj
 0002:00001178       ??_C@_05NKPCGME@Agata?$AA@ 0000000140015178     main.obj
 0002:00001180       ??_C@_01IDAFKMJL@_?$AA@    0000000140015180     main.obj
 0002:00001184       ??_C@_01KMDKNFGN@?1?$AA@   0000000140015184     main.obj
 0002:00001190       ??_C@_0ED@KNLDKMLM@https?3?1?1github?4com?1talez2709?1Rul@ 0000000140015190     main.obj
 0002:000011d4       ??_C@_04JLFAMLOH@G?$LDos?$AA@ 00000001400151d4     main.obj
 0002:000011e0       ??_C@_0DB@JAANGCNE@Rozpoczynam?5pobieranie?5brakuj?$LJcy@ 00000001400151e0     main.obj
 0002:00001214       ??_C@_04NCAGELPD@?4rar?$AA@ 0000000140015214     main.obj
 0002:00001220       ??_C@_0FC@DPJNGIHL@Brak?5plik?sw?5dla?5g?$LDosu?5oraz?5nie?5m@ 0000000140015220     main.obj
 0002:00001278       ??_C@_07KIPBKJCE@win?4wav?$AA@ 0000000140015278     main.obj
 0002:00001280       ??_C@_0BP@KIMEIPBM@Pobrano?5brakuj?$LJce?5pliki?5g?$LDos?sw?$AA@ 0000000140015280     main.obj
 0002:000012a0       ??_C@_0M@COFBHHKL@setting?4txt?$AA@ 00000001400152a0     main.obj
 0002:000012b0       ??_C@_0CC@GBEJJAFD@ilo?$JM?f_minimalna_obrot?sw_ruletki?5@ 00000001400152b0     main.obj
 0002:000012d8       ??_C@_0CI@KGOEKJAK@ilo?$JM?f_max_dodatkowych_obrot?sw_ru@ 00000001400152d8     main.obj
 0002:00001300       ??_C@_0BP@NMHFMMDP@czas_przeskoku_kulki_szybki?550?$AA@ 0000000140015300     main.obj
 0002:00001320       ??_C@_0BO@ELNOLLHD@czas_przeskoku_kulki_wolny?575?$AA@ 0000000140015320     main.obj
 0002:00001340       ??_C@_0BJ@OHAGCGBG@czas_przerwy_dzwi?jku?5500?$AA@ 0000000140015340     main.obj
 0002:00001360       ??_C@_0BJ@NJDCNPPC@styl_liczenia_wygranej?51?$AA@ 0000000140015360     main.obj
 0002:00001380       ??_C@_0BG@DNDOADBI@kwota_pocz?$LJtkowa?51000?$AA@ 0000000140015380     main.obj
 0002:00001398       ??_C@_0BA@ILKGKHCK@stan_d?$JPwi?jk?sw?51?$AA@ 0000000140015398     main.obj
 0002:000013a8       ??_C@_0BG@EMABALP@czy_kontynuowa?f_gr?j?51?$AA@ 00000001400153a8     main.obj
 0002:000013c0       ??_C@_0BG@COMBOMN@g?$LDos_odczytu_numeru?51?$AA@ 00000001400153c0     main.obj
 0002:000013d8       ??_C@_0BP@CJDLAIMM@g?$LDos_szybko?$JM?f_odczytu_numeru?54?$AA@ 00000001400153d8     main.obj
 0002:000013f8       ??_C@_0BD@MFIDEEIL@efekty_d?$JPwi?jkowe?51?$AA@ 00000001400153f8     main.obj
 0002:00001410       ??_C@_0GC@FGDMKFMP@Warto?$JM?f?5wolnego?5czasu?5przeskoku?5@ 0000000140015410     main.obj
 0002:00001478       ??_C@_0BN@KMOICOCN@Ustawiam?5domy?$JMlne?5ustawienie?$AA@ 0000000140015478     main.obj
 0002:00001498       ??_C@_0DL@EDLBNLFA@Ilo?$JM?f?5minimalna?5obrot?sw?5ruletki?5@ 0000000140015498     main.obj
 0002:000014d8       ??_C@_0DF@PACHBLM@Ilo?$JM?f?5max?5obrot?sw?5ruletki?5nie?5mo@ 00000001400154d8     main.obj
 0002:00001510       ??_C@_0EG@FJFKONPC@Jedna?5z?5deklaracji?5w?5sprawie?5obr@ 0000000140015510     main.obj
 0002:00001558       ??_C@_0DH@EDACBMH@Styl?5liczeia?5wygranej?5przyjmuje?5@ 0000000140015558     main.obj
 0002:00001590       ??_C@_0DD@CJFGHGHP@Czas?5przerwy?5d?$JPwi?jku?5nie?5mo?$LPe?5by@ 0000000140015590     main.obj
 0002:000015c8       ??_C@_0CP@ODEFLMCC@Kwota?5pocz?$LJtkowa?5nie?5mo?$LPe?5by?f?5mn@ 00000001400155c8     main.obj
 0002:000015f8       ??_C@_0CP@LNDFINPO@Stan?5d?$JPwi?jk?sw?5przyjmuje?5warto?$JMci@ 00000001400155f8     main.obj
 0002:00001628       ??_C@_0DJ@OKKJHGDF@Opcja?5kontynuowania?5gry?5przyjmuj@ 0000000140015628     main.obj
 0002:00001670       ??_C@_0EB@BAPPBOHB@Opcja?5g?$LDos?5odczytu?5numeru?5przyjm@ 0000000140015670     main.obj
 0002:000016c0       ??_C@_0ED@BNKOADPP@Opcja?5szybko?$JM?f?5g?$LDosu?5odczytu?5prz@ 00000001400156c0     main.obj
 0002:00001708       ??_C@_0DC@HENMFLLO@Opcja?5efekty?5d?$JPwi?jkowe?5przyjmuje@ 0000000140015708     main.obj
 0002:00001740       ??_C@_0EG@GKBLFIMF@Nie?5mo?$LPesz?5mie?f?5wy?$LD?$LJczonych?5d?$JPwi@ 0000000140015740     main.obj
 0002:00001788       ??_C@_0DF@LJEKJLPK@Nie?5mo?$LPesz?5mie?f?5wy?$LD?$LJczonych?5d?$JPwi@ 0000000140015788     main.obj
 0002:000017c0       ??_C@_01EPMOAMKG@$?$AA@    00000001400157c0     main.obj
 0002:000017c8       ??_C@_0M@GPFIMODH@?5Wygrywasz?5?$AA@ 00000001400157c8     main.obj
 0002:000017d8       ??_C@_0M@GNFNLGIH@?5Posiadasz?5?$AA@ 00000001400157d8     main.obj
 0002:000017e8       ??_C@_0BL@LJEGNEAJ@?5Dostajesz?5polowe?5zak?$LDadu?5?$AA@ 00000001400157e8     main.obj
 0002:00001808       ??_C@_0N@NPCHEJIF@?5Przegrales?5?$AA@ 0000000140015808     main.obj
 0002:00001818       ??_C@_0BJ@GCHIFPGC@Ko?qczysz?5gr?j?5z?5wynikiem?5?$AA@ 0000000140015818     main.obj
 0002:00001838       ??_C@_0CL@DCKMMPCF@Gratuluje?5zwi?jkszy?$LDe?$JM?5sw?sj?5zas?sb@ 0000000140015838     main.obj
 0002:00001868       ??_C@_0BO@CAHFKDBP@?5krotnie?5sw?sj?5zas?sb?5finansowy?$AA@ 0000000140015868     main.obj
 0002:00001888       ??_C@_0BH@GDCLDFHN@Gratuluje?5zwi?jkszy?$LDe?$JM?5?$AA@ 0000000140015888     main.obj
 0002:000018a0       ??_C@_0P@LMKDJHDC@Obstawiono?5za?5?$AA@ 00000001400158a0     main.obj
 0002:000018b0       ??_C@_0BD@IOLLNBIB@Obstawiono?5zak?$LDad?5?$AA@ 00000001400158b0     main.obj
 0002:000018c8       ??_C@_0BE@EKDPDLOA@?5Obstawiono?5zaklad?5?$AA@ 00000001400158c8     main.obj
 0002:000018e0       ??_C@_0DA@EJNBAHOM@Kulka?5w?5grze?0?5zaczekaj?5na?5wyloso@ 00000001400158e0     main.obj
 0002:00001910       ??_C@_0N@CGNKGGIC@?5Wylosowano?5?$AA@ 0000000140015910     main.obj
 0002:00001920       ??_C@_0CA@FGPIEHEM@ilo?$JM?f_minimalna_obrot?sw_ruletki?$AA@ 0000000140015920     main.obj
 0002:00001940       ??_C@_0CG@KNEPJEMG@ilo?$JM?f_max_dodatkowych_obrot?sw_ru@ 0000000140015940     main.obj
[...]
 0004:000007c8       $pdata$__scrt_is_nonwritable_in_current_image 000000014001d7c8     MSVCRT:utility.obj
 0004:000007d4       $pdata$__scrt_release_startup_lock 000000014001d7d4     MSVCRT:utility.obj
 0004:000007e0       $pdata$__scrt_uninitialize_crt 000000014001d7e0     MSVCRT:utility.obj
 0004:000007ec       $pdata$_onexit             000000014001d7ec     MSVCRT:utility.obj
 0004:000007f8       $pdata$atexit              000000014001d7f8     MSVCRT:utility.obj
 0004:00000804       $pdata$??_Gtype_info@@UEAAPEAXI@Z 000000014001d804     MSVCRT:std_type_info_static.obj
 0004:00000810       $pdata$?pre_c_initialization@@YAHXZ 000000014001d810     MSVCRT:exe_main.obj
 0004:0000081c       $pdata$?post_pgo_initialization@@YAHXZ 000000014001d81c     MSVCRT:exe_main.obj
 0004:00000828       $pdata$?pre_cpp_initialization@@YAXXZ 000000014001d828     MSVCRT:exe_main.obj
 0004:00000834       $pdata$?__scrt_common_main_seh@@YAHXZ 000000014001d834     MSVCRT:exe_main.obj
 0004:00000840       $pdata$mainCRTStartup      000000014001d840     MSVCRT:exe_main.obj
 0004:0000084c       $pdata$__raise_securityfailure 000000014001d84c     MSVCRT:gs_report.obj
 0004:00000858       $pdata$__report_gsfailure  000000014001d858     MSVCRT:gs_report.obj
 0004:00000864       $pdata$capture_previous_context 000000014001d864     MSVCRT:gs_report.obj
 0004:00000870       $pdata$??0bad_alloc@std@@QEAA@AEBV01@@Z 000000014001d870     MSVCRT:throw_bad_alloc.obj
 0004:0000087c       $pdata$??0bad_array_new_length@std@@QEAA@AEBV01@@Z 000000014001d87c     MSVCRT:throw_bad_alloc.obj
 0004:00000888       $pdata$??_Gbad_array_new_length@std@@UEAAPEAXI@Z 000000014001d888     MSVCRT:throw_bad_alloc.obj
 0004:00000888       $pdata$??_Gbad_alloc@std@@UEAAPEAXI@Z 000000014001d888     MSVCRT:throw_bad_alloc.obj
 0004:00000894       $pdata$?__scrt_throw_std_bad_alloc@@YAXXZ 000000014001d894     MSVCRT:throw_bad_alloc.obj
 0004:000008a0       $pdata$?__scrt_throw_std_bad_array_new_length@@YAXXZ 000000014001d8a0     MSVCRT:throw_bad_alloc.obj
 0004:000008ac       $pdata$__isa_available_init 000000014001d8ac     MSVCRT:_cpu_disp_.obj
 0004:000008b8       $pdata$__scrt_fastfail     000000014001d8b8     MSVCRT:utility_desktop.obj
 0004:000008c4       $pdata$__scrt_is_managed_app 000000014001d8c4     MSVCRT:utility_desktop.obj
 0004:000008d0       $pdata$__scrt_unhandled_exception_filter 000000014001d8d0     MSVCRT:utility_desktop.obj
 0004:000008dc       $pdata$__security_init_cookie 000000014001d8dc     MSVCRT:gs_support.obj
 0004:000008e8       $pdata$__scrt_initialize_default_local_stdio_options 000000014001d8e8     MSVCRT:default_local_stdio_options.obj
 0004:000008f4       $pdata$_RTC_Initialize     000000014001d8f4     MSVCRT:_initsect_.obj
 0004:00000900       $pdata$_RTC_Terminate      000000014001d900     MSVCRT:_initsect_.obj
 0004:0000090c       $pdata$__GSHandlerCheck    000000014001d90c     MSVCRT:_gshandler_.obj
 0004:00000918       $pdata$__GSHandlerCheckCommon 000000014001d918     MSVCRT:_gshandler_.obj
 0004:00000924       $pdata$__GSHandlerCheck_EH 000000014001d924     MSVCRT:gshandlereh.obj
 0004:0000096c       $pdata$?dtor$45@?0???__ENumer_zasobu_rar@@YAXXZ@4HA 000000014001d96c     main.obj
 0004:00000978       $pdata$main$dtor$5         000000014001d978     main.obj
 0004:00000984       $pdata$?dtor$0@?0??Obstaw@@YA?AV?$basic_string@DU?$char_traits@D@std@@V?$allocator@D@2@@std@@XZ@4HA 000000014001d984     main.obj
 0004:00000990       $pdata$?dtor$19@?0??Odczytaj_LiczbÍ@@YAXAEBHAEBV?$basic_string@DU?$char_traits@D@std@@V?$allocator@D@2@@std@@@Z@4HA 000000014001d990     main.obj
 0004:0000099c       $pdata$?dtor$119@?0??Odczytaj_LiczbÍ@@YAXAEBHAEBV?$basic_string@DU?$char_traits@D@std@@V?$allocator@D@2@@std@@@Z@4HA 000000014001d99c     main.obj
 0004:000009a8       $pdata$?dtor$149@?0??Odczytaj_LiczbÍ@@YAXAEBHAEBV?$basic_string@DU?$char_traits@D@std@@V?$allocator@D@2@@std@@@Z@4HA 000000014001d9a8     main.obj
 0004:000009b4       $pdata$?dtor$191@?0??Odczytaj_LiczbÍ@@YAXAEBHAEBV?$basic_string@DU?$char_traits@D@std@@V?$allocator@D@2@@std@@@Z@4HA 000000014001d9b4     main.obj
 0004:000009c0       $pdata$?dtor$221@?0??Odczytaj_LiczbÍ@@YAXAEBHAEBV?$basic_string@DU?$char_traits@D@std@@V?$allocator@D@2@@std@@@Z@4HA 000000014001d9c0     main.obj
 0004:000009cc       $pdata$?dtor$263@?0??Odczytaj_LiczbÍ@@YAXAEBHAEBV?$basic_string@DU?$char_traits@D@std@@V?$allocator@D@2@@std@@@Z@4HA 000000014001d9cc     main.obj
 0004:000009d8       $pdata$?dtor$293@?0??Odczytaj_LiczbÍ@@YAXAEBHAEBV?$basic_string@DU?$char_traits@D@std@@V?$allocator@D@2@@std@@@Z@4HA 000000014001d9d8     main.obj
 0004:000009e4       $pdata$?dtor$325@?0??Odczytaj_LiczbÍ@@YAXAEBHAEBV?$basic_string@DU?$char_traits@D@std@@V?$allocator@D@2@@std@@@Z@4HA 000000014001d9e4     main.obj
 0004:000009f0       $pdata$?dtor$427@?0??Odczytaj_LiczbÍ@@YAXAEBHAEBV?$basic_string@DU?$char_traits@D@std@@V?$allocator@D@2@@std@@@Z@4HA 000000014001d9f0     main.obj
 0004:000009fc       $pdata$?dtor$433@?0??Odczytaj_LiczbÍ@@YAXAEBHAEBV?$basic_string@DU?$char_traits@D@std@@V?$allocator@D@2@@std@@@Z@4HA 000000014001d9fc     main.obj
 0004:00000a08       $pdata$?dtor$286@?0??Sprawdü_Pliki@@YAXXZ@4HA 000000014001da08     main.obj
 0004:00000a14       $pdata$?dtor$316@?0??Sprawdü_Pliki@@YAXXZ@4HA 000000014001da14     main.obj
 0004:00000a20       $pdata$?dtor$343@?0??Sprawdü_Pliki@@YAXXZ@4HA 000000014001da20     main.obj
 0004:00000a2c       $pdata$?dtor$370@?0??Sprawdü_Pliki@@YAXXZ@4HA 000000014001da2c     main.obj
 0004:00000a38       $pdata$?dtor$383@?0??Sprawdü_Pliki@@YAXXZ@4HA 000000014001da38     main.obj
 0004:00000a44       $pdata$?dtor$430@?0??Sprawdü_Pliki@@YAXXZ@4HA 000000014001da44     main.obj
 0004:00000a50       $pdata$?dtor$446@?0??Sprawdü_Pliki@@YAXXZ@4HA 000000014001da50     main.obj
 0004:00000a5c       $pdata$?dtor$559@?0??Sprawdü_Pliki@@YAXXZ@4HA 000000014001da5c     main.obj
 0004:00000a68       $pdata$?dtor$586@?0??Sprawdü_Pliki@@YAXXZ@4HA 000000014001da68     main.obj
 0004:00000a74       $pdata$?dtor$610@?0??Sprawdü_Pliki@@YAXXZ@4HA 000000014001da74     main.obj
 0004:00000a80       $pdata$?dtor$634@?0??Sprawdü_Pliki@@YAXXZ@4HA 000000014001da80     main.obj
 0004:00000a8c       $pdata$?dtor$647@?0??Sprawdü_Pliki@@YAXXZ@4HA 000000014001da8c     main.obj
 0004:00000a98       $pdata$?dtor$688@?0??Sprawdü_Pliki@@YAXXZ@4HA 000000014001da98     main.obj
 0004:00000aa4       $pdata$?dtor$704@?0??Sprawdü_Pliki@@YAXXZ@4HA 000000014001daa4     main.obj
 0004:00000ab0       $pdata$?dtor$808@?0??Sprawdü_Pliki@@YAXXZ@4HA 000000014001dab0     main.obj
 0004:00000abc       $pdata$?dtor$835@?0??Sprawdü_Pliki@@YAXXZ@4HA 000000014001dabc     main.obj
 0004:00000ac8       $pdata$?dtor$859@?0??Sprawdü_Pliki@@YAXXZ@4HA 000000014001dac8     main.obj
 0004:00000ad4       $pdata$?dtor$883@?0??Sprawdü_Pliki@@YAXXZ@4HA 000000014001dad4     main.obj
 0004:00000ae0       $pdata$?dtor$896@?0??Sprawdü_Pliki@@YAXXZ@4HA 000000014001dae0     main.obj
 0004:00000aec       $pdata$?dtor$937@?0??Sprawdü_Pliki@@YAXXZ@4HA 000000014001daec     main.obj
 0004:00000af8       $pdata$?dtor$953@?0??Sprawdü_Pliki@@YAXXZ@4HA 000000014001daf8     main.obj
 0004:00000b04       $pdata$?dtor$4@?0??Sprawdü_Ustawienia@@YAXXZ@4HA 000000014001db04     main.obj
 0004:00000b10       $pdata$?dtor$1@?0??Og≥oú_Wynik@@YAXAEBH0AEAHAEAV?$basic_ofstream@DU?$char_traits@D@std@@@std@@AEAV?$basic_fstream@DU?$char_traits@D@std@@@2@@Z@4HA 000000014001db10     main.obj
 0004:00000b1c       $pdata$?dtor$25@?0??Wypakuj_Rar@@YAXAEBV?$basic_string@DU?$char_traits@D@std@@V?$allocator@D@2@@std@@@Z@4HA 000000014001db1c     main.obj
 0004:00000b28       $pdata$?dtor$21@?0??UsuÒ_Folder_Wypakowany_i_Winrar@@YAXAEBV?$basic_string@DU?$char_traits@D@std@@V?$allocator@D@2@@std@@@Z@4HA 000000014001db28     main.obj
 0004:00000b34       $pdata$?dtor$51@?0??UsuÒ_Folder_Wypakowany_i_Winrar@@YAXAEBV?$basic_string@DU?$char_traits@D@std@@V?$allocator@D@2@@std@@@Z@4HA 000000014001db34     main.obj
 0004:00000b40       $pdata$?dtor$81@?0??UsuÒ_Folder_Wypakowany_i_Winrar@@YAXAEBV?$basic_string@DU?$char_traits@D@std@@V?$allocator@D@2@@std@@@Z@4HA 000000014001db40     main.obj
 0004:00000b4c       $pdata$?dtor$111@?0??UsuÒ_Folder_Wypakowany_i_Winrar@@YAXAEBV?$basic_string@DU?$char_traits@D@std@@V?$allocator@D@2@@std@@@Z@4HA 000000014001db4c     main.obj
 0004:00000b58       $pdata$?dtor$141@?0??UsuÒ_Folder_Wypakowany_i_Winrar@@YAXAEBV?$basic_string@DU?$char_traits@D@std@@V?$allocator@D@2@@std@@@Z@4HA 000000014001db58     main.obj
 0004:00000b64       $pdata$?dtor$171@?0??UsuÒ_Folder_Wypakowany_i_Winrar@@YAXAEBV?$basic_string@DU?$char_traits@D@std@@V?$allocator@D@2@@std@@@Z@4HA 000000014001db64     main.obj
 0004:00000b70       $pdata$?dtor$201@?0??UsuÒ_Folder_Wypakowany_i_Winrar@@YAXAEBV?$basic_string@DU?$char_traits@D@std@@V?$allocator@D@2@@std@@@Z@4HA 000000014001db70     main.obj
 0004:00000b7c       $pdata$?dtor$231@?0??UsuÒ_Folder_Wypakowany_i_Winrar@@YAXAEBV?$basic_string@DU?$char_traits@D@std@@V?$allocator@D@2@@std@@@Z@4HA 000000014001db7c     main.obj
 0004:00000b88       $pdata$?dtor$331@?0??UsuÒ_Folder_Wypakowany_i_Winrar@@YAXAEBV?$basic_string@DU?$char_traits@D@std@@V?$allocator@D@2@@std@@@Z@4HA 000000014001db88     main.obj
 0004:00000b94       $pdata$?dtor$337@?0??UsuÒ_Folder_Wypakowany_i_Winrar@@YAXAEBV?$basic_string@DU?$char_traits@D@std@@V?$allocator@D@2@@std@@@Z@4HA 000000014001db94     main.obj
 0004:00000ba0       $pdata$?dtor$486@?0??UsuÒ_Folder_Wypakowany_i_Winrar@@YAXAEBV?$basic_string@DU?$char_traits@D@std@@V?$allocator@D@2@@std@@@Z@4HA 000000014001dba0     main.obj
 0004:00000bac       $pdata$?dtor$590@?0??UsuÒ_Folder_Wypakowany_i_Winrar@@YAXAEBV?$basic_string@DU?$char_traits@D@std@@V?$allocator@D@2@@std@@@Z@4HA 000000014001dbac     main.obj
 0004:00000bb8       $pdata$?dtor$0@?0???0?$basic_ofstream@DU?$char_traits@D@std@@@std@@QEAA@XZ@4HA 000000014001dbb8     main.obj
 0004:00000bc4       $pdata$?dtor$0@?0???0?$basic_stringstream@DU?$char_traits@D@std@@V?$allocator@D@2@@std@@QEAA@H@Z@4HA 000000014001dbc4     main.obj
 0004:00000bd0       $pdata$?catch$10@?0???$?6U?$char_traits@D@std@@@std@@YAAEAV?$basic_ostream@DU?$char_traits@D@std@@@0@AEAV10@D@Z@4HA 000000014001dbd0     main.obj
 0004:00000bdc       $pdata$?catch$9@?0???$?6U?$char_traits@D@std@@@std@@YAAEAV?$basic_ostream@DU?$char_traits@D@std@@@0@AEAV10@PEBD@Z@4HA 000000014001dbdc     main.obj
 0004:00000be8       $pdata$?dtor$0@?0???$?HDU?$char_traits@D@std@@V?$allocator@D@1@@std@@YA?AV?$basic_string@DU?$char_traits@D@std@@V?$allocator@D@2@@0@AEBV10@0@Z@4HA 000000014001dbe8     main.obj
 0004:00000be8       $pdata$?dtor$0@?0???$?HDU?$char_traits@D@std@@V?$allocator@D@1@@std@@YA?AV?$basic_string@DU?$char_traits@D@std@@V?$allocator@D@2@@0@AEBV10@QEBD@Z@4HA 000000014001dbe8     main.obj
 0004:00000bf4       $pdata$?dtor$0@?0???$?HDU?$char_traits@D@std@@V?$allocator@D@1@@std@@YA?AV?$basic_string@DU?$char_traits@D@std@@V?$allocator@D@2@@0@AEBV10@D@Z@4HA 000000014001dbf4     main.obj
 0004:00000c00       $pdata$?catch$33@?0???$?5DU?$char_traits@D@std@@V?$allocator@D@1@@std@@YAAEAV?$basic_istream@DU?$char_traits@D@std@@@0@$$QEAV10@AEAV?$basic_string@DU?$char_traits@D@std@@V?$allocator@D@2@@0@@Z@4HA 000000014001dc00     main.obj
 0004:00000c0c       $pdata$?catch$28@?0???$getline@DU?$char_traits@D@std@@V?$allocator@D@2@@std@@YAAEAV?$basic_istream@DU?$char_traits@D@std@@@0@$$QEAV10@AEAV?$basic_string@DU?$char_traits@D@std@@V?$allocator@D@2@@0@D@Z@4HA 000000014001dc0c     main.obj
 0004:00000c18       $pdata$?catch$8@?0???$_Insert_string@DU?$char_traits@D@std@@_K@std@@YAAEAV?$basic_ostream@DU?$char_traits@D@std@@@0@AEAV10@QEBD_K@Z@4HA 000000014001dc18     main.obj
 0004:00000c24       $pdata$?dtor$5@?0???$_Buynode@AEBU?$pair@$$CBV?$basic_string@DU?$char_traits@D@std@@V?$allocator@D@2@@std@@G@std@@@?$_Tree_comp_alloc@V?$_Tmap_traits@V?$basic_string@DU?$char_traits@D@std@@V?$allocator@D@2@@std@@GU?$less@V?$basic_string@DU?$char_traits@D@std@@V?$allocator@D@2@@std@@@2@V?$allocator@U?$pair@$$CBV?$basic_string@DU?$char_traits@D@std@@V?$allocator@D@2@@std@@G@std@@@2@$0A@@std@@@std@@QEAAPEAU?$_Tree_node@U?$pair@$$CBV?$basic_string@DU?$char_traits@D@std@@V?$allocator@D@2@@std@@G@std@@PEAX@1@AEBU?$pair@$$CBV?$basic_string@DU?$char_traits@D@std@@V?$allocator@D@2@@std@@G@1@@Z@4HA 000000014001dc24     main.obj
 0004:00000c30       $pdata$?catch$8@?0???$_Buynode@AEBU?$pair@$$CBV?$basic_string@DU?$char_traits@D@std@@V?$allocator@D@2@@std@@G@std@@@?$_Tree_comp_alloc@V?$_Tmap_traits@V?$basic_string@DU?$char_traits@D@std@@V?$allocator@D@2@@std@@GU?$less@V?$basic_string@DU?$char_traits@D@std@@V?$allocator@D@2@@std@@@2@V?$allocator@U?$pair@$$CBV?$basic_string@DU?$char_traits@D@std@@V?$allocator@D@2@@std@@G@std@@@2@$0A@@std@@@std@@QEAAPEAU?$_Tree_node@U?$pair@$$CBV?$basic_string@DU?$char_traits@D@std@@V?$allocator@D@2@@std@@G@std@@PEAX@1@AEBU?$pair@$$CBV?$basic_string@DU?$char_traits@D@std@@V?$allocator@D@2@@std@@G@1@@Z@4HA 000000014001dc30     main.obj
 0004:00000c3c       $pdata$?catch$232@?0???$_Insert_hint@AEAU?$pair@$$CBV?$basic_string@DU?$char_traits@D@std@@V?$allocator@D@2@@std@@G@std@@PEAU?$_Tree_node@U?$pair@$$CBV?$basic_string@DU?$char_traits@D@std@@V?$allocator@D@2@@std@@G@std@@PEAX@2@@?$_Tree@V?$_Tmap_traits@V?$basic_string@DU?$char_traits@D@std@@V?$allocator@D@2@@std@@GU?$less@V?$basic_string@DU?$char_traits@D@std@@V?$allocator@D@2@@std@@@2@V?$allocator@U?$pair@$$CBV?$basic_string@DU?$char_traits@D@std@@V?$allocator@D@2@@std@@G@std@@@2@$0A@@std@@@std@@IEAA?AV?$_Tree_iterator@V?$_Tree_val@U?$_Tree_simple_types@U?$pair@$$CBV?$basic_string@DU?$char_traits@D@std@@V?$allocator@D@2@@std@@G@std@@@std@@@std@@@1@V?$_Tree_const_iterator@V?$_Tree_val@U?$_Tree_simple_types@U?$pair@$$CBV?$basic_string@DU?$char_traits@D@std@@V?$allocator@D@2@@std@@G@std@@@std@@@std@@@1@AEAU?$pair@$$CBV?$basic_string@DU?$char_traits@D@std@@V?$allocator@D@2@@std@@G@1@PEAU?$_Tree_node@U?$pair@$$CBV?$basic_string@DU?$char_traits@D@std@@V?$allocator@D@2@@std@@G@std@@PEAX@1@@Z@4HA 000000014001dc3c     main.obj
 0004:00000c48       $pdata$?catch$96@?0???$_Insert_nohint@AEAU?$pair@$$CBV?$basic_string@DU?$char_traits@D@std@@V?$allocator@D@2@@std@@G@std@@PEAU?$_Tree_node@U?$pair@$$CBV?$basic_string@DU?$char_traits@D@std@@V?$allocator@D@2@@std@@G@std@@PEAX@2@@?$_Tree@V?$_Tmap_traits@V?$basic_string@DU?$char_traits@D@std@@V?$allocator@D@2@@std@@GU?$less@V?$basic_string@DU?$char_traits@D@std@@V?$allocator@D@2@@std@@@2@V?$allocator@U?$pair@$$CBV?$basic_string@DU?$char_traits@D@std@@V?$allocator@D@2@@std@@G@std@@@2@$0A@@std@@@std@@IEAA?AU?$pair@V?$_Tree_iterator@V?$_Tree_val@U?$_Tree_simple_types@U?$pair@$$CBV?$basic_string@DU?$char_traits@D@std@@V?$allocator@D@2@@std@@G@std@@@std@@@std@@@std@@_N@1@_NAEAU?$pair@$$CBV?$basic_string@DU?$char_traits@D@std@@V?$allocator@D@2@@std@@G@1@PEAU?$_Tree_node@U?$pair@$$CBV?$basic_string@DU?$char_traits@D@std@@V?$allocator@D@2@@std@@G@std@@PEAX@1@@Z@4HA 000000014001dc48     main.obj
 0004:00000c54       $pdata$?fin$0@?0???_M@YAXPEAX_K1P6AX0@Z@Z@4HA 000000014001dc54     MSVCRT:ehvecdtr.obj
 0004:00000c60       $pdata$?filt$0@?0??__ArrayUnwind@@YAXPEAX_K1P6AX0@Z@Z@4HA 000000014001dc60     MSVCRT:ehvecdtr.obj
 0004:00000c6c       $pdata$__scrt_is_nonwritable_in_current_image$filt$0 000000014001dc6c     MSVCRT:utility.obj
 0004:00000c78       $pdata$?filt$0@?0??__scrt_common_main_seh@@YAHXZ@4HA 000000014001dc78     MSVCRT:exe_main.obj
 0004:00000c84       $pdata$??__FNumer_zasobu_rar@@YAXXZ 000000014001dc84     main.obj
 0004:00000c90       $pdata$??__FG≥os@@YAXXZ    000000014001dc90     main.obj
 0004:00000c9c       $pdata$??__F_Fac_tidy_reg@std@@YAXXZ 000000014001dc9c     msvcprt:locale0_implib.obj
 0005:00000a20       $R000000                   000000014001ea20     Resource.res
 0005:000079f8       $R006FD8                   00000001400259f8     Resource.res
 0005:00007a10       $R006FF0                   0000000140025a10     Resource.res
 0005:0005dc80       $R05D260                   000000014007bc80     Resource.res
 0005:000df000       $R0DE5E0                   00000001400fd000     Resource.res
 0005:00135270       $R134850                   0000000140153270     Resource.res
 0005:0028db40       $R28D120                   00000001402abb40     Resource.res
 0005:00320618       $R31FBF8                   000000014033e618     Resource.res
 0005:004319b8       $R430F98                   000000014044f9b8     Resource.res
 0005:0050e4a8       $R50DA88                   000000014052c4a8     Resource.res
 0005:005d5200       $R5D47E0                   00000001405f3200     Resource.res
 0005:0069bf60       $R69B540                   00000001406b9f60     Resource.res
 0005:007432e0       $R7428C0                   00000001407612e0     Resource.res
 0005:008542c0       $R8538A0                   00000001408722c0     Resource.res
 0005:00955c58       $R955238                   0000000140973c58     Resource.res
 0005:00a45250       $RA44830                   0000000140a63250     Resource.res
 0005:00b1bc80       $RB1B260                   0000000140b39c80     Resource.res
 0005:00be9770       $RBE8D50                   0000000140c07770     Resource.res
 0005:00ce7f18       $RCE74F8                   0000000140d05f18     Resource.res
 0005:00dcd500       $RDCCAE0                   0000000140deb500     Resource.res
 0005:00e9aff8       $RE9A5D8                   0000000140eb8ff8     Resource.res
 0005:00f56320       $RF55900                   0000000140f74320     Resource.res
 0005:00ffde40       $RFFD420                   000000014101be40     Resource.res
 0005:0110b1b8       $R10A798                   00000001411291b8     Resource.res
 0005:011faee8       $R1FA4C8                   0000000141218ee8     Resource.res
 0005:012cc868       $R2CBE48                   00000001412ea868     Resource.res
 0005:0138fa00       $R38EFE0                   00000001413ada00     Resource.res
 0005:0144cfe8       $R44C5C8                   000000014146afe8     Resource.res
 0005:01533d38       $R533318                   0000000141551d38     Resource.res
 0005:015fa640       $R5F9C20                   0000000141618640     Resource.res
 0005:016ac118       $R6AB6F8                   00000001416ca118     Resource.res
 0005:0174d918       $R74CEF8                   000000014176b918     Resource.res
 0005:017df0f0       $R7DE6D0                   00000001417fd0f0     Resource.res
 0005:018ec130       $R8EB710                   000000014190a130     Resource.res
 0005:019d85a0       $R9D7B80                   00000001419f65a0     Resource.res
 0005:01ab4810       $RAB3DF0                   0000000141ad2810     Resource.res
 0005:01b7d1a0       $RB7C780                   0000000141b9b1a0     Resource.res
 0005:01c2c4d8       $RC2BAB8                   0000000141c4a4d8     Resource.res
 0005:01d09e08       $RD093E8                   0000000141d27e08     Resource.res
 0005:01dc8dd0       $RDC83B0                   0000000141de6dd0     Resource.res
 0005:01e76890       $RE75E70                   0000000141e94890     Resource.res
 0005:01f12f90       $RF12570                   0000000141f30f90     Resource.res
 0005:01fa0520       $RF9FB00                   0000000141fbe520     Resource.res
 0005:020a6120       $R0A5700                   00000001420c4120     Resource.res
 0005:0219e530       $R19DB10                   00000001421bc530     Resource.res
 0005:02280c80       $R280260                   000000014229ec80     Resource.res
 0005:0234bc48       $R34B228                   0000000142369c48     Resource.res
 0005:02406238       $R405818                   0000000142424238     Resource.res
 0005:024f6ec8       $R4F64A8                   0000000142514ec8     Resource.res
 0005:025d1d68       $R5D1348                   00000001425efd68     Resource.res
 0005:02699e00       $R6993E0                   00000001426b7e00     Resource.res
 0005:0274cfb8       $R74C598                   000000014276afb8     Resource.res

 Exports

  ordinal    name

