 Ruletka

 Timestamp is 5a3a71e0 (Wed Dec 20 15:21:20 2017)

 Preferred load address is 0000000140000000

 Start         Length     Name                   Class
 0001:00000000 00000b70H .text$di                CODE
 0001:00000b70 00034160H .text$mn                CODE
 0001:00034cd0 000000e0H .text$mn$00             CODE
 0001:00034db0 00001ef0H .text$x                 CODE
 0001:00036ca0 00000264H .text$yd                CODE
 0002:00000000 00000338H .idata$5                DATA
 0002:00000338 00000020H .00cfg                  DATA
 0002:00000358 00000008H .CRT$XCA                DATA
 0002:00000360 00000008H .CRT$XCAA               DATA
 0002:00000368 00000058H .CRT$XCC                DATA
 0002:000003c0 00000010H .CRT$XCL                DATA
 0002:000003d0 00000020H .CRT$XCU                DATA
 0002:000003f0 00000008H .CRT$XCZ                DATA
 0002:000003f8 00000008H .CRT$XIA                DATA
 0002:00000400 00000008H .CRT$XIAA               DATA
 0002:00000408 00000008H .CRT$XIAC               DATA
 0002:00000410 00000028H .CRT$XIC                DATA
 0002:00000438 00000008H .CRT$XIZ                DATA
 0002:00000440 00000008H .CRT$XPA                DATA
 0002:00000448 00000010H .CRT$XPX                DATA
 0002:00000458 00000008H .CRT$XPXA               DATA
 0002:00000460 00000008H .CRT$XPZ                DATA
 0002:00000468 00000008H .CRT$XTA                DATA
 0002:00000470 00000010H .CRT$XTZ                DATA
 0002:00000478 00000000H .gfids$y                DATA
 0002:00000480 00011e70H .rdata                  DATA
 0002:000122f0 000014bcH .rdata$r                DATA
 0002:000137ac 000003dcH .rdata$zzzdbg           DATA
 0002:00013b88 00000008H .rtc$IAA                DATA
 0002:00013b90 00000008H .rtc$IZZ                DATA
 0002:00013b98 00000008H .rtc$TAA                DATA
 0002:00013ba0 00000010H .rtc$TZZ                DATA
 0002:00013bb0 00005128H .xdata                  DATA
 0002:00018cd8 0000036cH .xdata$x                DATA
 0002:00019044 00000000H .edata                  DATA
 0002:00019044 00000050H .idata$2                DATA
 0002:00019094 00000014H .idata$3                DATA
 0002:000190a8 00000338H .idata$4                DATA
 0002:000193e0 00000752H .idata$6                DATA
 0003:00000000 00000ba0H .data                   DATA
 0003:00000ba0 00000830H .data$r                 DATA
 0003:000013d0 00001abcH .bss                    DATA
 0004:00000000 00002d54H .pdata                  DATA
 0005:00000000 00000a20H .rsrc$01                DATA
 0005:00000a20 027e4fc0H .rsrc$02                DATA

  Address         Publics by Value              Rva+Base               Lib:Object

 0000:00000000       __guard_iat_table          0000000000000000     <absolute>
 0000:00000000       __dynamic_value_reloc_table 0000000000000000     <absolute>
 0000:00000000       __hybrid_code_map          0000000000000000     <absolute>
 0000:00000000       __hybrid_code_map_count    0000000000000000     <absolute>
 0000:00000000       __guard_iat_count          0000000000000000     <absolute>
 0000:00000000       __hybrid_auxiliary_iat     0000000000000000     <absolute>
 0000:00000000       __guard_longjmp_table      0000000000000000     <absolute>
 0000:00000000       __guard_longjmp_count      0000000000000000     <absolute>
 0000:00000000       __guard_fids_count         0000000000000000     <absolute>
 0000:00000000       __enclave_config           0000000000000000     <absolute>
 0000:00000000       ___safe_se_handler_table   0000000000000000     <absolute>
 0000:00000000       ___safe_se_handler_count   0000000000000000     <absolute>
 0000:00000000       __guard_fids_table         0000000000000000     <absolute>
 0000:00000100       __guard_flags              0000000000000100     <absolute>
 0000:00000000       __ImageBase                0000000140000000     <linker-defined>
 0001:00000b70       __local_stdio_printf_options 0000000140001b70 f i main.obj
 0001:00000b80       ??0exception@std@@QEAA@AEBV01@@Z 0000000140001b80 f i main.obj
 0001:00000bc0       ?what@exception@std@@UEBAPEBDXZ 0000000140001bc0 f i main.obj
 0001:00000be0       ??_Gexception@std@@UEAAPEAXI@Z 0000000140001be0 f i main.obj
 0001:00000be0       ??_Eout_of_range@std@@UEAAPEAXI@Z 0000000140001be0 f i libcpmt:xthrow.obj
 0001:00000be0       ??_Glength_error@std@@UEAAPEAXI@Z 0000000140001be0 f i libcpmt:xthrow.obj
 0001:00000be0       ??_Ebad_array_new_length@std@@UEAAPEAXI@Z 0000000140001be0 f i LIBCMT:throw_bad_alloc.obj
 0001:00000be0       ??_Eruntime_error@std@@UEAAPEAXI@Z 0000000140001be0 f i * CIL library *:* CIL module *
 0001:00000be0       ??_Glogic_error@std@@UEAAPEAXI@Z 0000000140001be0 f i libcpmt:xthrow.obj
 0001:00000be0       ??_Eexception@std@@UEAAPEAXI@Z 0000000140001be0 f i * CIL library *:* CIL module *
 0001:00000be0       ??_Gbad_alloc@std@@UEAAPEAXI@Z 0000000140001be0 f i libcpmt:xthrow.obj
 0001:00000be0       ??_Ebad_exception@std@@UEAAPEAXI@Z 0000000140001be0 f i libvcruntime:frame.obj
 0001:00000be0       ??_Elogic_error@std@@UEAAPEAXI@Z 0000000140001be0 f i libcpmt:xthrow.obj
 0001:00000be0       ??_Gout_of_range@std@@UEAAPEAXI@Z 0000000140001be0 f i libcpmt:xthrow.obj
 0001:00000be0       ??_Gruntime_error@std@@UEAAPEAXI@Z 0000000140001be0 f i main.obj
 0001:00000be0       ??_Gbad_exception@std@@UEAAPEAXI@Z 0000000140001be0 f i libvcruntime:frame.obj
 0001:00000be0       ??_Ebad_alloc@std@@UEAAPEAXI@Z 0000000140001be0 f i libcpmt:xthrow.obj
 0001:00000be0       ??_Elength_error@std@@UEAAPEAXI@Z 0000000140001be0 f i libcpmt:xthrow.obj
 0001:00000be0       ??_Gbad_array_new_length@std@@UEAAPEAXI@Z 0000000140001be0 f i LIBCMT:throw_bad_alloc.obj
 0001:00000c30       _initialize_denormal_control 0000000140001c30 f i LIBCMT:denormal_control.obj
 0001:00000c30       ??3@YAXPEAX0@Z             0000000140001c30 f i main.obj
 0001:00000c30       ?imbue@?$basic_streambuf@DU?$char_traits@D@std@@@std@@MEAAXAEBVlocale@2@@Z 0000000140001c30 f i main.obj
 0001:00000c30       _guard_check_icall_nop     0000000140001c30 f i LIBCMT:guard_support.obj
 0001:00000c30       _initialize_invalid_parameter_handler 0000000140001c30 f i LIBCMT:invalid_parameter_handler.obj
 0001:00000c30       ?_Unlock@?$basic_streambuf@DU?$char_traits@D@std@@@std@@UEAAXXZ 0000000140001c30 f i main.obj
 0001:00000c30       ?_Lock@?$basic_streambuf@DU?$char_traits@D@std@@@std@@UEAAXXZ 0000000140001c30 f i main.obj
 0001:00000c40       sprintf_s                  0000000140001c40 f i main.obj
 0001:00000ca0       ??0runtime_error@std@@QEAA@PEBD@Z 0000000140001ca0 f i main.obj
 0001:00000d10       ??1failure@ios_base@std@@UEAA@XZ 0000000140001d10 f i main.obj
 0001:00000d10       ??1runtime_error@std@@UEAA@XZ 0000000140001d10 f i main.obj
 0001:00000d10       ??1bad_array_new_length@std@@UEAA@XZ 0000000140001d10 f i LIBCMT:throw_bad_alloc.obj
 0001:00000d10       ??1bad_alloc@std@@UEAA@XZ  0000000140001d10 f i libcpmt:xthrow.obj
 0001:00000d10       ??1out_of_range@std@@UEAA@XZ 0000000140001d10 f i libcpmt:xthrow.obj
 0001:00000d10       ??1length_error@std@@UEAA@XZ 0000000140001d10 f i libcpmt:xthrow.obj
 0001:00000d10       ??1bad_exception@std@@UEAA@XZ 0000000140001d10 f i libvcruntime:frame.obj
 0001:00000d30       ??0_Locinfo@std@@QEAA@PEBD@Z 0000000140001d30 f i main.obj
 0001:00000dd0       ??1_Locinfo@std@@QEAA@XZ   0000000140001dd0 f i main.obj
 0001:00000e80       ??0runtime_error@std@@QEAA@AEBV01@@Z 0000000140001e80 f i main.obj
 0001:00000ec0       ??_E_Facet_base@std@@UEAAPEAXI@Z 0000000140001ec0 f i * CIL library *:* CIL module *
 0001:00000ec0       ??_G_Facet_base@std@@UEAAPEAXI@Z 0000000140001ec0 f i main.obj
 0001:00000ef0       ?_Incref@facet@locale@std@@UEAAXXZ 0000000140001ef0 f i main.obj
 0001:00000f00       ?_Decref@facet@locale@std@@UEAAPEAV_Facet_base@3@XZ 0000000140001f00 f i main.obj
 0001:00000f10       ??1facet@locale@std@@MEAA@XZ 0000000140001f10 f i main.obj
 0001:00000f20       ??1locale@std@@QEAA@XZ     0000000140001f20 f i main.obj
 0001:00000f60       ?do_encoding@codecvt_base@std@@MEBAHXZ 0000000140001f60 f i main.obj
 0001:00000f60       _get_startup_argv_mode     0000000140001f60 f i LIBCMT:argv_mode.obj
 0001:00000f60       ?do_max_length@codecvt_base@std@@MEBAHXZ 0000000140001f60 f i main.obj
 0001:00000f70       ?do_tolower@?$ctype@D@std@@MEBADD@Z 0000000140001f70 f i main.obj
 0001:00000f80       ?do_tolower@?$ctype@D@std@@MEBAPEBDPEADPEBD@Z 0000000140001f80 f i main.obj
 0001:00000fe0       ?do_toupper@?$ctype@D@std@@MEBADD@Z 0000000140001fe0 f i main.obj
 0001:00000ff0       ?do_toupper@?$ctype@D@std@@MEBAPEBDPEADPEBD@Z 0000000140001ff0 f i main.obj
 0001:00001050       ?do_narrow@?$ctype@D@std@@MEBADDD@Z 0000000140002050 f i main.obj
 0001:00001050       ?do_widen@?$ctype@D@std@@MEBADD@Z 0000000140002050 f i main.obj
 0001:00001060       ?do_widen@?$ctype@D@std@@MEBAPEBDPEBD0PEAD@Z 0000000140002060 f i main.obj
 0001:00001080       ?do_narrow@?$ctype@D@std@@MEBAPEBDPEBD0DPEAD@Z 0000000140002080 f i main.obj
 0001:000010a0       ??_E?$ctype@D@std@@MEAAPEAXI@Z 00000001400020a0 f i * CIL library *:* CIL module *
 0001:000010a0       ??_G?$ctype@D@std@@MEAAPEAXI@Z 00000001400020a0 f i main.obj
 0001:00001110       ??_G_Iostream_error_category@std@@UEAAPEAXI@Z 0000000140002110 f i main.obj
 0001:00001110       ??_Eerror_category@std@@UEAAPEAXI@Z 0000000140002110 f i * CIL library *:* CIL module *
 0001:00001110       ??_E_Iostream_error_category@std@@UEAAPEAXI@Z 0000000140002110 f i * CIL library *:* CIL module *
 0001:00001110       ??_Gerror_category@std@@UEAAPEAXI@Z 0000000140002110 f i main.obj
 0001:00001140       ?default_error_condition@error_category@std@@UEBA?AVerror_condition@2@H@Z 0000000140002140 f i main.obj
 0001:00001150       ?equivalent@error_category@std@@UEBA_NHAEBVerror_condition@2@@Z 0000000140002150 f i main.obj
 0001:00001190       ?equivalent@error_category@std@@UEBA_NAEBVerror_code@2@H@Z 0000000140002190 f i main.obj
 0001:000011b0       ?make_error_code@std@@YA?AVerror_code@1@W4io_errc@1@@Z 00000001400021b0 f i main.obj
 0001:00001210       ??_Gfailure@ios_base@std@@UEAAPEAXI@Z 0000000140002210 f i main.obj
 0001:00001210       ??_Efailure@ios_base@std@@UEAAPEAXI@Z 0000000140002210 f i * CIL library *:* CIL module *
 0001:00001210       ??_E_System_error@std@@UEAAPEAXI@Z 0000000140002210 f i * CIL library *:* CIL module *
 0001:00001210       ??_Gsystem_error@std@@UEAAPEAXI@Z 0000000140002210 f i main.obj
 0001:00001210       ??_Esystem_error@std@@UEAAPEAXI@Z 0000000140002210 f i * CIL library *:* CIL module *
 0001:00001210       ??_G_System_error@std@@UEAAPEAXI@Z 0000000140002210 f i main.obj
 0001:00001260       ?name@_Iostream_error_category@std@@UEBAPEBDXZ 0000000140002260 f i main.obj
 0001:00001270       ?message@_Iostream_error_category@std@@UEBA?AV?$basic_string@DU?$char_traits@D@std@@V?$allocator@D@2@@2@H@Z 0000000140002270 f i main.obj
 0001:00001320       ??0failure@ios_base@std@@QEAA@PEBDAEBVerror_code@2@@Z 0000000140002320 f i main.obj
 0001:000014e0       ?clear@ios_base@std@@QEAAXH_N@Z 00000001400024e0 f i main.obj
 0001:000015a0       ??0failure@ios_base@std@@QEAA@AEBV012@@Z 00000001400025a0 f i main.obj
 0001:00001600       ??0system_error@std@@QEAA@AEBV01@@Z 0000000140002600 f i main.obj
 0001:00001660       ??0_System_error@std@@QEAA@AEBV01@@Z 0000000140002660 f i main.obj
 0001:000016b0       ??_Gios_base@std@@UEAAPEAXI@Z 00000001400026b0 f i main.obj
 0001:000016b0       ??_Eios_base@std@@UEAAPEAXI@Z 00000001400026b0 f i * CIL library *:* CIL module *
 0001:00001700       ??1?$pair@$$CBV?$basic_string@DU?$char_traits@D@std@@V?$allocator@D@2@@std@@G@std@@QEAA@XZ 0000000140002700 f i main.obj
 0001:00001700       ??1?$basic_string@DU?$char_traits@D@std@@V?$allocator@D@2@@std@@QEAA@XZ 0000000140002700 f i main.obj
 0001:00001710       main                       0000000140002710 f   main.obj
 0001:00001ae0       ??_D?$basic_ofstream@DU?$char_traits@D@std@@@std@@QEAAXXZ 0000000140002ae0 f i main.obj
 0001:00001b80       ??_D?$basic_fstream@DU?$char_traits@D@std@@@std@@QEAAXXZ 0000000140002b80 f i main.obj
 0001:00001c90       ?Obstaw@@YA?AV?$basic_string@DU?$char_traits@D@std@@V?$allocator@D@2@@std@@XZ 0000000140002c90 f   main.obj
 0001:000025c0       ?Wczytaj_Kwotê_Zak³adu@@YAXAEAHAEBH@Z 00000001400035c0 f   main.obj
 0001:000027f0       ?Zakrêæ_Ruletk¹@@YAHXZ     00000001400037f0 f   main.obj
 0001:00002ce0       ?SprawdŸ_Zak³ad@@YAHAEBHAEBV?$basic_string@DU?$char_traits@D@std@@V?$allocator@D@2@@std@@0@Z 0000000140003ce0 f   main.obj
 0001:00002ff0       ?Czy_Kontynuowaæ@@YA_NAEBH@Z 0000000140003ff0 f   main.obj
 0001:00003300       ?Odczytaj_Liczbê@@YAXAEBHAEBV?$basic_string@DU?$char_traits@D@std@@V?$allocator@D@2@@std@@@Z 0000000140004300 f   main.obj
 0001:00003cc0       ??_D?$basic_stringstream@DU?$char_traits@D@std@@V?$allocator@D@2@@std@@QEAAXXZ 0000000140004cc0 f i main.obj
 0001:00003dd0       ?__autoclassinit2@?$basic_stringstream@DU?$char_traits@D@std@@V?$allocator@D@2@@std@@QEAAX_K@Z 0000000140004dd0 f i main.obj
 0001:00003df0       ?Wczytaj_z_Pliku@@YAXAEAV?$basic_ofstream@DU?$char_traits@D@std@@@std@@AEAV?$basic_fstream@DU?$char_traits@D@std@@@2@AEADAEAH33AEAV?$basic_string@DU?$char_traits@D@std@@V?$allocator@D@2@@2@@Z 0000000140004df0 f   main.obj
 0001:00005590       ?SprawdŸ_Pliki@@YAXXZ      0000000140006590 f   main.obj
 0001:00008140       ?SprawdŸ_Ustawienia@@YAXXZ 0000000140009140 f   main.obj
 0001:00008a20       ??_D?$basic_ifstream@DU?$char_traits@D@std@@@std@@QEAAXXZ 0000000140009a20 f i main.obj
 0001:00008ac0       ?Og³oœ_Wynik@@YAXAEBH0AEAHAEAV?$basic_ofstream@DU?$char_traits@D@std@@@std@@AEAV?$basic_fstream@DU?$char_traits@D@std@@@2@@Z 0000000140009ac0 f   main.obj
 0001:00008f00       ?Koniec_Gry@@YAXAEAV?$basic_ofstream@DU?$char_traits@D@std@@@std@@AEAV?$basic_fstream@DU?$char_traits@D@std@@@2@AEBH@Z 0000000140009f00 f   main.obj
 0001:000091a0       ?Pêtla_G³ówna@@YAXAEAH00AEAV?$basic_ofstream@DU?$char_traits@D@std@@@std@@AEAV?$basic_fstream@DU?$char_traits@D@std@@@2@AEADAEAV?$basic_string@DU?$char_traits@D@std@@V?$allocator@D@2@@2@0@Z 000000014000a1a0 f   main.obj
 0001:000095e0       ?Ustaw_Ustawienia@@YAXAEAV?$basic_string@DU?$char_traits@D@std@@V?$allocator@D@2@@std@@@Z 000000014000a5e0 f   main.obj
 0001:0000a1d0       ?Wyci¹gnij_z_Programu@@YA_NAEBV?$basic_string@DU?$char_traits@D@std@@V?$allocator@D@2@@std@@G@Z 000000014000b1d0 f   main.obj
 0001:0000a2e0       ?Wypakuj_Rar@@YAXAEBV?$basic_string@DU?$char_traits@D@std@@V?$allocator@D@2@@std@@@Z 000000014000b2e0 f   main.obj
 0001:0000a3f0       ?Przenieœ_Plik@@YA_NAEBV?$basic_string@DU?$char_traits@D@std@@V?$allocator@D@2@@std@@0@Z 000000014000b3f0 f   main.obj
 0001:0000a420       ?Usuñ_Folder_Wypakowany_i_Winrar@@YAXAEBV?$basic_string@DU?$char_traits@D@std@@V?$allocator@D@2@@std@@@Z 000000014000b420 f   main.obj
 0001:0000ad60       ??1?$_Tree@V?$_Tmap_traits@V?$basic_string@DU?$char_traits@D@std@@V?$allocator@D@2@@std@@GU?$less@V?$basic_string@DU?$char_traits@D@std@@V?$allocator@D@2@@std@@@2@V?$allocator@U?$pair@$$CBV?$basic_string@DU?$char_traits@D@std@@V?$allocator@D@2@@std@@G@std@@@2@$0A@@std@@@std@@QEAA@XZ 000000014000bd60 f i main.obj
 0001:0000ada0       ?at@?$map@V?$basic_string@DU?$char_traits@D@std@@V?$allocator@D@2@@std@@GU?$less@V?$basic_string@DU?$char_traits@D@std@@V?$allocator@D@2@@std@@@2@V?$allocator@U?$pair@$$CBV?$basic_string@DU?$char_traits@D@std@@V?$allocator@D@2@@std@@G@std@@@2@@std@@QEBAAEBGAEBV?$basic_string@DU?$char_traits@D@std@@V?$allocator@D@2@@2@@Z 000000014000bda0 f i main.obj
 0001:0000aea0       ??1?$_Yarn@D@std@@QEAA@XZ  000000014000bea0 f i main.obj
 0001:0000aea0       ??1?$_Yarn@_W@std@@QEAA@XZ 000000014000bea0 f i main.obj
 0001:0000aed0       ?c_str@?$basic_string@DU?$char_traits@D@std@@V?$allocator@D@2@@std@@QEBAPEBDXZ 000000014000bed0 f i main.obj
 0001:0000aee0       ?erase@?$basic_string@DU?$char_traits@D@std@@V?$allocator@D@2@@std@@QEAAAEAV12@_K_K@Z 000000014000bee0 f i main.obj
 0001:0000af40       ?append@?$basic_string@DU?$char_traits@D@std@@V?$allocator@D@2@@std@@QEAAAEAV12@QEBD@Z 000000014000bf40 f i main.obj
 0001:0000af60       ?append@?$basic_string@DU?$char_traits@D@std@@V?$allocator@D@2@@std@@QEAAAEAV12@AEBV12@@Z 000000014000bf60 f i main.obj
 0001:0000af80       ??0?$basic_string@DU?$char_traits@D@std@@V?$allocator@D@2@@std@@QEAA@QEBD@Z 000000014000bf80 f i main.obj
 0001:0000b010       ??0?$basic_string@DU?$char_traits@D@std@@V?$allocator@D@2@@std@@QEAA@AEBV01@@Z 000000014000c010 f i main.obj
 0001:0000b0d0       ??0?$basic_ofstream@DU?$char_traits@D@std@@@std@@QEAA@XZ 000000014000c0d0 f i main.obj
 0001:0000b1b0       ?imbue@?$basic_filebuf@DU?$char_traits@D@std@@@std@@MEAAXAEBVlocale@2@@Z 000000014000c1b0 f i main.obj
 0001:0000b1e0       ?sync@?$basic_filebuf@DU?$char_traits@D@std@@@std@@MEAAHXZ 000000014000c1e0 f i main.obj
 0001:0000b230       ?setbuf@?$basic_filebuf@DU?$char_traits@D@std@@@std@@MEAAPEAV?$basic_streambuf@DU?$char_traits@D@std@@@2@PEAD_J@Z 000000014000c230 f i main.obj
 0001:0000b290       ?seekpos@?$basic_filebuf@DU?$char_traits@D@std@@@std@@MEAA?AV?$fpos@U_Mbstatet@@@2@V32@H@Z 000000014000c290 f i main.obj
 0001:0000b380       ?seekoff@?$basic_filebuf@DU?$char_traits@D@std@@@std@@MEAA?AV?$fpos@U_Mbstatet@@@2@_JHH@Z 000000014000c380 f i main.obj
 0001:0000b490       ?uflow@?$basic_filebuf@DU?$char_traits@D@std@@@std@@MEAAHXZ 000000014000c490 f i main.obj
 0001:0000b750       ?underflow@?$basic_filebuf@DU?$char_traits@D@std@@@std@@MEAAHXZ 000000014000c750 f i main.obj
 0001:0000b7c0       ?pbackfail@?$basic_filebuf@DU?$char_traits@D@std@@@std@@MEAAHH@Z 000000014000c7c0 f i main.obj
 0001:0000b8b0       ?overflow@?$basic_filebuf@DU?$char_traits@D@std@@@std@@MEAAHH@Z 000000014000c8b0 f i main.obj
 0001:0000bb00       ?_Unlock@?$basic_filebuf@DU?$char_traits@D@std@@@std@@UEAAXXZ 000000014000cb00 f i main.obj
 0001:0000bb20       ?_Lock@?$basic_filebuf@DU?$char_traits@D@std@@@std@@UEAAXXZ 000000014000cb20 f i main.obj
 0001:0000bb40       ??1?$basic_filebuf@DU?$char_traits@D@std@@@std@@UEAA@XZ 000000014000cb40 f i main.obj
 0001:0000bc00       ?str@?$basic_stringstream@DU?$char_traits@D@std@@V?$allocator@D@2@@std@@QEBA?AV?$basic_string@DU?$char_traits@D@std@@V?$allocator@D@2@@2@XZ 000000014000cc00 f i main.obj
 0001:0000bc20       ??0?$basic_stringstream@DU?$char_traits@D@std@@V?$allocator@D@2@@std@@QEAA@H@Z 000000014000cc20 f i main.obj
 0001:0000bd50       ?seekpos@?$basic_stringbuf@DU?$char_traits@D@std@@V?$allocator@D@2@@std@@MEAA?AV?$fpos@U_Mbstatet@@@2@V32@H@Z 000000014000cd50 f i main.obj
 0001:0000be60       ?seekoff@?$basic_stringbuf@DU?$char_traits@D@std@@V?$allocator@D@2@@std@@MEAA?AV?$fpos@U_Mbstatet@@@2@_JHH@Z 000000014000ce60 f i main.obj
 0001:0000c000       ?underflow@?$basic_stringbuf@DU?$char_traits@D@std@@V?$allocator@D@2@@std@@MEAAHXZ 000000014000d000 f i main.obj
 0001:0000c070       ?pbackfail@?$basic_stringbuf@DU?$char_traits@D@std@@V?$allocator@D@2@@std@@MEAAHH@Z 000000014000d070 f i main.obj
 0001:0000c0c0       ?overflow@?$basic_stringbuf@DU?$char_traits@D@std@@V?$allocator@D@2@@std@@MEAAHH@Z 000000014000d0c0 f i main.obj
 0001:0000c3c0       ??1?$basic_stringbuf@DU?$char_traits@D@std@@V?$allocator@D@2@@std@@UEAA@XZ 000000014000d3c0 f i main.obj
 0001:0000c4f0       ??1?$basic_iostream@DU?$char_traits@D@std@@@std@@UEAA@XZ 000000014000d4f0 f i main.obj
 0001:0000c570       ?flush@?$basic_ostream@DU?$char_traits@D@std@@@std@@QEAAAEAV12@XZ 000000014000d570 f i main.obj
 0001:0000c640       ??6?$basic_ostream@DU?$char_traits@D@std@@@std@@QEAAAEAV01@H@Z 000000014000d640 f i main.obj
 0001:0000c7e0       ??6?$basic_ostream@DU?$char_traits@D@std@@@std@@QEAAAEAV01@G@Z 000000014000d7e0 f i main.obj
 0001:0000c990       ??1?$basic_ostream@DU?$char_traits@D@std@@@std@@UEAA@XZ 000000014000d990 f i main.obj
 0001:0000c9c0       ??1?$basic_istream@DU?$char_traits@D@std@@@std@@UEAA@XZ 000000014000d9c0 f i main.obj
 0001:0000c9f0       _get_startup_new_mode      000000014000d9f0 f i LIBCMT:new_mode.obj
 0001:0000c9f0       ?sync@?$basic_streambuf@DU?$char_traits@D@std@@@std@@MEAAHXZ 000000014000d9f0 f i main.obj
 0001:0000c9f0       _get_startup_commit_mode   000000014000d9f0 f i LIBCMT:commit_mode.obj
 0001:0000c9f0       __scrt_initialize_winrt    000000014000d9f0 f i LIBCMT:utility_desktop.obj
 0001:0000c9f0       _get_startup_thread_locale_mode 000000014000d9f0 f i LIBCMT:thread_locale.obj
 0001:0000c9f0       ?showmanyc@?$basic_streambuf@DU?$char_traits@D@std@@@std@@MEAA_JXZ 000000014000d9f0 f i main.obj
 0001:0000c9f0       _matherr                   000000014000d9f0 f i LIBCMT:matherr.obj
 0001:0000ca00       ?setbuf@?$basic_streambuf@DU?$char_traits@D@std@@@std@@MEAAPEAV12@PEAD_J@Z 000000014000da00 f i main.obj
 0001:0000ca10       ?seekoff@?$basic_streambuf@DU?$char_traits@D@std@@@std@@MEAA?AV?$fpos@U_Mbstatet@@@2@_JHH@Z 000000014000da10 f i main.obj
 0001:0000ca10       ?seekpos@?$basic_streambuf@DU?$char_traits@D@std@@@std@@MEAA?AV?$fpos@U_Mbstatet@@@2@V32@H@Z 000000014000da10 f i main.obj
 0001:0000ca30       ?xsputn@?$basic_streambuf@DU?$char_traits@D@std@@@std@@MEAA_JPEBD_J@Z 000000014000da30 f i main.obj
 0001:0000cb00       ?xsgetn@?$basic_streambuf@DU?$char_traits@D@std@@@std@@MEAA_JPEAD_J@Z 000000014000db00 f i main.obj
 0001:0000cbc0       ?uflow@?$basic_streambuf@DU?$char_traits@D@std@@@std@@MEAAHXZ 000000014000dbc0 f i main.obj
 0001:0000cc00       ?pbackfail@?$basic_streambuf@DU?$char_traits@D@std@@@std@@MEAAHH@Z 000000014000dc00 f i main.obj
 0001:0000cc00       ?overflow@?$basic_streambuf@DU?$char_traits@D@std@@@std@@MEAAHH@Z 000000014000dc00 f i main.obj
 0001:0000cc00       ?underflow@?$basic_streambuf@DU?$char_traits@D@std@@@std@@MEAAHXZ 000000014000dc00 f i main.obj
 0001:0000cc10       ??1?$basic_streambuf@DU?$char_traits@D@std@@@std@@UEAA@XZ 000000014000dc10 f i main.obj
 0001:0000cc70       ??1?$basic_ios@DU?$char_traits@D@std@@@std@@UEAA@XZ 000000014000dc70 f i main.obj
 0001:0000cca0       ??_G?$basic_fstream@DU?$char_traits@D@std@@@std@@UEAAPEAXI@Z 000000014000dca0 f i main.obj
 0001:0000cca0       ??_E?$basic_fstream@DU?$char_traits@D@std@@@std@@UEAAPEAXI@Z 000000014000dca0 f i * CIL library *:* CIL module *
 0001:0000cce0       ??_E?$basic_ofstream@DU?$char_traits@D@std@@@std@@UEAAPEAXI@Z 000000014000dce0 f i * CIL library *:* CIL module *
 0001:0000cce0       ??_G?$basic_ofstream@DU?$char_traits@D@std@@@std@@UEAAPEAXI@Z 000000014000dce0 f i main.obj
 0001:0000cd20       ??_E?$basic_ifstream@DU?$char_traits@D@std@@@std@@UEAAPEAXI@Z 000000014000dd20 f i * CIL library *:* CIL module *
 0001:0000cd20       ??_G?$basic_ifstream@DU?$char_traits@D@std@@@std@@UEAAPEAXI@Z 000000014000dd20 f i main.obj
 0001:0000cd60       ??_G?$basic_filebuf@DU?$char_traits@D@std@@@std@@UEAAPEAXI@Z 000000014000dd60 f i main.obj
 0001:0000cd60       ??_E?$basic_filebuf@DU?$char_traits@D@std@@@std@@UEAAPEAXI@Z 000000014000dd60 f i * CIL library *:* CIL module *
 0001:0000cda0       ??_E?$basic_stringstream@DU?$char_traits@D@std@@V?$allocator@D@2@@std@@UEAAPEAXI@Z 000000014000dda0 f i * CIL library *:* CIL module *
 0001:0000cda0       ??_G?$basic_stringstream@DU?$char_traits@D@std@@V?$allocator@D@2@@std@@UEAAPEAXI@Z 000000014000dda0 f i main.obj
 0001:0000cde0       ??_G?$basic_stringbuf@DU?$char_traits@D@std@@V?$allocator@D@2@@std@@UEAAPEAXI@Z 000000014000dde0 f i main.obj
 0001:0000cde0       ??_E?$basic_stringbuf@DU?$char_traits@D@std@@V?$allocator@D@2@@std@@UEAAPEAXI@Z 000000014000dde0 f i * CIL library *:* CIL module *
 0001:0000ce20       ??_E?$basic_iostream@DU?$char_traits@D@std@@@std@@UEAAPEAXI@Z 000000014000de20 f i * CIL library *:* CIL module *
 0001:0000ce20       ??_G?$basic_iostream@DU?$char_traits@D@std@@@std@@UEAAPEAXI@Z 000000014000de20 f i main.obj
 0001:0000cee0       ??_E?$basic_ostream@DU?$char_traits@D@std@@@std@@UEAAPEAXI@Z 000000014000dee0 f i * CIL library *:* CIL module *
 0001:0000cee0       ??_G?$basic_ostream@DU?$char_traits@D@std@@@std@@UEAAPEAXI@Z 000000014000dee0 f i main.obj
 0001:0000cf50       ??_G?$basic_istream@DU?$char_traits@D@std@@@std@@UEAAPEAXI@Z 000000014000df50 f i main.obj
 0001:0000cf50       ??_E?$basic_istream@DU?$char_traits@D@std@@@std@@UEAAPEAXI@Z 000000014000df50 f i * CIL library *:* CIL module *
 0001:0000cfc0       ??_E?$basic_streambuf@DU?$char_traits@D@std@@@std@@UEAAPEAXI@Z 000000014000dfc0 f i * CIL library *:* CIL module *
 0001:0000cfc0       ??_G?$basic_streambuf@DU?$char_traits@D@std@@@std@@UEAAPEAXI@Z 000000014000dfc0 f i main.obj
 0001:0000d050       ??_Glocale@std@@QEAAPEAXI@Z 000000014000e050 f i main.obj
 0001:0000d0b0       ??_E?$basic_ios@DU?$char_traits@D@std@@@std@@UEAAPEAXI@Z 000000014000e0b0 f i * CIL library *:* CIL module *
 0001:0000d0b0       ??_G?$basic_ios@DU?$char_traits@D@std@@@std@@UEAAPEAXI@Z 000000014000e0b0 f i main.obj
 0001:0000d100       ?do_length@?$codecvt@DDU_Mbstatet@@@std@@MEBAHAEAU_Mbstatet@@PEBD1_K@Z 000000014000e100 f i main.obj
 0001:0000d120       ?do_unshift@?$codecvt@DDU_Mbstatet@@@std@@MEBAHAEAU_Mbstatet@@PEAD1AEAPEAD@Z 000000014000e120 f i main.obj
 0001:0000d130       ?do_out@?$codecvt@DDU_Mbstatet@@@std@@MEBAHAEAU_Mbstatet@@PEBD1AEAPEBDPEAD3AEAPEAD@Z 000000014000e130 f i main.obj
 0001:0000d130       ?do_in@?$codecvt@DDU_Mbstatet@@@std@@MEBAHAEAU_Mbstatet@@PEBD1AEAPEBDPEAD3AEAPEAD@Z 000000014000e130 f i main.obj
 0001:0000d150       _should_initialize_environment 000000014000e150 f i LIBCMT:env_mode.obj
 0001:0000d150       __acrt_uninitialize_command_line 000000014000e150 f i libucrt:argv_data.obj
 0001:0000d150       ?do_always_noconv@?$codecvt@DDU_Mbstatet@@@std@@MEBA_NXZ 000000014000e150 f i main.obj
 0001:0000d160       ??1sentry@?$basic_ostream@DU?$char_traits@D@std@@@std@@QEAA@XZ 000000014000e160 f i main.obj
 0001:0000d1b0       ?do_put@?$num_put@DV?$ostreambuf_iterator@DU?$char_traits@D@std@@@std@@@std@@MEBA?AV?$ostreambuf_iterator@DU?$char_traits@D@std@@@2@V32@AEAVios_base@2@DPEBX@Z 000000014000e1b0 f i main.obj
 0001:0000d250       ?do_put@?$num_put@DV?$ostreambuf_iterator@DU?$char_traits@D@std@@@std@@@std@@MEBA?AV?$ostreambuf_iterator@DU?$char_traits@D@std@@@2@V32@AEAVios_base@2@DO@Z 000000014000e250 f i main.obj
 0001:0000d490       ?do_put@?$num_put@DV?$ostreambuf_iterator@DU?$char_traits@D@std@@@std@@@std@@MEBA?AV?$ostreambuf_iterator@DU?$char_traits@D@std@@@2@V32@AEAVios_base@2@DN@Z 000000014000e490 f i main.obj
 0001:0000d6d0       ?do_put@?$num_put@DV?$ostreambuf_iterator@DU?$char_traits@D@std@@@std@@@std@@MEBA?AV?$ostreambuf_iterator@DU?$char_traits@D@std@@@2@V32@AEAVios_base@2@D_K@Z 000000014000e6d0 f i main.obj
 0001:0000d7f0       ?do_put@?$num_put@DV?$ostreambuf_iterator@DU?$char_traits@D@std@@@std@@@std@@MEBA?AV?$ostreambuf_iterator@DU?$char_traits@D@std@@@2@V32@AEAVios_base@2@D_J@Z 000000014000e7f0 f i main.obj
 0001:0000d910       ?do_put@?$num_put@DV?$ostreambuf_iterator@DU?$char_traits@D@std@@@std@@@std@@MEBA?AV?$ostreambuf_iterator@DU?$char_traits@D@std@@@2@V32@AEAVios_base@2@DK@Z 000000014000e910 f i main.obj
 0001:0000da30       ?do_put@?$num_put@DV?$ostreambuf_iterator@DU?$char_traits@D@std@@@std@@@std@@MEBA?AV?$ostreambuf_iterator@DU?$char_traits@D@std@@@2@V32@AEAVios_base@2@DJ@Z 000000014000ea30 f i main.obj
 0001:0000db50       ?do_put@?$num_put@DV?$ostreambuf_iterator@DU?$char_traits@D@std@@@std@@@std@@MEBA?AV?$ostreambuf_iterator@DU?$char_traits@D@std@@@2@V32@AEAVios_base@2@D_N@Z 000000014000eb50 f i main.obj
 0001:0000de30       ?_Tidy@?$vector@V?$basic_string@DU?$char_traits@D@std@@V?$allocator@D@2@@std@@V?$allocator@V?$basic_string@DU?$char_traits@D@std@@V?$allocator@D@2@@std@@@2@@std@@AEAAXXZ 000000014000ee30 f i main.obj
 0001:0000df00       ??1?$_Deque_alloc@U?$_Deque_base_types@GV?$allocator@G@std@@@std@@@std@@QEAA@XZ 000000014000ef00 f i main.obj
 0001:0000df30       ?_Tidy@?$deque@GV?$allocator@G@std@@@std@@IEAAXXZ 000000014000ef30 f i main.obj
 0001:0000e020       ?_Tidy_deallocate@?$basic_string@DU?$char_traits@D@std@@V?$allocator@D@2@@std@@QEAAXXZ 000000014000f020 f i main.obj
 0001:0000e090       ?append@?$basic_string@DU?$char_traits@D@std@@V?$allocator@D@2@@std@@QEAAAEAV12@_KD@Z 000000014000f090 f i main.obj
 0001:0000e120       ?append@?$basic_string@DU?$char_traits@D@std@@V?$allocator@D@2@@std@@QEAAAEAV12@QEBD_K@Z 000000014000f120 f i main.obj
 0001:0000e1a0       ?_Reset_back@?$basic_filebuf@DU?$char_traits@D@std@@@std@@AEAAXXZ 000000014000f1a0 f i main.obj
 0001:0000e1d0       ?_Initcvt@?$basic_filebuf@DU?$char_traits@D@std@@@std@@IEAAXPEBV?$codecvt@DDU_Mbstatet@@@2@@Z 000000014000f1d0 f i main.obj
 0001:0000e270       ?_Endwrite@?$basic_filebuf@DU?$char_traits@D@std@@@std@@IEAA_NXZ 000000014000f270 f i main.obj
 0001:0000e430       ?_Init@?$basic_filebuf@DU?$char_traits@D@std@@@std@@IEAAXPEAU_iobuf@@W4_Initfl@12@@Z 000000014000f430 f i main.obj
 0001:0000e540       ?close@?$basic_filebuf@DU?$char_traits@D@std@@@std@@QEAAPEAV12@XZ 000000014000f540 f i main.obj
 0001:0000e5b0       ?open@?$basic_filebuf@DU?$char_traits@D@std@@@std@@QEAAPEAV12@PEBDHH@Z 000000014000f5b0 f i main.obj
 0001:0000e660       ?str@?$basic_stringbuf@DU?$char_traits@D@std@@V?$allocator@D@2@@std@@QEBA?AV?$basic_string@DU?$char_traits@D@std@@V?$allocator@D@2@@2@XZ 000000014000f660 f i main.obj
 0001:0000e7a0       ??0?$basic_ostream@DU?$char_traits@D@std@@@std@@QEAA@PEAV?$basic_streambuf@DU?$char_traits@D@std@@@1@_N@Z 000000014000f7a0 f i main.obj
 0001:0000e820       ??0?$basic_istream@DU?$char_traits@D@std@@@std@@QEAA@PEAV?$basic_streambuf@DU?$char_traits@D@std@@@1@_N@Z 000000014000f820 f i main.obj
 0001:0000e8b0       ??_G?$codecvt@DDU_Mbstatet@@@std@@MEAAPEAXI@Z 000000014000f8b0 f i main.obj
 0001:0000e8b0       ??_G?$num_put@DV?$ostreambuf_iterator@DU?$char_traits@D@std@@@std@@@std@@MEAAPEAXI@Z 000000014000f8b0 f i main.obj
 0001:0000e8b0       ??_E?$codecvt@DDU_Mbstatet@@@std@@MEAAPEAXI@Z 000000014000f8b0 f i * CIL library *:* CIL module *
 0001:0000e8b0       ??_E?$num_put@DV?$ostreambuf_iterator@DU?$char_traits@D@std@@@std@@@std@@MEAAPEAXI@Z 000000014000f8b0 f i * CIL library *:* CIL module *
 0001:0000e8e0       ?do_truename@?$numpunct@D@std@@MEBA?AV?$basic_string@DU?$char_traits@D@std@@V?$allocator@D@2@@2@XZ 000000014000f8e0 f i main.obj
 0001:0000e900       ?do_falsename@?$numpunct@D@std@@MEBA?AV?$basic_string@DU?$char_traits@D@std@@V?$allocator@D@2@@2@XZ 000000014000f900 f i main.obj
 0001:0000e920       ?do_grouping@?$numpunct@D@std@@MEBA?AV?$basic_string@DU?$char_traits@D@std@@V?$allocator@D@2@@2@XZ 000000014000f920 f i main.obj
 0001:0000e940       ?do_thousands_sep@?$numpunct@D@std@@MEBADXZ 000000014000f940 f i main.obj
 0001:0000e950       ?do_decimal_point@?$numpunct@D@std@@MEBADXZ 000000014000f950 f i main.obj
 0001:0000e960       ??1_Sentry_base@?$basic_ostream@DU?$char_traits@D@std@@@std@@QEAA@XZ 000000014000f960 f i main.obj
 0001:0000e960       ??1_Sentry_base@?$basic_istream@DU?$char_traits@D@std@@@std@@QEAA@XZ 000000014000f960 f i main.obj
 0001:0000e990       ?_Iput@?$num_put@DV?$ostreambuf_iterator@DU?$char_traits@D@std@@@std@@@std@@AEBA?AV?$ostreambuf_iterator@DU?$char_traits@D@std@@@2@V32@AEAVios_base@2@DPEAD_K@Z 000000014000f990 f i main.obj
 0001:0000efc0       ?_Fput@?$num_put@DV?$ostreambuf_iterator@DU?$char_traits@D@std@@@std@@@std@@AEBA?AV?$ostreambuf_iterator@DU?$char_traits@D@std@@@2@V32@AEAVios_base@2@DPEBD_K@Z 000000014000ffc0 f i main.obj
 0001:0000f650       ?erase@?$_Tree@V?$_Tmap_traits@V?$basic_string@DU?$char_traits@D@std@@V?$allocator@D@2@@std@@GU?$less@V?$basic_string@DU?$char_traits@D@std@@V?$allocator@D@2@@std@@@2@V?$allocator@U?$pair@$$CBV?$basic_string@DU?$char_traits@D@std@@V?$allocator@D@2@@std@@G@std@@@2@$0A@@std@@@std@@QEAA?AV?$_Tree_iterator@V?$_Tree_val@U?$_Tree_simple_types@U?$pair@$$CBV?$basic_string@DU?$char_traits@D@std@@V?$allocator@D@2@@std@@G@std@@@std@@@std@@@2@V?$_Tree_const_iterator@V?$_Tree_val@U?$_Tree_simple_types@U?$pair@$$CBV?$basic_string@DU?$char_traits@D@std@@V?$allocator@D@2@@std@@G@std@@@std@@@std@@@2@0@Z 0000000140010650 f i main.obj
 0001:0000f820       ?_Xran@?$_String_val@U?$_Simple_types@D@std@@@std@@SAXXZ 0000000140010820 f i main.obj
 0001:0000f840       ?_Osfx@?$basic_ostream@DU?$char_traits@D@std@@@std@@QEAAXXZ 0000000140010840 f i main.obj
 0001:0000f8a0       ??0?$basic_streambuf@DU?$char_traits@D@std@@@std@@IEAA@XZ 00000001400108a0 f i main.obj
 0001:0000f950       ?init@?$basic_ios@DU?$char_traits@D@std@@@std@@IEAAXPEAV?$basic_streambuf@DU?$char_traits@D@std@@@2@_N@Z 0000000140010950 f i main.obj
 0001:0000fa70       ??_G?$numpunct@D@std@@MEAAPEAXI@Z 0000000140010a70 f i main.obj
 0001:0000fa70       ??_E?$numpunct@D@std@@MEAAPEAXI@Z 0000000140010a70 f i * CIL library *:* CIL module *
 0001:0000fad0       ?_Tidy@?$numpunct@D@std@@AEAAXXZ 0000000140010ad0 f i main.obj
 0001:0000fb00       ?_Buyheadnode@?$_Tree_comp_alloc@V?$_Tmap_traits@V?$basic_string@DU?$char_traits@D@std@@V?$allocator@D@2@@std@@GU?$less@V?$basic_string@DU?$char_traits@D@std@@V?$allocator@D@2@@std@@@2@V?$allocator@U?$pair@$$CBV?$basic_string@DU?$char_traits@D@std@@V?$allocator@D@2@@std@@G@std@@@2@$0A@@std@@@std@@QEAAPEAU?$_Tree_node@U?$pair@$$CBV?$basic_string@DU?$char_traits@D@std@@V?$allocator@D@2@@std@@G@std@@PEAX@2@XZ 0000000140010b00 f i main.obj
 0001:0000fb30       ?_Erase@?$_Tree@V?$_Tmap_traits@V?$basic_string@DU?$char_traits@D@std@@V?$allocator@D@2@@std@@GU?$less@V?$basic_string@DU?$char_traits@D@std@@V?$allocator@D@2@@std@@@2@V?$allocator@U?$pair@$$CBV?$basic_string@DU?$char_traits@D@std@@V?$allocator@D@2@@std@@G@std@@@2@$0A@@std@@@std@@IEAAXPEAU?$_Tree_node@U?$pair@$$CBV?$basic_string@DU?$char_traits@D@std@@V?$allocator@D@2@@std@@G@std@@PEAX@2@@Z 0000000140010b30 f i main.obj
 0001:0000fb90       ?_Extract@?$_Tree@V?$_Tmap_traits@V?$basic_string@DU?$char_traits@D@std@@V?$allocator@D@2@@std@@GU?$less@V?$basic_string@DU?$char_traits@D@std@@V?$allocator@D@2@@std@@@2@V?$allocator@U?$pair@$$CBV?$basic_string@DU?$char_traits@D@std@@V?$allocator@D@2@@std@@G@std@@@2@$0A@@std@@@std@@QEAAPEAU?$_Tree_node@U?$pair@$$CBV?$basic_string@DU?$char_traits@D@std@@V?$allocator@D@2@@std@@G@std@@PEAX@2@V?$_Tree_const_iterator@V?$_Tree_val@U?$_Tree_simple_types@U?$pair@$$CBV?$basic_string@DU?$char_traits@D@std@@V?$allocator@D@2@@std@@G@std@@@std@@@std@@@2@@Z 0000000140010b90 f i main.obj
 0001:00010050       ??$use_facet@V?$ctype@D@std@@@std@@YAAEBV?$ctype@D@0@AEBVlocale@0@@Z 0000000140011050 f i main.obj
 0001:00010200       ??$?6U?$char_traits@D@std@@@std@@YAAEAV?$basic_ostream@DU?$char_traits@D@std@@@0@AEAV10@D@Z 0000000140011200 f i main.obj
 0001:00010480       ??$?6U?$char_traits@D@std@@@std@@YAAEAV?$basic_ostream@DU?$char_traits@D@std@@@0@AEAV10@PEBD@Z 0000000140011480 f i main.obj
 0001:000106d0       ??$endl@DU?$char_traits@D@std@@@std@@YAAEAV?$basic_ostream@DU?$char_traits@D@std@@@0@AEAV10@@Z 00000001400116d0 f i main.obj
 0001:00010760       ??$?HDU?$char_traits@D@std@@V?$allocator@D@1@@std@@YA?AV?$basic_string@DU?$char_traits@D@std@@V?$allocator@D@2@@0@$$QEAV10@0@Z 0000000140011760 f i main.obj
 0001:000107e0       ??$?HDU?$char_traits@D@std@@V?$allocator@D@1@@std@@YA?AV?$basic_string@DU?$char_traits@D@std@@V?$allocator@D@2@@0@AEBV10@$$QEAV10@@Z 00000001400117e0 f i main.obj
 0001:00010830       ??$?HDU?$char_traits@D@std@@V?$allocator@D@1@@std@@YA?AV?$basic_string@DU?$char_traits@D@std@@V?$allocator@D@2@@0@AEBV10@0@Z 0000000140011830 f i main.obj
 0001:000108e0       ??$?HDU?$char_traits@D@std@@V?$allocator@D@1@@std@@YA?AV?$basic_string@DU?$char_traits@D@std@@V?$allocator@D@2@@0@$$QEAV10@QEBD@Z 00000001400118e0 f i main.obj
 0001:00010940       ??$?HDU?$char_traits@D@std@@V?$allocator@D@1@@std@@YA?AV?$basic_string@DU?$char_traits@D@std@@V?$allocator@D@2@@0@AEBV10@QEBD@Z 0000000140011940 f i main.obj
 0001:000109f0       ??$?HDU?$char_traits@D@std@@V?$allocator@D@1@@std@@YA?AV?$basic_string@DU?$char_traits@D@std@@V?$allocator@D@2@@0@$$QEAV10@D@Z 00000001400119f0 f i main.obj
 0001:00010a70       ??$?HDU?$char_traits@D@std@@V?$allocator@D@1@@std@@YA?AV?$basic_string@DU?$char_traits@D@std@@V?$allocator@D@2@@0@AEBV10@D@Z 0000000140011a70 f i main.obj
 0001:00010b40       ??$_Range_construct_or_tidy@PEBV?$basic_string@DU?$char_traits@D@std@@V?$allocator@D@2@@std@@@?$vector@V?$basic_string@DU?$char_traits@D@std@@V?$allocator@D@2@@std@@V?$allocator@V?$basic_string@DU?$char_traits@D@std@@V?$allocator@D@2@@std@@@2@@std@@AEAAXPEBV?$basic_string@DU?$char_traits@D@std@@V?$allocator@D@2@@1@0Uforward_iterator_tag@1@@Z 0000000140011b40 f i main.obj
 0001:00010c20       ??$_Construct@PEBG@?$deque@GV?$allocator@G@std@@@std@@QEAAXPEBG0@Z 0000000140011c20 f i main.obj
 0001:00010d30       ??$use_facet@V?$codecvt@DDU_Mbstatet@@@std@@@std@@YAAEBV?$codecvt@DDU_Mbstatet@@@0@AEBVlocale@0@@Z 0000000140011d30 f i main.obj
 0001:00010ec0       ??$use_facet@V?$num_put@DV?$ostreambuf_iterator@DU?$char_traits@D@std@@@std@@@std@@@std@@YAAEBV?$num_put@DV?$ostreambuf_iterator@DU?$char_traits@D@std@@@std@@@0@AEBVlocale@0@@Z 0000000140011ec0 f i main.obj
 0001:00011050       ??$use_facet@V?$numpunct@D@std@@@std@@YAAEBV?$numpunct@D@0@AEBVlocale@0@@Z 0000000140012050 f i main.obj
 0001:00011950       ??$_Destroy_range@V?$allocator@V?$basic_string@DU?$char_traits@D@std@@V?$allocator@D@2@@std@@@std@@@std@@YAXPEAV?$basic_string@DU?$char_traits@D@std@@V?$allocator@D@2@@0@0AEAV?$allocator@V?$basic_string@DU?$char_traits@D@std@@V?$allocator@D@2@@std@@@0@@Z 0000000140012950 f i main.obj
 0001:00011b60       ?_Fail@?$_Default_allocate_traits@$00@std@@SAXXZ 0000000140012b60 f i main.obj
 0001:00011b70       ?_Growmap@?$deque@GV?$allocator@G@std@@@std@@IEAAX_K@Z 0000000140012b70 f i main.obj
 0001:00011d90       ?_Xlen@?$basic_string@DU?$char_traits@D@std@@V?$allocator@D@2@@std@@SAXXZ 0000000140012d90 f i main.obj
 0001:00011db0       ?reserve@?$basic_string@DU?$char_traits@D@std@@V?$allocator@D@2@@std@@QEAAX_K@Z 0000000140012db0 f i main.obj
 0001:00011e70       ?insert@?$basic_string@DU?$char_traits@D@std@@V?$allocator@D@2@@std@@QEAAAEAV12@_KAEBV12@@Z 0000000140012e70 f i main.obj
 0001:00011f70       ?put@?$basic_ostream@DU?$char_traits@D@std@@@std@@QEAAAEAV12@D@Z 0000000140012f70 f i main.obj
 0001:000120c0       ?_Xlength@?$vector@V?$basic_string@DU?$char_traits@D@std@@V?$allocator@D@2@@std@@V?$allocator@V?$basic_string@DU?$char_traits@D@std@@V?$allocator@D@2@@std@@@2@@std@@CAXXZ 00000001400130c0 f i main.obj
 0001:000120e0       ?_Xlen@?$deque@GV?$allocator@G@std@@@std@@IEBAXXZ 00000001400130e0 f i main.obj
 0001:00012100       ?_Init@?$numpunct@D@std@@IEAAXAEBV_Locinfo@2@_N@Z 0000000140013100 f i main.obj
 0001:00012280       ??$?5DU?$char_traits@D@std@@V?$allocator@D@1@@std@@YAAEAV?$basic_istream@DU?$char_traits@D@std@@@0@$$QEAV10@AEAV?$basic_string@DU?$char_traits@D@std@@V?$allocator@D@2@@0@@Z 0000000140013280 f i main.obj
 0001:00012530       ??$_Immortalize_impl@V_Iostream_error_category@std@@@std@@YAHPEAX0PEAPEAX@Z 0000000140013530 f i main.obj
 0001:00012550       ??$getline@DU?$char_traits@D@std@@V?$allocator@D@2@@std@@YAAEAV?$basic_istream@DU?$char_traits@D@std@@@0@$$QEAV10@AEAV?$basic_string@DU?$char_traits@D@std@@V?$allocator@D@2@@0@D@Z 0000000140013550 f i main.obj
 0001:000127e0       ??$_Insert_string@DU?$char_traits@D@std@@_K@std@@YAAEAV?$basic_ostream@DU?$char_traits@D@std@@@0@AEAV10@QEBD_K@Z 00000001400137e0 f i main.obj
 0001:00012d20       ??1sentry@?$basic_istream@DU?$char_traits@D@std@@@std@@QEAA@XZ 0000000140013d20 f i main.obj
 0001:00012d50       ?_Ipfx@?$basic_istream@DU?$char_traits@D@std@@@std@@QEAA_N_N@Z 0000000140013d50 f i main.obj
 0001:00012f70       ??$_Buynode@AEBU?$pair@$$CBV?$basic_string@DU?$char_traits@D@std@@V?$allocator@D@2@@std@@G@std@@@?$_Tree_comp_alloc@V?$_Tmap_traits@V?$basic_string@DU?$char_traits@D@std@@V?$allocator@D@2@@std@@GU?$less@V?$basic_string@DU?$char_traits@D@std@@V?$allocator@D@2@@std@@@2@V?$allocator@U?$pair@$$CBV?$basic_string@DU?$char_traits@D@std@@V?$allocator@D@2@@std@@G@std@@@2@$0A@@std@@@std@@QEAAPEAU?$_Tree_node@U?$pair@$$CBV?$basic_string@DU?$char_traits@D@std@@V?$allocator@D@2@@std@@G@std@@PEAX@1@AEBU?$pair@$$CBV?$basic_string@DU?$char_traits@D@std@@V?$allocator@D@2@@std@@G@1@@Z 0000000140013f70 f i main.obj
 0001:00012fd0       ??$_Insert_hint@AEAU?$pair@$$CBV?$basic_string@DU?$char_traits@D@std@@V?$allocator@D@2@@std@@G@std@@PEAU?$_Tree_node@U?$pair@$$CBV?$basic_string@DU?$char_traits@D@std@@V?$allocator@D@2@@std@@G@std@@PEAX@2@@?$_Tree@V?$_Tmap_traits@V?$basic_string@DU?$char_traits@D@std@@V?$allocator@D@2@@std@@GU?$less@V?$basic_string@DU?$char_traits@D@std@@V?$allocator@D@2@@std@@@2@V?$allocator@U?$pair@$$CBV?$basic_string@DU?$char_traits@D@std@@V?$allocator@D@2@@std@@G@std@@@2@$0A@@std@@@std@@IEAA?AV?$_Tree_iterator@V?$_Tree_val@U?$_Tree_simple_types@U?$pair@$$CBV?$basic_string@DU?$char_traits@D@std@@V?$allocator@D@2@@std@@G@std@@@std@@@std@@@1@V?$_Tree_const_iterator@V?$_Tree_val@U?$_Tree_simple_types@U?$pair@$$CBV?$basic_string@DU?$char_traits@D@std@@V?$allocator@D@2@@std@@G@std@@@std@@@std@@@1@AEAU?$pair@$$CBV?$basic_string@DU?$char_traits@D@std@@V?$allocator@D@2@@std@@G@1@PEAU?$_Tree_node@U?$pair@$$CBV?$basic_string@DU?$char_traits@D@std@@V?$allocator@D@2@@std@@G@std@@PEAX@1@@Z 0000000140013fd0 f i main.obj
 0001:000133f0       ?_Freenode0@?$_Tree_comp_alloc@V?$_Tmap_traits@V?$basic_string@DU?$char_traits@D@std@@V?$allocator@D@2@@std@@GU?$less@V?$basic_string@DU?$char_traits@D@std@@V?$allocator@D@2@@std@@@2@V?$allocator@U?$pair@$$CBV?$basic_string@DU?$char_traits@D@std@@V?$allocator@D@2@@std@@G@std@@@2@$0A@@std@@@std@@QEAAXPEAU?$_Tree_node@U?$pair@$$CBV?$basic_string@DU?$char_traits@D@std@@V?$allocator@D@2@@std@@G@std@@PEAX@2@@Z 00000001400143f0 f i main.obj
 0001:00013400       ?_Buynode0@?$_Tree_comp_alloc@V?$_Tmap_traits@V?$basic_string@DU?$char_traits@D@std@@V?$allocator@D@2@@std@@GU?$less@V?$basic_string@DU?$char_traits@D@std@@V?$allocator@D@2@@std@@@2@V?$allocator@U?$pair@$$CBV?$basic_string@DU?$char_traits@D@std@@V?$allocator@D@2@@std@@G@std@@@2@$0A@@std@@@std@@QEAAPEAU?$_Tree_node@U?$pair@$$CBV?$basic_string@DU?$char_traits@D@std@@V?$allocator@D@2@@std@@G@std@@PEAX@2@XZ 0000000140014400 f i main.obj
 0001:00013440       ?_Destroy_if_node@?$_Tree@V?$_Tmap_traits@V?$basic_string@DU?$char_traits@D@std@@V?$allocator@D@2@@std@@GU?$less@V?$basic_string@DU?$char_traits@D@std@@V?$allocator@D@2@@std@@@2@V?$allocator@U?$pair@$$CBV?$basic_string@DU?$char_traits@D@std@@V?$allocator@D@2@@std@@G@std@@@2@$0A@@std@@@std@@IEAAXPEAU?$_Tree_node@U?$pair@$$CBV?$basic_string@DU?$char_traits@D@std@@V?$allocator@D@2@@std@@G@std@@PEAX@2@@Z 0000000140014440 f i main.obj
 0001:00013470       ??$_Uninitialized_copy_al_unchecked@PEBV?$basic_string@DU?$char_traits@D@std@@V?$allocator@D@2@@std@@PEAV12@V?$allocator@V?$basic_string@DU?$char_traits@D@std@@V?$allocator@D@2@@std@@@2@@std@@YAPEAV?$basic_string@DU?$char_traits@D@std@@V?$allocator@D@2@@0@PEBV10@0PEAV10@AEAV?$allocator@V?$basic_string@DU?$char_traits@D@std@@V?$allocator@D@2@@std@@@0@U_General_ptr_iterator_tag@0@U_Unused_parameter@0@@Z 0000000140014470 f i main.obj
 0001:000134d0       ??$_Insert_at@AEAU?$pair@$$CBV?$basic_string@DU?$char_traits@D@std@@V?$allocator@D@2@@std@@G@std@@PEAU?$_Tree_node@U?$pair@$$CBV?$basic_string@DU?$char_traits@D@std@@V?$allocator@D@2@@std@@G@std@@PEAX@2@@?$_Tree@V?$_Tmap_traits@V?$basic_string@DU?$char_traits@D@std@@V?$allocator@D@2@@std@@GU?$less@V?$basic_string@DU?$char_traits@D@std@@V?$allocator@D@2@@std@@@2@V?$allocator@U?$pair@$$CBV?$basic_string@DU?$char_traits@D@std@@V?$allocator@D@2@@std@@G@std@@@2@$0A@@std@@@std@@IEAA?AV?$_Tree_iterator@V?$_Tree_val@U?$_Tree_simple_types@U?$pair@$$CBV?$basic_string@DU?$char_traits@D@std@@V?$allocator@D@2@@std@@G@std@@@std@@@std@@@1@_NPEAU?$_Tree_node@U?$pair@$$CBV?$basic_string@DU?$char_traits@D@std@@V?$allocator@D@2@@std@@G@std@@PEAX@1@AEAU?$pair@$$CBV?$basic_string@DU?$char_traits@D@std@@V?$allocator@D@2@@std@@G@1@1@Z 00000001400144d0 f i main.obj
 0001:000137b0       ??$_Insert_nohint@AEAU?$pair@$$CBV?$basic_string@DU?$char_traits@D@std@@V?$allocator@D@2@@std@@G@std@@PEAU?$_Tree_node@U?$pair@$$CBV?$basic_string@DU?$char_traits@D@std@@V?$allocator@D@2@@std@@G@std@@PEAX@2@@?$_Tree@V?$_Tmap_traits@V?$basic_string@DU?$char_traits@D@std@@V?$allocator@D@2@@std@@GU?$less@V?$basic_string@DU?$char_traits@D@std@@V?$allocator@D@2@@std@@@2@V?$allocator@U?$pair@$$CBV?$basic_string@DU?$char_traits@D@std@@V?$allocator@D@2@@std@@G@std@@@2@$0A@@std@@@std@@IEAA?AU?$pair@V?$_Tree_iterator@V?$_Tree_val@U?$_Tree_simple_types@U?$pair@$$CBV?$basic_string@DU?$char_traits@D@std@@V?$allocator@D@2@@std@@G@std@@@std@@@std@@@std@@_N@1@_NAEAU?$pair@$$CBV?$basic_string@DU?$char_traits@D@std@@V?$allocator@D@2@@std@@G@1@PEAU?$_Tree_node@U?$pair@$$CBV?$basic_string@DU?$char_traits@D@std@@V?$allocator@D@2@@std@@G@std@@PEAX@1@@Z 00000001400147b0 f i main.obj
 0001:000139d8       ??_E?$basic_ostream@DU?$char_traits@D@std@@@std@@$4PPPPPPPM@A@EAAPEAXI@Z 00000001400149d8 f i main.obj
 0001:000139e4       ??_E?$basic_stringstream@DU?$char_traits@D@std@@V?$allocator@D@2@@std@@$4PPPPPPPM@A@EAAPEAXI@Z 00000001400149e4 f i main.obj
 0001:000139f0       ??_E?$basic_ifstream@DU?$char_traits@D@std@@@std@@$4PPPPPPPM@A@EAAPEAXI@Z 00000001400149f0 f i main.obj
 0001:000139fc       ??_E?$basic_istream@DU?$char_traits@D@std@@@std@@$4PPPPPPPM@A@EAAPEAXI@Z 00000001400149fc f i main.obj
 0001:00013a08       ??_E?$basic_ofstream@DU?$char_traits@D@std@@@std@@$4PPPPPPPM@A@EAAPEAXI@Z 0000000140014a08 f i main.obj
 0001:00013a14       ??_E?$basic_iostream@DU?$char_traits@D@std@@@std@@$4PPPPPPPM@A@EAAPEAXI@Z 0000000140014a14 f i main.obj
 0001:00013a20       ??_E?$basic_fstream@DU?$char_traits@D@std@@@std@@$4PPPPPPPM@A@EAAPEAXI@Z 0000000140014a20 f i main.obj
 0001:00013a2c       ??0_Init_locks@std@@QEAA@XZ 0000000140014a2c f   libcpmt:xlock.obj
 0001:00013a78       ??0_Lockit@std@@QEAA@H@Z   0000000140014a78 f   libcpmt:xlock.obj
 0001:00013ab4       ??1_Init_locks@std@@QEAA@XZ 0000000140014ab4 f   libcpmt:xlock.obj
 0001:00013af8       ??1_Lockit@std@@QEAA@XZ    0000000140014af8 f   libcpmt:xlock.obj
 0001:00013b2c       ?_Execute_once@std@@YAHAEAUonce_flag@1@P6AHPEAX1PEAPEAX@Z1@Z 0000000140014b2c f   libcpmt:xonce.obj
 0001:00013b34       ?uncaught_exceptions@std@@YAHXZ 0000000140014b34 f   libcpmt:uncaught.obj
 0001:00013b3c       ??0_Init_cout@std@@QEAA@XZ 0000000140014b3c f i libcpmt:cout.obj
 0001:00013ba8       ??4?$_Yarn@D@std@@QEAAAEAV01@PEBD@Z 0000000140014ba8 f i libcpmt:locale0.obj
 0001:00013c20       ??_G_Fac_node@std@@QEAAPEAXI@Z 0000000140014c20 f i libcpmt:locale0.obj
 0001:00013cac       ??_G_Locimp@locale@std@@MEAAPEAXI@Z 0000000140014cac f i libcpmt:locale0.obj
 0001:00013cac       ??_E_Locimp@locale@std@@MEAAPEAXI@Z 0000000140014cac f i libcpmt:locale0.obj
 0001:00013d18       ?_Facet_Register@std@@YAXPEAV_Facet_base@1@@Z 0000000140014d18 f   libcpmt:locale0.obj
 0001:00013d50       ?_Getgloballocale@locale@std@@CAPEAV_Locimp@12@XZ 0000000140014d50 f   libcpmt:locale0.obj
 0001:00013d58       ?_Init@locale@std@@CAPEAV_Locimp@12@_N@Z 0000000140014d58 f   libcpmt:locale0.obj
 0001:00013e30       ?_Locimp_dtor@_Locimp@locale@std@@CAXPEAV123@@Z 0000000140014e30 f   libcpmt:locale0.obj
 0001:00013ed8       ?_Locinfo_ctor@_Locinfo@std@@SAXPEAV12@PEBD@Z 0000000140014ed8 f   libcpmt:locale0.obj
 0001:00013f44       ?_Locinfo_dtor@_Locinfo@std@@SAXPEAV12@@Z 0000000140014f44 f   libcpmt:locale0.obj
 0001:00013f60       ?_New_Locimp@_Locimp@locale@std@@CAPEAV123@_N@Z 0000000140014f60 f   libcpmt:locale0.obj
 0001:00013fd0       _Deletegloballocale        0000000140014fd0 f   libcpmt:locale0.obj
 0001:00014058       ??0bad_alloc@std@@QEAA@AEBV01@@Z 0000000140015058 f i libcpmt:xthrow.obj
 0001:00014098       ??0bad_alloc@std@@QEAA@XZ  0000000140015098 f i libcpmt:xthrow.obj
 0001:000140b8       ??0length_error@std@@QEAA@AEBV01@@Z 00000001400150b8 f i libcpmt:xthrow.obj
 0001:000140f8       ??0length_error@std@@QEAA@PEBD@Z 00000001400150f8 f i libcpmt:xthrow.obj
 0001:00014144       ??0logic_error@std@@QEAA@AEBV01@@Z 0000000140015144 f i libcpmt:xthrow.obj
 0001:00014184       ??0out_of_range@std@@QEAA@AEBV01@@Z 0000000140015184 f i libcpmt:xthrow.obj
 0001:000141c4       ??0out_of_range@std@@QEAA@PEBD@Z 00000001400151c4 f i libcpmt:xthrow.obj
 0001:00014210       ?_Xlength_error@std@@YAXPEBD@Z 0000000140015210 f   libcpmt:xthrow.obj
 0001:00014234       ?_Xout_of_range@std@@YAXPEBD@Z 0000000140015234 f   libcpmt:xthrow.obj
 0001:00014258       ?_Addstd@ios_base@std@@SAXPEAV12@@Z 0000000140015258 f   libcpmt:ios.obj
 0001:000142d0       ?_Ios_base_dtor@ios_base@std@@CAXPEAV12@@Z 00000001400152d0 f   libcpmt:ios.obj
 0001:00014314       ?_Tidy@ios_base@std@@AEAAXXZ 0000000140015314 f i libcpmt:ios.obj
 0001:000143a4       ??$_Xfiopen@D@std@@YAPEAU_iobuf@@PEBDHH@Z 00000001400153a4 f i libcpmt:fiopen.obj
 0001:000144ac       ?_Fiopen@std@@YAPEAU_iobuf@@PEBDHH@Z 00000001400154ac f   libcpmt:fiopen.obj
 0001:000144b4       ?_Random_device@std@@YAIXZ 00000001400154b4 f   libcpmt:xrngdev.obj
 0001:000144dc       ?_Syserror_map@std@@YAPEBDH@Z 00000001400154dc f   libcpmt:syserror.obj
 0001:00014504       _Getctype                  0000000140015504 f   libcpmt:_tolower.obj
 0001:000145cc       _Tolower                   00000001400155cc f   libcpmt:_tolower.obj
 0001:000146fc       _Getcvt                    00000001400156fc f   libcpmt:xwctomb.obj
 0001:00014788       _Toupper                   0000000140015788 f   libcpmt:_toupper.obj
 0001:000148c8       _Mtxdst                    00000001400158c8 f   libcpmt:xmtx.obj
 0001:000148d0       _Mtxinit                   00000001400158d0 f   libcpmt:xmtx.obj
 0001:000148e0       _Mtxlock                   00000001400158e0 f   libcpmt:xmtx.obj
 0001:000148e8       _Mtxunlock                 00000001400158e8 f   libcpmt:xmtx.obj
 0001:00014dc0       __crtInitOnceExecuteOnce   0000000140015dc0 f   libcpmt:winapisupp.obj
 0001:00014e9c       __crtInitializeCriticalSectionEx 0000000140015e9c f   libcpmt:winapisupp.obj
 0001:00014efc       ?_Atexit@@YAXP6AXXZ@Z      0000000140015efc f   libcpmt:iosptrs.obj
 0001:00014f3c       __crtLCMapStringA          0000000140015f3c f   libcpmt:StlLCMapStringA.obj
 0001:000151f0       GetTableIndexFromLocaleName 00000001400161f0 f   libcpmt:winapinls.obj
 0001:00015280       __crtDownlevelLocaleNameToLCID 0000000140016280 f   libcpmt:winapinls.obj
 0001:000152b4       __crtLCMapStringEx         00000001400162b4 f   libcpmt:winapinls.obj
 0001:00015370       __wcsnicmp_ascii           0000000140016370 f   libcpmt:winapinls.obj
 0001:000153f0       __security_check_cookie    00000001400163f0 f   LIBCMT:_amdsecgs_.obj
 0001:00015414       ??2@YAPEAX_K@Z             0000000140016414 f   LIBCMT:new_scalar.obj
 0001:00015450       ??_M@YAXPEAX_K1P6AX0@Z@Z   0000000140016450 f   LIBCMT:ehvecdtr.obj
 0001:000154bc       ?__ArrayUnwind@@YAXPEAX_K1P6AX0@Z@Z 00000001400164bc f   LIBCMT:ehvecdtr.obj
 0001:00015520       __scrt_acquire_startup_lock 0000000140016520 f   LIBCMT:utility.obj
 0001:0001555c       __scrt_initialize_crt      000000014001655c f   LIBCMT:utility.obj
 0001:000155a8       __scrt_initialize_onexit_tables 00000001400165a8 f   LIBCMT:utility.obj
 0001:00015688       __scrt_is_nonwritable_in_current_image 0000000140016688 f   LIBCMT:utility.obj
 0001:00015724       __scrt_release_startup_lock 0000000140016724 f   LIBCMT:utility.obj
 0001:00015748       __scrt_uninitialize_crt    0000000140016748 f   LIBCMT:utility.obj
 0001:00015774       _onexit                    0000000140016774 f   LIBCMT:utility.obj
 0001:000157c4       atexit                     00000001400167c4 f   LIBCMT:utility.obj
 0001:000157dc       ??_V@YAXPEAX@Z             00000001400167dc f   LIBCMT:delete_array.obj
 0001:000157dc       ??3@YAXPEAX_K@Z            00000001400167dc f   LIBCMT:delete_scalar_size.obj
 0001:000157e4       ??_Gtype_info@@UEAAPEAXI@Z 00000001400167e4 f i LIBCMT:std_type_info_static.obj
 0001:000157e4       ??_Etype_info@@UEAAPEAXI@Z 00000001400167e4 f i LIBCMT:std_type_info_static.obj
 0001:00015a78       mainCRTStartup             0000000140016a78 f   LIBCMT:exe_main.obj
 0001:00015a8c       __GSHandlerCheck           0000000140016a8c f   LIBCMT:_gshandler_.obj
 0001:00015aac       __GSHandlerCheckCommon     0000000140016aac f   LIBCMT:_gshandler_.obj
 0001:00015b08       __GSHandlerCheck_EH        0000000140016b08 f   LIBCMT:gshandlereh.obj
 0001:00015b88       _guard_check_icall         0000000140016b88 f i LIBCMT:checkcfg.obj
 0001:00015ba0       __chkstk                   0000000140016ba0 f   LIBCMT:_chkstk_.obj
 0001:00015ba0       _alloca_probe              0000000140016ba0 f   LIBCMT:_chkstk_.obj
 0001:00015bf4       __raise_securityfailure    0000000140016bf4 f   LIBCMT:gs_report.obj
 0001:00015c28       __report_gsfailure         0000000140016c28 f   LIBCMT:gs_report.obj
 0001:00015cfc       __report_rangecheckfailure 0000000140016cfc f   LIBCMT:gs_report.obj
 0001:00015d10       __report_securityfailure   0000000140016d10 f   LIBCMT:gs_report.obj
 0001:00015e90       ??3@YAXPEAX@Z              0000000140016e90 f   LIBCMT:delete_scalar.obj
 0001:00015e98       ??0bad_array_new_length@std@@QEAA@AEBV01@@Z 0000000140016e98 f i LIBCMT:throw_bad_alloc.obj
 0001:00015ed8       ??0bad_array_new_length@std@@QEAA@XZ 0000000140016ed8 f i LIBCMT:throw_bad_alloc.obj
 0001:00015ef8       ?_Xbad_alloc@std@@YAXXZ    0000000140016ef8 f   libcpmt:xthrow.obj
 0001:00015ef8       ?__scrt_throw_std_bad_alloc@@YAXXZ 0000000140016ef8 f   LIBCMT:throw_bad_alloc.obj
 0001:00015f18       ?__scrt_throw_std_bad_array_new_length@@YAXXZ 0000000140016f18 f   LIBCMT:throw_bad_alloc.obj
 0001:00015f38       __isa_available_init       0000000140016f38 f   LIBCMT:_cpu_disp_.obj
 0001:000160f4       __scrt_is_ucrt_dll_in_use  00000001400170f4 f   LIBCMT:ucrt_detection.obj
 0001:00016100       __crt_debugger_hook        0000000140017100 f   LIBCMT:utility_desktop.obj
 0001:00016108       __scrt_fastfail            0000000140017108 f   LIBCMT:utility_desktop.obj
 0001:00016254       __scrt_is_managed_app      0000000140017254 f   LIBCMT:utility_desktop.obj
 0001:000162a8       __scrt_set_unhandled_exception_filter 00000001400172a8 f   LIBCMT:utility_desktop.obj
 0001:000162b8       __scrt_unhandled_exception_filter 00000001400172b8 f   LIBCMT:utility_desktop.obj
 0001:000162f0       __security_init_cookie     00000001400172f0 f   LIBCMT:gs_support.obj
 0001:000163a0       _get_startup_file_mode     00000001400173a0 f   LIBCMT:file_mode.obj
 0001:000163a8       ?__scrt_initialize_type_info@@YAXXZ 00000001400173a8 f   LIBCMT:tncleanup.obj
 0001:000163b8       __local_stdio_scanf_options 00000001400173b8 f i LIBCMT:default_local_stdio_options.obj
 0001:000163c0       __scrt_initialize_default_local_stdio_options 00000001400173c0 f   LIBCMT:default_local_stdio_options.obj
 0001:000163dc       __scrt_is_user_matherr_present 00000001400173dc f   LIBCMT:matherr_detection.obj
 0001:000163e8       __scrt_get_dyn_tls_init_callback 00000001400173e8 f   LIBCMT:dyn_tls_init.obj
 0001:000163f0       __scrt_get_dyn_tls_dtor_callback 00000001400173f0 f   LIBCMT:dyn_tls_dtor.obj
 0001:000163f8       _RTC_Initialize            00000001400173f8 f   LIBCMT:_initsect_.obj
 0001:00016444       _RTC_Terminate             0000000140017444 f   LIBCMT:_initsect_.obj
 0001:00016490       ?_ExecutionInCatch@@YAHPEAU_xDISPATCHER_CONTEXT@@PEBU_s_FuncInfo@@@Z 0000000140017490 f   libvcruntime:risctrnsctrl.obj
 0001:00016504       ?_GetEstablisherFrame@@YAPEA_KPEA_KPEAU_xDISPATCHER_CONTEXT@@PEBU_s_FuncInfo@@0@Z 0000000140017504 f   libvcruntime:risctrnsctrl.obj
 0001:000165d0       ?_GetRangeOfTrysToCheck@@YAPEBU_s_TryBlockMapEntry@@PEA_KPEBU_s_FuncInfo@@HHPEAI2PEAU_xDISPATCHER_CONTEXT@@@Z 00000001400175d0 f   libvcruntime:risctrnsctrl.obj
 0001:000166fc       ?__FrameUnwindToEmptyState@@YAXPEA_KPEAU_xDISPATCHER_CONTEXT@@PEBU_s_FuncInfo@@@Z 00000001400176fc f   libvcruntime:risctrnsctrl.obj
 0001:00016790       _CallSETranslator          0000000140017790 f   libvcruntime:risctrnsctrl.obj
 0001:000167e8       _CreateFrameInfo           00000001400177e8 f   libvcruntime:risctrnsctrl.obj
 0001:00016824       _FindAndUnlinkFrame        0000000140017824 f   libvcruntime:risctrnsctrl.obj
 0001:00016880       _GetImageBase              0000000140017880 f   libvcruntime:risctrnsctrl.obj
 0001:00016894       _GetThrowImageBase         0000000140017894 f   libvcruntime:risctrnsctrl.obj
 0001:000168a8       _SetImageBase              00000001400178a8 f   libvcruntime:risctrnsctrl.obj
 0001:000168c0       _SetThrowImageBase         00000001400178c0 f   libvcruntime:risctrnsctrl.obj
 0001:000168d8       _UnwindNestedFrames        00000001400178d8 f   libvcruntime:risctrnsctrl.obj
 0001:000169fc       __CxxFrameHandler3         00000001400179fc f   libvcruntime:risctrnsctrl.obj
 0001:00016a7c       __std_exception_copy       0000000140017a7c f   libvcruntime:std_exception.obj
 0001:00016b0c       __std_exception_destroy    0000000140017b0c f   libvcruntime:std_exception.obj
 0001:00016b50       memcpy                     0000000140017b50 f   libvcruntime:memcpy.obj
 0001:00016b50       memmove                    0000000140017b50 f   libvcruntime:memcpy.obj
 0001:00016f98       _purecall                  0000000140017f98 f   libvcruntime:purevirt.obj
 0001:00016fe0       memchr                     0000000140017fe0 f   libvcruntime:memchr.obj
 0001:00017050       __DestructExceptionObject  0000000140018050 f   libvcruntime:ehhelpers.obj
 0001:000170d4       ?_CallMemberFunction0@@YAXQEAX0@Z 00000001400180d4 f i libvcruntime:ehhelpers.obj
 0001:000170d8       _IsExceptionObjectToBeDestroyed 00000001400180d8 f   libvcruntime:ehhelpers.obj
 0001:00017108       __AdjustPointer            0000000140018108 f   libvcruntime:ehhelpers.obj
 0001:0001712c       __FrameUnwindFilter        000000014001812c f   libvcruntime:ehhelpers.obj
 0001:00017178       __std_terminate            0000000140018178 f   libvcruntime:ehhelpers.obj
 0001:00017184       __uncaught_exceptions      0000000140018184 f   libvcruntime:ehhelpers.obj
 0001:000171a0       _CxxThrowException         00000001400181a0 f   libvcruntime:throw.obj
 0001:00017290       memset                     0000000140018290 f   libvcruntime:memset.obj
 0001:00017450       memcmp                     0000000140018450 f   libvcruntime:memcmp.obj
 0001:00017518       __C_specific_handler       0000000140018518 f   libvcruntime:_riscchandler_.obj
 0001:00017724       __vcrt_initialize          0000000140018724 f   libvcruntime:initialization.obj
 0001:00017758       __vcrt_uninitialize        0000000140018758 f   libvcruntime:initialization.obj
 0001:00017778       __std_type_info_compare    0000000140018778 f   libvcruntime:std_type_info.obj
 0001:000177a0       __vcrt_freefls             00000001400187a0 f   libvcruntime:per_thread_data.obj
 0001:000177c0       __vcrt_getptd              00000001400187c0 f   libvcruntime:per_thread_data.obj
 0001:000177dc       __vcrt_getptd_noexit       00000001400187dc f   libvcruntime:per_thread_data.obj
 0001:00017894       __vcrt_getptd_noinit       0000000140018894 f   libvcruntime:per_thread_data.obj
 0001:000178e4       __vcrt_initialize_ptd      00000001400188e4 f   libvcruntime:per_thread_data.obj
 0001:00017938       __vcrt_uninitialize_ptd    0000000140018938 f   libvcruntime:per_thread_data.obj
 0001:0001795c       ?__GetCurrentState@@YAHPEA_KPEAU_xDISPATCHER_CONTEXT@@PEBU_s_FuncInfo@@@Z 000000014001895c f   libvcruntime:riscehstate.obj
 0001:00017984       ?__GetUnwindTryBlock@@YAHPEA_KPEAU_xDISPATCHER_CONTEXT@@PEBU_s_FuncInfo@@@Z 0000000140018984 f   libvcruntime:riscehstate.obj
 0001:000179b0       ?__SetState@@YAXPEA_KPEAU_xDISPATCHER_CONTEXT@@PEBU_s_FuncInfo@@H@Z 00000001400189b0 f   libvcruntime:riscehstate.obj
 0001:000179bc       ?__SetUnwindTryBlock@@YAXPEA_KPEAU_xDISPATCHER_CONTEXT@@PEBU_s_FuncInfo@@H@Z 00000001400189bc f   libvcruntime:riscehstate.obj
 0001:000179f8       ?__StateFromControlPc@@YAHPEBU_s_FuncInfo@@PEAU_xDISPATCHER_CONTEXT@@@Z 00000001400189f8 f   libvcruntime:riscehstate.obj
 0001:00017a00       ?__StateFromIp@@YAHPEBU_s_FuncInfo@@PEAU_xDISPATCHER_CONTEXT@@_K@Z 0000000140018a00 f   libvcruntime:riscehstate.obj
 0001:00017a6c       ??0bad_exception@std@@QEAA@AEBV01@@Z 0000000140018a6c f i libvcruntime:frame.obj
 0001:00017aac       ??0bad_exception@std@@QEAA@XZ 0000000140018aac f i libvcruntime:frame.obj
 0001:00018414       ?_CallMemberFunction1@@YAXQEAX00@Z 0000000140019414 f i libvcruntime:frame.obj
 0001:00018420       ?_CallMemberFunction2@@YAXQEAX00H@Z 0000000140019420 f i libvcruntime:frame.obj
 0001:00018430       __BuildCatchObject         0000000140019430 f   libvcruntime:frame.obj
 0001:000184f4       __BuildCatchObjectHelper   00000001400194f4 f   libvcruntime:frame.obj
 0001:000186f8       __CxxCallCatchBlock        00000001400196f8 f   libvcruntime:frame.obj
 0001:000188e4       __FrameUnwindToState       00000001400198e4 f   libvcruntime:frame.obj
 0001:00018a78       __InternalCxxFrameHandler  0000000140019a78 f   libvcruntime:frame.obj
 0001:00018cc8       __TypeMatch                0000000140019cc8 f   libvcruntime:frame.obj
 0001:00018e0c       __vcrt_initialize_pure_virtual_call_handler 0000000140019e0c f   libvcruntime:purevirt_data.obj
 0001:00018e40       _local_unwind              0000000140019e40 f   libvcruntime:_jmpuwind_.obj
 0001:00018e70       _NLG_Notify                0000000140019e70 f   libvcruntime:_jmpuwind_.obj
 0001:00018e90       __NLG_Dispatch2            0000000140019e90 f   libvcruntime:_jmpuwind_.obj
 0001:00018ea0       __NLG_Return2              0000000140019ea0 f   libvcruntime:_jmpuwind_.obj
 0001:00018ea4       __except_validate_context_record 0000000140019ea4 f   libvcruntime:jbcxrval.obj
 0001:00018edc       __vcrt_initialize_locks    0000000140019edc f   libvcruntime:locks.obj
 0001:00018f24       __vcrt_uninitialize_locks  0000000140019f24 f   libvcruntime:locks.obj
 0001:00019134       __vcrt_FlsAlloc            000000014001a134 f   libvcruntime:winapi_downlevel.obj
 0001:00019188       __vcrt_FlsFree             000000014001a188 f   libvcruntime:winapi_downlevel.obj
 0001:000191dc       __vcrt_FlsGetValue         000000014001a1dc f   libvcruntime:winapi_downlevel.obj
 0001:00019230       __vcrt_FlsSetValue         000000014001a230 f   libvcruntime:winapi_downlevel.obj
 0001:00019298       __vcrt_InitializeCriticalSectionEx 000000014001a298 f   libvcruntime:winapi_downlevel.obj
 0001:00019310       __vcrt_initialize_winapi_thunks 000000014001a310 f   libvcruntime:winapi_downlevel.obj
 0001:00019354       __vcrt_uninitialize_winapi_thunks 000000014001a354 f   libvcruntime:winapi_downlevel.obj
 0001:000193b0       _CallSettingFrame          000000014001a3b0 f   libvcruntime:handlers.obj
 0001:000196f8       setlocale                  000000014001a6f8 f   libucrt:setlocale.obj
 0001:00019744       fputc                      000000014001a744 f   libucrt:fputc.obj
 0001:0001985c       calloc                     000000014001a85c f   libucrt:calloc.obj
 0001:00019864       rand                       000000014001a864 f   libucrt:rand.obj
 0001:00019890       srand                      000000014001a890 f   libucrt:rand.obj
 0001:00019acc       __acrt_stdio_flush_nolock  000000014001aacc f   libucrt:fflush.obj
 0001:00019b48       _fflush_nolock             000000014001ab48 f   libucrt:fflush.obj
 0001:00019b94       _flushall                  000000014001ab94 f   libucrt:fflush.obj
 0001:00019b9c       fflush                     000000014001ab9c f   libucrt:fflush.obj
 0001:00019c04       _fclose_nolock             000000014001ac04 f   libucrt:fclose.obj
 0001:00019c88       fclose                     000000014001ac88 f   libucrt:fclose.obj
 0001:00019cec       remove                     000000014001acec f   libucrt:unlink.obj
 0001:00019d38       strcspn                    000000014001ad38 f   libucrt:strcspn.obj
 0001:00019fa4       ??$ensure_buffer_is_big_enough@D@formatting_buffer@__crt_stdio_output@@QEAA_N_K@Z 000000014001afa4 f i libucrt:output.obj
 0001:0001a050       ??$is_wide_character_specifier@D@__crt_stdio_output@@YA_N_KDW4length_modifier@0@@Z 000000014001b050 f i libucrt:output.obj
 0001:0001a080       ??$type_case_integer_parse_into_buffer@I@?$output_processor@DV?$string_output_adapter@D@__crt_stdio_output@@V?$format_validation_base@DV?$string_output_adapter@D@__crt_stdio_output@@@2@@__crt_stdio_output@@AEAAXII_N@Z 000000014001b080 f i libucrt:output.obj
 0001:0001a11c       ??$type_case_integer_parse_into_buffer@_K@?$output_processor@DV?$string_output_adapter@D@__crt_stdio_output@@V?$format_validation_base@DV?$string_output_adapter@D@__crt_stdio_output@@@2@@__crt_stdio_output@@AEAAX_KI_N@Z 000000014001b11c f i libucrt:output.obj
 0001:0001a1b8       ??$write_multiple_characters@V?$string_output_adapter@D@__crt_stdio_output@@D@__crt_stdio_output@@YAXAEBV?$string_output_adapter@D@0@DHQEAH@Z 000000014001b1b8 f i libucrt:output.obj
 0001:0001a214       ??0_LocaleUpdate@@QEAA@QEAU__crt_locale_pointers@@@Z 000000014001b214 f i libucrt:output.obj
 0001:0001a2a4       ?force_decimal_point@__crt_stdio_output@@YAXPEADQEAU__crt_locale_pointers@@@Z 000000014001b2a4 f i libucrt:output.obj
 0001:0001a314       ?parse_int_from_format_string@?$output_processor@DV?$string_output_adapter@D@__crt_stdio_output@@V?$format_validation_base@DV?$string_output_adapter@D@__crt_stdio_output@@@2@@__crt_stdio_output@@AEAA_NQEAH@Z 000000014001b314 f i libucrt:output.obj
 0001:0001a3b8       ?process@?$output_processor@DV?$string_output_adapter@D@__crt_stdio_output@@V?$format_validation_base@DV?$string_output_adapter@D@__crt_stdio_output@@@2@@__crt_stdio_output@@QEAAHXZ 000000014001b3b8 f i libucrt:output.obj
 0001:0001a5d0       ?state_case_normal@?$output_processor@DV?$string_output_adapter@D@__crt_stdio_output@@V?$format_validation_base@DV?$string_output_adapter@D@__crt_stdio_output@@@2@@__crt_stdio_output@@AEAA_NXZ 000000014001b5d0 f i libucrt:output.obj
 0001:0001a644       ?state_case_normal_tchar@?$output_processor@DV?$string_output_adapter@D@__crt_stdio_output@@V?$format_validation_base@DV?$string_output_adapter@D@__crt_stdio_output@@@2@@__crt_stdio_output@@AEAA_ND@Z 000000014001b644 f i libucrt:output.obj
 0001:0001a6dc       ?state_case_size@?$output_processor@DV?$string_output_adapter@D@__crt_stdio_output@@V?$format_validation_base@DV?$string_output_adapter@D@__crt_stdio_output@@@2@@__crt_stdio_output@@AEAA_NXZ 000000014001b6dc f i libucrt:output.obj
 0001:0001a858       ?state_case_type@?$output_processor@DV?$string_output_adapter@D@__crt_stdio_output@@V?$format_validation_base@DV?$string_output_adapter@D@__crt_stdio_output@@@2@@__crt_stdio_output@@AEAA_NXZ 000000014001b858 f i libucrt:output.obj
 0001:0001aad0       ?type_case_Z@?$output_processor@DV?$string_output_adapter@D@__crt_stdio_output@@V?$format_validation_base@DV?$string_output_adapter@D@__crt_stdio_output@@@2@@__crt_stdio_output@@AEAA_NXZ 000000014001bad0 f i libucrt:output.obj
 0001:0001ab50       ?type_case_a@?$output_processor@DV?$string_output_adapter@D@__crt_stdio_output@@V?$format_validation_base@DV?$string_output_adapter@D@__crt_stdio_output@@@2@@__crt_stdio_output@@AEAA_NXZ 000000014001bb50 f i libucrt:output.obj
 0001:0001ad74       ?type_case_c_tchar@?$output_processor@DV?$string_output_adapter@D@__crt_stdio_output@@V?$format_validation_base@DV?$string_output_adapter@D@__crt_stdio_output@@@2@@__crt_stdio_output@@AEAA_ND@Z 000000014001bd74 f i libucrt:output.obj
 0001:0001ae28       ?type_case_integer@?$output_processor@DV?$string_output_adapter@D@__crt_stdio_output@@V?$format_validation_base@DV?$string_output_adapter@D@__crt_stdio_output@@@2@@__crt_stdio_output@@AEAA_NI_N@Z 000000014001be28 f i libucrt:output.obj
 0001:0001afcc       ?type_case_n@?$output_processor@DV?$string_output_adapter@D@__crt_stdio_output@@V?$format_validation_base@DV?$string_output_adapter@D@__crt_stdio_output@@@2@@__crt_stdio_output@@AEAA_NXZ 000000014001bfcc f i libucrt:output.obj
 0001:0001b0a8       ?type_case_s@?$output_processor@DV?$string_output_adapter@D@__crt_stdio_output@@V?$format_validation_base@DV?$string_output_adapter@D@__crt_stdio_output@@@2@@__crt_stdio_output@@AEAA_NXZ 000000014001c0a8 f i libucrt:output.obj
 0001:0001b138       ?write_stored_string_tchar@?$output_processor@DV?$string_output_adapter@D@__crt_stdio_output@@V?$format_validation_base@DV?$string_output_adapter@D@__crt_stdio_output@@@2@@__crt_stdio_output@@AEAA_ND@Z 000000014001c138 f i libucrt:output.obj
 0001:0001b210       ?write_string@?$string_output_adapter@D@__crt_stdio_output@@QEBAXQEBDHQEAHAEAV__crt_deferred_errno_cache@@@Z 000000014001c210 f i libucrt:output.obj
 0001:0001b2b4       __stdio_common_vsprintf_s  000000014001c2b4 f   libucrt:output.obj
 0001:0001b318       _fgetc_nolock              000000014001c318 f   libucrt:fgetc.obj
 0001:0001b35c       fgetc                      000000014001c35c f   libucrt:fgetc.obj
 0001:0001b458       __acrt_call_reportfault    000000014001c458 f   libucrt:invalid_parameter.obj
 0001:0001b5b4       __acrt_initialize_invalid_parameter_handler 000000014001c5b4 f   libucrt:invalid_parameter.obj
 0001:0001b5bc       _invalid_parameter         000000014001c5bc f   libucrt:invalid_parameter.obj
 0001:0001b66c       _invalid_parameter_noinfo  000000014001c66c f   libucrt:invalid_parameter.obj
 0001:0001b68c       _invalid_parameter_noinfo_noreturn 000000014001c68c f   libucrt:invalid_parameter.obj
 0001:0001b6bc       _invoke_watson             000000014001c6bc f   libucrt:invalid_parameter.obj
 0001:0001b704       system                     000000014001c704 f   libucrt:system.obj
 0001:0001b840       _access                    000000014001c840 f   libucrt:access.obj
 0001:0001b854       _access_s                  000000014001c854 f   libucrt:access.obj
 0001:0001b8a4       terminate                  000000014001c8a4 f   libucrt:terminate.obj
 0001:0001b8c4       __acrt_initialize_stdio    000000014001c8c4 f   libucrt:_file.obj
 0001:0001b9e4       __acrt_iob_func            000000014001c9e4 f   libucrt:_file.obj
 0001:0001b9f8       __acrt_uninitialize_stdio  000000014001c9f8 f   libucrt:_file.obj
 0001:0001ba54       _get_stream_buffer_pointers 000000014001ca54 f   libucrt:_file.obj
 0001:0001ba9c       _lock_file                 000000014001ca9c f   libucrt:_file.obj
 0001:0001baa8       _unlock_file               000000014001caa8 f   libucrt:_file.obj
 0001:0001bab4       localeconv                 000000014001cab4 f   libucrt:localeconv.obj
 0001:0001bb8c       _fwrite_nolock             000000014001cb8c f   libucrt:fwrite.obj
 0001:0001bd24       fwrite                     000000014001cd24 f   libucrt:fwrite.obj
 0001:0001bda8       __acrt_errno_from_os_error 000000014001cda8 f   libucrt:errno.obj
 0001:0001bdf0       __acrt_errno_map_os_error  000000014001cdf0 f   libucrt:errno.obj
 0001:0001be40       __doserrno                 000000014001ce40 f   libucrt:errno.obj
 0001:0001be60       _errno                     000000014001ce60 f   libucrt:errno.obj
 0001:0001be80       fgetpos                    000000014001ce80 f   libucrt:fgetpos.obj
 0001:0001bffc       setvbuf                    000000014001cffc f   libucrt:setvbuf.obj
 0001:0001c130       _time64                    000000014001d130 f   libucrt:time.obj
 0001:0001c170       free                       000000014001d170 f   libucrt:free.obj
 0001:0001c184       ??$parse_integer@KV?$c_string_character_source@D@__crt_strtox@@@__crt_strtox@@YAKQEAU__crt_locale_pointers@@V?$c_string_character_source@D@0@H_N@Z 000000014001d184 f i libucrt:atox.obj
 0001:0001c4a0       ??$parse_integer@KV?$c_string_character_source@_W@__crt_strtox@@@__crt_strtox@@YAKQEAU__crt_locale_pointers@@V?$c_string_character_source@_W@0@H_N@Z 000000014001d4a0 f i libucrt:atox.obj
 0001:0001cb64       _wtol                      000000014001db64 f   libucrt:atox.obj
 0001:0001cb90       atoi                       000000014001db90 f   libucrt:atox.obj
 0001:0001cbbc       _ungetc_nolock             000000014001dbbc f   libucrt:ungetc.obj
 0001:0001cccc       ungetc                     000000014001dccc f   libucrt:ungetc.obj
 0001:0001cd24       frexp                      000000014001dd24 f   libucrt:frexp.obj
 0001:0001ce1c       fsetpos                    000000014001de1c f   libucrt:fsetpos.obj
 0001:0001d06c       _fseeki64                  000000014001e06c f   libucrt:fseek.obj
 0001:0001d074       fseek                      000000014001e074 f   libucrt:fseek.obj
 0001:0001d07c       __acrt_initialize_locks    000000014001e07c f   libucrt:locks.obj
 0001:0001d0c4       __acrt_lock                000000014001e0c4 f   libucrt:locks.obj
 0001:0001d0e0       __acrt_uninitialize_locks  000000014001e0e0 f   libucrt:locks.obj
 0001:0001d118       __acrt_unlock              000000014001e118 f   libucrt:locks.obj
 0001:0001d134       _lock_locales              000000014001e134 f   libucrt:locks.obj
 0001:0001d150       _unlock_locales            000000014001e150 f   libucrt:locks.obj
 0001:0001d160       malloc                     000000014001e160 f   libucrt:malloc.obj
 0001:0001d220       _fsopen                    000000014001e220 f   libucrt:fopen.obj
 0001:0001d228       rand_s                     000000014001e228 f   libucrt:rand_s.obj
 0001:0001d274       _calloc_base               000000014001e274 f   libucrt:calloc_base.obj
 0001:0001d2ec       __pctype_func              000000014001e2ec f   libucrt:ctype.obj
 0001:0001d31c       isdigit                    000000014001e31c f i libucrt:_ctype.obj
 0001:0001d390       islower                    000000014001e390 f i libucrt:_ctype.obj
 0001:0001d404       isupper                    000000014001e404 f i libucrt:_ctype.obj
 0001:0001d478       _wcsdup                    000000014001e478 f   libucrt:wcsdup.obj
 0001:0001d4fc       ___lc_codepage_func        000000014001e4fc f   libucrt:initctype.obj
 0001:0001d52c       ___lc_locale_name_func     000000014001e52c f   libucrt:initctype.obj
 0001:0001d560       ___mb_cur_max_func         000000014001e560 f   libucrt:initctype.obj
 0001:0001d590       __acrt_locale_initialize_ctype 000000014001e590 f   libucrt:initctype.obj
 0001:0001dbf0       _ismbblead                 000000014001ebf0 f   libucrt:ismbbyte.obj
 0001:0001dc04       abort                      000000014001ec04 f   libucrt:abort.obj
 0001:0001dc5c       _malloc_base               000000014001ec5c f   libucrt:malloc_base.obj
 0001:0001dcbc       _realloc_base              000000014001ecbc f   libucrt:realloc_base.obj
 0001:0001dd38       ??$make_c_string_character_source@D$$T@__crt_strtox@@YA?AV?$c_string_character_source@D@0@QEBD$$T@Z 000000014001ed38 f i libucrt:atox.obj
 0001:0001dd38       ??$make_c_string_character_source@DPEAPEAD@__crt_strtox@@YA?AV?$c_string_character_source@D@0@QEBDQEAPEAD@Z 000000014001ed38 f i libucrt:strtod.obj
 0001:0001dd38       ??$make_c_string_character_source@_W$$T@__crt_strtox@@YA?AV?$c_string_character_source@_W@0@QEB_W$$T@Z 000000014001ed38 f i libucrt:atox.obj
 0001:0001dd50       ?divide@__crt_strtox@@YA_KAEAUbig_integer@1@AEBU21@@Z 000000014001ed50 f i libucrt:strtod.obj
 0001:0001e210       pow                        000000014001f210 f   libucrt:pow.obj
 0001:0001f8b0       powf                       00000001400208b0 f   libucrt:powf.obj
 0001:00020778       __strncnt                  0000000140021778 f   libucrt:strncnt.obj
 0001:00020790       _free_base                 0000000140021790 f   libucrt:free_base.obj
 0001:00020814       _tolower_l                 0000000140021814 f   libucrt:tolower_toupper.obj
 0001:00020954       tolower                    0000000140021954 f   libucrt:tolower_toupper.obj
 0001:00020980       wcscpy_s                   0000000140021980 f   libucrt:wcscpy_s.obj
 0001:000209e8       strnlen                    00000001400219e8 f   libucrt:strnlen.obj
 0001:00020b2c       wcsnlen                    0000000140021b2c f   libucrt:strnlen.obj
 0001:00020cf8       __acrt_initialize_new_handler 0000000140021cf8 f   libucrt:new_handler.obj
 0001:00020d00       _callnewh                  0000000140021d00 f   libucrt:new_handler.obj
 0001:00020d30       _query_new_handler         0000000140021d30 f   libucrt:new_handler.obj
 0001:00020d64       _seh_filter_exe            0000000140021d64 f   libucrt:exception_filter.obj
 0001:00021170       __acrt_initialize_thread_local_exit_callback 0000000140022170 f   libucrt:exit.obj
 0001:00021178       _c_exit                    0000000140022178 f   libucrt:exit.obj
 0001:00021188       _cexit                     0000000140022188 f   libucrt:exit.obj
 0001:00021198       _exit                      0000000140022198 f   libucrt:exit.obj
 0001:000211a4       _register_thread_local_exe_atexit_callback 00000001400221a4 f   libucrt:exit.obj
 0001:000211e8       exit                       00000001400221e8 f   libucrt:exit.obj
 0001:000213b0       __acrt_allocate_buffer_for_argv 00000001400223b0 f   libucrt:argv_parsing.obj
 0001:00021410       _configure_narrow_argv     0000000140022410 f   libucrt:argv_parsing.obj
 0001:00021860       __dcrt_get_or_create_narrow_environment_nolock 0000000140022860 f   libucrt:environment_initialization.obj
 0001:0002189c       __dcrt_uninitialize_environments_nolock 000000014002289c f   libucrt:environment_initialization.obj
 0001:000218d4       _get_initial_narrow_environment 00000001400228d4 f   libucrt:environment_initialization.obj
 0001:00021924       _initialize_narrow_environment 0000000140022924 f   libucrt:environment_initialization.obj
 0001:00021cb4       _crt_atexit                0000000140022cb4 f   libucrt:onexit.obj
 0001:00021cc4       _execute_onexit_table      0000000140022cc4 f   libucrt:onexit.obj
 0001:00021d00       _initialize_onexit_table   0000000140022d00 f   libucrt:onexit.obj
 0001:00021d40       _register_onexit_function  0000000140022d40 f   libucrt:onexit.obj
 0001:00021ebc       __acrt_initialize          0000000140022ebc f   libucrt:initialization.obj
 0001:00021ed0       __acrt_uninitialize        0000000140022ed0 f   libucrt:initialization.obj
 0001:00021f08       _query_app_type            0000000140022f08 f   libucrt:report_runtime_error.obj
 0001:00021f10       _set_app_type              0000000140022f10 f   libucrt:report_runtime_error.obj
 0001:00021f18       __acrt_has_user_matherr    0000000140022f18 f   libucrt:matherr.obj
 0001:00021f38       __acrt_initialize_user_matherr 0000000140022f38 f   libucrt:matherr.obj
 0001:00021f40       __acrt_invoke_user_matherr 0000000140022f40 f   libucrt:matherr.obj
 0001:00021f70       __setusermatherr           0000000140022f70 f   libucrt:matherr.obj
 0001:00021f98       _initterm                  0000000140022f98 f   libucrt:initterm.obj
 0001:00021ffc       _initterm_e                0000000140022ffc f   libucrt:initterm.obj
 0001:0002203c       _get_fmode                 000000014002303c f   libucrt:setmode.obj
 0001:0002206c       _set_fmode                 000000014002306c f   libucrt:setmode.obj
 0001:000220ac       _setmode_nolock            00000001400230ac f   libucrt:setmode.obj
 0001:000221e0       __acrt_initialize_command_line 00000001400231e0 f   libucrt:argv_data.obj
 0001:00022208       __p___argc                 0000000140023208 f   libucrt:argv_data.obj
 0001:00022210       __p___argv                 0000000140023210 f   libucrt:argv_data.obj
 0001:00022480       __acrt_copy_locale_name    0000000140023480 f   libucrt:wsetlocale.obj
 0001:00022504       __acrt_set_locale_changed  0000000140023504 f   libucrt:wsetlocale.obj
 0001:00022510       __acrt_uninitialize_locale 0000000140023510 f   libucrt:wsetlocale.obj
 0001:00022540       __lc_lctowcs               0000000140023540 f   libucrt:wsetlocale.obj
 0001:000225e4       __lc_wcstolc               00000001400235e4 f   libucrt:wsetlocale.obj
[...]
 0004:00002b50       $pdata$?dtor$0@?0???$_Uninitialized_copy_al_unchecked@PEBV?$basic_string@DU?$char_traits@D@std@@V?$allocator@D@2@@std@@PEAV12@V?$allocator@V?$basic_string@DU?$char_traits@D@std@@V?$allocator@D@2@@std@@@2@@std@@YAPEAV?$basic_string@DU?$char_traits@D@std@@V?$allocator@D@2@@0@PEBV10@0PEAV10@AEAV?$allocator@V?$basic_string@DU?$char_traits@D@std@@V?$allocator@D@2@@std@@@0@U_General_ptr_iterator_tag@0@U_Unused_parameter@0@@Z@4HA 0000000140057b50     main.obj
 0004:00002b5c       $pdata$?catch$2@?0???$_Uninitialized_copy_al_unchecked@PEBV?$basic_string@DU?$char_traits@D@std@@V?$allocator@D@2@@std@@PEAV12@V?$allocator@V?$basic_string@DU?$char_traits@D@std@@V?$allocator@D@2@@std@@@2@@std@@YAPEAV?$basic_string@DU?$char_traits@D@std@@V?$allocator@D@2@@0@PEBV10@0PEAV10@AEAV?$allocator@V?$basic_string@DU?$char_traits@D@std@@V?$allocator@D@2@@std@@@0@U_General_ptr_iterator_tag@0@U_Unused_parameter@0@@Z@4HA 0000000140057b5c     main.obj
 0004:00002b68       $pdata$?catch$87@?0???$_Insert_nohint@AEAU?$pair@$$CBV?$basic_string@DU?$char_traits@D@std@@V?$allocator@D@2@@std@@G@std@@PEAU?$_Tree_node@U?$pair@$$CBV?$basic_string@DU?$char_traits@D@std@@V?$allocator@D@2@@std@@G@std@@PEAX@2@@?$_Tree@V?$_Tmap_traits@V?$basic_string@DU?$char_traits@D@std@@V?$allocator@D@2@@std@@GU?$less@V?$basic_string@DU?$char_traits@D@std@@V?$allocator@D@2@@std@@@2@V?$allocator@U?$pair@$$CBV?$basic_string@DU?$char_traits@D@std@@V?$allocator@D@2@@std@@G@std@@@2@$0A@@std@@@std@@IEAA?AU?$pair@V?$_Tree_iterator@V?$_Tree_val@U?$_Tree_simple_types@U?$pair@$$CBV?$basic_string@DU?$char_traits@D@std@@V?$allocator@D@2@@std@@G@std@@@std@@@std@@@std@@_N@1@_NAEAU?$pair@$$CBV?$basic_string@DU?$char_traits@D@std@@V?$allocator@D@2@@std@@G@1@PEAU?$_Tree_node@U?$pair@$$CBV?$basic_string@DU?$char_traits@D@std@@V?$allocator@D@2@@std@@G@std@@PEAX@1@@Z@4HA 0000000140057b68     main.obj
 0004:00002b74       $pdata$?fin$0@?0???_M@YAXPEAX_K1P6AX0@Z@Z@4HA 0000000140057b74     LIBCMT:ehvecdtr.obj
 0004:00002b80       $pdata$?filt$0@?0??__ArrayUnwind@@YAXPEAX_K1P6AX0@Z@Z@4HA 0000000140057b80     LIBCMT:ehvecdtr.obj
 0004:00002b8c       $pdata$__scrt_is_nonwritable_in_current_image$filt$0 0000000140057b8c     LIBCMT:utility.obj
 0004:00002b98       $pdata$?filt$0@?0??__scrt_common_main_seh@@YAHXZ@4HA 0000000140057b98     LIBCMT:exe_main.obj
 0004:00002ba4       $pdata$_CallSETranslator$filt$0 0000000140057ba4     libvcruntime:risctrnsctrl.obj
 0004:00002bb0       $pdata$__DestructExceptionObject$filt$0 0000000140057bb0     libvcruntime:ehhelpers.obj
 0004:00002bbc       $pdata$__CxxCallCatchBlock$filt$0 0000000140057bbc     libvcruntime:frame.obj
 0004:00002bc8       $pdata$__CxxCallCatchBlock$fin$1 0000000140057bc8     libvcruntime:frame.obj
 0004:00002bd4       $pdata$__FrameUnwindToState$filt$0 0000000140057bd4     libvcruntime:frame.obj
 0004:00002be0       $pdata$__FrameUnwindToState$fin$1 0000000140057be0     libvcruntime:frame.obj
 0004:00002bec       $pdata$fputc$fin$0         0000000140057bec     libucrt:fputc.obj
 0004:00002bf8       $pdata$?fin$0@?0???$?RV<lambda_886d6c58226a84441f68b9f2b8217b83>@@AEAV<lambda_ab61a845afdef5b7c387490eaf3616ee>@@V<lambda_f7f22ab5edc0698d5f6905b0d3f44752>@@@?$__crt_seh_guarded_call@X@@QEAAX$$QEAV<lambda_886d6c58226a84441f68b9f2b8217b83>@@AEAV<lambda_ab61a845afdef5b7c387490eaf3616ee>@@$$QEAV<lambda_f7f22ab5edc0698d5f6905b0d3f44752>@@@Z@4HA 0000000140057bf8     libucrt:fflush.obj
 0004:00002c04       $pdata$?fin$0@?0???$?RV<lambda_842d9ff0dc9ef11c61343bbaebe7f885>@@AEAV<lambda_c5860995281e5c4ce005b3de8f5874ee>@@V<lambda_d90129c13df834fdcbf8d2b88dafcf2d>@@@?$__crt_seh_guarded_call@X@@QEAAX$$QEAV<lambda_842d9ff0dc9ef11c61343bbaebe7f885>@@AEAV<lambda_c5860995281e5c4ce005b3de8f5874ee>@@$$QEAV<lambda_d90129c13df834fdcbf8d2b88dafcf2d>@@@Z@4HA 0000000140057c04     libucrt:fflush.obj
 0004:00002c04       $pdata$?fin$0@?0???$?RV<lambda_84ec643ea9557e2f7dc01bb0e9624395>@@AEAV<lambda_ca71763b3c0644891230e4f79ea54fa6>@@V<lambda_439a761618c59b0600e24586724d733b>@@@?$__crt_seh_guarded_call@H@@QEAAH$$QEAV<lambda_84ec643ea9557e2f7dc01bb0e9624395>@@AEAV<lambda_ca71763b3c0644891230e4f79ea54fa6>@@$$QEAV<lambda_439a761618c59b0600e24586724d733b>@@@Z@4HA 0000000140057c04     libucrt:setvbuf.obj
 0004:00002c04       $pdata$?fin$0@?0???$?RV<lambda_c376a267cfb53b6959b3b692ec76b120>@@AEAV<lambda_9a32fed5bf61b6b509b2d3f6003082a1>@@V<lambda_572fbb9fa0ab338edf41edfd4b5fcc8d>@@@?$__crt_seh_guarded_call@H@@QEAAH$$QEAV<lambda_c376a267cfb53b6959b3b692ec76b120>@@AEAV<lambda_9a32fed5bf61b6b509b2d3f6003082a1>@@$$QEAV<lambda_572fbb9fa0ab338edf41edfd4b5fcc8d>@@@Z@4HA 0000000140057c04     libucrt:fflush.obj
 0004:00002c04       $pdata$?fin$0@?0???$?RV<lambda_bdbcead8b570fa3d5ec6d9679862a6e5>@@AEAV<lambda_96f4279ff90247a4c5c5d9824f56f8c1>@@V<lambda_4606be27f17b5e5579e09050fab91818>@@@?$__crt_seh_guarded_call@_K@@QEAA_K$$QEAV<lambda_bdbcead8b570fa3d5ec6d9679862a6e5>@@AEAV<lambda_96f4279ff90247a4c5c5d9824f56f8c1>@@$$QEAV<lambda_4606be27f17b5e5579e09050fab91818>@@@Z@4HA 0000000140057c04     libucrt:fwrite.obj
 0004:00002c10       $pdata$fgetc$fin$0         0000000140057c10     libucrt:fgetc.obj
 0004:00002c1c       $pdata$ungetc$fin$0        0000000140057c1c     libucrt:ungetc.obj
 0004:00002c28       $pdata$fclose$fin$0        0000000140057c28     libucrt:fclose.obj
 0004:00002c28       $pdata$?fin$0@?0??common_fseek@@YAHV__crt_stdio_stream@@_JH@Z@4HA 0000000140057c28     libucrt:fseek.obj
 0004:00002c28       $pdata$?fin$0@?0???$common_ftell@_J@@YA_JV__crt_stdio_stream@@@Z@4HA 0000000140057c28     libucrt:ftell.obj
 0004:00002c34       $pdata$?fin$0@?0???$common_fsopen@D@@YAPEAU_iobuf@@QEBD0H@Z@4HA 0000000140057c34     libucrt:fopen.obj
 0004:00002c40       $pdata$_query_new_handler$fin$0 0000000140057c40     libucrt:new_handler.obj
 0004:00002c4c       $pdata$?filt$0@?0???R<lambda_6e4b09c48022b2350581041d5f6b0c4c>@@QEBA@XZ@4HA 0000000140057c4c     libucrt:exit.obj
 0004:00002c58       $pdata$?fin$0@?0???$?RV<lambda_410d79af7f07d98d83a3f525b3859a53>@@AEAV<lambda_3e16ef9562a7dcce91392c22ab16ea36>@@V<lambda_38119f0e861e05405d8a144b9b982f0a>@@@?$__crt_seh_guarded_call@X@@QEAAX$$QEAV<lambda_410d79af7f07d98d83a3f525b3859a53>@@AEAV<lambda_3e16ef9562a7dcce91392c22ab16ea36>@@$$QEAV<lambda_38119f0e861e05405d8a144b9b982f0a>@@@Z@4HA 0000000140057c58     libucrt:wsetlocale.obj
 0004:00002c64       $pdata$?fin$0@?0???$?RV<lambda_d8a01803c7231904df012bb083be9e3a>@@AEAV<lambda_b163b37eafe0a13f2c371fafeb0365c9>@@AEAV<lambda_8dff2cf36a5417162780cd64fa2883ef>@@@?$__crt_seh_guarded_call@X@@QEAAX$$QEAV<lambda_d8a01803c7231904df012bb083be9e3a>@@AEAV<lambda_b163b37eafe0a13f2c371fafeb0365c9>@@AEAV<lambda_8dff2cf36a5417162780cd64fa2883ef>@@@Z@4HA 0000000140057c64     libucrt:wsetlocale.obj
 0004:00002c70       $pdata$?fin$0@?0???$?RV<lambda_450d765d439847d4c735a33c368b5fc0>@@AEAV<lambda_44731a7d0e6d81c3e6aa82d741081786>@@V<lambda_601a2a7da3b7a96e9554ac7215c4b07c>@@@?$__crt_seh_guarded_call@P6AXH@Z@@QEAAP6AXH@Z$$QEAV<lambda_450d765d439847d4c735a33c368b5fc0>@@AEAV<lambda_44731a7d0e6d81c3e6aa82d741081786>@@$$QEAV<lambda_601a2a7da3b7a96e9554ac7215c4b07c>@@@Z@4HA 0000000140057c70     libucrt:signal.obj
 0004:00002c70       $pdata$?fin$0@?0???$?RV<lambda_0ae27a3a962d80f24befdcbee591983d>@@AEAV<lambda_8d0ee55de4b1038c4002e0adecdf1839>@@V<lambda_dc504788e8f1664fe9b84e20bfb512f2>@@@?$__crt_seh_guarded_call@X@@QEAAX$$QEAV<lambda_0ae27a3a962d80f24befdcbee591983d>@@AEAV<lambda_8d0ee55de4b1038c4002e0adecdf1839>@@$$QEAV<lambda_dc504788e8f1664fe9b84e20bfb512f2>@@@Z@4HA 0000000140057c70     libucrt:per_thread_data.obj
 0004:00002c70       $pdata$?fin$0@?0???$?RV<lambda_bd00b5aa228bd7e7e5b2b5db5fd2933b>@@AEAV<lambda_777d11615145f89ee95b9466d285deeb>@@V<lambda_6e5e48fbd24f9f8f81b203eb3d877683>@@@?$__crt_seh_guarded_call@H@@QEAAH$$QEAV<lambda_bd00b5aa228bd7e7e5b2b5db5fd2933b>@@AEAV<lambda_777d11615145f89ee95b9466d285deeb>@@$$QEAV<lambda_6e5e48fbd24f9f8f81b203eb3d877683>@@@Z@4HA 0000000140057c70     libucrt:winapi_thunks.obj
 0004:00002c70       $pdata$?fin$0@?0???$?RV<lambda_d80eeec6fff315bfe5c115232f3240e3>@@AEAV<lambda_6e4b09c48022b2350581041d5f6b0c4c>@@V<lambda_2358e3775559c9db80273638284d5e45>@@@?$__crt_seh_guarded_call@X@@QEAAX$$QEAV<lambda_d80eeec6fff315bfe5c115232f3240e3>@@AEAV<lambda_6e4b09c48022b2350581041d5f6b0c4c>@@$$QEAV<lambda_2358e3775559c9db80273638284d5e45>@@@Z@4HA 0000000140057c70     libucrt:exit.obj
 0004:00002c70       $pdata$?fin$0@?0???$?RV<lambda_efdfa57d1f175319df784efa44bb7b81>@@AEAV<lambda_5f0a4c1567f8adc6734073e5d1e1b35c>@@V<lambda_2e8a7d3640ea6ccb4c2413664c2db6fd>@@@?$__crt_seh_guarded_call@X@@QEAAX$$QEAV<lambda_efdfa57d1f175319df784efa44bb7b81>@@AEAV<lambda_5f0a4c1567f8adc6734073e5d1e1b35c>@@$$QEAV<lambda_2e8a7d3640ea6ccb4c2413664c2db6fd>@@@Z@4HA 0000000140057c70     libucrt:mbctype.obj
 0004:00002c70       $pdata$?fin$0@?0???$?RV<lambda_f2e299630e499de9f9a165e60fcd3db5>@@AEAV<lambda_2ae9d31cdba2644fcbeaf08da7c24588>@@V<lambda_40d01ff24d0e7b3814fdbdcee8eab3c7>@@@?$__crt_seh_guarded_call@X@@QEAAX$$QEAV<lambda_f2e299630e499de9f9a165e60fcd3db5>@@AEAV<lambda_2ae9d31cdba2644fcbeaf08da7c24588>@@$$QEAV<lambda_40d01ff24d0e7b3814fdbdcee8eab3c7>@@@Z@4HA 0000000140057c70     libucrt:per_thread_data.obj
 0004:00002c70       $pdata$?fin$0@?0???$?RV<lambda_a22f0c497e5168315e06dae667770027>@@AEAV<lambda_a094494068278ba5130ab06e1292f60a>@@V<lambda_24dc10c13f43218c635520766e23e324>@@@?$__crt_seh_guarded_call@_N@@QEAA_N$$QEAV<lambda_a22f0c497e5168315e06dae667770027>@@AEAV<lambda_a094494068278ba5130ab06e1292f60a>@@$$QEAV<lambda_24dc10c13f43218c635520766e23e324>@@@Z@4HA 0000000140057c70     libucrt:spawnv.obj
 0004:00002c70       $pdata$?fin$0@?0???$?RV<lambda_9bd929c17696992ce54f1d748594fc62>@@AEAV<lambda_082c17da81b0962e08c0587ee0fac50c>@@V<lambda_9c08ac857f4975304d44e9f601d9b878>@@@?$__crt_seh_guarded_call@PEAD@@QEAAPEAD$$QEAV<lambda_9bd929c17696992ce54f1d748594fc62>@@AEAV<lambda_082c17da81b0962e08c0587ee0fac50c>@@$$QEAV<lambda_9c08ac857f4975304d44e9f601d9b878>@@@Z@4HA 0000000140057c70     libucrt:setlocale.obj
 0004:00002c70       $pdata$?fin$0@?0???$?RV<lambda_2d41944a1d46af3157314b8a01080d33>@@AEAV<lambda_8f455de75cd7d7f24b4096f044d8b9e6>@@V<lambda_aa500f224e6afead328df44964fe2772>@@@?$__crt_seh_guarded_call@X@@QEAAX$$QEAV<lambda_2d41944a1d46af3157314b8a01080d33>@@AEAV<lambda_8f455de75cd7d7f24b4096f044d8b9e6>@@$$QEAV<lambda_aa500f224e6afead328df44964fe2772>@@@Z@4HA 0000000140057c70     libucrt:per_thread_data.obj
 0004:00002c70       $pdata$?fin$0@?0???$?RV<lambda_8369fcb7c4df1e85de37618bd2b85f07>@@AEAV<lambda_a10e4b102d4a2c3aac6f4f48bbdf488f>@@V<lambda_5b7707bd6d7a0c4713179f36c7fd995d>@@@?$__crt_seh_guarded_call@H@@QEAAH$$QEAV<lambda_8369fcb7c4df1e85de37618bd2b85f07>@@AEAV<lambda_a10e4b102d4a2c3aac6f4f48bbdf488f>@@$$QEAV<lambda_5b7707bd6d7a0c4713179f36c7fd995d>@@@Z@4HA 0000000140057c70     libucrt:onexit.obj
 0004:00002c70       $pdata$?fin$0@?0???$?RV<lambda_7777bce6b2f8c936911f934f8298dc43>@@AEAV<lambda_f03950bc5685219e0bcd2087efbe011e>@@V<lambda_3883c3dff614d5e0c5f61bb1ac94921c>@@@?$__crt_seh_guarded_call@H@@QEAAH$$QEAV<lambda_7777bce6b2f8c936911f934f8298dc43>@@AEAV<lambda_f03950bc5685219e0bcd2087efbe011e>@@$$QEAV<lambda_3883c3dff614d5e0c5f61bb1ac94921c>@@@Z@4HA 0000000140057c70     libucrt:onexit.obj
 0004:00002c70       $pdata$?fin$0@?0???$?RV<lambda_9529fede68560d7205a1271ab16b352e>@@AEAV<lambda_ebf8c556deb379764da826e7bb46e993>@@V<lambda_db92443d3c9ace7c8a20b950bb983b5a>@@@?$__crt_seh_guarded_call@X@@QEAAX$$QEAV<lambda_9529fede68560d7205a1271ab16b352e>@@AEAV<lambda_ebf8c556deb379764da826e7bb46e993>@@$$QEAV<lambda_db92443d3c9ace7c8a20b950bb983b5a>@@@Z@4HA 0000000140057c70     libucrt:wsetlocale.obj
 0004:00002c70       $pdata$?fin$0@?0???$?RV<lambda_aa87e3671a710a21b5dc78c0bdf72e11>@@AEAV<lambda_92619d2358a28f41a33ba319515a20b9>@@V<lambda_6992ecaafeb10aed2b74cb1fae11a551>@@@?$__crt_seh_guarded_call@X@@QEAAX$$QEAV<lambda_aa87e3671a710a21b5dc78c0bdf72e11>@@AEAV<lambda_92619d2358a28f41a33ba319515a20b9>@@$$QEAV<lambda_6992ecaafeb10aed2b74cb1fae11a551>@@@Z@4HA 0000000140057c70     libucrt:per_thread_data.obj
 0004:00002c7c       $pdata$_write$fin$0        0000000140057c7c     libucrt:write.obj
 0004:00002c7c       $pdata$_read$fin$0         0000000140057c7c     libucrt:read.obj
 0004:00002c7c       $pdata$?fin$0@?0???$common_lseek@_J@@YA_JH_JH@Z@4HA 0000000140057c7c     libucrt:lseek.obj
 0004:00002c88       $pdata$?fin$0@?0???$?RV<lambda_a37b2b86f63e897a80ea819b0eb08c01>@@AEAV<lambda_38ce7e780aa69e748d6df282ebc68efe>@@V<lambda_99fb1378e971ab6e7edea83e3a7a83a2>@@@?$__crt_seh_guarded_call@H@@QEAAH$$QEAV<lambda_a37b2b86f63e897a80ea819b0eb08c01>@@AEAV<lambda_38ce7e780aa69e748d6df282ebc68efe>@@$$QEAV<lambda_99fb1378e971ab6e7edea83e3a7a83a2>@@@Z@4HA 0000000140057c88     libucrt:commit.obj
 0004:00002c88       $pdata$?fin$0@?0???$?RV<lambda_751a882b2c74d4b022dec766aa51a29a>@@AEAV<lambda_628dfdc04ba53c8bfc02c9951375f3f5>@@V<lambda_f6c7be5f7998530c34de24c7437d6b54>@@@?$__crt_seh_guarded_call@H@@QEAAH$$QEAV<lambda_751a882b2c74d4b022dec766aa51a29a>@@AEAV<lambda_628dfdc04ba53c8bfc02c9951375f3f5>@@$$QEAV<lambda_f6c7be5f7998530c34de24c7437d6b54>@@@Z@4HA 0000000140057c88     libucrt:close.obj
 0004:00002c94       $pdata$?fin$0@?0???$common_dupenv_s@D@@YAHQEAPEADQEA_KQEBDH2H@Z@4HA 0000000140057c94     libucrt:getenv.obj
 0004:00002ca0       $pdata$?fin$0@?0??__acrt_stdio_allocate_stream@@YA?AV__crt_stdio_stream@@XZ@4HA 0000000140057ca0     libucrt:stream.obj
 0004:00002ca0       $pdata$_fcloseall$fin$0    0000000140057ca0     libucrt:closeall.obj
 0004:00002cac       $pdata$_ctrlfp$filt$0      0000000140057cac     libucrt:fpctrl.obj
 0004:00002cb8       $pdata$raise$fin$0         0000000140057cb8     libucrt:signal.obj
 0004:00002cc4       $pdata$?fin$0@?0??update_thread_multibyte_data_internal@@YAPEAU__crt_multibyte_data@@QEAU__acrt_ptd@@QEAU1@@Z@4HA 0000000140057cc4     libucrt:mbctype.obj
 0004:00002cd0       $pdata$__acrt_initialize_lowio$fin$0 0000000140057cd0     libucrt:ioinit.obj
 0004:00002cd0       $pdata$__acrt_lowio_ensure_fh_exists$fin$0 0000000140057cd0     libucrt:osfinfo.obj
 0004:00002cd0       $pdata$_alloc_osfhnd$fin$0 0000000140057cd0     libucrt:osfinfo.obj
 0004:00002cdc       $pdata$__acrt_update_thread_locale_data$fin$0 0000000140057cdc     libucrt:locale_refcounting.obj
 0004:00002ce8       $pdata$?fin$0@?0???$common_sopen_dispatch@D@@YAHQEBDHHHQEAHH@Z@4HA 0000000140057ce8     libucrt:open.obj
 0004:00002cf4       $pdata$_IsNonwritableInCurrentImage$filt$0 0000000140057cf4     LIBCMT:pesect.obj
 0004:00002d00       $pdata$??__FRuletka_plansza_kolor_col@@YAXXZ 0000000140057d00     main.obj
 0004:00002d0c       $pdata$??__FNumer_zasobu_rar@@YAXXZ 0000000140057d0c     main.obj
 0004:00002d18       $pdata$??__Fcout@std@@YAXXZ 0000000140057d18     libcpmt:cout.obj
 0004:00002d24       $pdata$??__F_Fac_tidy_reg@std@@YAXXZ 0000000140057d24     libcpmt:locale0.obj
 0004:00002d30       $pdata$??__Fclassic_locale@std@@YAXXZ 0000000140057d30     libcpmt:locale0.obj
 0004:00002d3c       $pdata$??__Fcin@std@@YAXXZ 0000000140057d3c     libcpmt:cin.obj
 0004:00002d48       $pdata$??__Finit_atexit@@YAXXZ 0000000140057d48     libcpmt:iosptrs.obj
 0005:00000a20       $R000000                   0000000140058a20     Resource.res
 0005:000079f8       $R006FD8                   000000014005f9f8     Resource.res
 0005:00007a10       $R006FF0                   000000014005fa10     Resource.res
 0005:0005dc80       $R05D260                   00000001400b5c80     Resource.res
 0005:000df000       $R0DE5E0                   0000000140137000     Resource.res
 0005:00135270       $R134850                   000000014018d270     Resource.res
 0005:0028db40       $R28D120                   00000001402e5b40     Resource.res
 0005:0039eee0       $R39E4C0                   00000001403f6ee0     Resource.res
 0005:0047b9d0       $R47AFB0                   00000001404d39d0     Resource.res
 0005:00542728       $R541D08                   000000014059a728     Resource.res
 0005:00609488       $R608A68                   0000000140661488     Resource.res
 0005:006b0808       $R6AFDE8                   0000000140708808     Resource.res
 0005:007c17e8       $R7C0DC8                   00000001408197e8     Resource.res
 0005:008c3180       $R8C2760                   000000014091b180     Resource.res
 0005:009b2778       $R9B1D58                   0000000140a0a778     Resource.res
 0005:00a891a8       $RA88788                   0000000140ae11a8     Resource.res
 0005:00b56c98       $RB56278                   0000000140baec98     Resource.res
 0005:00c55440       $RC54A20                   0000000140cad440     Resource.res
 0005:00d3aa28       $RD3A008                   0000000140d92a28     Resource.res
 0005:00e08520       $RE07B00                   0000000140e60520     Resource.res
 0005:00ec3848       $REC2E28                   0000000140f1b848     Resource.res
 0005:00f6b368       $RF6A948                   0000000140fc3368     Resource.res
 0005:010786e0       $R077CC0                   00000001410d06e0     Resource.res
 0005:01168410       $R1679F0                   00000001411c0410     Resource.res
 0005:01239d90       $R239370                   0000000141291d90     Resource.res
 0005:012fcf28       $R2FC508                   0000000141354f28     Resource.res
 0005:013ba510       $R3B9AF0                   0000000141412510     Resource.res
 0005:014a1260       $R4A0840                   00000001414f9260     Resource.res
 0005:01567b68       $R567148                   00000001415bfb68     Resource.res
 0005:01619640       $R618C20                   0000000141671640     Resource.res
 0005:016bae40       $R6BA420                   0000000141712e40     Resource.res
 0005:0174c618       $R74BBF8                   00000001417a4618     Resource.res
 0005:01859658       $R858C38                   00000001418b1658     Resource.res
 0005:01945ac8       $R9450A8                   000000014199dac8     Resource.res
 0005:01a21d38       $RA21318                   0000000141a79d38     Resource.res
 0005:01aea6c8       $RAE9CA8                   0000000141b426c8     Resource.res
 0005:01b99a00       $RB98FE0                   0000000141bf1a00     Resource.res
 0005:01c77330       $RC76910                   0000000141ccf330     Resource.res
 0005:01d362f8       $RD358D8                   0000000141d8e2f8     Resource.res
 0005:01de3db8       $RDE3398                   0000000141e3bdb8     Resource.res
 0005:01e804b8       $RE7FA98                   0000000141ed84b8     Resource.res
 0005:01f0da48       $RF0D028                   0000000141f65a48     Resource.res
 0005:02013648       $R012C28                   000000014206b648     Resource.res
 0005:0210ba58       $R10B038                   0000000142163a58     Resource.res
 0005:021ee1a8       $R1ED788                   00000001422461a8     Resource.res
 0005:022b9170       $R2B8750                   0000000142311170     Resource.res
 0005:02373760       $R372D40                   00000001423cb760     Resource.res
 0005:024643f0       $R4639D0                   00000001424bc3f0     Resource.res
 0005:0253f290       $R53E870                   0000000142597290     Resource.res
 0005:02607328       $R606908                   000000014265f328     Resource.res
 0005:026ba4e0       $R6B9AC0                   00000001427124e0     Resource.res
 0005:0275b450       $R75AA30                   00000001427b3450     Resource.res

 Exports

  ordinal    name

