 Ruletka

 Timestamp is 5a341567 (Fri Dec 15 19:33:11 2017)

 Preferred load address is 0000000140000000

 Start         Length     Name                   Class
 0001:00000000 00000020H .text$di                CODE
 0001:00000020 0000d670H .text$mn                CODE
 0001:0000d690 000000e0H .text$mn$00             CODE
 0001:0000d770 00000bc0H .text$x                 CODE
 0001:0000e330 000000a3H .text$yd                CODE
 0002:00000000 000004e8H .idata$5                DATA
 0002:000004e8 00000020H .00cfg                  DATA
 0002:00000508 00000008H .CRT$XCA                DATA
 0002:00000510 00000008H .CRT$XCAA               DATA
 0002:00000518 00000008H .CRT$XCL                DATA
 0002:00000520 00000008H .CRT$XCU                DATA
 0002:00000528 00000008H .CRT$XCZ                DATA
 0002:00000530 00000008H .CRT$XIA                DATA
 0002:00000538 00000008H .CRT$XIAA               DATA
 0002:00000540 00000008H .CRT$XIAC               DATA
 0002:00000548 00000008H .CRT$XIZ                DATA
 0002:00000550 00000008H .CRT$XPA                DATA
 0002:00000558 00000008H .CRT$XPZ                DATA
 0002:00000560 00000008H .CRT$XTA                DATA
 0002:00000568 00000008H .CRT$XTZ                DATA
 0002:00000570 00000000H .gfids$y                DATA
 0002:00000570 00001c10H .rdata                  DATA
 0002:00002180 000009acH .rdata$r                DATA
 0002:00002b2c 00000364H .rdata$zzzdbg           DATA
 0002:00002e90 00000008H .rtc$IAA                DATA
 0002:00002e98 00000008H .rtc$IZZ                DATA
 0002:00002ea0 00000008H .rtc$TAA                DATA
 0002:00002ea8 00000008H .rtc$TZZ                DATA
 0002:00002eb0 00001ab0H .xdata                  DATA
 0002:00004960 0000014cH .xdata$x                DATA
 0002:00004aac 00000000H .edata                  DATA
 0002:00004aac 00000118H .idata$2                DATA
 0002:00004bc4 00000014H .idata$3                DATA
 0002:00004bd8 000004e8H .idata$4                DATA
 0002:000050c0 00001502H .idata$6                DATA
 0003:00000000 00000080H .data                   DATA
 0003:00000080 00000480H .data$r                 DATA
 0003:00000500 00000638H .bss                    DATA
 0004:00000000 00000a08H .pdata                  DATA

  Address         Publics by Value              Rva+Base               Lib:Object

 0000:00000000       __guard_iat_count          0000000000000000     <absolute>
 0000:00000000       __hybrid_code_map          0000000000000000     <absolute>
 0000:00000000       __hybrid_code_map_count    0000000000000000     <absolute>
 0000:00000000       __hybrid_auxiliary_iat     0000000000000000     <absolute>
 0000:00000000       __guard_iat_table          0000000000000000     <absolute>
 0000:00000000       __guard_fids_count         0000000000000000     <absolute>
 0000:00000000       __enclave_config           0000000000000000     <absolute>
 0000:00000000       __guard_longjmp_table      0000000000000000     <absolute>
 0000:00000000       ___safe_se_handler_table   0000000000000000     <absolute>
 0000:00000000       __guard_longjmp_count      0000000000000000     <absolute>
 0000:00000000       __dynamic_value_reloc_table 0000000000000000     <absolute>
 0000:00000000       ___safe_se_handler_count   0000000000000000     <absolute>
 0000:00000000       __guard_fids_table         0000000000000000     <absolute>
 0000:00000100       __guard_flags              0000000000000100     <absolute>
 0000:00000000       __ImageBase                0000000140000000     <linker-defined>
 0001:00000020       ??0exception@std@@QEAA@AEBV01@@Z 0000000140001020 f i main.obj
 0001:00000060       ?what@exception@std@@UEBAPEBDXZ 0000000140001060 f i main.obj
 0001:00000080       ??_Gexception@std@@UEAAPEAXI@Z 0000000140001080 f i main.obj
 0001:00000080       ??_Eexception@std@@UEAAPEAXI@Z 0000000140001080 f i * CIL library *:* CIL module *
 0001:00000080       ??_Gbad_cast@std@@UEAAPEAXI@Z 0000000140001080 f i main.obj
 0001:00000080       ??_Ebad_cast@std@@UEAAPEAXI@Z 0000000140001080 f i * CIL library *:* CIL module *
 0001:000000d0       ??0bad_cast@std@@QEAA@XZ   00000001400010d0 f i main.obj
 0001:000000f0       ??1bad_cast@std@@UEAA@XZ   00000001400010f0 f i main.obj
 0001:00000110       ??1locale@std@@QEAA@XZ     0000000140001110 f i main.obj
 0001:00000150       main                       0000000140001150 f   main.obj
 0001:00000490       ??_D?$basic_ofstream@DU?$char_traits@D@std@@@std@@QEAAXXZ 0000000140001490 f i main.obj
 0001:00000570       ??_D?$basic_fstream@DU?$char_traits@D@std@@@std@@QEAAXXZ 0000000140001570 f i main.obj
 0001:00000650       ?Obstaw@@YA?AV?$basic_string@DU?$char_traits@D@std@@V?$allocator@D@2@@std@@XZ 0000000140001650 f   main.obj
 0001:00000fd0       ?Wczytaj_KwotÍ_Zak≥adu@@YAXAEAHAEBH@Z 0000000140001fd0 f   main.obj
 0001:000011c0       ?ZakrÍÊ_Ruletkπ@@YAHXZ     00000001400021c0 f   main.obj
 0001:000015a0       ?Sprawdü_Zak≥ad@@YAHAEBHAEBV?$basic_string@DU?$char_traits@D@std@@V?$allocator@D@2@@std@@0@Z 00000001400025a0 f   main.obj
 0001:000018d0       ?Czy_KontynuowaÊ@@YA_NAEBH@Z 00000001400028d0 f   main.obj
 0001:00001c50       ?Odczytaj_liczbÍ@@YAXAEBHAEBV?$basic_string@DU?$char_traits@D@std@@V?$allocator@D@2@@std@@@Z 0000000140002c50 f   main.obj
 0001:00002b80       ??_D?$basic_stringstream@DU?$char_traits@D@std@@V?$allocator@D@2@@std@@QEAAXXZ 0000000140003b80 f i main.obj
 0001:00002be0       ?__autoclassinit2@?$basic_stringstream@DU?$char_traits@D@std@@V?$allocator@D@2@@std@@QEAAX_K@Z 0000000140003be0 f i main.obj
 0001:00002c00       ?Wczytaj_z_pliku@@YAXAEAV?$basic_ofstream@DU?$char_traits@D@std@@@std@@AEAV?$basic_fstream@DU?$char_traits@D@std@@@2@AEADAEAH33AEAV?$basic_string@DU?$char_traits@D@std@@V?$allocator@D@2@@2@@Z 0000000140003c00 f   main.obj
 0001:00004490       ?Sprawdü_Pliki@@YAXXZ      0000000140005490 f   main.obj
 0001:00006880       ?Sprawdü_ustawienia@@YAXXZ 0000000140007880 f   main.obj
 0001:00007190       ??_D?$basic_ifstream@DU?$char_traits@D@std@@@std@@QEAAXXZ 0000000140008190 f i main.obj
 0001:00007270       ?Og≥oú_wynik@@YAXAEBH0AEAHAEAV?$basic_ofstream@DU?$char_traits@D@std@@@std@@AEAV?$basic_fstream@DU?$char_traits@D@std@@@2@@Z 0000000140008270 f   main.obj
 0001:00007710       ?Koniec_gry@@YAXAEAV?$basic_ofstream@DU?$char_traits@D@std@@@std@@AEAV?$basic_fstream@DU?$char_traits@D@std@@@2@AEBH@Z 0000000140008710 f   main.obj
 0001:00007970       ?PÍtla_g≥Ûwna@@YAXAEAH00AEAV?$basic_ofstream@DU?$char_traits@D@std@@@std@@AEAV?$basic_fstream@DU?$char_traits@D@std@@@2@AEADAEAV?$basic_string@DU?$char_traits@D@std@@V?$allocator@D@2@@2@0@Z 0000000140008970 f   main.obj
 0001:00007e60       ?Ustaw_ustawienia@@YAXAEAV?$basic_string@DU?$char_traits@D@std@@V?$allocator@D@2@@std@@@Z 0000000140008e60 f   main.obj
 0001:00008b90       ?c_str@?$basic_string@DU?$char_traits@D@std@@V?$allocator@D@2@@std@@QEBAPEBDXZ 0000000140009b90 f i main.obj
 0001:00008ba0       ?_Tidy_deallocate@?$basic_string@DU?$char_traits@D@std@@V?$allocator@D@2@@std@@QEAAXXZ 0000000140009ba0 f i main.obj
 0001:00008ba0       ??1?$basic_string@DU?$char_traits@D@std@@V?$allocator@D@2@@std@@QEAA@XZ 0000000140009ba0 f i main.obj
 0001:00008c20       ??0?$basic_string@DU?$char_traits@D@std@@V?$allocator@D@2@@std@@QEAA@AEBV01@@Z 0000000140009c20 f i main.obj
 0001:00008ce0       ??0?$basic_ofstream@DU?$char_traits@D@std@@@std@@QEAA@XZ 0000000140009ce0 f i main.obj
 0001:00008dc0       ?imbue@?$basic_filebuf@DU?$char_traits@D@std@@@std@@MEAAXAEBVlocale@2@@Z 0000000140009dc0 f i main.obj
 0001:00008e10       ?sync@?$basic_filebuf@DU?$char_traits@D@std@@@std@@MEAAHXZ 0000000140009e10 f i main.obj
 0001:00008e60       ?setbuf@?$basic_filebuf@DU?$char_traits@D@std@@@std@@MEAAPEAV?$basic_streambuf@DU?$char_traits@D@std@@@2@PEAD_J@Z 0000000140009e60 f i main.obj
 0001:00008ec0       ?seekpos@?$basic_filebuf@DU?$char_traits@D@std@@@std@@MEAA?AV?$fpos@U_Mbstatet@@@2@V32@H@Z 0000000140009ec0 f i main.obj
 0001:00008fb0       ?seekoff@?$basic_filebuf@DU?$char_traits@D@std@@@std@@MEAA?AV?$fpos@U_Mbstatet@@@2@_JHH@Z 0000000140009fb0 f i main.obj
 0001:000090c0       ?uflow@?$basic_filebuf@DU?$char_traits@D@std@@@std@@MEAAHXZ 000000014000a0c0 f i main.obj
 0001:000093d0       ?underflow@?$basic_filebuf@DU?$char_traits@D@std@@@std@@MEAAHXZ 000000014000a3d0 f i main.obj
 0001:00009440       ?pbackfail@?$basic_filebuf@DU?$char_traits@D@std@@@std@@MEAAHH@Z 000000014000a440 f i main.obj
 0001:00009530       ?overflow@?$basic_filebuf@DU?$char_traits@D@std@@@std@@MEAAHH@Z 000000014000a530 f i main.obj
 0001:00009800       ?_Unlock@?$basic_filebuf@DU?$char_traits@D@std@@@std@@UEAAXXZ 000000014000a800 f i main.obj
 0001:00009820       ?_Lock@?$basic_filebuf@DU?$char_traits@D@std@@@std@@UEAAXXZ 000000014000a820 f i main.obj
 0001:00009840       ?str@?$basic_stringstream@DU?$char_traits@D@std@@V?$allocator@D@2@@std@@QEBA?AV?$basic_string@DU?$char_traits@D@std@@V?$allocator@D@2@@2@XZ 000000014000a840 f i main.obj
 0001:00009990       ??0?$basic_stringstream@DU?$char_traits@D@std@@V?$allocator@D@2@@std@@QEAA@H@Z 000000014000a990 f i main.obj
 0001:00009a50       ?seekpos@?$basic_stringbuf@DU?$char_traits@D@std@@V?$allocator@D@2@@std@@MEAA?AV?$fpos@U_Mbstatet@@@2@V32@H@Z 000000014000aa50 f i main.obj
 0001:00009b60       ?seekoff@?$basic_stringbuf@DU?$char_traits@D@std@@V?$allocator@D@2@@std@@MEAA?AV?$fpos@U_Mbstatet@@@2@_JHH@Z 000000014000ab60 f i main.obj
 0001:00009d10       ?underflow@?$basic_stringbuf@DU?$char_traits@D@std@@V?$allocator@D@2@@std@@MEAAHXZ 000000014000ad10 f i main.obj
 0001:00009d80       ?pbackfail@?$basic_stringbuf@DU?$char_traits@D@std@@V?$allocator@D@2@@std@@MEAAHH@Z 000000014000ad80 f i main.obj
 0001:00009dd0       ?overflow@?$basic_stringbuf@DU?$char_traits@D@std@@V?$allocator@D@2@@std@@MEAAHH@Z 000000014000add0 f i main.obj
 0001:0000a0c0       ??1?$basic_stringbuf@DU?$char_traits@D@std@@V?$allocator@D@2@@std@@UEAA@XZ 000000014000b0c0 f i main.obj
 0001:0000a190       ??_G?$basic_fstream@DU?$char_traits@D@std@@@std@@UEAAPEAXI@Z 000000014000b190 f i main.obj
 0001:0000a190       ??_E?$basic_fstream@DU?$char_traits@D@std@@@std@@UEAAPEAXI@Z 000000014000b190 f i * CIL library *:* CIL module *
 0001:0000a1d0       ??_G?$basic_ofstream@DU?$char_traits@D@std@@@std@@UEAAPEAXI@Z 000000014000b1d0 f i main.obj
 0001:0000a1d0       ??_E?$basic_ofstream@DU?$char_traits@D@std@@@std@@UEAAPEAXI@Z 000000014000b1d0 f i * CIL library *:* CIL module *
 0001:0000a210       ??_G?$basic_ifstream@DU?$char_traits@D@std@@@std@@UEAAPEAXI@Z 000000014000b210 f i main.obj
 0001:0000a210       ??_E?$basic_ifstream@DU?$char_traits@D@std@@@std@@UEAAPEAXI@Z 000000014000b210 f i * CIL library *:* CIL module *
 0001:0000a250       ??_G?$basic_filebuf@DU?$char_traits@D@std@@@std@@UEAAPEAXI@Z 000000014000b250 f i main.obj
 0001:0000a250       ??_E?$basic_filebuf@DU?$char_traits@D@std@@@std@@UEAAPEAXI@Z 000000014000b250 f i * CIL library *:* CIL module *
 0001:0000a2f0       ??_E?$basic_stringstream@DU?$char_traits@D@std@@V?$allocator@D@2@@std@@UEAAPEAXI@Z 000000014000b2f0 f i * CIL library *:* CIL module *
 0001:0000a2f0       ??_G?$basic_stringstream@DU?$char_traits@D@std@@V?$allocator@D@2@@std@@UEAAPEAXI@Z 000000014000b2f0 f i main.obj
 0001:0000a390       ??_E?$basic_stringbuf@DU?$char_traits@D@std@@V?$allocator@D@2@@std@@UEAAPEAXI@Z 000000014000b390 f i * CIL library *:* CIL module *
 0001:0000a390       ??_G?$basic_stringbuf@DU?$char_traits@D@std@@V?$allocator@D@2@@std@@UEAAPEAXI@Z 000000014000b390 f i main.obj
 0001:0000a3d0       ??1sentry@?$basic_ostream@DU?$char_traits@D@std@@@std@@QEAA@XZ 000000014000b3d0 f i main.obj
 0001:0000a420       ?assign@?$basic_string@DU?$char_traits@D@std@@V?$allocator@D@2@@std@@QEAAAEAV12@_KD@Z 000000014000b420 f i main.obj
 0001:0000a570       ?append@?$basic_string@DU?$char_traits@D@std@@V?$allocator@D@2@@std@@QEAAAEAV12@QEBD_K@Z 000000014000b570 f i main.obj
 0001:0000a600       ?_Reset_back@?$basic_filebuf@DU?$char_traits@D@std@@@std@@AEAAXXZ 000000014000b600 f i main.obj
 0001:0000a630       ?_Endwrite@?$basic_filebuf@DU?$char_traits@D@std@@@std@@IEAA_NXZ 000000014000b630 f i main.obj
 0001:0000a830       ?_Init@?$basic_filebuf@DU?$char_traits@D@std@@@std@@IEAAXPEAU_iobuf@@W4_Initfl@12@@Z 000000014000b830 f i main.obj
 0001:0000a8f0       ?close@?$basic_filebuf@DU?$char_traits@D@std@@@std@@QEAAPEAV12@XZ 000000014000b8f0 f i main.obj
 0001:0000a970       ?open@?$basic_filebuf@DU?$char_traits@D@std@@@std@@QEAAPEAV12@PEBDHH@Z 000000014000b970 f i main.obj
 0001:0000aa50       ??1_Sentry_base@?$basic_ostream@DU?$char_traits@D@std@@@std@@QEAA@XZ 000000014000ba50 f i main.obj
 0001:0000aa50       ??1_Sentry_base@?$basic_istream@DU?$char_traits@D@std@@@std@@QEAA@XZ 000000014000ba50 f i main.obj
 0001:0000aa80       ?_Xran@?$_String_val@U?$_Simple_types@D@std@@@std@@SAXXZ 000000014000ba80 f i main.obj
 0001:0000aaa0       ??$use_facet@V?$ctype@D@std@@@std@@YAAEBV?$ctype@D@0@AEBVlocale@0@@Z 000000014000baa0 f i main.obj
 0001:0000abc0       ??$?6U?$char_traits@D@std@@@std@@YAAEAV?$basic_ostream@DU?$char_traits@D@std@@@0@AEAV10@D@Z 000000014000bbc0 f i main.obj
 0001:0000ad80       ??$?6U?$char_traits@D@std@@@std@@YAAEAV?$basic_ostream@DU?$char_traits@D@std@@@0@AEAV10@PEBD@Z 000000014000bd80 f i main.obj
 0001:0000af50       ??$endl@DU?$char_traits@D@std@@@std@@YAAEAV?$basic_ostream@DU?$char_traits@D@std@@@0@AEAV10@@Z 000000014000bf50 f i main.obj
 0001:0000af90       ??$?HDU?$char_traits@D@std@@V?$allocator@D@1@@std@@YA?AV?$basic_string@DU?$char_traits@D@std@@V?$allocator@D@2@@0@$$QEAV10@0@Z 000000014000bf90 f i main.obj
 0001:0000b010       ??$?HDU?$char_traits@D@std@@V?$allocator@D@1@@std@@YA?AV?$basic_string@DU?$char_traits@D@std@@V?$allocator@D@2@@0@AEBV10@$$QEAV10@@Z 000000014000c010 f i main.obj
 0001:0000b060       ??$?HDU?$char_traits@D@std@@V?$allocator@D@1@@std@@YA?AV?$basic_string@DU?$char_traits@D@std@@V?$allocator@D@2@@0@AEBV10@0@Z 000000014000c060 f i main.obj
 0001:0000b110       ??$?HDU?$char_traits@D@std@@V?$allocator@D@1@@std@@YA?AV?$basic_string@DU?$char_traits@D@std@@V?$allocator@D@2@@0@$$QEAV10@QEBD@Z 000000014000c110 f i main.obj
 0001:0000b170       ??$?HDU?$char_traits@D@std@@V?$allocator@D@1@@std@@YA?AV?$basic_string@DU?$char_traits@D@std@@V?$allocator@D@2@@0@AEBV10@QEBD@Z 000000014000c170 f i main.obj
 0001:0000b220       ??$?HDU?$char_traits@D@std@@V?$allocator@D@1@@std@@YA?AV?$basic_string@DU?$char_traits@D@std@@V?$allocator@D@2@@0@$$QEAV10@D@Z 000000014000c220 f i main.obj
 0001:0000b2a0       ??$?HDU?$char_traits@D@std@@V?$allocator@D@1@@std@@YA?AV?$basic_string@DU?$char_traits@D@std@@V?$allocator@D@2@@0@QEBDAEBV10@@Z 000000014000c2a0 f i main.obj
 0001:0000b330       ??$use_facet@V?$codecvt@DDU_Mbstatet@@@std@@@std@@YAAEBV?$codecvt@DDU_Mbstatet@@@0@AEBVlocale@0@@Z 000000014000c330 f i main.obj
 0001:0000ba40       ??0bad_cast@std@@QEAA@AEBV01@@Z 000000014000ca40 f i main.obj
 0001:0000ba80       ?_Fail@?$_Default_allocate_traits@$00@std@@SAXXZ 000000014000ca80 f i main.obj
 0001:0000ba90       ?_Xlen@?$basic_string@DU?$char_traits@D@std@@V?$allocator@D@2@@std@@SAXXZ 000000014000ca90 f i main.obj
 0001:0000bab0       ?reserve@?$basic_string@DU?$char_traits@D@std@@V?$allocator@D@2@@std@@QEAAX_K@Z 000000014000cab0 f i main.obj
 0001:0000bb80       ?insert@?$basic_string@DU?$char_traits@D@std@@V?$allocator@D@2@@std@@QEAAAEAV12@_KAEBV12@@Z 000000014000cb80 f i main.obj
 0001:0000bc80       ??$?5DU?$char_traits@D@std@@V?$allocator@D@1@@std@@YAAEAV?$basic_istream@DU?$char_traits@D@std@@@0@$$QEAV10@AEAV?$basic_string@DU?$char_traits@D@std@@V?$allocator@D@2@@0@@Z 000000014000cc80 f i main.obj
 0001:0000bea0       ??$getline@DU?$char_traits@D@std@@V?$allocator@D@2@@std@@YAAEAV?$basic_istream@DU?$char_traits@D@std@@@0@$$QEAV10@AEAV?$basic_string@DU?$char_traits@D@std@@V?$allocator@D@2@@0@D@Z 000000014000cea0 f i main.obj
 0001:0000c050       ??$_Insert_string@DU?$char_traits@D@std@@_K@std@@YAAEAV?$basic_ostream@DU?$char_traits@D@std@@@0@AEAV10@QEBD_K@Z 000000014000d050 f i main.obj
 0001:0000c520       ??1sentry@?$basic_istream@DU?$char_traits@D@std@@@std@@QEAA@XZ 000000014000d520 f i main.obj
 0001:0000c550       ??_E?$basic_stringstream@DU?$char_traits@D@std@@V?$allocator@D@2@@std@@$4PPPPPPPM@A@EAAPEAXI@Z 000000014000d550 f i main.obj
 0001:0000c55c       ??_E?$basic_ifstream@DU?$char_traits@D@std@@@std@@$4PPPPPPPM@A@EAAPEAXI@Z 000000014000d55c f i main.obj
 0001:0000c568       ??_E?$basic_ofstream@DU?$char_traits@D@std@@@std@@$4PPPPPPPM@A@EAAPEAXI@Z 000000014000d568 f i main.obj
 0001:0000c574       ??_E?$basic_fstream@DU?$char_traits@D@std@@@std@@$4PPPPPPPM@A@EAAPEAXI@Z 000000014000d574 f i main.obj
 0001:0000c580       ??_G_Fac_node@std@@QEAAPEAXI@Z 000000014000d580 f i msvcprt:locale0_implib.obj
 0001:0000c60c       ?_Facet_Register@std@@YAXPEAV_Facet_base@1@@Z 000000014000d60c f   msvcprt:locale0_implib.obj
 0001:0000c644       ?_Lock@?$basic_streambuf@DU?$char_traits@D@std@@@std@@UEAAXXZ 000000014000d644 f   msvcprt:MSVCP140.dll
 0001:0000c64a       ?_Unlock@?$basic_streambuf@DU?$char_traits@D@std@@@std@@UEAAXXZ 000000014000d64a f   msvcprt:MSVCP140.dll
 0001:0000c650       ?showmanyc@?$basic_streambuf@DU?$char_traits@D@std@@@std@@MEAA_JXZ 000000014000d650 f   msvcprt:MSVCP140.dll
 0001:0000c656       ?uflow@?$basic_streambuf@DU?$char_traits@D@std@@@std@@MEAAHXZ 000000014000d656 f   msvcprt:MSVCP140.dll
 0001:0000c65c       ?xsgetn@?$basic_streambuf@DU?$char_traits@D@std@@@std@@MEAA_JPEAD_J@Z 000000014000d65c f   msvcprt:MSVCP140.dll
 0001:0000c662       ?xsputn@?$basic_streambuf@DU?$char_traits@D@std@@@std@@MEAA_JPEBD_J@Z 000000014000d662 f   msvcprt:MSVCP140.dll
 0001:0000c668       ?setbuf@?$basic_streambuf@DU?$char_traits@D@std@@@std@@MEAAPEAV12@PEAD_J@Z 000000014000d668 f   msvcprt:MSVCP140.dll
 0001:0000c66e       ?sync@?$basic_streambuf@DU?$char_traits@D@std@@@std@@MEAAHXZ 000000014000d66e f   msvcprt:MSVCP140.dll
 0001:0000c674       ?imbue@?$basic_streambuf@DU?$char_traits@D@std@@@std@@MEAAXAEBVlocale@2@@Z 000000014000d674 f   msvcprt:MSVCP140.dll
 0001:0000c690       __security_check_cookie    000000014000d690 f   MSVCRT:_amdsecgs_.obj
 0001:0000c6b4       ??2@YAPEAX_K@Z             000000014000d6b4 f   MSVCRT:new_scalar.obj
 0001:0000c6f0       __scrt_acquire_startup_lock 000000014000d6f0 f   MSVCRT:utility.obj
 0001:0000c72c       __scrt_initialize_crt      000000014000d72c f   MSVCRT:utility.obj
 0001:0000c778       __scrt_initialize_onexit_tables 000000014000d778 f   MSVCRT:utility.obj
 0001:0000c858       __scrt_is_nonwritable_in_current_image 000000014000d858 f   MSVCRT:utility.obj
 0001:0000c8f4       __scrt_release_startup_lock 000000014000d8f4 f   MSVCRT:utility.obj
 0001:0000c918       __scrt_uninitialize_crt    000000014000d918 f   MSVCRT:utility.obj
 0001:0000c944       _onexit                    000000014000d944 f   MSVCRT:utility.obj
 0001:0000c994       atexit                     000000014000d994 f   MSVCRT:utility.obj
 0001:0000c9ac       ??3@YAXPEAX_K@Z            000000014000d9ac f   MSVCRT:delete_scalar_size.obj
 0001:0000c9b4       ??_Etype_info@@UEAAPEAXI@Z 000000014000d9b4 f i MSVCRT:std_type_info_static.obj
 0001:0000c9b4       ??_Gtype_info@@UEAAPEAXI@Z 000000014000d9b4 f i MSVCRT:std_type_info_static.obj
 0001:0000cc48       mainCRTStartup             000000014000dc48 f   MSVCRT:exe_main.obj
 0001:0000cc5c       _guard_check_icall         000000014000dc5c f i MSVCRT:checkcfg.obj
 0001:0000cc64       __raise_securityfailure    000000014000dc64 f   MSVCRT:gs_report.obj
 0001:0000cc98       __report_gsfailure         000000014000dc98 f   MSVCRT:gs_report.obj
 0001:0000cde0       ??0bad_alloc@std@@QEAA@AEBV01@@Z 000000014000dde0 f i MSVCRT:throw_bad_alloc.obj
 0001:0000ce20       ??0bad_alloc@std@@QEAA@XZ  000000014000de20 f i MSVCRT:throw_bad_alloc.obj
 0001:0000ce40       ??0bad_array_new_length@std@@QEAA@AEBV01@@Z 000000014000de40 f i MSVCRT:throw_bad_alloc.obj
 0001:0000ce80       ??0bad_array_new_length@std@@QEAA@XZ 000000014000de80 f i MSVCRT:throw_bad_alloc.obj
 0001:0000cea0       ??1bad_alloc@std@@UEAA@XZ  000000014000dea0 f i MSVCRT:throw_bad_alloc.obj
 0001:0000cea0       ??1bad_array_new_length@std@@UEAA@XZ 000000014000dea0 f i MSVCRT:throw_bad_alloc.obj
 0001:0000ceb4       ??_Gbad_alloc@std@@UEAAPEAXI@Z 000000014000deb4 f i MSVCRT:throw_bad_alloc.obj
 0001:0000ceb4       ??_Gbad_array_new_length@std@@UEAAPEAXI@Z 000000014000deb4 f i MSVCRT:throw_bad_alloc.obj
 0001:0000ceb4       ??_Ebad_array_new_length@std@@UEAAPEAXI@Z 000000014000deb4 f i MSVCRT:throw_bad_alloc.obj
 0001:0000ceb4       ??_Ebad_alloc@std@@UEAAPEAXI@Z 000000014000deb4 f i MSVCRT:throw_bad_alloc.obj
 0001:0000cef8       ?__scrt_throw_std_bad_alloc@@YAXXZ 000000014000def8 f   MSVCRT:throw_bad_alloc.obj
 0001:0000cf18       ?__scrt_throw_std_bad_array_new_length@@YAXXZ 000000014000df18 f   MSVCRT:throw_bad_alloc.obj
 0001:0000cf38       __isa_available_init       000000014000df38 f   MSVCRT:_cpu_disp_.obj
 0001:0000d0f4       _get_startup_argv_mode     000000014000e0f4 f   MSVCRT:argv_mode.obj
 0001:0000d0fc       __scrt_is_ucrt_dll_in_use  000000014000e0fc f   MSVCRT:ucrt_detection.obj
 0001:0000d108       __crt_debugger_hook        000000014000e108 f   MSVCRT:utility_desktop.obj
 0001:0000d110       __scrt_fastfail            000000014000e110 f   MSVCRT:utility_desktop.obj
 0001:0000d25c       __scrt_is_managed_app      000000014000e25c f   MSVCRT:utility_desktop.obj
 0001:0000d2b0       __scrt_set_unhandled_exception_filter 000000014000e2b0 f   MSVCRT:utility_desktop.obj
 0001:0000d2c0       __scrt_unhandled_exception_filter 000000014000e2c0 f   MSVCRT:utility_desktop.obj
 0001:0000d2f8       ??3@YAXPEAX@Z              000000014000e2f8 f   MSVCRT:delete_scalar.obj
 0001:0000d300       __security_init_cookie     000000014000e300 f   MSVCRT:gs_support.obj
 0001:0000d3b0       _get_startup_file_mode     000000014000e3b0 f   MSVCRT:file_mode.obj
 0001:0000d3b8       _get_startup_thread_locale_mode 000000014000e3b8 f   MSVCRT:thread_locale.obj
 0001:0000d3b8       _get_startup_new_mode      000000014000e3b8 f   MSVCRT:new_mode.obj
 0001:0000d3b8       __scrt_initialize_winrt    000000014000e3b8 f   MSVCRT:utility_desktop.obj
 0001:0000d3b8       _matherr                   000000014000e3b8 f   MSVCRT:matherr.obj
 0001:0000d3b8       _get_startup_commit_mode   000000014000e3b8 f   MSVCRT:commit_mode.obj
 0001:0000d3bc       ?__scrt_initialize_type_info@@YAXXZ 000000014000e3bc f   MSVCRT:tncleanup.obj
 0001:0000d3cc       _initialize_invalid_parameter_handler 000000014000e3cc f   MSVCRT:invalid_parameter_handler.obj
 0001:0000d3cc       _guard_check_icall_nop     000000014000e3cc f   MSVCRT:guard_support.obj
 0001:0000d3cc       _initialize_denormal_control 000000014000e3cc f   MSVCRT:denormal_control.obj
 0001:0000d3d0       __local_stdio_printf_options 000000014000e3d0 f i MSVCRT:default_local_stdio_options.obj
 0001:0000d3d8       __local_stdio_scanf_options 000000014000e3d8 f i MSVCRT:default_local_stdio_options.obj
 0001:0000d3e0       __scrt_initialize_default_local_stdio_options 000000014000e3e0 f   MSVCRT:default_local_stdio_options.obj
 0001:0000d3fc       __scrt_is_user_matherr_present 000000014000e3fc f   MSVCRT:matherr_detection.obj
 0001:0000d408       __scrt_get_dyn_tls_init_callback 000000014000e408 f   MSVCRT:dyn_tls_init.obj
 0001:0000d410       __scrt_get_dyn_tls_dtor_callback 000000014000e410 f   MSVCRT:dyn_tls_dtor.obj
 0001:0000d418       _RTC_Initialize            000000014000e418 f   MSVCRT:_initsect_.obj
 0001:0000d464       _RTC_Terminate             000000014000e464 f   MSVCRT:_initsect_.obj
 0001:0000d4b0       __CxxFrameHandler3         000000014000e4b0 f   vcruntime:VCRUNTIME140.dll
 0001:0000d4b6       __std_exception_destroy    000000014000e4b6 f   vcruntime:VCRUNTIME140.dll
 0001:0000d4bc       __std_exception_copy       000000014000e4bc f   vcruntime:VCRUNTIME140.dll
 0001:0000d4c2       __std_terminate            000000014000e4c2 f   vcruntime:VCRUNTIME140.dll
 0001:0000d4c8       __C_specific_handler       000000014000e4c8 f   vcruntime:VCRUNTIME140.dll
 0001:0000d4ce       _CxxThrowException         000000014000e4ce f   vcruntime:VCRUNTIME140.dll
 0001:0000d4d4       memset                     000000014000e4d4 f   vcruntime:VCRUNTIME140.dll
 0001:0000d4da       _callnewh                  000000014000e4da f   ucrt:api-ms-win-crt-heap-l1-1-0.dll
 0001:0000d4e0       malloc                     000000014000e4e0 f   ucrt:api-ms-win-crt-heap-l1-1-0.dll
 0001:0000d4e6       _configure_narrow_argv     000000014000e4e6 f   ucrt:api-ms-win-crt-runtime-l1-1-0.dll
 0001:0000d4ec       _initialize_narrow_environment 000000014000e4ec f   ucrt:api-ms-win-crt-runtime-l1-1-0.dll
 0001:0000d4f2       _initialize_onexit_table   000000014000e4f2 f   ucrt:api-ms-win-crt-runtime-l1-1-0.dll
 0001:0000d4f8       _register_onexit_function  000000014000e4f8 f   ucrt:api-ms-win-crt-runtime-l1-1-0.dll
 0001:0000d4fe       _crt_atexit                000000014000e4fe f   ucrt:api-ms-win-crt-runtime-l1-1-0.dll
 0001:0000d504       _cexit                     000000014000e504 f   ucrt:api-ms-win-crt-runtime-l1-1-0.dll
 0001:0000d50a       _seh_filter_exe            000000014000e50a f   ucrt:api-ms-win-crt-runtime-l1-1-0.dll
 0001:0000d510       _set_app_type              000000014000e510 f   ucrt:api-ms-win-crt-runtime-l1-1-0.dll
 0001:0000d516       __setusermatherr           000000014000e516 f   ucrt:api-ms-win-crt-math-l1-1-0.dll
 0001:0000d51c       _get_initial_narrow_environment 000000014000e51c f   ucrt:api-ms-win-crt-runtime-l1-1-0.dll
 0001:0000d522       _initterm                  000000014000e522 f   ucrt:api-ms-win-crt-runtime-l1-1-0.dll
 0001:0000d528       _initterm_e                000000014000e528 f   ucrt:api-ms-win-crt-runtime-l1-1-0.dll
 0001:0000d52e       exit                       000000014000e52e f   ucrt:api-ms-win-crt-runtime-l1-1-0.dll
 0001:0000d534       _exit                      000000014000e534 f   ucrt:api-ms-win-crt-runtime-l1-1-0.dll
 0001:0000d53a       _set_fmode                 000000014000e53a f   ucrt:api-ms-win-crt-stdio-l1-1-0.dll
 0001:0000d540       __p___argc                 000000014000e540 f   ucrt:api-ms-win-crt-runtime-l1-1-0.dll
 0001:0000d546       __p___argv                 000000014000e546 f   ucrt:api-ms-win-crt-runtime-l1-1-0.dll
 0001:0000d54c       _c_exit                    000000014000e54c f   ucrt:api-ms-win-crt-runtime-l1-1-0.dll
 0001:0000d552       _register_thread_local_exe_atexit_callback 000000014000e552 f   ucrt:api-ms-win-crt-runtime-l1-1-0.dll
 0001:0000d558       _configthreadlocale        000000014000e558 f   ucrt:api-ms-win-crt-locale-l1-1-0.dll
 0001:0000d55e       _set_new_mode              000000014000e55e f   ucrt:api-ms-win-crt-heap-l1-1-0.dll
 0001:0000d564       __p__commode               000000014000e564 f   ucrt:api-ms-win-crt-stdio-l1-1-0.dll
 0001:0000d56a       terminate                  000000014000e56a f   ucrt:api-ms-win-crt-runtime-l1-1-0.dll
 0001:0000d570       free                       000000014000e570 f   ucrt:api-ms-win-crt-heap-l1-1-0.dll
 0001:0000d576       IsProcessorFeaturePresent  000000014000e576 f   kernel32:KERNEL32.dll
 0001:0000d57c       __vcrt_uninitialize        000000014000e57c f   MSVCRT:ucrt_stubs.obj
 0001:0000d57c       __scrt_stub_for_acrt_initialize 000000014000e57c f   MSVCRT:ucrt_stubs.obj
 0001:0000d57c       _should_initialize_environment 000000014000e57c f   MSVCRT:env_mode.obj
 0001:0000d57c       __scrt_stub_for_acrt_uninitialize 000000014000e57c f   MSVCRT:ucrt_stubs.obj
 0001:0000d57c       __vcrt_initialize          000000014000e57c f   MSVCRT:ucrt_stubs.obj
 0001:0000d57c       __acrt_uninitialize        000000014000e57c f   MSVCRT:ucrt_stubs.obj
 0001:0000d57c       __acrt_initialize          000000014000e57c f   MSVCRT:ucrt_stubs.obj
 0001:0000d580       __GSHandlerCheck           000000014000e580 f   MSVCRT:_gshandler_.obj
 0001:0000d5a0       __GSHandlerCheckCommon     000000014000e5a0 f   MSVCRT:_gshandler_.obj
 0001:0000d5fc       __GSHandlerCheck_EH        000000014000e5fc f   MSVCRT:gshandlereh.obj
 0001:0000d67b       memcmp                     000000014000e67b f   vcruntime:VCRUNTIME140.dll
 0001:0000d681       memcpy                     000000014000e681 f   vcruntime:VCRUNTIME140.dll
 0001:0000d6a0       _guard_dispatch_icall_nop  000000014000e6a0 f   MSVCRT:_guard_dispatch_.obj
 0001:0000d6c0       __guard_ss_verify_failure  000000014000e6c0 f   MSVCRT:_rfgfailure_.obj
 0001:0000d6cb       __guard_ss_verify_failure_rcx 000000014000e6cb     MSVCRT:_rfgfailure_.obj
 0001:0000d6d1       __guard_ss_verify_failure_rdx 000000014000e6d1     MSVCRT:_rfgfailure_.obj
 0001:0000d6d7       __guard_ss_verify_failure_r8 000000014000e6d7     MSVCRT:_rfgfailure_.obj
 0001:0000d6dd       __guard_ss_verify_failure_r9 000000014000e6dd     MSVCRT:_rfgfailure_.obj
 0001:0000d6e3       __guard_ss_verify_failure_r10 000000014000e6e3     MSVCRT:_rfgfailure_.obj
 0001:0000d6f0       __guard_ss_verify_failure_default 000000014000e6f0 f   MSVCRT:_rfgfailure_.obj
 0001:0000d750       __guard_ss_verify_sp       000000014000e750 f   MSVCRT:_rfgfailure_.obj
 0001:0000d760       __guard_ss_verify_sp_default 000000014000e760 f   MSVCRT:_rfgfailure_.obj
 0002:00000000       __imp_RtlCaptureContext    0000000140010000     kernel32:KERNEL32.dll
 0002:00000008       __imp_RtlLookupFunctionEntry 0000000140010008     kernel32:KERNEL32.dll
 0002:00000010       __imp_SetConsoleTextAttribute 0000000140010010     kernel32:KERNEL32.dll
 0002:00000018       __imp_GetStdHandle         0000000140010018     kernel32:KERNEL32.dll
 0002:00000020       __imp_GetConsoleCursorInfo 0000000140010020     kernel32:KERNEL32.dll
 0002:00000028       __imp_Sleep                0000000140010028     kernel32:KERNEL32.dll
 0002:00000030       __imp_SetConsoleCursorInfo 0000000140010030     kernel32:KERNEL32.dll
 0002:00000038       __imp_CreateDirectoryA     0000000140010038     kernel32:KERNEL32.dll
 0002:00000040       __imp_GetSystemTime        0000000140010040     kernel32:KERNEL32.dll
 0002:00000048       __imp_GetCurrentProcessId  0000000140010048     kernel32:KERNEL32.dll
 0002:00000050       __imp_QueryPerformanceCounter 0000000140010050     kernel32:KERNEL32.dll
 0002:00000058       __imp_GetModuleHandleW     0000000140010058     kernel32:KERNEL32.dll
 0002:00000060       __imp_IsDebuggerPresent    0000000140010060     kernel32:KERNEL32.dll
 0002:00000068       __imp_IsProcessorFeaturePresent 0000000140010068     kernel32:KERNEL32.dll
 0002:00000070       __imp_TerminateProcess     0000000140010070     kernel32:KERNEL32.dll
 0002:00000078       __imp_GetCurrentProcess    0000000140010078     kernel32:KERNEL32.dll
 0002:00000080       __imp_SetUnhandledExceptionFilter 0000000140010080     kernel32:KERNEL32.dll
 0002:00000088       __imp_UnhandledExceptionFilter 0000000140010088     kernel32:KERNEL32.dll
 0002:00000090       __imp_GetSystemTimeAsFileTime 0000000140010090     kernel32:KERNEL32.dll
 0002:00000098       __imp_InitializeSListHead  0000000140010098     kernel32:KERNEL32.dll
 0002:000000a0       __imp_RtlVirtualUnwind     00000001400100a0     kernel32:KERNEL32.dll
 0002:000000a8       __imp_GetCurrentThreadId   00000001400100a8     kernel32:KERNEL32.dll
 0002:000000b0       \177KERNEL32_NULL_THUNK_DATA 00000001400100b0     kernel32:KERNEL32.dll
 0002:000000b8       __imp_?_Ipfx@?$basic_istream@DU?$char_traits@D@std@@@std@@QEAA_N_N@Z 00000001400100b8     msvcprt:MSVCP140.dll
 0002:000000c0       __imp_?snextc@?$basic_streambuf@DU?$char_traits@D@std@@@std@@QEAAHXZ 00000001400100c0     msvcprt:MSVCP140.dll
 0002:000000c8       __imp_?sputn@?$basic_streambuf@DU?$char_traits@D@std@@@std@@QEAA_JPEBD_J@Z 00000001400100c8     msvcprt:MSVCP140.dll
 0002:000000d0       __imp_?put@?$basic_ostream@DU?$char_traits@D@std@@@std@@QEAAAEAV12@D@Z 00000001400100d0     msvcprt:MSVCP140.dll
 0002:000000d8       __imp_?_Getcat@?$codecvt@DDU_Mbstatet@@@std@@SA_KPEAPEBVfacet@locale@2@PEBV42@@Z 00000001400100d8     msvcprt:MSVCP140.dll
 0002:000000e0       __imp_?sbumpc@?$basic_streambuf@DU?$char_traits@D@std@@@std@@QEAAHXZ 00000001400100e0     msvcprt:MSVCP140.dll
 0002:000000e8       __imp_?sgetc@?$basic_streambuf@DU?$char_traits@D@std@@@std@@QEAAHXZ 00000001400100e8     msvcprt:MSVCP140.dll
 0002:000000f0       __imp_?widen@?$basic_ios@DU?$char_traits@D@std@@@std@@QEBADD@Z 00000001400100f0     msvcprt:MSVCP140.dll
 0002:000000f8       __imp_?sputc@?$basic_streambuf@DU?$char_traits@D@std@@@std@@QEAAHD@Z 00000001400100f8     msvcprt:MSVCP140.dll
 0002:00000100       __imp_??0?$basic_streambuf@DU?$char_traits@D@std@@@std@@IEAA@XZ 0000000140010100     msvcprt:MSVCP140.dll
 0002:00000108       __imp_?getloc@?$basic_streambuf@DU?$char_traits@D@std@@@std@@QEBA?AVlocale@2@XZ 0000000140010108     msvcprt:MSVCP140.dll
 0002:00000110       __imp_?_Init@?$basic_streambuf@DU?$char_traits@D@std@@@std@@IEAAXXZ 0000000140010110     msvcprt:MSVCP140.dll
 0002:00000118       __imp_?_Osfx@?$basic_ostream@DU?$char_traits@D@std@@@std@@QEAAXXZ 0000000140010118     msvcprt:MSVCP140.dll
 0002:00000120       __imp_?unshift@?$codecvt@DDU_Mbstatet@@@std@@QEBAHAEAU_Mbstatet@@PEAD1AEAPEAD@Z 0000000140010120     msvcprt:MSVCP140.dll
 0002:00000128       __imp_?clear@?$basic_ios@DU?$char_traits@D@std@@@std@@QEAAXH_N@Z 0000000140010128     msvcprt:MSVCP140.dll
 0002:00000130       __imp_?setstate@?$basic_ios@DU?$char_traits@D@std@@@std@@QEAAXH_N@Z 0000000140010130     msvcprt:MSVCP140.dll
 0002:00000138       __imp_??0?$basic_ios@DU?$char_traits@D@std@@@std@@IEAA@XZ 0000000140010138     msvcprt:MSVCP140.dll
 0002:00000140       __imp_?_Random_device@std@@YAIXZ 0000000140010140     msvcprt:MSVCP140.dll
 0002:00000148       __imp_??0?$basic_istream@DU?$char_traits@D@std@@@std@@QEAA@PEAV?$basic_streambuf@DU?$char_traits@D@std@@@1@_N@Z 0000000140010148     msvcprt:MSVCP140.dll
 0002:00000150       __imp_??0?$basic_ostream@DU?$char_traits@D@std@@@std@@QEAA@PEAV?$basic_streambuf@DU?$char_traits@D@std@@@1@_N@Z 0000000140010150     msvcprt:MSVCP140.dll
 0002:00000158       __imp_??0?$basic_iostream@DU?$char_traits@D@std@@@std@@QEAA@PEAV?$basic_streambuf@DU?$char_traits@D@std@@@1@@Z 0000000140010158     msvcprt:MSVCP140.dll
 0002:00000160       __imp_?in@?$codecvt@DDU_Mbstatet@@@std@@QEBAHAEAU_Mbstatet@@PEBD1AEAPEBDPEAD3AEAPEAD@Z 0000000140010160     msvcprt:MSVCP140.dll
 0002:00000168       __imp_?out@?$codecvt@DDU_Mbstatet@@@std@@QEBAHAEAU_Mbstatet@@PEBD1AEAPEBDPEAD3AEAPEAD@Z 0000000140010168     msvcprt:MSVCP140.dll
 0002:00000170       __imp_??1?$basic_ios@DU?$char_traits@D@std@@@std@@UEAA@XZ 0000000140010170     msvcprt:MSVCP140.dll
 0002:00000178       __imp_??1?$basic_streambuf@DU?$char_traits@D@std@@@std@@UEAA@XZ 0000000140010178     msvcprt:MSVCP140.dll
 0002:00000180       __imp_?_Lock@?$basic_streambuf@DU?$char_traits@D@std@@@std@@UEAAXXZ 0000000140010180     msvcprt:MSVCP140.dll
 0002:00000188       __imp_?_Unlock@?$basic_streambuf@DU?$char_traits@D@std@@@std@@UEAAXXZ 0000000140010188     msvcprt:MSVCP140.dll
 0002:00000190       __imp_?showmanyc@?$basic_streambuf@DU?$char_traits@D@std@@@std@@MEAA_JXZ 0000000140010190     msvcprt:MSVCP140.dll
 0002:00000198       __imp_?uflow@?$basic_streambuf@DU?$char_traits@D@std@@@std@@MEAAHXZ 0000000140010198     msvcprt:MSVCP140.dll
 0002:000001a0       __imp_?xsgetn@?$basic_streambuf@DU?$char_traits@D@std@@@std@@MEAA_JPEAD_J@Z 00000001400101a0     msvcprt:MSVCP140.dll
 0002:000001a8       __imp_?xsputn@?$basic_streambuf@DU?$char_traits@D@std@@@std@@MEAA_JPEBD_J@Z 00000001400101a8     msvcprt:MSVCP140.dll
 0002:000001b0       __imp_?setbuf@?$basic_streambuf@DU?$char_traits@D@std@@@std@@MEAAPEAV12@PEAD_J@Z 00000001400101b0     msvcprt:MSVCP140.dll
 0002:000001b8       __imp_?sync@?$basic_streambuf@DU?$char_traits@D@std@@@std@@MEAAHXZ 00000001400101b8     msvcprt:MSVCP140.dll
 0002:000001c0       __imp_?imbue@?$basic_streambuf@DU?$char_traits@D@std@@@std@@MEAAXAEBVlocale@2@@Z 00000001400101c0     msvcprt:MSVCP140.dll
 0002:000001c8       __imp_??1?$basic_istream@DU?$char_traits@D@std@@@std@@UEAA@XZ 00000001400101c8     msvcprt:MSVCP140.dll
 0002:000001d0       __imp_??1?$basic_ostream@DU?$char_traits@D@std@@@std@@UEAA@XZ 00000001400101d0     msvcprt:MSVCP140.dll
 0002:000001d8       __imp_??6?$basic_ostream@DU?$char_traits@D@std@@@std@@QEAAAEAV01@P6AAEAV01@AEAV01@@Z@Z 00000001400101d8     msvcprt:MSVCP140.dll
 0002:000001e0       __imp_??6?$basic_ostream@DU?$char_traits@D@std@@@std@@QEAAAEAV01@G@Z 00000001400101e0     msvcprt:MSVCP140.dll
 0002:000001e8       __imp_??6?$basic_ostream@DU?$char_traits@D@std@@@std@@QEAAAEAV01@H@Z 00000001400101e8     msvcprt:MSVCP140.dll
 0002:000001f0       __imp_?flush@?$basic_ostream@DU?$char_traits@D@std@@@std@@QEAAAEAV12@XZ 00000001400101f0     msvcprt:MSVCP140.dll
 0002:000001f8       __imp_??1?$basic_iostream@DU?$char_traits@D@std@@@std@@UEAA@XZ 00000001400101f8     msvcprt:MSVCP140.dll
 0002:00000200       __imp_?getloc@ios_base@std@@QEBA?AVlocale@2@XZ 0000000140010200     msvcprt:MSVCP140.dll
 0002:00000208       __imp_?_Getcat@?$ctype@D@std@@SA_KPEAPEBVfacet@locale@2@PEBV42@@Z 0000000140010208     msvcprt:MSVCP140.dll
 0002:00000210       __imp_?always_noconv@codecvt_base@std@@QEBA_NXZ 0000000140010210     msvcprt:MSVCP140.dll
 0002:00000218       __imp_??Bid@locale@std@@QEAA_KXZ 0000000140010218     msvcprt:MSVCP140.dll
 0002:00000220       __imp_?id@?$ctype@D@std@@2V0locale@2@A 0000000140010220     msvcprt:MSVCP140.dll
 0002:00000228       __imp_?_Fiopen@std@@YAPEAU_iobuf@@PEBDHH@Z 0000000140010228     msvcprt:MSVCP140.dll
 0002:00000230       __imp_?id@?$codecvt@DDU_Mbstatet@@@std@@2V0locale@2@A 0000000140010230     msvcprt:MSVCP140.dll
 0002:00000238       __imp_?_BADOFF@std@@3_JB   0000000140010238     msvcprt:MSVCP140.dll
 0002:00000240       __imp_?_Xout_of_range@std@@YAXPEBD@Z 0000000140010240     msvcprt:MSVCP140.dll
 0002:00000248       __imp_?_Xbad_alloc@std@@YAXXZ 0000000140010248     msvcprt:MSVCP140.dll
 0002:00000250       __imp_?cin@std@@3V?$basic_istream@DU?$char_traits@D@std@@@1@A 0000000140010250     msvcprt:MSVCP140.dll
 0002:00000258       __imp_?_Getgloballocale@locale@std@@CAPEAV_Locimp@12@XZ 0000000140010258     msvcprt:MSVCP140.dll
 0002:00000260       __imp_?cout@std@@3V?$basic_ostream@DU?$char_traits@D@std@@@1@A 0000000140010260     msvcprt:MSVCP140.dll
 0002:00000268       __imp_?uncaught_exceptions@std@@YAHXZ 0000000140010268     msvcprt:MSVCP140.dll
 0002:00000270       __imp_??0_Lockit@std@@QEAA@H@Z 0000000140010270     msvcprt:MSVCP140.dll
 0002:00000278       __imp_??1_Lockit@std@@QEAA@XZ 0000000140010278     msvcprt:MSVCP140.dll
 0002:00000280       __imp_?_Xlength_error@std@@YAXPEBD@Z 0000000140010280     msvcprt:MSVCP140.dll
 0002:00000288       \177MSVCP140_NULL_THUNK_DATA 0000000140010288     msvcprt:MSVCP140.dll
 0002:00000290       __imp_memset               0000000140010290     vcruntime:VCRUNTIME140.dll
 0002:00000298       __imp__CxxThrowException   0000000140010298     vcruntime:VCRUNTIME140.dll
 0002:000002a0       __imp___C_specific_handler 00000001400102a0     vcruntime:VCRUNTIME140.dll
 0002:000002a8       __imp___std_terminate      00000001400102a8     vcruntime:VCRUNTIME140.dll
 0002:000002b0       __imp_memchr               00000001400102b0     vcruntime:VCRUNTIME140.dll
 0002:000002b8       __imp___std_exception_copy 00000001400102b8     vcruntime:VCRUNTIME140.dll
 0002:000002c0       __imp_memmove              00000001400102c0     vcruntime:VCRUNTIME140.dll
 0002:000002c8       __imp___std_exception_destroy 00000001400102c8     vcruntime:VCRUNTIME140.dll
 0002:000002d0       __imp___CxxFrameHandler3   00000001400102d0     vcruntime:VCRUNTIME140.dll
 0002:000002d8       __imp_memcpy               00000001400102d8     vcruntime:VCRUNTIME140.dll
 0002:000002e0       __imp_memcmp               00000001400102e0     vcruntime:VCRUNTIME140.dll
 0002:000002e8       \177VCRUNTIME140_NULL_THUNK_DATA 00000001400102e8     vcruntime:VCRUNTIME140.dll
 0002:000002f0       __imp_PlaySoundA           00000001400102f0     winmm:WINMM.dll
 0002:000002f8       \177WINMM_NULL_THUNK_DATA  00000001400102f8     winmm:WINMM.dll
 0002:00000300       __imp_atoi                 0000000140010300     ucrt:api-ms-win-crt-convert-l1-1-0.dll
 0002:00000308       \177api-ms-win-crt-convert-l1-1-0_NULL_THUNK_DATA 0000000140010308     ucrt:api-ms-win-crt-convert-l1-1-0.dll
 0002:00000310       __imp__access              0000000140010310     ucrt:api-ms-win-crt-filesystem-l1-1-0.dll
 0002:00000318       __imp_remove               0000000140010318     ucrt:api-ms-win-crt-filesystem-l1-1-0.dll
 0002:00000320       __imp__unlock_file         0000000140010320     ucrt:api-ms-win-crt-filesystem-l1-1-0.dll
 0002:00000328       __imp__lock_file           0000000140010328     ucrt:api-ms-win-crt-filesystem-l1-1-0.dll
 0002:00000330       \177api-ms-win-crt-filesystem-l1-1-0_NULL_THUNK_DATA 0000000140010330     ucrt:api-ms-win-crt-filesystem-l1-1-0.dll
 0002:00000338       __imp__callnewh            0000000140010338     ucrt:api-ms-win-crt-heap-l1-1-0.dll
 0002:00000340       __imp_malloc               0000000140010340     ucrt:api-ms-win-crt-heap-l1-1-0.dll
 0002:00000348       __imp__set_new_mode        0000000140010348     ucrt:api-ms-win-crt-heap-l1-1-0.dll
 0002:00000350       __imp_free                 0000000140010350     ucrt:api-ms-win-crt-heap-l1-1-0.dll
 0002:00000358       \177api-ms-win-crt-heap-l1-1-0_NULL_THUNK_DATA 0000000140010358     ucrt:api-ms-win-crt-heap-l1-1-0.dll
 0002:00000360       __imp__configthreadlocale  0000000140010360     ucrt:api-ms-win-crt-locale-l1-1-0.dll
 0002:00000368       __imp_setlocale            0000000140010368     ucrt:api-ms-win-crt-locale-l1-1-0.dll
 0002:00000370       \177api-ms-win-crt-locale-l1-1-0_NULL_THUNK_DATA 0000000140010370     ucrt:api-ms-win-crt-locale-l1-1-0.dll
 0002:00000378       __imp___setusermatherr     0000000140010378     ucrt:api-ms-win-crt-math-l1-1-0.dll
 0002:00000380       \177api-ms-win-crt-math-l1-1-0_NULL_THUNK_DATA 0000000140010380     ucrt:api-ms-win-crt-math-l1-1-0.dll
 0002:00000388       __imp__cexit               0000000140010388     ucrt:api-ms-win-crt-runtime-l1-1-0.dll
 0002:00000390       __imp__errno               0000000140010390     ucrt:api-ms-win-crt-runtime-l1-1-0.dll
 0002:00000398       __imp__set_app_type        0000000140010398     ucrt:api-ms-win-crt-runtime-l1-1-0.dll
 0002:000003a0       __imp__initialize_onexit_table 00000001400103a0     ucrt:api-ms-win-crt-runtime-l1-1-0.dll
 0002:000003a8       __imp__get_initial_narrow_environment 00000001400103a8     ucrt:api-ms-win-crt-runtime-l1-1-0.dll
 0002:000003b0       __imp__initterm            00000001400103b0     ucrt:api-ms-win-crt-runtime-l1-1-0.dll
 0002:000003b8       __imp__initterm_e          00000001400103b8     ucrt:api-ms-win-crt-runtime-l1-1-0.dll
 0002:000003c0       __imp_exit                 00000001400103c0     ucrt:api-ms-win-crt-runtime-l1-1-0.dll
 0002:000003c8       __imp__crt_atexit          00000001400103c8     ucrt:api-ms-win-crt-runtime-l1-1-0.dll
 0002:000003d0       __imp__initialize_narrow_environment 00000001400103d0     ucrt:api-ms-win-crt-runtime-l1-1-0.dll
 0002:000003d8       __imp___p___argc           00000001400103d8     ucrt:api-ms-win-crt-runtime-l1-1-0.dll
 0002:000003e0       __imp___p___argv           00000001400103e0     ucrt:api-ms-win-crt-runtime-l1-1-0.dll
 0002:000003e8       __imp__c_exit              00000001400103e8     ucrt:api-ms-win-crt-runtime-l1-1-0.dll
 0002:000003f0       __imp__register_thread_local_exe_atexit_callback 00000001400103f0     ucrt:api-ms-win-crt-runtime-l1-1-0.dll
 0002:000003f8       __imp__configure_narrow_argv 00000001400103f8     ucrt:api-ms-win-crt-runtime-l1-1-0.dll
 0002:00000400       __imp__invalid_parameter_noinfo_noreturn 0000000140010400     ucrt:api-ms-win-crt-runtime-l1-1-0.dll
 0002:00000408       __imp_terminate            0000000140010408     ucrt:api-ms-win-crt-runtime-l1-1-0.dll
 0002:00000410       __imp_system               0000000140010410     ucrt:api-ms-win-crt-runtime-l1-1-0.dll
 0002:00000418       __imp__exit                0000000140010418     ucrt:api-ms-win-crt-runtime-l1-1-0.dll
 0002:00000420       __imp__invalid_parameter_noinfo 0000000140010420     ucrt:api-ms-win-crt-runtime-l1-1-0.dll
 0002:00000428       __imp__register_onexit_function 0000000140010428     ucrt:api-ms-win-crt-runtime-l1-1-0.dll
 0002:00000430       __imp__seh_filter_exe      0000000140010430     ucrt:api-ms-win-crt-runtime-l1-1-0.dll
 0002:00000438       \177api-ms-win-crt-runtime-l1-1-0_NULL_THUNK_DATA 0000000140010438     ucrt:api-ms-win-crt-runtime-l1-1-0.dll
 0002:00000440       __imp_ungetc               0000000140010440     ucrt:api-ms-win-crt-stdio-l1-1-0.dll
 0002:00000448       __imp_fgetpos              0000000140010448     ucrt:api-ms-win-crt-stdio-l1-1-0.dll
 0002:00000450       __imp_setvbuf              0000000140010450     ucrt:api-ms-win-crt-stdio-l1-1-0.dll
 0002:00000458       __imp___p__commode         0000000140010458     ucrt:api-ms-win-crt-stdio-l1-1-0.dll
 0002:00000460       __imp__set_fmode           0000000140010460     ucrt:api-ms-win-crt-stdio-l1-1-0.dll
 0002:00000468       __imp__get_stream_buffer_pointers 0000000140010468     ucrt:api-ms-win-crt-stdio-l1-1-0.dll
 0002:00000470       __imp__fseeki64            0000000140010470     ucrt:api-ms-win-crt-stdio-l1-1-0.dll
 0002:00000478       __imp_fsetpos              0000000140010478     ucrt:api-ms-win-crt-stdio-l1-1-0.dll
 0002:00000480       __imp_fgetc                0000000140010480     ucrt:api-ms-win-crt-stdio-l1-1-0.dll
 0002:00000488       __imp_fputc                0000000140010488     ucrt:api-ms-win-crt-stdio-l1-1-0.dll
 0002:00000490       __imp_fwrite               0000000140010490     ucrt:api-ms-win-crt-stdio-l1-1-0.dll
 0002:00000498       __imp_fclose               0000000140010498     ucrt:api-ms-win-crt-stdio-l1-1-0.dll
 0002:000004a0       __imp_fflush               00000001400104a0     ucrt:api-ms-win-crt-stdio-l1-1-0.dll
 0002:000004a8       \177api-ms-win-crt-stdio-l1-1-0_NULL_THUNK_DATA 00000001400104a8     ucrt:api-ms-win-crt-stdio-l1-1-0.dll
 0002:000004b0       __imp__time64              00000001400104b0     ucrt:api-ms-win-crt-time-l1-1-0.dll
 0002:000004b8       \177api-ms-win-crt-time-l1-1-0_NULL_THUNK_DATA 00000001400104b8     ucrt:api-ms-win-crt-time-l1-1-0.dll
 0002:000004c0       __imp_rand                 00000001400104c0     ucrt:api-ms-win-crt-utility-l1-1-0.dll
 0002:000004c8       __imp_srand                00000001400104c8     ucrt:api-ms-win-crt-utility-l1-1-0.dll
 0002:000004d0       \177api-ms-win-crt-utility-l1-1-0_NULL_THUNK_DATA 00000001400104d0     ucrt:api-ms-win-crt-utility-l1-1-0.dll
 0002:000004d8       __imp_URLDownloadToFileA   00000001400104d8     urlmon:urlmon.dll
 0002:000004e0       \177urlmon_NULL_THUNK_DATA 00000001400104e0     urlmon:urlmon.dll
 0002:000004e8       __guard_check_icall_fptr   00000001400104e8     MSVCRT:guard_support.obj
 0002:000004f0       __guard_dispatch_icall_fptr 00000001400104f0     MSVCRT:guard_support.obj
 0002:000004f8       __guard_ss_verify_failure_fptr 00000001400104f8     MSVCRT:guard_support.obj
 0002:00000500       __guard_ss_verify_sp_fptr  0000000140010500     MSVCRT:guard_support.obj
 0002:00000508       __xc_a                     0000000140010508     MSVCRT:initializers.obj
 0002:00000528       __xc_z                     0000000140010528     MSVCRT:initializers.obj
 0002:00000530       __xi_a                     0000000140010530     MSVCRT:initializers.obj
 0002:00000548       __xi_z                     0000000140010548     MSVCRT:initializers.obj
 0002:00000550       __xp_a                     0000000140010550     MSVCRT:initializers.obj
 0002:00000558       __xp_z                     0000000140010558     MSVCRT:initializers.obj
 0002:00000560       __xt_a                     0000000140010560     MSVCRT:initializers.obj
 0002:00000568       __xt_z                     0000000140010568     MSVCRT:initializers.obj
 0002:000005a0       ??_7type_info@@6B@         00000001400105a0     MSVCRT:std_type_info_static.obj
 0002:000005c0       ??_7exception@std@@6B@     00000001400105c0     MSVCRT:throw_bad_alloc.obj
 0002:000005d8       ??_7bad_alloc@std@@6B@     00000001400105d8     MSVCRT:throw_bad_alloc.obj
 0002:000005e8       ??_C@_0P@GHFPNOJB@bad?5allocation?$AA@ 00000001400105e8     MSVCRT:throw_bad_alloc.obj
 0002:00000600       ??_7bad_array_new_length@std@@6B@ 0000000140010600     MSVCRT:throw_bad_alloc.obj
 0002:00000610       ??_C@_0BF@KINCDENJ@bad?5array?5new?5length?$AA@ 0000000140010610     MSVCRT:throw_bad_alloc.obj
 0002:00000628       ??_C@_0BC@EOODALEL@Unknown?5exception?$AA@ 0000000140010628     main.obj
 0002:00000640       ??_C@_08EPJLHIJG@bad?5cast?$AA@ 0000000140010640     main.obj
 0002:0000064c       ??_C@_06JGCGFIEG@polish?$AA@ 000000014001064c     main.obj
 0002:00000658       ??_C@_0P@GMFAENOC@log_og?slny?4txt?$AA@ 0000000140010658     main.obj
 0002:00000668       ??_C@_05PDJBBECF@pause?$AA@ 0000000140010668     main.obj
 0002:00000670       ??_C@_0DL@POFCNLON@Jak?$LJ?5opcje?5chcesz?5obstawi?f?$DP?5?$CIzgo@ 0000000140010670     main.obj
 0002:000006b0       ??_C@_0N@KLINIBPG@p?5?9?5parzyste?$AA@ 00000001400106b0     main.obj
 0002:000006c0       ??_C@_0BA@GNAADEAG@n?5?9?5nieparzyste?$AA@ 00000001400106c0     main.obj
 0002:000006d0       ??_C@_0BD@LEDAOJLK@r?5?9?5czerwone?5?$CIred?$CJ?$AA@ 00000001400106d0     main.obj
 0002:000006e8       ??_C@_0BD@EPLAAEJB@b?5?9?5czarne?5?$CIblack?$CJ?$AA@ 00000001400106e8     main.obj
 0002:00000700       ??_C@_0BB@FMNKHOJE@g?5?9?5g?srna?5po?$LDowa?$AA@ 0000000140010700     main.obj
 0002:00000718       ??_C@_0BB@CHNPGJIO@d?5?9?5dolna?5po?$LDowa?$AA@ 0000000140010718     main.obj
 0002:00000730       ??_C@_0CN@EJBDEIIK@k1?0?5k2?0?5k3?5?9?5kolumna?51?0?5kolumna?5@ 0000000140010730     main.obj
 0002:00000760       ??_C@_0CK@OAIPJBPB@w1?0?5w2?0?5?4?4?4?5?0?5w12?5?9?5wiersz?5trzec@ 0000000140010760     main.obj
 0002:00000790       ??_C@_0CN@CGIAAFPM@0?936?5?9?5pojedy?qcze?5pole?5o?5odpowie@ 0000000140010790     main.obj
 0002:000007c0       ??_C@_01JBBJJEPG@p?$AA@    00000001400107c0     main.obj
 0002:000007c4       ??_C@_01EFFIKLCJ@n?$AA@    00000001400107c4     main.obj
 0002:000007c8       ??_C@_01KDCPPGHE@r?$AA@    00000001400107c8     main.obj
 0002:000007cc       ??_C@_01OJONOECF@b?$AA@    00000001400107cc     main.obj
 0002:000007d0       ??_C@_01JEJKBAGA@g?$AA@    00000001400107d0     main.obj
 0002:000007d4       ??_C@_01LPLHEDKD@d?$AA@    00000001400107d4     main.obj
 0002:000007d8       ??_C@_02ICGBAFJO@k1?$AA@   00000001400107d8     main.obj
 0002:000007dc       ??_C@_02KJEMFGFN@k2?$AA@   00000001400107dc     main.obj
 0002:000007e0       ??_C@_02LAFHGHBM@k3?$AA@   00000001400107e0     main.obj
 0002:000007e4       ??_C@_02JHFNFPIK@w1?$AA@   00000001400107e4     main.obj
 0002:000007e8       ??_C@_02LMHAAMEJ@w2?$AA@   00000001400107e8     main.obj
 0002:000007ec       ??_C@_02KFGLDNAI@w3?$AA@   00000001400107ec     main.obj
 0002:000007f0       ??_C@_02OKCKKLMP@w4?$AA@   00000001400107f0     main.obj
 0002:000007f4       ??_C@_02PDDBJKIO@w5?$AA@   00000001400107f4     main.obj
 0002:000007f8       ??_C@_02NIBMMJEN@w6?$AA@   00000001400107f8     main.obj
 0002:000007fc       ??_C@_02MBAHPIAM@w7?$AA@   00000001400107fc     main.obj
 0002:00000800       ??_C@_02EGJPOEMD@w8?$AA@   0000000140010800     main.obj
 0002:00000804       ??_C@_02FPIENFIC@w9?$AA@   0000000140010804     main.obj
 0002:00000808       ??_C@_03NCLMABJC@w10?$AA@  0000000140010808     main.obj
 0002:0000080c       ??_C@_03MLKHDAND@w11?$AA@  000000014001080c     main.obj
 0002:00000810       ??_C@_03OAIKGDBA@w12?$AA@  0000000140010810     main.obj
 0002:00000814       ??_C@_01GBGANLPD@0?$AA@    0000000140010814     main.obj
 0002:00000818       ??_C@_01HIHLOKLC@1?$AA@    0000000140010818     main.obj
 0002:0000081c       ??_C@_01FDFGLJHB@2?$AA@    000000014001081c     main.obj
 0002:00000820       ??_C@_01EKENIIDA@3?$AA@    0000000140010820     main.obj
 0002:00000824       ??_C@_01FAMBOPH@4?$AA@     0000000140010824     main.obj
 0002:00000828       ??_C@_01BMBHCPLG@5?$AA@    0000000140010828     main.obj
 0002:0000082c       ??_C@_01DHDKHMHF@6?$AA@    000000014001082c     main.obj
 0002:00000830       ??_C@_01COCBENDE@7?$AA@    0000000140010830     main.obj
 0002:00000834       ??_C@_01KJLJFBPL@8?$AA@    0000000140010834     main.obj
 0002:00000838       ??_C@_01LAKCGALK@9?$AA@    0000000140010838     main.obj
 0002:0000083c       ??_C@_02PKFBJPLJ@10?$AA@   000000014001083c     main.obj
 0002:00000840       ??_C@_02ODEKKOPI@11?$AA@   0000000140010840     main.obj
 0002:00000844       ??_C@_02MIGHPNDL@12?$AA@   0000000140010844     main.obj
 0002:00000848       ??_C@_02NBHMMMHK@13?$AA@   0000000140010848     main.obj
 0002:0000084c       ??_C@_02JODNFKLN@14?$AA@   000000014001084c     main.obj
 0002:00000850       ??_C@_02IHCGGLPM@15?$AA@   0000000140010850     main.obj
 0002:00000854       ??_C@_02KMALDIDP@16?$AA@   0000000140010854     main.obj
 0002:00000858       ??_C@_02LFBAAJHO@17?$AA@   0000000140010858     main.obj
 0002:0000085c       ??_C@_02DCIIBFLB@18?$AA@   000000014001085c     main.obj
 0002:00000860       ??_C@_02CLJDCEPA@19?$AA@   0000000140010860     main.obj
 0002:00000864       ??_C@_02PIBHCBOA@20?$AA@   0000000140010864     main.obj
 0002:00000868       ??_C@_02OBAMBAKB@21?$AA@   0000000140010868     main.obj
 0002:0000086c       ??_C@_02MKCBEDGC@22?$AA@   000000014001086c     main.obj
 0002:00000870       ??_C@_02NDDKHCCD@23?$AA@   0000000140010870     main.obj
 0002:00000874       ??_C@_02JMHLOEOE@24?$AA@   0000000140010874     main.obj
 0002:00000878       ??_C@_02IFGANFKF@25?$AA@   0000000140010878     main.obj
 0002:0000087c       ??_C@_02KOENIGGG@26?$AA@   000000014001087c     main.obj
 0002:00000880       ??_C@_02LHFGLHCH@27?$AA@   0000000140010880     main.obj
 0002:00000884       ??_C@_02DAMOKLOI@28?$AA@   0000000140010884     main.obj
 0002:00000888       ??_C@_02CJNFJKKJ@29?$AA@   0000000140010888     main.obj
 0002:0000088c       ??_C@_02PJNFELNH@30?$AA@   000000014001088c     main.obj
 0002:00000890       ??_C@_02OAMOHKJG@31?$AA@   0000000140010890     main.obj
 0002:00000894       ??_C@_02MLODCJFF@32?$AA@   0000000140010894     main.obj
 0002:00000898       ??_C@_02NCPIBIBE@33?$AA@   0000000140010898     main.obj
 0002:0000089c       ??_C@_02JNLJIOND@34?$AA@   000000014001089c     main.obj
 0002:000008a0       ??_C@_02IEKCLPJC@35?$AA@   00000001400108a0     main.obj
 0002:000008a4       ??_C@_02KPIPOMFB@36?$AA@   00000001400108a4     main.obj
 0002:000008a8       ??_C@_0CF@MANFGHNE@$?0?5jak?$LJ?5kwot?$LJ?5chcesz?5obstawi?f?5wy@ 00000001400108a8     main.obj
 0002:000008d0       ??_C@_05OMMBNPEF@Masz?5?$AA@ 00000001400108d0     main.obj
 0002:000008d8       ??_C@_0CD@OGNPPNBN@Wprowadzi?$LDe?f?5nieprawid?$LDow?$LJ?5warto@ 00000001400108d8     main.obj
 0002:00000900       ??_C@_0CF@LJDHNEHM@Nie?5mo?$LPesz?5obstawi?f?5zerowego?5zak@ 0000000140010900     main.obj
 0002:00000928       ??_C@_0BI@CMKDFAEK@Nie?5masz?5tyle?5pieni?jdzy?$AA@ 0000000140010928     main.obj
 0002:00000940       ??_C@_0CJ@PMIHJCIC@Nie?5mo?$LPesz?5obstawi?f?5ujemn?$LJ?5kwot?$LJ@ 0000000140010940     main.obj
 0002:0000096c       ??_C@_02MGHEPNFN@?$AI?$AI?$AA@ 000000014001096c     main.obj
 0002:00000970       ??_C@_02KNHHEEKP@?5?5?$AA@ 0000000140010970     main.obj
 0002:00000978       ??_C@_0BC@IEHJKDDM@Wylosowano?5numer?5?$AA@ 0000000140010978     main.obj
 0002:0000098c       ??_C@_02KHOJGJKF@?4?5?$AA@ 000000014001098c     main.obj
 0002:00000990       ??_C@_02DEPNMBPN@$?4?$AA@  0000000140010990     main.obj
 0002:00000998       ??_C@_0CB@GINPHDN@Obstawi?$LDe?$JM?5poprawnie?0?5wygrywasz?5@ 0000000140010998     main.obj
 0002:000009c0       ??_C@_0EF@MDKBMGPE@Obstawi?$LDe?$JM?5niepoprawnie?5lecz?5uda@ 00000001400109c0     main.obj
 0002:00000a08       ??_C@_0CF@BAJKLKHM@Obstawi?$LDe?$JM?5niepoprawnie?0?5przegra@ 0000000140010a08     main.obj
 0002:00000a30       ??_C@_0CM@BIICBBPD@Nie?5mo?$LPesz?5kontynuowa?f?0?5przegra?$LD@ 0000000140010a30     main.obj
 0002:00000a60       ??_C@_0CO@DOCNGCMI@$?0?5czy?5chcesz?5grac?5dalej?5?$CI?8t?8?9ta@ 0000000140010a60     main.obj
 0002:00000a90       ??_C@_0BA@KCLBOCHC@Na?5koncie?5masz?5?$AA@ 0000000140010a90     main.obj
 0002:00000aa0       ??_C@_01PFHFFBPC@t?$AA@    0000000140010aa0     main.obj
 0002:00000aa4       ??_C@_03PFPKAEFD@tak?$AA@  0000000140010aa4     main.obj
 0002:00000aa8       ??_C@_03FFMIKLGN@Tak?$AA@  0000000140010aa8     main.obj
 0002:00000aac       ??_C@_03PIABMJCP@TAK?$AA@  0000000140010aac     main.obj
 0002:00000ab0       ??_C@_03FKMOMPJO@nie?$AA@  0000000140010ab0     main.obj
 0002:00000ab4       ??_C@_03PKPMGAKA@Nie?$AA@  0000000140010ab4     main.obj
 0002:00000ab8       ??_C@_03FHDFACOC@NIE?$AA@  0000000140010ab8     main.obj
 0002:00000abc       ??_C@_04IBLEHOMF@?4wav?$AA@ 0000000140010abc     main.obj
 0002:00000ac4       ??_C@_05PNHGCFLK@p?4wav?$AA@ 0000000140010ac4     main.obj
 0002:00000acc       ??_C@_05MEKKEGFB@n?4wav?$AA@ 0000000140010acc     main.obj
 0002:00000ad4       ??_C@_05LALOIELB@r?4wav?$AA@ 0000000140010ad4     main.obj
 0002:00000adc       ??_C@_05LDGIIGCK@b?4wav?$AA@ 0000000140010adc     main.obj
 0002:00000ae4       ??_C@_05ODKFBHJJ@g?4wav?$AA@ 0000000140010ae4     main.obj
 0002:00000aec       ??_C@_05GFDBGFDH@d?4wav?$AA@ 0000000140010aec     main.obj
 0002:00000af4       ??_C@_01DICPFPGM@k?$AA@    0000000140010af4     main.obj
 0002:00000af8       ??_C@_01NOFIACDB@w?$AA@    0000000140010af8     main.obj
 0002:00000b00       ??_C@_0BB@KLDNCCFE@log_aktualny?4txt?$AA@ 0000000140010b00     main.obj
 0002:00000b18       ??_C@_0DJ@EFIKGJBI@Uruchomiono?5ponownie?5gr?j?5z?5wy?$LD?$LJc@ 0000000140010b18     main.obj
 0002:00000b58       ??_C@_09LFKNBKJA@Posiadasz?$AA@ 0000000140010b58     main.obj
 0002:00000b68       ??_C@_0L@DAFLKCID@Wylosowano?$AA@ 0000000140010b68     main.obj
 0002:00000b78       ??_C@_0M@DIDIAOPI@?5Wylosowano?$AA@ 0000000140010b78     main.obj
 0002:00000b88       ??_C@_0BC@EAGHPBJK@Obstawiono?5zaklad?$AA@ 0000000140010b88     main.obj
 0002:00000ba0       ??_C@_0O@POHKAIHJ@Obstawiono?5za?$AA@ 0000000140010ba0     main.obj
 0002:00000bb0       ??_C@_0BE@CILJHICG@Gra?5rozpoczeta?5dnia?$AA@ 0000000140010bb0     main.obj
 0002:00000bc8       ??_C@_0N@KHLIPMCA@?5o?5godzinie?5?$AA@ 0000000140010bc8     main.obj
 0002:00000bd8       ??_C@_01LFCBOECM@?4?$AA@   0000000140010bd8     main.obj
 0002:00000be0       ??_C@_0BF@EHKBBICH@Gra?5rozpoczeta?5dnia?5?$AA@ 0000000140010be0     main.obj
 0002:00000bf8       ??_C@_01JLIPDDHJ@?3?$AA@   0000000140010bf8     main.obj
 0002:00000c00       ??_C@_0BK@PLEOEKGI@Nowa?5gra?5rozpoczeta?5dnia?5?$AA@ 0000000140010c00     main.obj
 0002:00000c20       ??_C@_0BB@GJELGIOA@Efekty_d?$JPwi?jkowe?$AA@ 0000000140010c20     main.obj
 0002:00000c38       ??_C@_0BN@JMMCOBLJ@Efekty_d?$JPwi?jkowe?1bankrut?4wav?$AA@ 0000000140010c38     main.obj
 0002:00000c58       ??_C@_0DC@DNDHBNPK@Rozpoczynam?5pobieranie?5brakuj?$LJcy@ 0000000140010c58     main.obj
 0002:00000c90       ??_C@_0FP@HCIMMKGN@https?3?1?1github?4com?1talez2709?1Rul@ 0000000140010c90     main.obj
 0002:00000cf0       ??_C@_0IB@GKCCNHLI@Brak?5plik?sw?5dla?5efekt?sw?5d?$JPwi?jkow@ 0000000140010cf0     main.obj
 0002:00000d78       ??_C@_0BO@OCGMENDH@Efekty_d?$JPwi?jkowe?1wygrana1?4wav?$AA@ 0000000140010d78     main.obj
 0002:00000da0       ??_C@_0GA@GDDMBFNB@https?3?1?1github?4com?1talez2709?1Rul@ 0000000140010da0     main.obj
 0002:00000e00       ??_C@_0BO@GEPIDPJJ@Efekty_d?$JPwi?jkowe?1wygrana2?4wav?$AA@ 0000000140010e00     main.obj
 0002:00000e20       ??_C@_0GA@OFKIGHHP@https?3?1?1github?4com?1talez2709?1Rul@ 0000000140010e20     main.obj
 0002:00000e80       ??_C@_0CF@PNMICDIM@Efekty_d?$JPwi?jkowe?1zwielokrotnenie@ 0000000140010e80     main.obj
 0002:00000eb0       ??_C@_0GH@BAJDCEKO@https?3?1?1github?4com?1talez2709?1Rul@ 0000000140010eb0     main.obj
 0002:00000f18       ??_C@_0CA@KILAJOJF@Pobrano?5brakuj?$LJce?5pliki?5efekt?sw?$AA@ 0000000140010f18     main.obj
 0002:00000f38       ??_C@_05CMOJBPHN@G?$LDos?1?$AA@ 0000000140010f38     main.obj
 0002:00000f40       ??_C@_05KFCKMKOB@Jacek?$AA@ 0000000140010f40     main.obj
 0002:00000f48       ??_C@_03FPCJKMNP@Ewa?$AA@  0000000140010f48     main.obj
 0002:00000f4c       ??_C@_04CDICBAGM@Maja?$AA@ 0000000140010f4c     main.obj
 0002:00000f54       ??_C@_03JIHJHPIE@Jan?$AA@  0000000140010f54     main.obj
 0002:00000f58       ??_C@_06DKNIKMFF@Jacek2?$AA@ 0000000140010f58     main.obj
 0002:00000f60       ??_C@_04PLEDLCJI@Ewa2?$AA@ 0000000140010f60     main.obj
 0002:00000f68       ??_C@_05KJFHPLBC@Maja2?$AA@ 0000000140010f68     main.obj
 0002:00000f70       ??_C@_04HDNGKDH@Jan2?$AA@  0000000140010f70     main.obj
 0002:00000f78       ??_C@_05NKPCGME@Agata?$AA@ 0000000140010f78     main.obj
 0002:00000f80       ??_C@_01IDAFKMJL@_?$AA@    0000000140010f80     main.obj
 0002:00000f84       ??_C@_01KMDKNFGN@?1?$AA@   0000000140010f84     main.obj
 0002:00000f90       ??_C@_0ED@KNLDKMLM@https?3?1?1github?4com?1talez2709?1Rul@ 0000000140010f90     main.obj
 0002:00000fd4       ??_C@_04JLFAMLOH@G?$LDos?$AA@ 0000000140010fd4     main.obj
 0002:00000fe0       ??_C@_0DB@JAANGCNE@Rozpoczynam?5pobieranie?5brakuj?$LJcy@ 0000000140010fe0     main.obj
 0002:00001020       ??_C@_0FC@DPJNGIHL@Brak?5plik?sw?5dla?5g?$LDosu?5oraz?5nie?5m@ 0000000140011020     main.obj
 0002:00001078       ??_C@_0BP@KIMEIPBM@Pobrano?5brakuj?$LJce?5pliki?5g?$LDos?sw?$AA@ 0000000140011078     main.obj
 0002:00001098       ??_C@_0M@COFBHHKL@setting?4txt?$AA@ 0000000140011098     main.obj
 0002:000010a8       ??_C@_0CC@GBEJJAFD@ilo?$JM?f_minimalna_obrot?sw_ruletki?5@ 00000001400110a8     main.obj
 0002:000010d0       ??_C@_0CI@KGOEKJAK@ilo?$JM?f_max_dodatkowych_obrot?sw_ru@ 00000001400110d0     main.obj
 0002:000010f8       ??_C@_0BP@NMHFMMDP@czas_przeskoku_kulki_szybki?550?$AA@ 00000001400110f8     main.obj
 0002:00001118       ??_C@_0BO@ELNOLLHD@czas_przeskoku_kulki_wolny?575?$AA@ 0000000140011118     main.obj
 0002:00001138       ??_C@_0BJ@OHAGCGBG@czas_przerwy_dzwi?jku?5500?$AA@ 0000000140011138     main.obj
 0002:00001158       ??_C@_0BJ@NJDCNPPC@styl_liczenia_wygranej?51?$AA@ 0000000140011158     main.obj
 0002:00001178       ??_C@_0BG@DNDOADBI@kwota_pocz?$LJtkowa?51000?$AA@ 0000000140011178     main.obj
 0002:00001190       ??_C@_0BA@ILKGKHCK@stan_d?$JPwi?jk?sw?51?$AA@ 0000000140011190     main.obj
 0002:000011a0       ??_C@_0BG@EMABALP@czy_kontynuowa?f_gr?j?51?$AA@ 00000001400111a0     main.obj
 0002:000011b8       ??_C@_0BG@COMBOMN@g?$LDos_odczytu_numeru?51?$AA@ 00000001400111b8     main.obj
 0002:000011d0       ??_C@_0BP@CJDLAIMM@g?$LDos_szybko?$JM?f_odczytu_numeru?54?$AA@ 00000001400111d0     main.obj
 0002:000011f0       ??_C@_0BD@MFIDEEIL@efekty_d?$JPwi?jkowe?51?$AA@ 00000001400111f0     main.obj
 0002:00001210       ??_C@_0GC@FGDMKFMP@Warto?$JM?f?5wolnego?5czasu?5przeskoku?5@ 0000000140011210     main.obj
 0002:00001278       ??_C@_0BN@KMOICOCN@Ustawiam?5domy?$JMlne?5ustawienie?$AA@ 0000000140011278     main.obj
 0002:00001298       ??_C@_0DL@EDLBNLFA@Ilo?$JM?f?5minimalna?5obrot?sw?5ruletki?5@ 0000000140011298     main.obj
 0002:000012d8       ??_C@_0DF@PACHBLM@Ilo?$JM?f?5max?5obrot?sw?5ruletki?5nie?5mo@ 00000001400112d8     main.obj
 0002:00001310       ??_C@_0EG@FJFKONPC@Jedna?5z?5deklaracji?5w?5sprawie?5obr@ 0000000140011310     main.obj
 0002:00001358       ??_C@_0DH@EDACBMH@Styl?5liczeia?5wygranej?5przyjmuje?5@ 0000000140011358     main.obj
 0002:00001390       ??_C@_0DD@CJFGHGHP@Czas?5przerwy?5d?$JPwi?jku?5nie?5mo?$LPe?5by@ 0000000140011390     main.obj
 0002:000013c8       ??_C@_0CP@ODEFLMCC@Kwota?5pocz?$LJtkowa?5nie?5mo?$LPe?5by?f?5mn@ 00000001400113c8     main.obj
 0002:000013f8       ??_C@_0CP@LNDFINPO@Stan?5d?$JPwi?jk?sw?5przyjmuje?5warto?$JMci@ 00000001400113f8     main.obj
 0002:00001428       ??_C@_0DJ@OKKJHGDF@Opcja?5kontynuowania?5gry?5przyjmuj@ 0000000140011428     main.obj
 0002:00001470       ??_C@_0EB@BAPPBOHB@Opcja?5g?$LDos?5odczytu?5numeru?5przyjm@ 0000000140011470     main.obj
 0002:000014c0       ??_C@_0ED@BNKOADPP@Opcja?5szybko?$JM?f?5g?$LDosu?5odczytu?5prz@ 00000001400114c0     main.obj
 0002:00001508       ??_C@_0DC@HENMFLLO@Opcja?5efekty?5d?$JPwi?jkowe?5przyjmuje@ 0000000140011508     main.obj
 0002:00001540       ??_C@_0EG@GKBLFIMF@Nie?5mo?$LPesz?5mie?f?5wy?$LD?$LJczonych?5d?$JPwi@ 0000000140011540     main.obj
 0002:00001588       ??_C@_0DF@LJEKJLPK@Nie?5mo?$LPesz?5mie?f?5wy?$LD?$LJczonych?5d?$JPwi@ 0000000140011588     main.obj
 0002:000015c0       ??_C@_01EPMOAMKG@$?$AA@    00000001400115c0     main.obj
 0002:000015c8       ??_C@_0M@GPFIMODH@?5Wygrywasz?5?$AA@ 00000001400115c8     main.obj
 0002:000015d8       ??_C@_0M@GNFNLGIH@?5Posiadasz?5?$AA@ 00000001400115d8     main.obj
 0002:000015e8       ??_C@_07KIPBKJCE@win?4wav?$AA@ 00000001400115e8     main.obj
 0002:000015f0       ??_C@_0BL@LJEGNEAJ@?5Dostajesz?5polowe?5zak?$LDadu?5?$AA@ 00000001400115f0     main.obj
 0002:00001610       ??_C@_0N@NPCHEJIF@?5Przegrales?5?$AA@ 0000000140011610     main.obj
 0002:00001620       ??_C@_0BJ@GCHIFPGC@Ko?qczysz?5gr?j?5z?5wynikiem?5?$AA@ 0000000140011620     main.obj
 0002:00001640       ??_C@_0CL@DCKMMPCF@Gratuluje?5zwi?jkszy?$LDe?$JM?5sw?sj?5zas?sb@ 0000000140011640     main.obj
 0002:00001670       ??_C@_0BO@CAHFKDBP@?5krotnie?5sw?sj?5zas?sb?5finansowy?$AA@ 0000000140011670     main.obj
 0002:00001690       ??_C@_0BH@GDCLDFHN@Gratuluje?5zwi?jkszy?$LDe?$JM?5?$AA@ 0000000140011690     main.obj
 0002:000016a8       ??_C@_0P@LMKDJHDC@Obstawiono?5za?5?$AA@ 00000001400116a8     main.obj
 0002:000016b8       ??_C@_0BD@IOLLNBIB@Obstawiono?5zak?$LDad?5?$AA@ 00000001400116b8     main.obj
 0002:000016d0       ??_C@_0BE@EKDPDLOA@?5Obstawiono?5zaklad?5?$AA@ 00000001400116d0     main.obj
 0002:000016e8       ??_C@_0DA@EJNBAHOM@Kulka?5w?5grze?0?5zaczekaj?5na?5wyloso@ 00000001400116e8     main.obj
 0002:00001718       ??_C@_0N@CGNKGGIC@?5Wylosowano?5?$AA@ 0000000140011718     main.obj
 0002:00001728       ??_C@_0CA@FGPIEHEM@ilo?$JM?f_minimalna_obrot?sw_ruletki?$AA@ 0000000140011728     main.obj
 0002:00001748       ??_C@_0CG@KNEPJEMG@ilo?$JM?f_max_dodatkowych_obrot?sw_ru@ 0000000140011748     main.obj
 0002:00001770       ??_C@_0BM@MMKKMDHC@czas_przeskoku_kulki_szybki?$AA@ 0000000140011770     main.obj
 0002:00001790       ??_C@_0BL@LHGCEKLG@czas_przeskoku_kulki_wolny?$AA@ 0000000140011790     main.obj
 0002:000017b0       ??_C@_0BH@LAIPMCHF@styl_liczenia_wygranej?$AA@ 00000001400117b0     main.obj
 0002:000017c8       ??_C@_0BB@KJAOIHBF@kwota_pocz?$LJtkowa?$AA@ 00000001400117c8     main.obj
 0002:000017e0       ??_C@_0O@JDOJANCO@stan_d?$JPwi?jk?sw?$AA@ 00000001400117e0     main.obj
 0002:000017f0       ??_C@_0BE@MGBNNKM@czy_kontynuowa?f_gr?j?$AA@ 00000001400117f0     main.obj
 0002:00001808       ??_C@_0BE@ILPCOCN@g?$LDos_odczytu_numeru?$AA@ 0000000140011808     main.obj
 0002:00001820       ??_C@_0BN@ECEAENDF@g?$LDos_szybko?$JM?f_odczytu_numeru?$AA@ 0000000140011820     main.obj
 0002:00001840       ??_C@_0BB@EHOIFKBK@efekty_d?$JPwi?jkowe?$AA@ 0000000140011840     main.obj
 0002:00001858       ??_C@_0BI@CFPLBAOH@invalid?5string?5position?$AA@ 0000000140011858     main.obj
 0002:00001870       ??_C@_0BA@JFNIOLAK@string?5too?5long?$AA@ 0000000140011870     main.obj
 0002:00001950       ??_7?$basic_filebuf@DU?$char_traits@D@std@@@std@@6B@ 0000000140011950     main.obj
 0002:000019c8       ??_8?$basic_stringstream@DU?$char_traits@D@std@@V?$allocator@D@2@@std@@7B?$basic_ostream@DU?$char_traits@D@std@@@1@@ 00000001400119c8     main.obj
 0002:000019d8       ??_7?$basic_ofstream@DU?$char_traits@D@std@@@std@@6B@ 00000001400119d8     main.obj
 0002:000019e8       ??_7bad_cast@std@@6B@      00000001400119e8     main.obj
 0002:000019f8       ??_8?$basic_ofstream@DU?$char_traits@D@std@@@std@@7B@ 00000001400119f8     main.obj
 0002:000019f8       ??_8?$basic_fstream@DU?$char_traits@D@std@@@std@@7B?$basic_ostream@DU?$char_traits@D@std@@@1@@ 00000001400119f8     main.obj
 0002:00001a08       ??_7?$basic_stringbuf@DU?$char_traits@D@std@@V?$allocator@D@2@@std@@6B@ 0000000140011a08     main.obj
 0002:00001a88       ??_7?$basic_stringstream@DU?$char_traits@D@std@@V?$allocator@D@2@@std@@6B@ 0000000140011a88     main.obj
 0002:00001a98       ??_7?$basic_fstream@DU?$char_traits@D@std@@@std@@6B@ 0000000140011a98     main.obj
 0002:00001aa0       ??_8?$basic_ifstream@DU?$char_traits@D@std@@@std@@7B@ 0000000140011aa0     main.obj
 0002:00001aa8       ??_8?$basic_fstream@DU?$char_traits@D@std@@@std@@7B?$basic_istream@DU?$char_traits@D@std@@@1@@ 0000000140011aa8     main.obj
 0002:00001ab0       ??_8?$basic_stringstream@DU?$char_traits@D@std@@V?$allocator@D@2@@std@@7B?$basic_istream@DU?$char_traits@D@std@@@1@@ 0000000140011ab0     main.obj
 0002:00001ac0       ??_7?$basic_ifstream@DU?$char_traits@D@std@@@std@@6B@ 0000000140011ac0     main.obj
 0002:00001ff0       __real@4042800000000000    0000000140011ff0     main.obj
 0002:00002000       __xmm@000000000000000f0000000000000000 0000000140012000     main.obj
 0002:00002080       _load_config_used          0000000140012080     MSVCRT:loadcfg.obj
 0002:00002180       ??_R4type_info@@6B@        0000000140012180     MSVCRT:std_type_info_static.obj
 0002:000021a8       ??_R3type_info@@8          00000001400121a8     MSVCRT:std_type_info_static.obj
 0002:000021c0       ??_R2type_info@@8          00000001400121c0     MSVCRT:std_type_info_static.obj
 0002:000021d0       ??_R1A@?0A@EA@type_info@@8 00000001400121d0     MSVCRT:std_type_info_static.obj
 0002:000021f8       ??_R4bad_alloc@std@@6B@    00000001400121f8     MSVCRT:throw_bad_alloc.obj
 0002:00002220       ??_R3bad_alloc@std@@8      0000000140012220     MSVCRT:throw_bad_alloc.obj
 0002:00002238       ??_R2bad_alloc@std@@8      0000000140012238     MSVCRT:throw_bad_alloc.obj
 0002:00002250       ??_R1A@?0A@EA@bad_alloc@std@@8 0000000140012250     MSVCRT:throw_bad_alloc.obj
 0002:00002278       ??_R4bad_array_new_length@std@@6B@ 0000000140012278     MSVCRT:throw_bad_alloc.obj
 0002:000022a0       ??_R3bad_array_new_length@std@@8 00000001400122a0     MSVCRT:throw_bad_alloc.obj
 0002:000022b8       ??_R2bad_array_new_length@std@@8 00000001400122b8     MSVCRT:throw_bad_alloc.obj
 0002:000022d8       ??_R1A@?0A@EA@bad_array_new_length@std@@8 00000001400122d8     MSVCRT:throw_bad_alloc.obj
 0002:00002300       ??_R3?$basic_istream@DU?$char_traits@D@std@@@std@@8 0000000140012300     main.obj
 0002:00002318       ??_R3?$basic_iostream@DU?$char_traits@D@std@@@std@@8 0000000140012318     main.obj
 0002:00002330       ??_R2?$basic_fstream@DU?$char_traits@D@std@@@std@@8 0000000140012330     main.obj
 0002:00002388       ??_R4exception@std@@6B@    0000000140012388     main.obj
 0002:000023b0       ??_R4?$basic_ofstream@DU?$char_traits@D@std@@@std@@6B@ 00000001400123b0     main.obj
 0002:000023d8       ??_R3?$basic_ofstream@DU?$char_traits@D@std@@@std@@8 00000001400123d8     main.obj
 0002:000023f0       ??_R1A@?0A@EA@?$basic_istream@DU?$char_traits@D@std@@@std@@8 00000001400123f0     main.obj
 0002:00002418       ??_R1A@?0A@EA@bad_cast@std@@8 0000000140012418     main.obj
 0002:00002440       ??_R3?$basic_ifstream@DU?$char_traits@D@std@@@std@@8 0000000140012440     main.obj
 0002:00002458       ??_R2?$basic_stringbuf@DU?$char_traits@D@std@@V?$allocator@D@2@@std@@8 0000000140012458     main.obj
 0002:00002470       ??_R1A@?0A@EA@?$basic_ifstream@DU?$char_traits@D@std@@@std@@8 0000000140012470     main.obj
 0002:00002498       ??_R3?$basic_fstream@DU?$char_traits@D@std@@@std@@8 0000000140012498     main.obj
 0002:000024b0       ??_R17A@3EA@?$_Iosb@H@std@@8 00000001400124b0     main.obj
 0002:000024d8       ??_R1A@?0A@EA@?$basic_stringstream@DU?$char_traits@D@std@@V?$allocator@D@2@@std@@8 00000001400124d8     main.obj
 0002:00002500       ??_R1A@?0A@EA@?$basic_fstream@DU?$char_traits@D@std@@@std@@8 0000000140012500     main.obj
 0002:00002528       ??_R1A@?0A@EA@exception@std@@8 0000000140012528     main.obj
 0002:00002550       ??_R2?$basic_ofstream@DU?$char_traits@D@std@@@std@@8 0000000140012550     main.obj
 0002:00002580       ??_R1A@?0A@EA@?$basic_streambuf@DU?$char_traits@D@std@@@std@@8 0000000140012580     main.obj
 0002:000025a8       ??_R2?$basic_istream@DU?$char_traits@D@std@@@std@@8 00000001400125a8     main.obj
 0002:000025d0       ??_R3?$basic_stringbuf@DU?$char_traits@D@std@@V?$allocator@D@2@@std@@8 00000001400125d0     main.obj
 0002:000025e8       ??_R2bad_cast@std@@8       00000001400125e8     main.obj
 0002:00002600       ??_R2exception@std@@8      0000000140012600     main.obj
 0002:00002610       ??_R2?$basic_ostream@DU?$char_traits@D@std@@@std@@8 0000000140012610     main.obj
 0002:00002638       ??_R3?$basic_ios@DU?$char_traits@D@std@@@std@@8 0000000140012638     main.obj
 0002:00002650       ??_R1BA@?0A@EA@?$basic_ostream@DU?$char_traits@D@std@@@std@@8 0000000140012650     main.obj
 0002:00002678       ??_R4?$basic_ifstream@DU?$char_traits@D@std@@@std@@6B@ 0000000140012678     main.obj
 0002:000026a0       ??_R1A@?0A@EA@ios_base@std@@8 00000001400126a0     main.obj
 0002:000026c8       ??_R3exception@std@@8      00000001400126c8     main.obj
 0002:000026e0       ??_R1A@?0A@EA@?$basic_ostream@DU?$char_traits@D@std@@@std@@8 00000001400126e0     main.obj
 0002:00002708       ??_R4?$basic_filebuf@DU?$char_traits@D@std@@@std@@6B@ 0000000140012708     main.obj
 0002:00002730       ??_R2?$basic_streambuf@DU?$char_traits@D@std@@@std@@8 0000000140012730     main.obj
 0002:00002740       ??_R1A@?0A@EA@?$_Iosb@H@std@@8 0000000140012740     main.obj
 0002:00002768       ??_R1A@?0A@EA@?$basic_stringbuf@DU?$char_traits@D@std@@V?$allocator@D@2@@std@@8 0000000140012768     main.obj
 0002:00002790       ??_R2?$basic_iostream@DU?$char_traits@D@std@@@std@@8 0000000140012790     main.obj
 0002:000027e0       ??_R3bad_cast@std@@8       00000001400127e0     main.obj
 0002:00002800       ??_R2?$basic_stringstream@DU?$char_traits@D@std@@V?$allocator@D@2@@std@@8 0000000140012800     main.obj
 0002:00002858       ??_R4bad_cast@std@@6B@     0000000140012858     main.obj
 0002:00002880       ??_R4?$basic_stringbuf@DU?$char_traits@D@std@@V?$allocator@D@2@@std@@6B@ 0000000140012880     main.obj
 0002:000028a8       ??_R4?$basic_stringstream@DU?$char_traits@D@std@@V?$allocator@D@2@@std@@6B@ 00000001400128a8     main.obj
 0002:000028d0       ??_R1A@?0A@EA@?$basic_ofstream@DU?$char_traits@D@std@@@std@@8 00000001400128d0     main.obj
 0002:000028f8       ??_R1A@?0A@EA@?$basic_filebuf@DU?$char_traits@D@std@@@std@@8 00000001400128f8     main.obj
 0002:00002920       ??_R1A@A@3FA@?$basic_ios@DU?$char_traits@D@std@@@std@@8 0000000140012920     main.obj
 0002:00002948       ??_R3?$basic_filebuf@DU?$char_traits@D@std@@@std@@8 0000000140012948     main.obj
 0002:00002960       ??_R2ios_base@std@@8       0000000140012960     main.obj
 0002:00002978       ??_R3?$basic_ostream@DU?$char_traits@D@std@@@std@@8 0000000140012978     main.obj
 0002:00002990       ??_R1A@?0A@EA@?$basic_iostream@DU?$char_traits@D@std@@@std@@8 0000000140012990     main.obj
 0002:000029b8       ??_R3ios_base@std@@8       00000001400129b8     main.obj
 0002:000029d0       ??_R2?$basic_filebuf@DU?$char_traits@D@std@@@std@@8 00000001400129d0     main.obj
 0002:000029e8       ??_R3?$basic_streambuf@DU?$char_traits@D@std@@@std@@8 00000001400129e8     main.obj
 0002:00002a00       ??_R3?$basic_stringstream@DU?$char_traits@D@std@@V?$allocator@D@2@@std@@8 0000000140012a00     main.obj
 0002:00002a18       ??_R2?$_Iosb@H@std@@8      0000000140012a18     main.obj
 0002:00002a28       ??_R1A@A@3EA@ios_base@std@@8 0000000140012a28     main.obj
 0002:00002a50       ??_R1A@?0A@EA@?$basic_ios@DU?$char_traits@D@std@@@std@@8 0000000140012a50     main.obj
 0002:00002a78       ??_R4?$basic_fstream@DU?$char_traits@D@std@@@std@@6B@ 0000000140012a78     main.obj
 0002:00002aa0       ??_R2?$basic_ifstream@DU?$char_traits@D@std@@@std@@8 0000000140012aa0     main.obj
 0002:00002ad0       ??_R3?$_Iosb@H@std@@8      0000000140012ad0     main.obj
 0002:00002ae8       ??_R17?0A@EA@?$_Iosb@H@std@@8 0000000140012ae8     main.obj
 0002:00002b10       ??_R2?$basic_ios@DU?$char_traits@D@std@@@std@@8 0000000140012b10     main.obj
 0002:00002e90       __rtc_iaa                  0000000140012e90     MSVCRT:_initsect_.obj
 0002:00002e98       __rtc_izz                  0000000140012e98     MSVCRT:_initsect_.obj
 0002:00002ea0       __rtc_taa                  0000000140012ea0     MSVCRT:_initsect_.obj
 0002:00002ea8       __rtc_tzz                  0000000140012ea8     MSVCRT:_initsect_.obj
 0002:00004960       _TI2?AVbad_alloc@std@@     0000000140014960     MSVCRT:throw_bad_alloc.obj
 0002:00004980       _CTA2?AVbad_alloc@std@@    0000000140014980     MSVCRT:throw_bad_alloc.obj
 0002:00004998       _CT??_R0?AVbad_alloc@std@@@8??0bad_alloc@std@@QEAA@AEBV01@@Z24 0000000140014998     MSVCRT:throw_bad_alloc.obj
 0002:000049c0       _TI3?AVbad_array_new_length@std@@ 00000001400149c0     MSVCRT:throw_bad_alloc.obj
 0002:000049e0       _CTA3?AVbad_array_new_length@std@@ 00000001400149e0     MSVCRT:throw_bad_alloc.obj
 0002:00004a00       _CT??_R0?AVbad_array_new_length@std@@@8??0bad_array_new_length@std@@QEAA@AEBV01@@Z24 0000000140014a00     MSVCRT:throw_bad_alloc.obj
 0002:00004a28       _CTA2?AVbad_cast@std@@     0000000140014a28     main.obj
 0002:00004a40       _TI2?AVbad_cast@std@@      0000000140014a40     main.obj
 0002:00004a60       _CT??_R0?AVbad_cast@std@@@8??0bad_cast@std@@QEAA@AEBV01@@Z24 0000000140014a60     main.obj
 0002:00004a88       _CT??_R0?AVexception@std@@@8??0exception@std@@QEAA@AEBV01@@Z24 0000000140014a88     main.obj
 0002:00004aac       __IMPORT_DESCRIPTOR_WINMM  0000000140014aac     winmm:WINMM.dll
 0002:00004ac0       __IMPORT_DESCRIPTOR_KERNEL32 0000000140014ac0     kernel32:KERNEL32.dll
 0002:00004ad4       __IMPORT_DESCRIPTOR_MSVCP140 0000000140014ad4     msvcprt:MSVCP140.dll
 0002:00004ae8       __IMPORT_DESCRIPTOR_urlmon 0000000140014ae8     urlmon:urlmon.dll
 0002:00004afc       __IMPORT_DESCRIPTOR_VCRUNTIME140 0000000140014afc     vcruntime:VCRUNTIME140.dll
 0002:00004b10       __IMPORT_DESCRIPTOR_api-ms-win-crt-locale-l1-1-0 0000000140014b10     ucrt:api-ms-win-crt-locale-l1-1-0.dll
 0002:00004b24       __IMPORT_DESCRIPTOR_api-ms-win-crt-stdio-l1-1-0 0000000140014b24     ucrt:api-ms-win-crt-stdio-l1-1-0.dll
 0002:00004b38       __IMPORT_DESCRIPTOR_api-ms-win-crt-utility-l1-1-0 0000000140014b38     ucrt:api-ms-win-crt-utility-l1-1-0.dll
 0002:00004b4c       __IMPORT_DESCRIPTOR_api-ms-win-crt-filesystem-l1-1-0 0000000140014b4c     ucrt:api-ms-win-crt-filesystem-l1-1-0.dll
 0002:00004b60       __IMPORT_DESCRIPTOR_api-ms-win-crt-runtime-l1-1-0 0000000140014b60     ucrt:api-ms-win-crt-runtime-l1-1-0.dll
 0002:00004b74       __IMPORT_DESCRIPTOR_api-ms-win-crt-time-l1-1-0 0000000140014b74     ucrt:api-ms-win-crt-time-l1-1-0.dll
 0002:00004b88       __IMPORT_DESCRIPTOR_api-ms-win-crt-convert-l1-1-0 0000000140014b88     ucrt:api-ms-win-crt-convert-l1-1-0.dll
 0002:00004b9c       __IMPORT_DESCRIPTOR_api-ms-win-crt-heap-l1-1-0 0000000140014b9c     ucrt:api-ms-win-crt-heap-l1-1-0.dll
 0002:00004bb0       __IMPORT_DESCRIPTOR_api-ms-win-crt-math-l1-1-0 0000000140014bb0     ucrt:api-ms-win-crt-math-l1-1-0.dll
 0002:00004bc4       __NULL_IMPORT_DESCRIPTOR   0000000140014bc4     winmm:WINMM.dll
 0003:00000000       __scrt_native_dllmain_reason 0000000140017000     MSVCRT:utility.obj
 0003:00000008       __security_cookie          0000000140017008     MSVCRT:gs_cookie.obj
 0003:00000010       __security_cookie_complement 0000000140017010     MSVCRT:gs_cookie.obj
 0003:00000018       __isa_available            0000000140017018     MSVCRT:_cpu_disp_.obj
[...]
 0004:000003d8       $pdata$??$?HDU?$char_traits@D@std@@V?$allocator@D@1@@std@@YA?AV?$basic_string@DU?$char_traits@D@std@@V?$allocator@D@2@@0@$$QEAV10@0@Z 00000001400183d8     main.obj
 0004:000003e4       $pdata$??$?HDU?$char_traits@D@std@@V?$allocator@D@1@@std@@YA?AV?$basic_string@DU?$char_traits@D@std@@V?$allocator@D@2@@0@AEBV10@$$QEAV10@@Z 00000001400183e4     main.obj
 0004:000003f0       $pdata$??$?HDU?$char_traits@D@std@@V?$allocator@D@1@@std@@YA?AV?$basic_string@DU?$char_traits@D@std@@V?$allocator@D@2@@0@AEBV10@0@Z 00000001400183f0     main.obj
 0004:000003fc       $pdata$??$?HDU?$char_traits@D@std@@V?$allocator@D@1@@std@@YA?AV?$basic_string@DU?$char_traits@D@std@@V?$allocator@D@2@@0@$$QEAV10@QEBD@Z 00000001400183fc     main.obj
 0004:00000408       $pdata$??$?HDU?$char_traits@D@std@@V?$allocator@D@1@@std@@YA?AV?$basic_string@DU?$char_traits@D@std@@V?$allocator@D@2@@0@AEBV10@QEBD@Z 0000000140018408     main.obj
 0004:00000414       $pdata$??$?HDU?$char_traits@D@std@@V?$allocator@D@1@@std@@YA?AV?$basic_string@DU?$char_traits@D@std@@V?$allocator@D@2@@0@$$QEAV10@D@Z 0000000140018414     main.obj
 0004:00000420       $pdata$??$?HDU?$char_traits@D@std@@V?$allocator@D@1@@std@@YA?AV?$basic_string@DU?$char_traits@D@std@@V?$allocator@D@2@@0@QEBDAEBV10@@Z 0000000140018420     main.obj
 0004:0000042c       $pdata$??$use_facet@V?$codecvt@DDU_Mbstatet@@@std@@@std@@YAAEBV?$codecvt@DDU_Mbstatet@@@0@AEBVlocale@0@@Z 000000014001842c     main.obj
 0004:00000438       $pdata$??$_Reallocate_grow_by@V<lambda_319d5e083f45f90dcdce5dce53cbb275>@@D@?$basic_string@DU?$char_traits@D@std@@V?$allocator@D@2@@std@@QEAAAEAV01@_KV<lambda_319d5e083f45f90dcdce5dce53cbb275>@@D@Z 0000000140018438     main.obj
 0004:00000444       $pdata$2$??$_Reallocate_grow_by@V<lambda_319d5e083f45f90dcdce5dce53cbb275>@@D@?$basic_string@DU?$char_traits@D@std@@V?$allocator@D@2@@std@@QEAAAEAV01@_KV<lambda_319d5e083f45f90dcdce5dce53cbb275>@@D@Z 0000000140018444     main.obj
 0004:00000450       $pdata$3$??$_Reallocate_grow_by@V<lambda_319d5e083f45f90dcdce5dce53cbb275>@@D@?$basic_string@DU?$char_traits@D@std@@V?$allocator@D@2@@std@@QEAAAEAV01@_KV<lambda_319d5e083f45f90dcdce5dce53cbb275>@@D@Z 0000000140018450     main.obj
 0004:0000045c       $pdata$4$??$_Reallocate_grow_by@V<lambda_319d5e083f45f90dcdce5dce53cbb275>@@D@?$basic_string@DU?$char_traits@D@std@@V?$allocator@D@2@@std@@QEAAAEAV01@_KV<lambda_319d5e083f45f90dcdce5dce53cbb275>@@D@Z 000000014001845c     main.obj
 0004:00000468       $pdata$??$_Reallocate_for@V<lambda_66f57f934f28d61049862f64df852ff0>@@PEBD@?$basic_string@DU?$char_traits@D@std@@V?$allocator@D@2@@std@@QEAAAEAV01@_KV<lambda_66f57f934f28d61049862f64df852ff0>@@PEBD@Z 0000000140018468     main.obj
 0004:00000474       $pdata$1$??$_Reallocate_for@V<lambda_66f57f934f28d61049862f64df852ff0>@@PEBD@?$basic_string@DU?$char_traits@D@std@@V?$allocator@D@2@@std@@QEAAAEAV01@_KV<lambda_66f57f934f28d61049862f64df852ff0>@@PEBD@Z 0000000140018474     main.obj
 0004:00000480       $pdata$3$??$_Reallocate_for@V<lambda_66f57f934f28d61049862f64df852ff0>@@PEBD@?$basic_string@DU?$char_traits@D@std@@V?$allocator@D@2@@std@@QEAAAEAV01@_KV<lambda_66f57f934f28d61049862f64df852ff0>@@PEBD@Z 0000000140018480     main.obj
 0004:0000048c       $pdata$4$??$_Reallocate_for@V<lambda_66f57f934f28d61049862f64df852ff0>@@PEBD@?$basic_string@DU?$char_traits@D@std@@V?$allocator@D@2@@std@@QEAAAEAV01@_KV<lambda_66f57f934f28d61049862f64df852ff0>@@PEBD@Z 000000014001848c     main.obj
 0004:00000498       $pdata$5$??$_Reallocate_for@V<lambda_66f57f934f28d61049862f64df852ff0>@@PEBD@?$basic_string@DU?$char_traits@D@std@@V?$allocator@D@2@@std@@QEAAAEAV01@_KV<lambda_66f57f934f28d61049862f64df852ff0>@@PEBD@Z 0000000140018498     main.obj
 0004:000004a4       $pdata$??$_Reallocate_grow_by@V<lambda_e1befb086ad3257e3f042a63030725f7>@@_KD@?$basic_string@DU?$char_traits@D@std@@V?$allocator@D@2@@std@@QEAAAEAV01@_KV<lambda_e1befb086ad3257e3f042a63030725f7>@@_KD@Z 00000001400184a4     main.obj
 0004:000004b0       $pdata$4$??$_Reallocate_grow_by@V<lambda_e1befb086ad3257e3f042a63030725f7>@@_KD@?$basic_string@DU?$char_traits@D@std@@V?$allocator@D@2@@std@@QEAAAEAV01@_KV<lambda_e1befb086ad3257e3f042a63030725f7>@@_KD@Z 00000001400184b0     main.obj
 0004:000004bc       $pdata$5$??$_Reallocate_grow_by@V<lambda_e1befb086ad3257e3f042a63030725f7>@@_KD@?$basic_string@DU?$char_traits@D@std@@V?$allocator@D@2@@std@@QEAAAEAV01@_KV<lambda_e1befb086ad3257e3f042a63030725f7>@@_KD@Z 00000001400184bc     main.obj
 0004:000004c8       $pdata$6$??$_Reallocate_grow_by@V<lambda_e1befb086ad3257e3f042a63030725f7>@@_KD@?$basic_string@DU?$char_traits@D@std@@V?$allocator@D@2@@std@@QEAAAEAV01@_KV<lambda_e1befb086ad3257e3f042a63030725f7>@@_KD@Z 00000001400184c8     main.obj
 0004:000004d4       $pdata$??$_Reallocate_grow_by@V<lambda_65e615be2a453ca0576c979606f46740>@@PEBD_K@?$basic_string@DU?$char_traits@D@std@@V?$allocator@D@2@@std@@QEAAAEAV01@_KV<lambda_65e615be2a453ca0576c979606f46740>@@PEBD_K@Z 00000001400184d4     main.obj
 0004:000004e0       $pdata$2$??$_Reallocate_grow_by@V<lambda_65e615be2a453ca0576c979606f46740>@@PEBD_K@?$basic_string@DU?$char_traits@D@std@@V?$allocator@D@2@@std@@QEAAAEAV01@_KV<lambda_65e615be2a453ca0576c979606f46740>@@PEBD_K@Z 00000001400184e0     main.obj
 0004:000004ec       $pdata$3$??$_Reallocate_grow_by@V<lambda_65e615be2a453ca0576c979606f46740>@@PEBD_K@?$basic_string@DU?$char_traits@D@std@@V?$allocator@D@2@@std@@QEAAAEAV01@_KV<lambda_65e615be2a453ca0576c979606f46740>@@PEBD_K@Z 00000001400184ec     main.obj
 0004:000004f8       $pdata$4$??$_Reallocate_grow_by@V<lambda_65e615be2a453ca0576c979606f46740>@@PEBD_K@?$basic_string@DU?$char_traits@D@std@@V?$allocator@D@2@@std@@QEAAAEAV01@_KV<lambda_65e615be2a453ca0576c979606f46740>@@PEBD_K@Z 00000001400184f8     main.obj
 0004:00000504       $pdata$??0bad_cast@std@@QEAA@AEBV01@@Z 0000000140018504     main.obj
 0004:00000510       $pdata$?_Fail@?$_Default_allocate_traits@$00@std@@SAXXZ 0000000140018510     main.obj
 0004:0000051c       $pdata$?_Xlen@?$basic_string@DU?$char_traits@D@std@@V?$allocator@D@2@@std@@SAXXZ 000000014001851c     main.obj
 0004:00000528       $pdata$?reserve@?$basic_string@DU?$char_traits@D@std@@V?$allocator@D@2@@std@@QEAAX_K@Z 0000000140018528     main.obj
 0004:00000534       $pdata$0$?reserve@?$basic_string@DU?$char_traits@D@std@@V?$allocator@D@2@@std@@QEAAX_K@Z 0000000140018534     main.obj
 0004:00000540       $pdata$1$?reserve@?$basic_string@DU?$char_traits@D@std@@V?$allocator@D@2@@std@@QEAAX_K@Z 0000000140018540     main.obj
 0004:0000054c       $pdata$2$?reserve@?$basic_string@DU?$char_traits@D@std@@V?$allocator@D@2@@std@@QEAAX_K@Z 000000014001854c     main.obj
 0004:00000558       $pdata$?insert@?$basic_string@DU?$char_traits@D@std@@V?$allocator@D@2@@std@@QEAAAEAV12@_KAEBV12@@Z 0000000140018558     main.obj
 0004:00000564       $pdata$1$?insert@?$basic_string@DU?$char_traits@D@std@@V?$allocator@D@2@@std@@QEAAAEAV12@_KAEBV12@@Z 0000000140018564     main.obj
 0004:00000570       $pdata$2$?insert@?$basic_string@DU?$char_traits@D@std@@V?$allocator@D@2@@std@@QEAAAEAV12@_KAEBV12@@Z 0000000140018570     main.obj
 0004:0000057c       $pdata$??$?5DU?$char_traits@D@std@@V?$allocator@D@1@@std@@YAAEAV?$basic_istream@DU?$char_traits@D@std@@@0@$$QEAV10@AEAV?$basic_string@DU?$char_traits@D@std@@V?$allocator@D@2@@0@@Z 000000014001857c     main.obj
 0004:00000588       $pdata$??$getline@DU?$char_traits@D@std@@V?$allocator@D@2@@std@@YAAEAV?$basic_istream@DU?$char_traits@D@std@@@0@$$QEAV10@AEAV?$basic_string@DU?$char_traits@D@std@@V?$allocator@D@2@@0@D@Z 0000000140018588     main.obj
 0004:00000594       $pdata$??$_Insert_string@DU?$char_traits@D@std@@_K@std@@YAAEAV?$basic_ostream@DU?$char_traits@D@std@@@0@AEAV10@QEBD_K@Z 0000000140018594     main.obj
 0004:000005a0       $pdata$??$_Reallocate_grow_by@V<lambda_9013ee9e23efe4882b67eff5b0ecf103>@@$$V@?$basic_string@DU?$char_traits@D@std@@V?$allocator@D@2@@std@@QEAAAEAV01@_KV<lambda_9013ee9e23efe4882b67eff5b0ecf103>@@@Z 00000001400185a0     main.obj
 0004:000005ac       $pdata$2$??$_Reallocate_grow_by@V<lambda_9013ee9e23efe4882b67eff5b0ecf103>@@$$V@?$basic_string@DU?$char_traits@D@std@@V?$allocator@D@2@@std@@QEAAAEAV01@_KV<lambda_9013ee9e23efe4882b67eff5b0ecf103>@@@Z 00000001400185ac     main.obj
 0004:000005b8       $pdata$3$??$_Reallocate_grow_by@V<lambda_9013ee9e23efe4882b67eff5b0ecf103>@@$$V@?$basic_string@DU?$char_traits@D@std@@V?$allocator@D@2@@std@@QEAAAEAV01@_KV<lambda_9013ee9e23efe4882b67eff5b0ecf103>@@@Z 00000001400185b8     main.obj
 0004:000005c4       $pdata$4$??$_Reallocate_grow_by@V<lambda_9013ee9e23efe4882b67eff5b0ecf103>@@$$V@?$basic_string@DU?$char_traits@D@std@@V?$allocator@D@2@@std@@QEAAAEAV01@_KV<lambda_9013ee9e23efe4882b67eff5b0ecf103>@@@Z 00000001400185c4     main.obj
 0004:000005d0       $pdata$??$_Reallocate_grow_by@V<lambda_f3a66ab6a0570788f31503db83886f49>@@_KPEBD_K@?$basic_string@DU?$char_traits@D@std@@V?$allocator@D@2@@std@@QEAAAEAV01@_KV<lambda_f3a66ab6a0570788f31503db83886f49>@@_KPEBD2@Z 00000001400185d0     main.obj
 0004:000005dc       $pdata$2$??$_Reallocate_grow_by@V<lambda_f3a66ab6a0570788f31503db83886f49>@@_KPEBD_K@?$basic_string@DU?$char_traits@D@std@@V?$allocator@D@2@@std@@QEAAAEAV01@_KV<lambda_f3a66ab6a0570788f31503db83886f49>@@_KPEBD2@Z 00000001400185dc     main.obj
 0004:000005e8       $pdata$3$??$_Reallocate_grow_by@V<lambda_f3a66ab6a0570788f31503db83886f49>@@_KPEBD_K@?$basic_string@DU?$char_traits@D@std@@V?$allocator@D@2@@std@@QEAAAEAV01@_KV<lambda_f3a66ab6a0570788f31503db83886f49>@@_KPEBD2@Z 00000001400185e8     main.obj
 0004:000005f4       $pdata$4$??$_Reallocate_grow_by@V<lambda_f3a66ab6a0570788f31503db83886f49>@@_KPEBD_K@?$basic_string@DU?$char_traits@D@std@@V?$allocator@D@2@@std@@QEAAAEAV01@_KV<lambda_f3a66ab6a0570788f31503db83886f49>@@_KPEBD2@Z 00000001400185f4     main.obj
 0004:00000600       $pdata$??1sentry@?$basic_istream@DU?$char_traits@D@std@@@std@@QEAA@XZ 0000000140018600     main.obj
 0004:0000060c       $pdata$??_G_Fac_node@std@@QEAAPEAXI@Z 000000014001860c     msvcprt:locale0_implib.obj
 0004:00000618       $pdata$?_Facet_Register@std@@YAXPEAV_Facet_base@1@@Z 0000000140018618     msvcprt:locale0_implib.obj
 0004:00000630       $pdata$??2@YAPEAX_K@Z      0000000140018630     MSVCRT:new_scalar.obj
 0004:0000063c       $pdata$__scrt_acquire_startup_lock 000000014001863c     MSVCRT:utility.obj
 0004:00000648       $pdata$__scrt_initialize_crt 0000000140018648     MSVCRT:utility.obj
 0004:00000654       $pdata$__scrt_initialize_onexit_tables 0000000140018654     MSVCRT:utility.obj
 0004:00000660       $pdata$__scrt_is_nonwritable_in_current_image 0000000140018660     MSVCRT:utility.obj
 0004:0000066c       $pdata$__scrt_release_startup_lock 000000014001866c     MSVCRT:utility.obj
 0004:00000678       $pdata$__scrt_uninitialize_crt 0000000140018678     MSVCRT:utility.obj
 0004:00000684       $pdata$_onexit             0000000140018684     MSVCRT:utility.obj
 0004:00000690       $pdata$atexit              0000000140018690     MSVCRT:utility.obj
 0004:0000069c       $pdata$??_Gtype_info@@UEAAPEAXI@Z 000000014001869c     MSVCRT:std_type_info_static.obj
 0004:000006a8       $pdata$?pre_c_initialization@@YAHXZ 00000001400186a8     MSVCRT:exe_main.obj
 0004:000006b4       $pdata$?post_pgo_initialization@@YAHXZ 00000001400186b4     MSVCRT:exe_main.obj
 0004:000006c0       $pdata$?pre_cpp_initialization@@YAXXZ 00000001400186c0     MSVCRT:exe_main.obj
 0004:000006cc       $pdata$?__scrt_common_main_seh@@YAHXZ 00000001400186cc     MSVCRT:exe_main.obj
 0004:000006d8       $pdata$mainCRTStartup      00000001400186d8     MSVCRT:exe_main.obj
 0004:000006e4       $pdata$__raise_securityfailure 00000001400186e4     MSVCRT:gs_report.obj
 0004:000006f0       $pdata$__report_gsfailure  00000001400186f0     MSVCRT:gs_report.obj
 0004:000006fc       $pdata$capture_previous_context 00000001400186fc     MSVCRT:gs_report.obj
 0004:00000708       $pdata$??0bad_alloc@std@@QEAA@AEBV01@@Z 0000000140018708     MSVCRT:throw_bad_alloc.obj
 0004:00000714       $pdata$??0bad_array_new_length@std@@QEAA@AEBV01@@Z 0000000140018714     MSVCRT:throw_bad_alloc.obj
 0004:00000720       $pdata$??_Gbad_array_new_length@std@@UEAAPEAXI@Z 0000000140018720     MSVCRT:throw_bad_alloc.obj
 0004:00000720       $pdata$??_Gbad_alloc@std@@UEAAPEAXI@Z 0000000140018720     MSVCRT:throw_bad_alloc.obj
 0004:0000072c       $pdata$?__scrt_throw_std_bad_alloc@@YAXXZ 000000014001872c     MSVCRT:throw_bad_alloc.obj
 0004:00000738       $pdata$?__scrt_throw_std_bad_array_new_length@@YAXXZ 0000000140018738     MSVCRT:throw_bad_alloc.obj
 0004:00000744       $pdata$__isa_available_init 0000000140018744     MSVCRT:_cpu_disp_.obj
 0004:00000750       $pdata$__scrt_fastfail     0000000140018750     MSVCRT:utility_desktop.obj
 0004:0000075c       $pdata$__scrt_is_managed_app 000000014001875c     MSVCRT:utility_desktop.obj
 0004:00000768       $pdata$__scrt_unhandled_exception_filter 0000000140018768     MSVCRT:utility_desktop.obj
 0004:00000774       $pdata$__security_init_cookie 0000000140018774     MSVCRT:gs_support.obj
 0004:00000780       $pdata$__scrt_initialize_default_local_stdio_options 0000000140018780     MSVCRT:default_local_stdio_options.obj
 0004:0000078c       $pdata$_RTC_Initialize     000000014001878c     MSVCRT:_initsect_.obj
 0004:00000798       $pdata$_RTC_Terminate      0000000140018798     MSVCRT:_initsect_.obj
 0004:000007a4       $pdata$__GSHandlerCheck    00000001400187a4     MSVCRT:_gshandler_.obj
 0004:000007b0       $pdata$__GSHandlerCheckCommon 00000001400187b0     MSVCRT:_gshandler_.obj
 0004:000007bc       $pdata$__GSHandlerCheck_EH 00000001400187bc     MSVCRT:gshandlereh.obj
 0004:00000804       $pdata$main$dtor$5         0000000140018804     main.obj
 0004:00000810       $pdata$?dtor$0@?0???$?HDU?$char_traits@D@std@@V?$allocator@D@1@@std@@YA?AV?$basic_string@DU?$char_traits@D@std@@V?$allocator@D@2@@0@AEBV10@QEBD@Z@4HA 0000000140018810     main.obj
 0004:00000810       $pdata$?dtor$0@?0??Obstaw@@YA?AV?$basic_string@DU?$char_traits@D@std@@V?$allocator@D@2@@std@@XZ@4HA 0000000140018810     main.obj
 0004:00000810       $pdata$?dtor$0@?0???$?HDU?$char_traits@D@std@@V?$allocator@D@1@@std@@YA?AV?$basic_string@DU?$char_traits@D@std@@V?$allocator@D@2@@0@QEBDAEBV10@@Z@4HA 0000000140018810     main.obj
 0004:0000081c       $pdata$?dtor$19@?0??Odczytaj_liczbÍ@@YAXAEBHAEBV?$basic_string@DU?$char_traits@D@std@@V?$allocator@D@2@@std@@@Z@4HA 000000014001881c     main.obj
 0004:00000828       $pdata$?dtor$119@?0??Odczytaj_liczbÍ@@YAXAEBHAEBV?$basic_string@DU?$char_traits@D@std@@V?$allocator@D@2@@std@@@Z@4HA 0000000140018828     main.obj
 0004:00000834       $pdata$?dtor$149@?0??Odczytaj_liczbÍ@@YAXAEBHAEBV?$basic_string@DU?$char_traits@D@std@@V?$allocator@D@2@@std@@@Z@4HA 0000000140018834     main.obj
 0004:00000840       $pdata$?dtor$191@?0??Odczytaj_liczbÍ@@YAXAEBHAEBV?$basic_string@DU?$char_traits@D@std@@V?$allocator@D@2@@std@@@Z@4HA 0000000140018840     main.obj
 0004:0000084c       $pdata$?dtor$221@?0??Odczytaj_liczbÍ@@YAXAEBHAEBV?$basic_string@DU?$char_traits@D@std@@V?$allocator@D@2@@std@@@Z@4HA 000000014001884c     main.obj
 0004:00000858       $pdata$?dtor$263@?0??Odczytaj_liczbÍ@@YAXAEBHAEBV?$basic_string@DU?$char_traits@D@std@@V?$allocator@D@2@@std@@@Z@4HA 0000000140018858     main.obj
 0004:00000864       $pdata$?dtor$293@?0??Odczytaj_liczbÍ@@YAXAEBHAEBV?$basic_string@DU?$char_traits@D@std@@V?$allocator@D@2@@std@@@Z@4HA 0000000140018864     main.obj
 0004:00000870       $pdata$?dtor$325@?0??Odczytaj_liczbÍ@@YAXAEBHAEBV?$basic_string@DU?$char_traits@D@std@@V?$allocator@D@2@@std@@@Z@4HA 0000000140018870     main.obj
 0004:0000087c       $pdata$?dtor$427@?0??Odczytaj_liczbÍ@@YAXAEBHAEBV?$basic_string@DU?$char_traits@D@std@@V?$allocator@D@2@@std@@@Z@4HA 000000014001887c     main.obj
 0004:00000888       $pdata$?dtor$433@?0??Odczytaj_liczbÍ@@YAXAEBHAEBV?$basic_string@DU?$char_traits@D@std@@V?$allocator@D@2@@std@@@Z@4HA 0000000140018888     main.obj
 0004:00000894       $pdata$?dtor$118@?0??Sprawdü_Pliki@@YAXXZ@4HA 0000000140018894     main.obj
 0004:000008a0       $pdata$?dtor$148@?0??Sprawdü_Pliki@@YAXXZ@4HA 00000001400188a0     main.obj
 0004:000008ac       $pdata$?dtor$178@?0??Sprawdü_Pliki@@YAXXZ@4HA 00000001400188ac     main.obj
 0004:000008b8       $pdata$?dtor$208@?0??Sprawdü_Pliki@@YAXXZ@4HA 00000001400188b8     main.obj
 0004:000008c4       $pdata$?dtor$243@?0??Sprawdü_Pliki@@YAXXZ@4HA 00000001400188c4     main.obj
 0004:000008d0       $pdata$?dtor$365@?0??Sprawdü_Pliki@@YAXXZ@4HA 00000001400188d0     main.obj
 0004:000008dc       $pdata$?dtor$395@?0??Sprawdü_Pliki@@YAXXZ@4HA 00000001400188dc     main.obj
 0004:000008e8       $pdata$?dtor$430@?0??Sprawdü_Pliki@@YAXXZ@4HA 00000001400188e8     main.obj
 0004:000008f4       $pdata$?dtor$546@?0??Sprawdü_Pliki@@YAXXZ@4HA 00000001400188f4     main.obj
 0004:00000900       $pdata$?dtor$573@?0??Sprawdü_Pliki@@YAXXZ@4HA 0000000140018900     main.obj
 0004:0000090c       $pdata$?dtor$608@?0??Sprawdü_Pliki@@YAXXZ@4HA 000000014001890c     main.obj
 0004:00000918       $pdata$?dtor$712@?0??Sprawdü_Pliki@@YAXXZ@4HA 0000000140018918     main.obj
 0004:00000924       $pdata$?dtor$739@?0??Sprawdü_Pliki@@YAXXZ@4HA 0000000140018924     main.obj
 0004:00000930       $pdata$?dtor$774@?0??Sprawdü_Pliki@@YAXXZ@4HA 0000000140018930     main.obj
 0004:0000093c       $pdata$?dtor$878@?0??Sprawdü_Pliki@@YAXXZ@4HA 000000014001893c     main.obj
 0004:00000948       $pdata$?dtor$905@?0??Sprawdü_Pliki@@YAXXZ@4HA 0000000140018948     main.obj
 0004:00000954       $pdata$?dtor$940@?0??Sprawdü_Pliki@@YAXXZ@4HA 0000000140018954     main.obj
 0004:00000960       $pdata$?dtor$4@?0??Sprawdü_ustawienia@@YAXXZ@4HA 0000000140018960     main.obj
 0004:0000096c       $pdata$?dtor$1@?0??Og≥oú_wynik@@YAXAEBH0AEAHAEAV?$basic_ofstream@DU?$char_traits@D@std@@@std@@AEAV?$basic_fstream@DU?$char_traits@D@std@@@2@@Z@4HA 000000014001896c     main.obj
 0004:00000978       $pdata$?dtor$0@?0???0?$basic_ofstream@DU?$char_traits@D@std@@@std@@QEAA@XZ@4HA 0000000140018978     main.obj
 0004:00000984       $pdata$?dtor$0@?0???0?$basic_stringstream@DU?$char_traits@D@std@@V?$allocator@D@2@@std@@QEAA@H@Z@4HA 0000000140018984     main.obj
 0004:00000990       $pdata$?catch$10@?0???$?6U?$char_traits@D@std@@@std@@YAAEAV?$basic_ostream@DU?$char_traits@D@std@@@0@AEAV10@D@Z@4HA 0000000140018990     main.obj
 0004:0000099c       $pdata$?catch$9@?0???$?6U?$char_traits@D@std@@@std@@YAAEAV?$basic_ostream@DU?$char_traits@D@std@@@0@AEAV10@PEBD@Z@4HA 000000014001899c     main.obj
 0004:000009a8       $pdata$?dtor$0@?0???$?HDU?$char_traits@D@std@@V?$allocator@D@1@@std@@YA?AV?$basic_string@DU?$char_traits@D@std@@V?$allocator@D@2@@0@AEBV10@0@Z@4HA 00000001400189a8     main.obj
 0004:000009b4       $pdata$?catch$33@?0???$?5DU?$char_traits@D@std@@V?$allocator@D@1@@std@@YAAEAV?$basic_istream@DU?$char_traits@D@std@@@0@$$QEAV10@AEAV?$basic_string@DU?$char_traits@D@std@@V?$allocator@D@2@@0@@Z@4HA 00000001400189b4     main.obj
 0004:000009c0       $pdata$?catch$28@?0???$getline@DU?$char_traits@D@std@@V?$allocator@D@2@@std@@YAAEAV?$basic_istream@DU?$char_traits@D@std@@@0@$$QEAV10@AEAV?$basic_string@DU?$char_traits@D@std@@V?$allocator@D@2@@0@D@Z@4HA 00000001400189c0     main.obj
 0004:000009cc       $pdata$?catch$8@?0???$_Insert_string@DU?$char_traits@D@std@@_K@std@@YAAEAV?$basic_ostream@DU?$char_traits@D@std@@@0@AEAV10@QEBD_K@Z@4HA 00000001400189cc     main.obj
 0004:000009d8       $pdata$__scrt_is_nonwritable_in_current_image$filt$0 00000001400189d8     MSVCRT:utility.obj
 0004:000009e4       $pdata$?filt$0@?0??__scrt_common_main_seh@@YAHXZ@4HA 00000001400189e4     MSVCRT:exe_main.obj
 0004:000009f0       $pdata$??__FG≥os@@YAXXZ    00000001400189f0     main.obj
 0004:000009fc       $pdata$??__F_Fac_tidy_reg@std@@YAXXZ 00000001400189fc     msvcprt:locale0_implib.obj

 Exports

  ordinal    name

