 Ruletka

 Timestamp is 5a26b2b6 (Tue Dec  5 15:52:38 2017)

 Preferred load address is 0000000140000000

 Start         Length     Name                   Class
 0001:00000000 00000020H .text$di                CODE
 0001:00000020 0000bf80H .text$mn                CODE
 0001:0000bfa0 000000e0H .text$mn$00             CODE
 0001:0000c080 000008f0H .text$x                 CODE
 0001:0000c970 0000009fH .text$yd                CODE
 0002:00000000 000004d0H .idata$5                DATA
 0002:000004d0 00000020H .00cfg                  DATA
 0002:000004f0 00000008H .CRT$XCA                DATA
 0002:000004f8 00000008H .CRT$XCAA               DATA
 0002:00000500 00000008H .CRT$XCL                DATA
 0002:00000508 00000008H .CRT$XCU                DATA
 0002:00000510 00000008H .CRT$XCZ                DATA
 0002:00000518 00000008H .CRT$XIA                DATA
 0002:00000520 00000008H .CRT$XIAA               DATA
 0002:00000528 00000008H .CRT$XIAC               DATA
 0002:00000530 00000008H .CRT$XIZ                DATA
 0002:00000538 00000008H .CRT$XPA                DATA
 0002:00000540 00000008H .CRT$XPZ                DATA
 0002:00000548 00000008H .CRT$XTA                DATA
 0002:00000550 00000010H .CRT$XTZ                DATA
 0002:00000558 00000000H .gfids$y                DATA
 0002:00000560 00001860H .rdata                  DATA
 0002:00001dc0 000009acH .rdata$r                DATA
 0002:0000276c 0000038cH .rdata$zzzdbg           DATA
 0002:00002af8 00000008H .rtc$IAA                DATA
 0002:00002b00 00000008H .rtc$IZZ                DATA
 0002:00002b08 00000008H .rtc$TAA                DATA
 0002:00002b10 00000010H .rtc$TZZ                DATA
 0002:00002b20 00001478H .xdata                  DATA
 0002:00003f98 0000014cH .xdata$x                DATA
 0002:000040e4 00000000H .edata                  DATA
 0002:000040e4 00000104H .idata$2                DATA
 0002:000041e8 00000018H .idata$3                DATA
 0002:00004200 000004d0H .idata$4                DATA
 0002:000046d0 000014ccH .idata$6                DATA
 0003:00000000 00000090H .data                   DATA
 0003:00000090 00000480H .data$r                 DATA
 0003:00000510 00000638H .bss                    DATA
 0004:00000000 00000840H .pdata                  DATA
 0005:00000000 00000060H .rsrc$01                DATA
 0005:00000060 00000180H .rsrc$02                DATA

  Address         Publics by Value              Rva+Base               Lib:Object

 0000:00000000       __hybrid_code_map_count    0000000000000000     <absolute>
 0000:00000000       __hybrid_code_map          0000000000000000     <absolute>
 0000:00000000       __guard_iat_count          0000000000000000     <absolute>
 0000:00000000       __guard_iat_table          0000000000000000     <absolute>
 0000:00000000       __hybrid_auxiliary_iat     0000000000000000     <absolute>
 0000:00000000       __dynamic_value_reloc_table 0000000000000000     <absolute>
 0000:00000000       __guard_fids_count         0000000000000000     <absolute>
 0000:00000000       __enclave_config           0000000000000000     <absolute>
 0000:00000000       __guard_longjmp_table      0000000000000000     <absolute>
 0000:00000000       ___safe_se_handler_table   0000000000000000     <absolute>
 0000:00000000       __guard_longjmp_count      0000000000000000     <absolute>
 0000:00000000       ___safe_se_handler_count   0000000000000000     <absolute>
 0000:00000000       __guard_fids_table         0000000000000000     <absolute>
 0000:00000100       __guard_flags              0000000000000100     <absolute>
 0000:00000000       __ImageBase                0000000140000000     <linker-defined>
 0001:00000020       ??0exception@std@@QEAA@AEBV01@@Z 0000000140001020 f i main.obj
 0001:00000060       ?what@exception@std@@UEBAPEBDXZ 0000000140001060 f i main.obj
 0001:00000080       ??_Gbad_cast@std@@UEAAPEAXI@Z 0000000140001080 f i main.obj
 0001:00000080       ??_Ebad_cast@std@@UEAAPEAXI@Z 0000000140001080 f i * CIL library *:* CIL module *
 0001:00000080       ??_Eexception@std@@UEAAPEAXI@Z 0000000140001080 f i * CIL library *:* CIL module *
 0001:00000080       ??_Gexception@std@@UEAAPEAXI@Z 0000000140001080 f i main.obj
 0001:000000d0       ??0bad_cast@std@@QEAA@XZ   00000001400010d0 f i main.obj
 0001:000000f0       ??1bad_cast@std@@UEAA@XZ   00000001400010f0 f i main.obj
 0001:00000110       ??1locale@std@@QEAA@XZ     0000000140001110 f i main.obj
 0001:00000150       main                       0000000140001150 f   main.obj
 0001:00000480       ??_D?$basic_ofstream@DU?$char_traits@D@std@@@std@@QEAAXXZ 0000000140001480 f i main.obj
 0001:00000560       ??_D?$basic_fstream@DU?$char_traits@D@std@@@std@@QEAAXXZ 0000000140001560 f i main.obj
 0001:00000640       ?Obstaw@@YA?AV?$basic_string@DU?$char_traits@D@std@@V?$allocator@D@2@@std@@XZ 0000000140001640 f   main.obj
 0001:00001020       ?Wczytaj_Kwotê_Zak³adu@@YAXAEAHAEBH@Z 0000000140002020 f   main.obj
 0001:00001200       ?Zakrêæ_Ruletk¹@@YAHXZ     0000000140002200 f   main.obj
 0001:00001650       ?SprawdŸ_Zak³ad@@YAHAEBHV?$basic_string@DU?$char_traits@D@std@@V?$allocator@D@2@@std@@0@Z 0000000140002650 f   main.obj
 0001:00001b60       ?Czy_Kontynuowaæ@@YA_NAEBH@Z 0000000140002b60 f   main.obj
 0001:00001ed0       ?Odczytaj_liczbê@@YAXAEBHAEBV?$basic_string@DU?$char_traits@D@std@@V?$allocator@D@2@@std@@@Z 0000000140002ed0 f   main.obj
 0001:00002c90       ??_D?$basic_stringstream@DU?$char_traits@D@std@@V?$allocator@D@2@@std@@QEAAXXZ 0000000140003c90 f i main.obj
 0001:00002cf0       ?Wczytaj_z_pliku@@YAXAEAV?$basic_ofstream@DU?$char_traits@D@std@@@std@@AEAV?$basic_fstream@DU?$char_traits@D@std@@@2@AEADAEAH33AEAV?$basic_string@DU?$char_traits@D@std@@V?$allocator@D@2@@2@@Z 0000000140003cf0 f   main.obj
 0001:00004700       ?SprawdŸ_Pliki@@YAXXZ      0000000140005700 f   main.obj
 0001:00005ac0       ?SprawdŸ_ustawienia@@YAXXZ 0000000140006ac0 f   main.obj
 0001:000062e0       ??_D?$basic_ifstream@DU?$char_traits@D@std@@@std@@QEAAXXZ 00000001400072e0 f i main.obj
 0001:000063c0       ?Og³oœ_wynik@@YAXAEBH0AEAHAEAV?$basic_ofstream@DU?$char_traits@D@std@@@std@@AEAV?$basic_fstream@DU?$char_traits@D@std@@@2@@Z 00000001400073c0 f   main.obj
 0001:00006890       ?Koniec_gry@@YAXAEAV?$basic_ofstream@DU?$char_traits@D@std@@@std@@AEAV?$basic_fstream@DU?$char_traits@D@std@@@2@AEAH@Z 0000000140007890 f   main.obj
 0001:00006b00       ?Pêtla_g³ówna@@YAXAEAH00AEAV?$basic_ofstream@DU?$char_traits@D@std@@@std@@AEAV?$basic_fstream@DU?$char_traits@D@std@@@2@AEADAEAV?$basic_string@DU?$char_traits@D@std@@V?$allocator@D@2@@2@0@Z 0000000140007b00 f   main.obj
 0001:000070a0       ?Ustaw_ustawienia@@YAXAEAV?$basic_string@DU?$char_traits@D@std@@V?$allocator@D@2@@std@@@Z 00000001400080a0 f   main.obj
 0001:00007b90       ?erase@?$basic_string@DU?$char_traits@D@std@@V?$allocator@D@2@@std@@QEAAAEAV12@_K_K@Z 0000000140008b90 f i main.obj
 0001:00007bf0       ??1?$basic_string@DU?$char_traits@D@std@@V?$allocator@D@2@@std@@QEAA@XZ 0000000140008bf0 f i main.obj
 0001:00007c60       ??0?$basic_string@DU?$char_traits@D@std@@V?$allocator@D@2@@std@@QEAA@AEBV01@@Z 0000000140008c60 f i main.obj
 0001:00007d30       ??0?$basic_ofstream@DU?$char_traits@D@std@@@std@@QEAA@XZ 0000000140008d30 f i main.obj
 0001:00007e10       ?imbue@?$basic_filebuf@DU?$char_traits@D@std@@@std@@MEAAXAEBVlocale@2@@Z 0000000140008e10 f i main.obj
 0001:00007e60       ?sync@?$basic_filebuf@DU?$char_traits@D@std@@@std@@MEAAHXZ 0000000140008e60 f i main.obj
 0001:00007eb0       ?setbuf@?$basic_filebuf@DU?$char_traits@D@std@@@std@@MEAAPEAV?$basic_streambuf@DU?$char_traits@D@std@@@2@PEAD_J@Z 0000000140008eb0 f i main.obj
 0001:00007f10       ?seekpos@?$basic_filebuf@DU?$char_traits@D@std@@@std@@MEAA?AV?$fpos@U_Mbstatet@@@2@V32@H@Z 0000000140008f10 f i main.obj
 0001:00008000       ?seekoff@?$basic_filebuf@DU?$char_traits@D@std@@@std@@MEAA?AV?$fpos@U_Mbstatet@@@2@_JHH@Z 0000000140009000 f i main.obj
 0001:00008110       ?uflow@?$basic_filebuf@DU?$char_traits@D@std@@@std@@MEAAHXZ 0000000140009110 f i main.obj
 0001:00008420       ?underflow@?$basic_filebuf@DU?$char_traits@D@std@@@std@@MEAAHXZ 0000000140009420 f i main.obj
 0001:00008490       ?pbackfail@?$basic_filebuf@DU?$char_traits@D@std@@@std@@MEAAHH@Z 0000000140009490 f i main.obj
 0001:00008570       ?overflow@?$basic_filebuf@DU?$char_traits@D@std@@@std@@MEAAHH@Z 0000000140009570 f i main.obj
 0001:00008840       ?_Unlock@?$basic_filebuf@DU?$char_traits@D@std@@@std@@UEAAXXZ 0000000140009840 f i main.obj
 0001:00008860       ?_Lock@?$basic_filebuf@DU?$char_traits@D@std@@@std@@UEAAXXZ 0000000140009860 f i main.obj
 0001:00008880       ?str@?$basic_stringstream@DU?$char_traits@D@std@@V?$allocator@D@2@@std@@QEBA?AV?$basic_string@DU?$char_traits@D@std@@V?$allocator@D@2@@2@XZ 0000000140009880 f i main.obj
 0001:000089d0       ?seekpos@?$basic_stringbuf@DU?$char_traits@D@std@@V?$allocator@D@2@@std@@MEAA?AV?$fpos@U_Mbstatet@@@2@V32@H@Z 00000001400099d0 f i main.obj
 0001:00008ae0       ?seekoff@?$basic_stringbuf@DU?$char_traits@D@std@@V?$allocator@D@2@@std@@MEAA?AV?$fpos@U_Mbstatet@@@2@_JHH@Z 0000000140009ae0 f i main.obj
 0001:00008c80       ?underflow@?$basic_stringbuf@DU?$char_traits@D@std@@V?$allocator@D@2@@std@@MEAAHXZ 0000000140009c80 f i main.obj
 0001:00008ce0       ?pbackfail@?$basic_stringbuf@DU?$char_traits@D@std@@V?$allocator@D@2@@std@@MEAAHH@Z 0000000140009ce0 f i main.obj
 0001:00008d30       ?overflow@?$basic_stringbuf@DU?$char_traits@D@std@@V?$allocator@D@2@@std@@MEAAHH@Z 0000000140009d30 f i main.obj
 0001:00008f70       ??1?$basic_stringbuf@DU?$char_traits@D@std@@V?$allocator@D@2@@std@@UEAA@XZ 0000000140009f70 f i main.obj
 0001:00009030       _initialize_denormal_control 000000014000a030 f i MSVCRT:denormal_control.obj
 0001:00009030       _initialize_invalid_parameter_handler 000000014000a030 f i MSVCRT:invalid_parameter_handler.obj
 0001:00009030       ?_Orphan_all@?$_String_alloc@U?$_String_base_types@DV?$allocator@D@std@@@std@@@std@@QEAAXXZ 000000014000a030 f i main.obj
 0001:00009030       _guard_check_icall_nop     000000014000a030 f i MSVCRT:guard_support.obj
 0001:00009030       ??1?$_String_alloc@U?$_String_base_types@DV?$allocator@D@std@@@std@@@std@@QEAA@XZ 000000014000a030 f i main.obj
 0001:00009040       ??_E?$basic_fstream@DU?$char_traits@D@std@@@std@@UEAAPEAXI@Z 000000014000a040 f i * CIL library *:* CIL module *
 0001:00009040       ??_G?$basic_fstream@DU?$char_traits@D@std@@@std@@UEAAPEAXI@Z 000000014000a040 f i main.obj
 0001:00009080       ??_G?$basic_ofstream@DU?$char_traits@D@std@@@std@@UEAAPEAXI@Z 000000014000a080 f i main.obj
 0001:00009080       ??_E?$basic_ofstream@DU?$char_traits@D@std@@@std@@UEAAPEAXI@Z 000000014000a080 f i * CIL library *:* CIL module *
 0001:000090c0       ??_E?$basic_ifstream@DU?$char_traits@D@std@@@std@@UEAAPEAXI@Z 000000014000a0c0 f i * CIL library *:* CIL module *
 0001:000090c0       ??_G?$basic_ifstream@DU?$char_traits@D@std@@@std@@UEAAPEAXI@Z 000000014000a0c0 f i main.obj
 0001:00009100       ??_G?$basic_filebuf@DU?$char_traits@D@std@@@std@@UEAAPEAXI@Z 000000014000a100 f i main.obj
 0001:00009100       ??_E?$basic_filebuf@DU?$char_traits@D@std@@@std@@UEAAPEAXI@Z 000000014000a100 f i * CIL library *:* CIL module *
 0001:000091a0       ??_E?$basic_stringstream@DU?$char_traits@D@std@@V?$allocator@D@2@@std@@UEAAPEAXI@Z 000000014000a1a0 f i * CIL library *:* CIL module *
 0001:000091a0       ??_G?$basic_stringstream@DU?$char_traits@D@std@@V?$allocator@D@2@@std@@UEAAPEAXI@Z 000000014000a1a0 f i main.obj
 0001:00009240       ??_E?$basic_stringbuf@DU?$char_traits@D@std@@V?$allocator@D@2@@std@@UEAAPEAXI@Z 000000014000a240 f i * CIL library *:* CIL module *
 0001:00009240       ??_G?$basic_stringbuf@DU?$char_traits@D@std@@V?$allocator@D@2@@std@@UEAAPEAXI@Z 000000014000a240 f i main.obj
 0001:00009280       ??1sentry@?$basic_ostream@DU?$char_traits@D@std@@@std@@QEAA@XZ 000000014000a280 f i main.obj
 0001:000092d0       ?assign@?$basic_string@DU?$char_traits@D@std@@V?$allocator@D@2@@std@@QEAAAEAV12@_KD@Z 000000014000a2d0 f i main.obj
 0001:00009420       ?append@?$basic_string@DU?$char_traits@D@std@@V?$allocator@D@2@@std@@QEAAAEAV12@QEBD_K@Z 000000014000a420 f i main.obj
 0001:000094b0       ?_Reset_back@?$basic_filebuf@DU?$char_traits@D@std@@@std@@AEAAXXZ 000000014000a4b0 f i main.obj
 0001:000094e0       ?_Endwrite@?$basic_filebuf@DU?$char_traits@D@std@@@std@@IEAA_NXZ 000000014000a4e0 f i main.obj
 0001:000096d0       ?_Init@?$basic_filebuf@DU?$char_traits@D@std@@@std@@IEAAXPEAU_iobuf@@W4_Initfl@12@@Z 000000014000a6d0 f i main.obj
 0001:00009790       ?close@?$basic_filebuf@DU?$char_traits@D@std@@@std@@QEAAPEAV12@XZ 000000014000a790 f i main.obj
 0001:00009810       ?open@?$basic_filebuf@DU?$char_traits@D@std@@@std@@QEAAPEAV12@PEBDHH@Z 000000014000a810 f i main.obj
 0001:000098e0       ?allocate@?$allocator@D@std@@QEAAPEAD_K@Z 000000014000a8e0 f i main.obj
 0001:00009940       ?deallocate@?$allocator@D@std@@QEAAXQEAD_K@Z 000000014000a940 f i main.obj
 0001:00009980       ??1_Sentry_base@?$basic_istream@DU?$char_traits@D@std@@@std@@QEAA@XZ 000000014000a980 f i main.obj
 0001:00009980       ??1_Sentry_base@?$basic_ostream@DU?$char_traits@D@std@@@std@@QEAA@XZ 000000014000a980 f i main.obj
 0001:000099b0       ?_Xran@?$_String_val@U?$_Simple_types@D@std@@@std@@SAXXZ 000000014000a9b0 f i main.obj
 0001:000099d0       ??$use_facet@V?$ctype@D@std@@@std@@YAAEBV?$ctype@D@0@AEBVlocale@0@@Z 000000014000a9d0 f i main.obj
 0001:00009af0       ??$?6U?$char_traits@D@std@@@std@@YAAEAV?$basic_ostream@DU?$char_traits@D@std@@@0@AEAV10@PEBD@Z 000000014000aaf0 f i main.obj
 0001:00009cb0       ??$endl@DU?$char_traits@D@std@@@std@@YAAEAV?$basic_ostream@DU?$char_traits@D@std@@@0@AEAV10@@Z 000000014000acb0 f i main.obj
 0001:00009cf0       ??$use_facet@V?$codecvt@DDU_Mbstatet@@@std@@@std@@YAAEBV?$codecvt@DDU_Mbstatet@@@0@AEBVlocale@0@@Z 000000014000acf0 f i main.obj
 0001:0000a430       ??0bad_cast@std@@QEAA@AEBV01@@Z 000000014000b430 f i main.obj
 0001:0000a470       ?_Xlen@?$basic_string@DU?$char_traits@D@std@@V?$allocator@D@2@@std@@SAXXZ 000000014000b470 f i main.obj
 0001:0000a490       ?insert@?$basic_string@DU?$char_traits@D@std@@V?$allocator@D@2@@std@@QEAAAEAV12@_KAEBV12@@Z 000000014000b490 f i main.obj
 0001:0000a590       ??$?5DU?$char_traits@D@std@@V?$allocator@D@1@@std@@YAAEAV?$basic_istream@DU?$char_traits@D@std@@@0@$$QEAV10@AEAV?$basic_string@DU?$char_traits@D@std@@V?$allocator@D@2@@0@@Z 000000014000b590 f i main.obj
 0001:0000a7b0       ??$getline@DU?$char_traits@D@std@@V?$allocator@D@2@@std@@YAAEAV?$basic_istream@DU?$char_traits@D@std@@@0@$$QEAV10@AEAV?$basic_string@DU?$char_traits@D@std@@V?$allocator@D@2@@0@D@Z 000000014000b7b0 f i main.obj
 0001:0000a960       ??$_Insert_string@DU?$char_traits@D@std@@_K@std@@YAAEAV?$basic_ostream@DU?$char_traits@D@std@@@0@AEAV10@QEBD_K@Z 000000014000b960 f i main.obj
 0001:0000ae40       ??1sentry@?$basic_istream@DU?$char_traits@D@std@@@std@@QEAA@XZ 000000014000be40 f i main.obj
 0001:0000ae70       ??_E?$basic_stringstream@DU?$char_traits@D@std@@V?$allocator@D@2@@std@@$4PPPPPPPM@A@EAAPEAXI@Z 000000014000be70 f i main.obj
 0001:0000ae7c       ??_E?$basic_ifstream@DU?$char_traits@D@std@@@std@@$4PPPPPPPM@A@EAAPEAXI@Z 000000014000be7c f i main.obj
 0001:0000ae88       ??_E?$basic_ofstream@DU?$char_traits@D@std@@@std@@$4PPPPPPPM@A@EAAPEAXI@Z 000000014000be88 f i main.obj
 0001:0000ae94       ??_E?$basic_fstream@DU?$char_traits@D@std@@@std@@$4PPPPPPPM@A@EAAPEAXI@Z 000000014000be94 f i main.obj
 0001:0000aea0       ??_G_Fac_node@std@@QEAAPEAXI@Z 000000014000bea0 f i msvcprt:locale0_implib.obj
 0001:0000af2c       ?_Facet_Register@std@@YAXPEAV_Facet_base@1@@Z 000000014000bf2c f   msvcprt:locale0_implib.obj
 0001:0000af64       ?_Lock@?$basic_streambuf@DU?$char_traits@D@std@@@std@@UEAAXXZ 000000014000bf64 f   msvcprt:MSVCP140.dll
 0001:0000af6a       ?_Unlock@?$basic_streambuf@DU?$char_traits@D@std@@@std@@UEAAXXZ 000000014000bf6a f   msvcprt:MSVCP140.dll
 0001:0000af70       ?showmanyc@?$basic_streambuf@DU?$char_traits@D@std@@@std@@MEAA_JXZ 000000014000bf70 f   msvcprt:MSVCP140.dll
 0001:0000af76       ?uflow@?$basic_streambuf@DU?$char_traits@D@std@@@std@@MEAAHXZ 000000014000bf76 f   msvcprt:MSVCP140.dll
 0001:0000af7c       ?xsgetn@?$basic_streambuf@DU?$char_traits@D@std@@@std@@MEAA_JPEAD_J@Z 000000014000bf7c f   msvcprt:MSVCP140.dll
 0001:0000af82       ?xsputn@?$basic_streambuf@DU?$char_traits@D@std@@@std@@MEAA_JPEBD_J@Z 000000014000bf82 f   msvcprt:MSVCP140.dll
 0001:0000af88       ?setbuf@?$basic_streambuf@DU?$char_traits@D@std@@@std@@MEAAPEAV12@PEAD_J@Z 000000014000bf88 f   msvcprt:MSVCP140.dll
 0001:0000af8e       ?sync@?$basic_streambuf@DU?$char_traits@D@std@@@std@@MEAAHXZ 000000014000bf8e f   msvcprt:MSVCP140.dll
 0001:0000af94       ?imbue@?$basic_streambuf@DU?$char_traits@D@std@@@std@@MEAAXAEBVlocale@2@@Z 000000014000bf94 f   msvcprt:MSVCP140.dll
 0001:0000afb0       __security_check_cookie    000000014000bfb0 f   MSVCRT:_amdsecgs_.obj
 0001:0000afd4       ??2@YAPEAX_K@Z             000000014000bfd4 f   MSVCRT:new_scalar.obj
 0001:0000b010       __scrt_acquire_startup_lock 000000014000c010 f   MSVCRT:utility.obj
 0001:0000b04c       __scrt_initialize_crt      000000014000c04c f   MSVCRT:utility.obj
 0001:0000b098       __scrt_initialize_onexit_tables 000000014000c098 f   MSVCRT:utility.obj
 0001:0000b178       __scrt_is_nonwritable_in_current_image 000000014000c178 f   MSVCRT:utility.obj
 0001:0000b214       __scrt_release_startup_lock 000000014000c214 f   MSVCRT:utility.obj
 0001:0000b238       __scrt_uninitialize_crt    000000014000c238 f   MSVCRT:utility.obj
 0001:0000b264       _onexit                    000000014000c264 f   MSVCRT:utility.obj
 0001:0000b2b4       atexit                     000000014000c2b4 f   MSVCRT:utility.obj
 0001:0000b2cc       ??3@YAXPEAX@Z              000000014000c2cc f   MSVCRT:delete_scalar.obj
 0001:0000b2d4       ??3@YAXPEAX_K@Z            000000014000c2d4 f   MSVCRT:delete_scalar_size.obj
 0001:0000b2dc       ??_Etype_info@@UEAAPEAXI@Z 000000014000c2dc f i MSVCRT:std_type_info_static.obj
 0001:0000b2dc       ??_Gtype_info@@UEAAPEAXI@Z 000000014000c2dc f i MSVCRT:std_type_info_static.obj
 0001:0000b568       mainCRTStartup             000000014000c568 f   MSVCRT:exe_main.obj
 0001:0000b57c       _guard_check_icall         000000014000c57c f i MSVCRT:checkcfg.obj
 0001:0000b584       __raise_securityfailure    000000014000c584 f   MSVCRT:gs_report.obj
 0001:0000b5b8       __report_gsfailure         000000014000c5b8 f   MSVCRT:gs_report.obj
 0001:0000b700       ??0bad_alloc@std@@QEAA@AEBV01@@Z 000000014000c700 f i MSVCRT:throw_bad_alloc.obj
 0001:0000b740       ??0bad_alloc@std@@QEAA@XZ  000000014000c740 f i MSVCRT:throw_bad_alloc.obj
 0001:0000b760       ??0bad_array_new_length@std@@QEAA@AEBV01@@Z 000000014000c760 f i MSVCRT:throw_bad_alloc.obj
 0001:0000b7a0       ??0bad_array_new_length@std@@QEAA@XZ 000000014000c7a0 f i MSVCRT:throw_bad_alloc.obj
 0001:0000b7c0       ??1bad_alloc@std@@UEAA@XZ  000000014000c7c0 f i MSVCRT:throw_bad_alloc.obj
 0001:0000b7c0       ??1bad_array_new_length@std@@UEAA@XZ 000000014000c7c0 f i MSVCRT:throw_bad_alloc.obj
 0001:0000b7d4       ??_Ebad_array_new_length@std@@UEAAPEAXI@Z 000000014000c7d4 f i MSVCRT:throw_bad_alloc.obj
 0001:0000b7d4       ??_Gbad_alloc@std@@UEAAPEAXI@Z 000000014000c7d4 f i MSVCRT:throw_bad_alloc.obj
 0001:0000b7d4       ??_Ebad_alloc@std@@UEAAPEAXI@Z 000000014000c7d4 f i MSVCRT:throw_bad_alloc.obj
 0001:0000b7d4       ??_Gbad_array_new_length@std@@UEAAPEAXI@Z 000000014000c7d4 f i MSVCRT:throw_bad_alloc.obj
 0001:0000b818       ?__scrt_throw_std_bad_alloc@@YAXXZ 000000014000c818 f   MSVCRT:throw_bad_alloc.obj
 0001:0000b838       ?__scrt_throw_std_bad_array_new_length@@YAXXZ 000000014000c838 f   MSVCRT:throw_bad_alloc.obj
 0001:0000b858       __isa_available_init       000000014000c858 f   MSVCRT:_cpu_disp_.obj
 0001:0000ba14       _get_startup_argv_mode     000000014000ca14 f   MSVCRT:argv_mode.obj
 0001:0000ba1c       __scrt_is_ucrt_dll_in_use  000000014000ca1c f   MSVCRT:ucrt_detection.obj
 0001:0000ba28       __crt_debugger_hook        000000014000ca28 f   MSVCRT:utility_desktop.obj
 0001:0000ba30       __scrt_fastfail            000000014000ca30 f   MSVCRT:utility_desktop.obj
 0001:0000bb7c       __scrt_is_managed_app      000000014000cb7c f   MSVCRT:utility_desktop.obj
 0001:0000bbd0       __scrt_set_unhandled_exception_filter 000000014000cbd0 f   MSVCRT:utility_desktop.obj
 0001:0000bbe0       __scrt_unhandled_exception_filter 000000014000cbe0 f   MSVCRT:utility_desktop.obj
 0001:0000bc18       __security_init_cookie     000000014000cc18 f   MSVCRT:gs_support.obj
 0001:0000bcc4       _matherr                   000000014000ccc4 f   MSVCRT:matherr.obj
 0001:0000bcc4       _get_startup_thread_locale_mode 000000014000ccc4 f   MSVCRT:thread_locale.obj
 0001:0000bcc4       _get_startup_commit_mode   000000014000ccc4 f   MSVCRT:commit_mode.obj
 0001:0000bcc4       _get_startup_new_mode      000000014000ccc4 f   MSVCRT:new_mode.obj
 0001:0000bcc4       __scrt_initialize_winrt    000000014000ccc4 f   MSVCRT:utility_desktop.obj
 0001:0000bcc8       _get_startup_file_mode     000000014000ccc8 f   MSVCRT:file_mode.obj
 0001:0000bcd0       ?__scrt_initialize_type_info@@YAXXZ 000000014000ccd0 f   MSVCRT:tncleanup.obj
 0001:0000bce0       __local_stdio_printf_options 000000014000cce0 f i MSVCRT:default_local_stdio_options.obj
 0001:0000bce8       __local_stdio_scanf_options 000000014000cce8 f i MSVCRT:default_local_stdio_options.obj
 0001:0000bcf0       __scrt_initialize_default_local_stdio_options 000000014000ccf0 f   MSVCRT:default_local_stdio_options.obj
 0001:0000bd0c       __scrt_is_user_matherr_present 000000014000cd0c f   MSVCRT:matherr_detection.obj
 0001:0000bd18       __scrt_get_dyn_tls_init_callback 000000014000cd18 f   MSVCRT:dyn_tls_init.obj
 0001:0000bd20       __scrt_get_dyn_tls_dtor_callback 000000014000cd20 f   MSVCRT:dyn_tls_dtor.obj
 0001:0000bd28       _RTC_Initialize            000000014000cd28 f   MSVCRT:_initsect_.obj
 0001:0000bd74       _RTC_Terminate             000000014000cd74 f   MSVCRT:_initsect_.obj
 0001:0000bdc0       __CxxFrameHandler3         000000014000cdc0 f   vcruntime:VCRUNTIME140.dll
 0001:0000bdc6       __std_exception_destroy    000000014000cdc6 f   vcruntime:VCRUNTIME140.dll
 0001:0000bdcc       __std_exception_copy       000000014000cdcc f   vcruntime:VCRUNTIME140.dll
 0001:0000bdd2       __std_terminate            000000014000cdd2 f   vcruntime:VCRUNTIME140.dll
 0001:0000bdd8       __C_specific_handler       000000014000cdd8 f   vcruntime:VCRUNTIME140.dll
 0001:0000bdde       _CxxThrowException         000000014000cdde f   vcruntime:VCRUNTIME140.dll
 0001:0000bde4       memset                     000000014000cde4 f   vcruntime:VCRUNTIME140.dll
 0001:0000bdea       _callnewh                  000000014000cdea f   ucrt:api-ms-win-crt-heap-l1-1-0.dll
 0001:0000bdf0       malloc                     000000014000cdf0 f   ucrt:api-ms-win-crt-heap-l1-1-0.dll
 0001:0000bdf6       _configure_narrow_argv     000000014000cdf6 f   ucrt:api-ms-win-crt-runtime-l1-1-0.dll
 0001:0000bdfc       _initialize_narrow_environment 000000014000cdfc f   ucrt:api-ms-win-crt-runtime-l1-1-0.dll
 0001:0000be02       _initialize_onexit_table   000000014000ce02 f   ucrt:api-ms-win-crt-runtime-l1-1-0.dll
 0001:0000be08       _register_onexit_function  000000014000ce08 f   ucrt:api-ms-win-crt-runtime-l1-1-0.dll
 0001:0000be0e       _crt_atexit                000000014000ce0e f   ucrt:api-ms-win-crt-runtime-l1-1-0.dll
 0001:0000be14       _cexit                     000000014000ce14 f   ucrt:api-ms-win-crt-runtime-l1-1-0.dll
 0001:0000be1a       free                       000000014000ce1a f   ucrt:api-ms-win-crt-heap-l1-1-0.dll
 0001:0000be20       _seh_filter_exe            000000014000ce20 f   ucrt:api-ms-win-crt-runtime-l1-1-0.dll
 0001:0000be26       _set_app_type              000000014000ce26 f   ucrt:api-ms-win-crt-runtime-l1-1-0.dll
 0001:0000be2c       __setusermatherr           000000014000ce2c f   ucrt:api-ms-win-crt-math-l1-1-0.dll
 0001:0000be32       _get_initial_narrow_environment 000000014000ce32 f   ucrt:api-ms-win-crt-runtime-l1-1-0.dll
 0001:0000be38       _initterm                  000000014000ce38 f   ucrt:api-ms-win-crt-runtime-l1-1-0.dll
 0001:0000be3e       _initterm_e                000000014000ce3e f   ucrt:api-ms-win-crt-runtime-l1-1-0.dll
 0001:0000be44       exit                       000000014000ce44 f   ucrt:api-ms-win-crt-runtime-l1-1-0.dll
 0001:0000be4a       _exit                      000000014000ce4a f   ucrt:api-ms-win-crt-runtime-l1-1-0.dll
 0001:0000be50       _set_fmode                 000000014000ce50 f   ucrt:api-ms-win-crt-stdio-l1-1-0.dll
 0001:0000be56       __p___argc                 000000014000ce56 f   ucrt:api-ms-win-crt-runtime-l1-1-0.dll
 0001:0000be5c       __p___argv                 000000014000ce5c f   ucrt:api-ms-win-crt-runtime-l1-1-0.dll
 0001:0000be62       _c_exit                    000000014000ce62 f   ucrt:api-ms-win-crt-runtime-l1-1-0.dll
 0001:0000be68       _register_thread_local_exe_atexit_callback 000000014000ce68 f   ucrt:api-ms-win-crt-runtime-l1-1-0.dll
 0001:0000be6e       _configthreadlocale        000000014000ce6e f   ucrt:api-ms-win-crt-locale-l1-1-0.dll
 0001:0000be74       _set_new_mode              000000014000ce74 f   ucrt:api-ms-win-crt-heap-l1-1-0.dll
 0001:0000be7a       __p__commode               000000014000ce7a f   ucrt:api-ms-win-crt-stdio-l1-1-0.dll
 0001:0000be80       terminate                  000000014000ce80 f   ucrt:api-ms-win-crt-runtime-l1-1-0.dll
 0001:0000be86       IsProcessorFeaturePresent  000000014000ce86 f   kernel32:KERNEL32.dll
 0001:0000be8c       __acrt_initialize          000000014000ce8c f   MSVCRT:ucrt_stubs.obj
 0001:0000be8c       __acrt_uninitialize        000000014000ce8c f   MSVCRT:ucrt_stubs.obj
 0001:0000be8c       __vcrt_uninitialize        000000014000ce8c f   MSVCRT:ucrt_stubs.obj
 0001:0000be8c       _should_initialize_environment 000000014000ce8c f   MSVCRT:env_mode.obj
 0001:0000be8c       __scrt_stub_for_acrt_uninitialize 000000014000ce8c f   MSVCRT:ucrt_stubs.obj
 0001:0000be8c       __vcrt_initialize          000000014000ce8c f   MSVCRT:ucrt_stubs.obj
 0001:0000be8c       __scrt_stub_for_acrt_initialize 000000014000ce8c f   MSVCRT:ucrt_stubs.obj
 0001:0000be90       __GSHandlerCheck           000000014000ce90 f   MSVCRT:_gshandler_.obj
 0001:0000beb0       __GSHandlerCheckCommon     000000014000ceb0 f   MSVCRT:_gshandler_.obj
 0001:0000bf0c       __GSHandlerCheck_EH        000000014000cf0c f   MSVCRT:gshandlereh.obj
 0001:0000bf8b       memcmp                     000000014000cf8b f   vcruntime:VCRUNTIME140.dll
 0001:0000bf91       memcpy                     000000014000cf91 f   vcruntime:VCRUNTIME140.dll
 0001:0000bfb0       _guard_dispatch_icall_nop  000000014000cfb0 f   MSVCRT:_guard_dispatch_.obj
 0001:0000bfd0       __guard_ss_verify_failure  000000014000cfd0 f   MSVCRT:_rfgfailure_.obj
 0001:0000bfdb       __guard_ss_verify_failure_rcx 000000014000cfdb     MSVCRT:_rfgfailure_.obj
 0001:0000bfe1       __guard_ss_verify_failure_rdx 000000014000cfe1     MSVCRT:_rfgfailure_.obj
 0001:0000bfe7       __guard_ss_verify_failure_r8 000000014000cfe7     MSVCRT:_rfgfailure_.obj
 0001:0000bfed       __guard_ss_verify_failure_r9 000000014000cfed     MSVCRT:_rfgfailure_.obj
 0001:0000bff3       __guard_ss_verify_failure_r10 000000014000cff3     MSVCRT:_rfgfailure_.obj
 0001:0000c000       __guard_ss_verify_failure_default 000000014000d000 f   MSVCRT:_rfgfailure_.obj
 0001:0000c060       __guard_ss_verify_sp       000000014000d060 f   MSVCRT:_rfgfailure_.obj
 0001:0000c070       __guard_ss_verify_sp_default 000000014000d070 f   MSVCRT:_rfgfailure_.obj
 0002:00000000       __imp_RtlCaptureContext    000000014000e000     kernel32:KERNEL32.dll
 0002:00000008       __imp_RtlLookupFunctionEntry 000000014000e008     kernel32:KERNEL32.dll
 0002:00000010       __imp_SetConsoleTextAttribute 000000014000e010     kernel32:KERNEL32.dll
 0002:00000018       __imp_GetStdHandle         000000014000e018     kernel32:KERNEL32.dll
 0002:00000020       __imp_GetConsoleCursorInfo 000000014000e020     kernel32:KERNEL32.dll
 0002:00000028       __imp_Sleep                000000014000e028     kernel32:KERNEL32.dll
 0002:00000030       __imp_SetConsoleCursorInfo 000000014000e030     kernel32:KERNEL32.dll
 0002:00000038       __imp_GetSystemTime        000000014000e038     kernel32:KERNEL32.dll
 0002:00000040       __imp_GetSystemTimeAsFileTime 000000014000e040     kernel32:KERNEL32.dll
 0002:00000048       __imp_InitializeSListHead  000000014000e048     kernel32:KERNEL32.dll
 0002:00000050       __imp_GetCurrentProcessId  000000014000e050     kernel32:KERNEL32.dll
 0002:00000058       __imp_QueryPerformanceCounter 000000014000e058     kernel32:KERNEL32.dll
 0002:00000060       __imp_GetModuleHandleW     000000014000e060     kernel32:KERNEL32.dll
 0002:00000068       __imp_IsDebuggerPresent    000000014000e068     kernel32:KERNEL32.dll
 0002:00000070       __imp_IsProcessorFeaturePresent 000000014000e070     kernel32:KERNEL32.dll
 0002:00000078       __imp_TerminateProcess     000000014000e078     kernel32:KERNEL32.dll
 0002:00000080       __imp_GetCurrentProcess    000000014000e080     kernel32:KERNEL32.dll
 0002:00000088       __imp_SetUnhandledExceptionFilter 000000014000e088     kernel32:KERNEL32.dll
 0002:00000090       __imp_UnhandledExceptionFilter 000000014000e090     kernel32:KERNEL32.dll
 0002:00000098       __imp_RtlVirtualUnwind     000000014000e098     kernel32:KERNEL32.dll
 0002:000000a0       __imp_GetCurrentThreadId   000000014000e0a0     kernel32:KERNEL32.dll
 0002:000000a8       \177KERNEL32_NULL_THUNK_DATA 000000014000e0a8     kernel32:KERNEL32.dll
 0002:000000b0       __imp_?_Ipfx@?$basic_istream@DU?$char_traits@D@std@@@std@@QEAA_N_N@Z 000000014000e0b0     msvcprt:MSVCP140.dll
 0002:000000b8       __imp_?snextc@?$basic_streambuf@DU?$char_traits@D@std@@@std@@QEAAHXZ 000000014000e0b8     msvcprt:MSVCP140.dll
 0002:000000c0       __imp_?sputn@?$basic_streambuf@DU?$char_traits@D@std@@@std@@QEAA_JPEBD_J@Z 000000014000e0c0     msvcprt:MSVCP140.dll
 0002:000000c8       __imp_?put@?$basic_ostream@DU?$char_traits@D@std@@@std@@QEAAAEAV12@D@Z 000000014000e0c8     msvcprt:MSVCP140.dll
 0002:000000d0       __imp_?_Getcat@?$codecvt@DDU_Mbstatet@@@std@@SA_KPEAPEBVfacet@locale@2@PEBV42@@Z 000000014000e0d0     msvcprt:MSVCP140.dll
 0002:000000d8       __imp_?sbumpc@?$basic_streambuf@DU?$char_traits@D@std@@@std@@QEAAHXZ 000000014000e0d8     msvcprt:MSVCP140.dll
 0002:000000e0       __imp_?sgetc@?$basic_streambuf@DU?$char_traits@D@std@@@std@@QEAAHXZ 000000014000e0e0     msvcprt:MSVCP140.dll
 0002:000000e8       __imp_?widen@?$basic_ios@DU?$char_traits@D@std@@@std@@QEBADD@Z 000000014000e0e8     msvcprt:MSVCP140.dll
 0002:000000f0       __imp_?sputc@?$basic_streambuf@DU?$char_traits@D@std@@@std@@QEAAHD@Z 000000014000e0f0     msvcprt:MSVCP140.dll
 0002:000000f8       __imp_??0?$basic_streambuf@DU?$char_traits@D@std@@@std@@IEAA@XZ 000000014000e0f8     msvcprt:MSVCP140.dll
 0002:00000100       __imp_?getloc@?$basic_streambuf@DU?$char_traits@D@std@@@std@@QEBA?AVlocale@2@XZ 000000014000e100     msvcprt:MSVCP140.dll
 0002:00000108       __imp_?_Init@?$basic_streambuf@DU?$char_traits@D@std@@@std@@IEAAXXZ 000000014000e108     msvcprt:MSVCP140.dll
 0002:00000110       __imp_?_Osfx@?$basic_ostream@DU?$char_traits@D@std@@@std@@QEAAXXZ 000000014000e110     msvcprt:MSVCP140.dll
 0002:00000118       __imp_?unshift@?$codecvt@DDU_Mbstatet@@@std@@QEBAHAEAU_Mbstatet@@PEAD1AEAPEAD@Z 000000014000e118     msvcprt:MSVCP140.dll
 0002:00000120       __imp_?clear@?$basic_ios@DU?$char_traits@D@std@@@std@@QEAAXH_N@Z 000000014000e120     msvcprt:MSVCP140.dll
 0002:00000128       __imp_?setstate@?$basic_ios@DU?$char_traits@D@std@@@std@@QEAAXH_N@Z 000000014000e128     msvcprt:MSVCP140.dll
 0002:00000130       __imp_??0?$basic_ios@DU?$char_traits@D@std@@@std@@IEAA@XZ 000000014000e130     msvcprt:MSVCP140.dll
 0002:00000138       __imp_?_Random_device@std@@YAIXZ 000000014000e138     msvcprt:MSVCP140.dll
 0002:00000140       __imp_??0?$basic_istream@DU?$char_traits@D@std@@@std@@QEAA@PEAV?$basic_streambuf@DU?$char_traits@D@std@@@1@_N@Z 000000014000e140     msvcprt:MSVCP140.dll
 0002:00000148       __imp_??0?$basic_ostream@DU?$char_traits@D@std@@@std@@QEAA@PEAV?$basic_streambuf@DU?$char_traits@D@std@@@1@_N@Z 000000014000e148     msvcprt:MSVCP140.dll
 0002:00000150       __imp_??0?$basic_iostream@DU?$char_traits@D@std@@@std@@QEAA@PEAV?$basic_streambuf@DU?$char_traits@D@std@@@1@@Z 000000014000e150     msvcprt:MSVCP140.dll
 0002:00000158       __imp_?in@?$codecvt@DDU_Mbstatet@@@std@@QEBAHAEAU_Mbstatet@@PEBD1AEAPEBDPEAD3AEAPEAD@Z 000000014000e158     msvcprt:MSVCP140.dll
 0002:00000160       __imp_?out@?$codecvt@DDU_Mbstatet@@@std@@QEBAHAEAU_Mbstatet@@PEBD1AEAPEBDPEAD3AEAPEAD@Z 000000014000e160     msvcprt:MSVCP140.dll
 0002:00000168       __imp_??1?$basic_ios@DU?$char_traits@D@std@@@std@@UEAA@XZ 000000014000e168     msvcprt:MSVCP140.dll
 0002:00000170       __imp_??1?$basic_streambuf@DU?$char_traits@D@std@@@std@@UEAA@XZ 000000014000e170     msvcprt:MSVCP140.dll
 0002:00000178       __imp_?_Lock@?$basic_streambuf@DU?$char_traits@D@std@@@std@@UEAAXXZ 000000014000e178     msvcprt:MSVCP140.dll
 0002:00000180       __imp_?_Unlock@?$basic_streambuf@DU?$char_traits@D@std@@@std@@UEAAXXZ 000000014000e180     msvcprt:MSVCP140.dll
 0002:00000188       __imp_?showmanyc@?$basic_streambuf@DU?$char_traits@D@std@@@std@@MEAA_JXZ 000000014000e188     msvcprt:MSVCP140.dll
 0002:00000190       __imp_?uflow@?$basic_streambuf@DU?$char_traits@D@std@@@std@@MEAAHXZ 000000014000e190     msvcprt:MSVCP140.dll
 0002:00000198       __imp_?xsgetn@?$basic_streambuf@DU?$char_traits@D@std@@@std@@MEAA_JPEAD_J@Z 000000014000e198     msvcprt:MSVCP140.dll
 0002:000001a0       __imp_?xsputn@?$basic_streambuf@DU?$char_traits@D@std@@@std@@MEAA_JPEBD_J@Z 000000014000e1a0     msvcprt:MSVCP140.dll
 0002:000001a8       __imp_?setbuf@?$basic_streambuf@DU?$char_traits@D@std@@@std@@MEAAPEAV12@PEAD_J@Z 000000014000e1a8     msvcprt:MSVCP140.dll
 0002:000001b0       __imp_?sync@?$basic_streambuf@DU?$char_traits@D@std@@@std@@MEAAHXZ 000000014000e1b0     msvcprt:MSVCP140.dll
 0002:000001b8       __imp_?imbue@?$basic_streambuf@DU?$char_traits@D@std@@@std@@MEAAXAEBVlocale@2@@Z 000000014000e1b8     msvcprt:MSVCP140.dll
 0002:000001c0       __imp_??1?$basic_istream@DU?$char_traits@D@std@@@std@@UEAA@XZ 000000014000e1c0     msvcprt:MSVCP140.dll
 0002:000001c8       __imp_??1?$basic_ostream@DU?$char_traits@D@std@@@std@@UEAA@XZ 000000014000e1c8     msvcprt:MSVCP140.dll
 0002:000001d0       __imp_??6?$basic_ostream@DU?$char_traits@D@std@@@std@@QEAAAEAV01@P6AAEAV01@AEAV01@@Z@Z 000000014000e1d0     msvcprt:MSVCP140.dll
 0002:000001d8       __imp_??6?$basic_ostream@DU?$char_traits@D@std@@@std@@QEAAAEAV01@G@Z 000000014000e1d8     msvcprt:MSVCP140.dll
 0002:000001e0       __imp_??6?$basic_ostream@DU?$char_traits@D@std@@@std@@QEAAAEAV01@H@Z 000000014000e1e0     msvcprt:MSVCP140.dll
 0002:000001e8       __imp_?flush@?$basic_ostream@DU?$char_traits@D@std@@@std@@QEAAAEAV12@XZ 000000014000e1e8     msvcprt:MSVCP140.dll
 0002:000001f0       __imp_??1?$basic_iostream@DU?$char_traits@D@std@@@std@@UEAA@XZ 000000014000e1f0     msvcprt:MSVCP140.dll
 0002:000001f8       __imp_?getloc@ios_base@std@@QEBA?AVlocale@2@XZ 000000014000e1f8     msvcprt:MSVCP140.dll
 0002:00000200       __imp_?_Getcat@?$ctype@D@std@@SA_KPEAPEBVfacet@locale@2@PEBV42@@Z 000000014000e200     msvcprt:MSVCP140.dll
 0002:00000208       __imp_?always_noconv@codecvt_base@std@@QEBA_NXZ 000000014000e208     msvcprt:MSVCP140.dll
 0002:00000210       __imp_??Bid@locale@std@@QEAA_KXZ 000000014000e210     msvcprt:MSVCP140.dll
 0002:00000218       __imp_?id@?$ctype@D@std@@2V0locale@2@A 000000014000e218     msvcprt:MSVCP140.dll
 0002:00000220       __imp_?_Fiopen@std@@YAPEAU_iobuf@@PEBDHH@Z 000000014000e220     msvcprt:MSVCP140.dll
 0002:00000228       __imp_?id@?$codecvt@DDU_Mbstatet@@@std@@2V0locale@2@A 000000014000e228     msvcprt:MSVCP140.dll
 0002:00000230       __imp_?_BADOFF@std@@3_JB   000000014000e230     msvcprt:MSVCP140.dll
 0002:00000238       __imp_?_Xout_of_range@std@@YAXPEBD@Z 000000014000e238     msvcprt:MSVCP140.dll
 0002:00000240       __imp_?_Xbad_alloc@std@@YAXXZ 000000014000e240     msvcprt:MSVCP140.dll
 0002:00000248       __imp_?cin@std@@3V?$basic_istream@DU?$char_traits@D@std@@@1@A 000000014000e248     msvcprt:MSVCP140.dll
 0002:00000250       __imp_?uncaught_exception@std@@YA_NXZ 000000014000e250     msvcprt:MSVCP140.dll
 0002:00000258       __imp_?_Getgloballocale@locale@std@@CAPEAV_Locimp@12@XZ 000000014000e258     msvcprt:MSVCP140.dll
 0002:00000260       __imp_?cout@std@@3V?$basic_ostream@DU?$char_traits@D@std@@@1@A 000000014000e260     msvcprt:MSVCP140.dll
 0002:00000268       __imp_??0_Lockit@std@@QEAA@H@Z 000000014000e268     msvcprt:MSVCP140.dll
 0002:00000270       __imp_??1_Lockit@std@@QEAA@XZ 000000014000e270     msvcprt:MSVCP140.dll
 0002:00000278       __imp_?_Xlength_error@std@@YAXPEBD@Z 000000014000e278     msvcprt:MSVCP140.dll
 0002:00000280       \177MSVCP140_NULL_THUNK_DATA 000000014000e280     msvcprt:MSVCP140.dll
 0002:00000288       __imp_memset               000000014000e288     vcruntime:VCRUNTIME140.dll
 0002:00000290       __imp__CxxThrowException   000000014000e290     vcruntime:VCRUNTIME140.dll
 0002:00000298       __imp___C_specific_handler 000000014000e298     vcruntime:VCRUNTIME140.dll
 0002:000002a0       __imp___std_terminate      000000014000e2a0     vcruntime:VCRUNTIME140.dll
 0002:000002a8       __imp_memchr               000000014000e2a8     vcruntime:VCRUNTIME140.dll
 0002:000002b0       __imp___std_exception_copy 000000014000e2b0     vcruntime:VCRUNTIME140.dll
 0002:000002b8       __imp_memmove              000000014000e2b8     vcruntime:VCRUNTIME140.dll
 0002:000002c0       __imp___std_exception_destroy 000000014000e2c0     vcruntime:VCRUNTIME140.dll
 0002:000002c8       __imp___CxxFrameHandler3   000000014000e2c8     vcruntime:VCRUNTIME140.dll
 0002:000002d0       __imp_memcpy               000000014000e2d0     vcruntime:VCRUNTIME140.dll
 0002:000002d8       __imp_memcmp               000000014000e2d8     vcruntime:VCRUNTIME140.dll
 0002:000002e0       \177VCRUNTIME140_NULL_THUNK_DATA 000000014000e2e0     vcruntime:VCRUNTIME140.dll
 0002:000002e8       __imp_PlaySoundA           000000014000e2e8     winmm:WINMM.dll
 0002:000002f0       \177WINMM_NULL_THUNK_DATA  000000014000e2f0     winmm:WINMM.dll
 0002:000002f8       __imp_atoi                 000000014000e2f8     ucrt:api-ms-win-crt-convert-l1-1-0.dll
 0002:00000300       \177api-ms-win-crt-convert-l1-1-0_NULL_THUNK_DATA 000000014000e300     ucrt:api-ms-win-crt-convert-l1-1-0.dll
 0002:00000308       __imp__access              000000014000e308     ucrt:api-ms-win-crt-filesystem-l1-1-0.dll
 0002:00000310       __imp__lock_file           000000014000e310     ucrt:api-ms-win-crt-filesystem-l1-1-0.dll
 0002:00000318       __imp__unlock_file         000000014000e318     ucrt:api-ms-win-crt-filesystem-l1-1-0.dll
 0002:00000320       __imp_remove               000000014000e320     ucrt:api-ms-win-crt-filesystem-l1-1-0.dll
 0002:00000328       \177api-ms-win-crt-filesystem-l1-1-0_NULL_THUNK_DATA 000000014000e328     ucrt:api-ms-win-crt-filesystem-l1-1-0.dll
 0002:00000330       __imp__set_new_mode        000000014000e330     ucrt:api-ms-win-crt-heap-l1-1-0.dll
 0002:00000338       __imp_malloc               000000014000e338     ucrt:api-ms-win-crt-heap-l1-1-0.dll
 0002:00000340       __imp__callnewh            000000014000e340     ucrt:api-ms-win-crt-heap-l1-1-0.dll
 0002:00000348       __imp_free                 000000014000e348     ucrt:api-ms-win-crt-heap-l1-1-0.dll
 0002:00000350       \177api-ms-win-crt-heap-l1-1-0_NULL_THUNK_DATA 000000014000e350     ucrt:api-ms-win-crt-heap-l1-1-0.dll
 0002:00000358       __imp__configthreadlocale  000000014000e358     ucrt:api-ms-win-crt-locale-l1-1-0.dll
 0002:00000360       __imp_setlocale            000000014000e360     ucrt:api-ms-win-crt-locale-l1-1-0.dll
 0002:00000368       \177api-ms-win-crt-locale-l1-1-0_NULL_THUNK_DATA 000000014000e368     ucrt:api-ms-win-crt-locale-l1-1-0.dll
 0002:00000370       __imp___setusermatherr     000000014000e370     ucrt:api-ms-win-crt-math-l1-1-0.dll
 0002:00000378       \177api-ms-win-crt-math-l1-1-0_NULL_THUNK_DATA 000000014000e378     ucrt:api-ms-win-crt-math-l1-1-0.dll
 0002:00000380       __imp__initialize_onexit_table 000000014000e380     ucrt:api-ms-win-crt-runtime-l1-1-0.dll
 0002:00000388       __imp__seh_filter_exe      000000014000e388     ucrt:api-ms-win-crt-runtime-l1-1-0.dll
 0002:00000390       __imp__cexit               000000014000e390     ucrt:api-ms-win-crt-runtime-l1-1-0.dll
 0002:00000398       __imp__initialize_narrow_environment 000000014000e398     ucrt:api-ms-win-crt-runtime-l1-1-0.dll
 0002:000003a0       __imp__initterm            000000014000e3a0     ucrt:api-ms-win-crt-runtime-l1-1-0.dll
 0002:000003a8       __imp__initterm_e          000000014000e3a8     ucrt:api-ms-win-crt-runtime-l1-1-0.dll
 0002:000003b0       __imp__crt_atexit          000000014000e3b0     ucrt:api-ms-win-crt-runtime-l1-1-0.dll
 0002:000003b8       __imp__exit                000000014000e3b8     ucrt:api-ms-win-crt-runtime-l1-1-0.dll
 0002:000003c0       __imp__configure_narrow_argv 000000014000e3c0     ucrt:api-ms-win-crt-runtime-l1-1-0.dll
 0002:000003c8       __imp___p___argc           000000014000e3c8     ucrt:api-ms-win-crt-runtime-l1-1-0.dll
 0002:000003d0       __imp___p___argv           000000014000e3d0     ucrt:api-ms-win-crt-runtime-l1-1-0.dll
 0002:000003d8       __imp__c_exit              000000014000e3d8     ucrt:api-ms-win-crt-runtime-l1-1-0.dll
 0002:000003e0       __imp__register_thread_local_exe_atexit_callback 000000014000e3e0     ucrt:api-ms-win-crt-runtime-l1-1-0.dll
 0002:000003e8       __imp_system               000000014000e3e8     ucrt:api-ms-win-crt-runtime-l1-1-0.dll
 0002:000003f0       __imp_terminate            000000014000e3f0     ucrt:api-ms-win-crt-runtime-l1-1-0.dll
 0002:000003f8       __imp_exit                 000000014000e3f8     ucrt:api-ms-win-crt-runtime-l1-1-0.dll
 0002:00000400       __imp__invalid_parameter_noinfo_noreturn 000000014000e400     ucrt:api-ms-win-crt-runtime-l1-1-0.dll
 0002:00000408       __imp__errno               000000014000e408     ucrt:api-ms-win-crt-runtime-l1-1-0.dll
 0002:00000410       __imp__invalid_parameter_noinfo 000000014000e410     ucrt:api-ms-win-crt-runtime-l1-1-0.dll
 0002:00000418       __imp__register_onexit_function 000000014000e418     ucrt:api-ms-win-crt-runtime-l1-1-0.dll
 0002:00000420       __imp__get_initial_narrow_environment 000000014000e420     ucrt:api-ms-win-crt-runtime-l1-1-0.dll
 0002:00000428       __imp__set_app_type        000000014000e428     ucrt:api-ms-win-crt-runtime-l1-1-0.dll
 0002:00000430       \177api-ms-win-crt-runtime-l1-1-0_NULL_THUNK_DATA 000000014000e430     ucrt:api-ms-win-crt-runtime-l1-1-0.dll
 0002:00000438       __imp_fgetpos              000000014000e438     ucrt:api-ms-win-crt-stdio-l1-1-0.dll
 0002:00000440       __imp_setvbuf              000000014000e440     ucrt:api-ms-win-crt-stdio-l1-1-0.dll
 0002:00000448       __imp_fwrite               000000014000e448     ucrt:api-ms-win-crt-stdio-l1-1-0.dll
 0002:00000450       __imp_fputc                000000014000e450     ucrt:api-ms-win-crt-stdio-l1-1-0.dll
 0002:00000458       __imp___p__commode         000000014000e458     ucrt:api-ms-win-crt-stdio-l1-1-0.dll
 0002:00000460       __imp__set_fmode           000000014000e460     ucrt:api-ms-win-crt-stdio-l1-1-0.dll
 0002:00000468       __imp__get_stream_buffer_pointers 000000014000e468     ucrt:api-ms-win-crt-stdio-l1-1-0.dll
 0002:00000470       __imp__fseeki64            000000014000e470     ucrt:api-ms-win-crt-stdio-l1-1-0.dll
 0002:00000478       __imp_fgetc                000000014000e478     ucrt:api-ms-win-crt-stdio-l1-1-0.dll
 0002:00000480       __imp_fflush               000000014000e480     ucrt:api-ms-win-crt-stdio-l1-1-0.dll
 0002:00000488       __imp_fsetpos              000000014000e488     ucrt:api-ms-win-crt-stdio-l1-1-0.dll
 0002:00000490       __imp_fclose               000000014000e490     ucrt:api-ms-win-crt-stdio-l1-1-0.dll
 0002:00000498       __imp_ungetc               000000014000e498     ucrt:api-ms-win-crt-stdio-l1-1-0.dll
 0002:000004a0       \177api-ms-win-crt-stdio-l1-1-0_NULL_THUNK_DATA 000000014000e4a0     ucrt:api-ms-win-crt-stdio-l1-1-0.dll
 0002:000004a8       __imp__time64              000000014000e4a8     ucrt:api-ms-win-crt-time-l1-1-0.dll
 0002:000004b0       \177api-ms-win-crt-time-l1-1-0_NULL_THUNK_DATA 000000014000e4b0     ucrt:api-ms-win-crt-time-l1-1-0.dll
 0002:000004b8       __imp_rand                 000000014000e4b8     ucrt:api-ms-win-crt-utility-l1-1-0.dll
 0002:000004c0       __imp_srand                000000014000e4c0     ucrt:api-ms-win-crt-utility-l1-1-0.dll
 0002:000004c8       \177api-ms-win-crt-utility-l1-1-0_NULL_THUNK_DATA 000000014000e4c8     ucrt:api-ms-win-crt-utility-l1-1-0.dll
 0002:000004d0       __guard_check_icall_fptr   000000014000e4d0     MSVCRT:guard_support.obj
 0002:000004d8       __guard_dispatch_icall_fptr 000000014000e4d8     MSVCRT:guard_support.obj
 0002:000004e0       __guard_ss_verify_failure_fptr 000000014000e4e0     MSVCRT:guard_support.obj
 0002:000004e8       __guard_ss_verify_sp_fptr  000000014000e4e8     MSVCRT:guard_support.obj
 0002:000004f0       __xc_a                     000000014000e4f0     MSVCRT:initializers.obj
 0002:00000510       __xc_z                     000000014000e510     MSVCRT:initializers.obj
 0002:00000518       __xi_a                     000000014000e518     MSVCRT:initializers.obj
 0002:00000530       __xi_z                     000000014000e530     MSVCRT:initializers.obj
 0002:00000538       __xp_a                     000000014000e538     MSVCRT:initializers.obj
 0002:00000540       __xp_z                     000000014000e540     MSVCRT:initializers.obj
 0002:00000548       __xt_a                     000000014000e548     MSVCRT:initializers.obj
 0002:00000550       __xt_z                     000000014000e550     MSVCRT:initializers.obj
 0002:00000590       ??_7type_info@@6B@         000000014000e590     MSVCRT:std_type_info_static.obj
 0002:000005b0       ??_7exception@std@@6B@     000000014000e5b0     MSVCRT:throw_bad_alloc.obj
 0002:000005c8       ??_7bad_alloc@std@@6B@     000000014000e5c8     MSVCRT:throw_bad_alloc.obj
 0002:000005d8       ??_C@_0P@GHFPNOJB@bad?5allocation?$AA@ 000000014000e5d8     MSVCRT:throw_bad_alloc.obj
 0002:000005f0       ??_7bad_array_new_length@std@@6B@ 000000014000e5f0     MSVCRT:throw_bad_alloc.obj
 0002:00000600       ??_C@_0BF@KINCDENJ@bad?5array?5new?5length?$AA@ 000000014000e600     MSVCRT:throw_bad_alloc.obj
 0002:00000618       ??_C@_0BC@EOODALEL@Unknown?5exception?$AA@ 000000014000e618     main.obj
 0002:00000630       ??_C@_08EPJLHIJG@bad?5cast?$AA@ 000000014000e630     main.obj
 0002:00000639       ??_C@_00CNPNBAHC@?$AA@     000000014000e639     main.obj
 0002:0000063c       ??_C@_06JGCGFIEG@polish?$AA@ 000000014000e63c     main.obj
 0002:00000648       ??_C@_0P@GMFAENOC@log_og?slny?4txt?$AA@ 000000014000e648     main.obj
 0002:00000658       ??_C@_05PDJBBECF@pause?$AA@ 000000014000e658     main.obj
 0002:00000660       ??_C@_0DM@FGCBIOFJ@Jak?$LJ?5opcje?5chcesz?5obstawic?5?$DP?5?$CIzg@ 000000014000e660     main.obj
 0002:000006a0       ??_C@_0N@KLINIBPG@p?5?9?5parzyste?$AA@ 000000014000e6a0     main.obj
 0002:000006b0       ??_C@_0BA@GNAADEAG@n?5?9?5nieparzyste?$AA@ 000000014000e6b0     main.obj
 0002:000006c0       ??_C@_0BC@GOMOHEMO@r?5?9?5czerwone?$CIred?$CJ?$AA@ 000000014000e6c0     main.obj
 0002:000006d8       ??_C@_0BC@LKBFHLDI@b?5?9?5czarne?$CIblack?$CJ?$AA@ 000000014000e6d8     main.obj
 0002:000006f0       ??_C@_0BB@FMNKHOJE@g?5?9?5g?srna?5po?$LDowa?$AA@ 000000014000e6f0     main.obj
 0002:00000708       ??_C@_0BB@CHNPGJIO@d?5?9?5dolna?5po?$LDowa?$AA@ 000000014000e708     main.obj
 0002:00000720       ??_C@_0CN@EJBDEIIK@k1?0?5k2?0?5k3?5?9?5kolumna?51?0?5kolumna?5@ 000000014000e720     main.obj
 0002:00000750       ??_C@_0CJ@KMEGGBFA@w1?0?5w2?0?5?4?4?4?0?5w12?5?9?5wiersz?5trzech@ 000000014000e750     main.obj
 0002:00000780       ??_C@_0CP@FOKBNGLG@0?5?9?536?5?9?5pojedyncze?5pole?5o?5odpow@ 000000014000e780     main.obj
 0002:000007b0       ??_C@_01JBBJJEPG@p?$AA@    000000014000e7b0     main.obj
 0002:000007b4       ??_C@_01EFFIKLCJ@n?$AA@    000000014000e7b4     main.obj
 0002:000007b8       ??_C@_01KDCPPGHE@r?$AA@    000000014000e7b8     main.obj
 0002:000007bc       ??_C@_01OJONOECF@b?$AA@    000000014000e7bc     main.obj
 0002:000007c0       ??_C@_01JEJKBAGA@g?$AA@    000000014000e7c0     main.obj
 0002:000007c4       ??_C@_01LPLHEDKD@d?$AA@    000000014000e7c4     main.obj
 0002:000007c8       ??_C@_02ICGBAFJO@k1?$AA@   000000014000e7c8     main.obj
 0002:000007cc       ??_C@_02KJEMFGFN@k2?$AA@   000000014000e7cc     main.obj
 0002:000007d0       ??_C@_02LAFHGHBM@k3?$AA@   000000014000e7d0     main.obj
 0002:000007d4       ??_C@_02JHFNFPIK@w1?$AA@   000000014000e7d4     main.obj
 0002:000007d8       ??_C@_02LMHAAMEJ@w2?$AA@   000000014000e7d8     main.obj
 0002:000007dc       ??_C@_02KFGLDNAI@w3?$AA@   000000014000e7dc     main.obj
 0002:000007e0       ??_C@_02OKCKKLMP@w4?$AA@   000000014000e7e0     main.obj
 0002:000007e4       ??_C@_02PDDBJKIO@w5?$AA@   000000014000e7e4     main.obj
 0002:000007e8       ??_C@_02NIBMMJEN@w6?$AA@   000000014000e7e8     main.obj
 0002:000007ec       ??_C@_02MBAHPIAM@w7?$AA@   000000014000e7ec     main.obj
 0002:000007f0       ??_C@_02EGJPOEMD@w8?$AA@   000000014000e7f0     main.obj
 0002:000007f4       ??_C@_02FPIENFIC@w9?$AA@   000000014000e7f4     main.obj
 0002:000007f8       ??_C@_03NCLMABJC@w10?$AA@  000000014000e7f8     main.obj
 0002:000007fc       ??_C@_03MLKHDAND@w11?$AA@  000000014000e7fc     main.obj
 0002:00000800       ??_C@_03OAIKGDBA@w12?$AA@  000000014000e800     main.obj
 0002:00000804       ??_C@_01GBGANLPD@0?$AA@    000000014000e804     main.obj
 0002:00000808       ??_C@_01HIHLOKLC@1?$AA@    000000014000e808     main.obj
 0002:0000080c       ??_C@_01FDFGLJHB@2?$AA@    000000014000e80c     main.obj
 0002:00000810       ??_C@_01EKENIIDA@3?$AA@    000000014000e810     main.obj
 0002:00000814       ??_C@_01FAMBOPH@4?$AA@     000000014000e814     main.obj
 0002:00000818       ??_C@_01BMBHCPLG@5?$AA@    000000014000e818     main.obj
 0002:0000081c       ??_C@_01DHDKHMHF@6?$AA@    000000014000e81c     main.obj
 0002:00000820       ??_C@_01COCBENDE@7?$AA@    000000014000e820     main.obj
 0002:00000824       ??_C@_01KJLJFBPL@8?$AA@    000000014000e824     main.obj
 0002:00000828       ??_C@_01LAKCGALK@9?$AA@    000000014000e828     main.obj
 0002:0000082c       ??_C@_02PKFBJPLJ@10?$AA@   000000014000e82c     main.obj
 0002:00000830       ??_C@_02ODEKKOPI@11?$AA@   000000014000e830     main.obj
 0002:00000834       ??_C@_02MIGHPNDL@12?$AA@   000000014000e834     main.obj
 0002:00000838       ??_C@_02NBHMMMHK@13?$AA@   000000014000e838     main.obj
 0002:0000083c       ??_C@_02JODNFKLN@14?$AA@   000000014000e83c     main.obj
 0002:00000840       ??_C@_02IHCGGLPM@15?$AA@   000000014000e840     main.obj
 0002:00000844       ??_C@_02KMALDIDP@16?$AA@   000000014000e844     main.obj
 0002:00000848       ??_C@_02LFBAAJHO@17?$AA@   000000014000e848     main.obj
 0002:0000084c       ??_C@_02DCIIBFLB@18?$AA@   000000014000e84c     main.obj
 0002:00000850       ??_C@_02CLJDCEPA@19?$AA@   000000014000e850     main.obj
 0002:00000854       ??_C@_02PIBHCBOA@20?$AA@   000000014000e854     main.obj
 0002:00000858       ??_C@_02OBAMBAKB@21?$AA@   000000014000e858     main.obj
 0002:0000085c       ??_C@_02MKCBEDGC@22?$AA@   000000014000e85c     main.obj
 0002:00000860       ??_C@_02NDDKHCCD@23?$AA@   000000014000e860     main.obj
 0002:00000864       ??_C@_02JMHLOEOE@24?$AA@   000000014000e864     main.obj
 0002:00000868       ??_C@_02IFGANFKF@25?$AA@   000000014000e868     main.obj
 0002:0000086c       ??_C@_02KOENIGGG@26?$AA@   000000014000e86c     main.obj
 0002:00000870       ??_C@_02LHFGLHCH@27?$AA@   000000014000e870     main.obj
 0002:00000874       ??_C@_02DAMOKLOI@28?$AA@   000000014000e874     main.obj
 0002:00000878       ??_C@_02CJNFJKKJ@29?$AA@   000000014000e878     main.obj
 0002:0000087c       ??_C@_02PJNFELNH@30?$AA@   000000014000e87c     main.obj
 0002:00000880       ??_C@_02OAMOHKJG@31?$AA@   000000014000e880     main.obj
 0002:00000884       ??_C@_02MLODCJFF@32?$AA@   000000014000e884     main.obj
 0002:00000888       ??_C@_02NCPIBIBE@33?$AA@   000000014000e888     main.obj
 0002:0000088c       ??_C@_02JNLJIOND@34?$AA@   000000014000e88c     main.obj
 0002:00000890       ??_C@_02IEKCLPJC@35?$AA@   000000014000e890     main.obj
 0002:00000894       ??_C@_02KPIPOMFB@36?$AA@   000000014000e894     main.obj
 0002:00000898       ??_C@_0CF@BGACGNBA@$?0?5jak?$LJ?5kwot?j?5chcesz?5obstawi?f?5wy@ 000000014000e898     main.obj
 0002:000008c0       ??_C@_05OMMBNPEF@Masz?5?$AA@ 000000014000e8c0     main.obj
 0002:000008c8       ??_C@_0CD@OGNPPNBN@Wprowadzi?$LDe?f?5nieprawid?$LDow?$LJ?5warto@ 000000014000e8c8     main.obj
 0002:000008ec       ??_C@_01PBGHHLMH@?$AH?$AA@ 000000014000e8ec     main.obj
 0002:000008f0       ??_C@_0CF@LJDHNEHM@Nie?5mo?$LPesz?5obstawi?f?5zerowego?5zak@ 000000014000e8f0     main.obj
 0002:00000918       ??_C@_0BI@CMKDFAEK@Nie?5masz?5tyle?5pieni?jdzy?$AA@ 000000014000e918     main.obj
 0002:00000930       ??_C@_0CJ@PMIHJCIC@Nie?5mo?$LPesz?5obstawi?f?5ujemn?$LJ?5kwot?$LJ@ 000000014000e930     main.obj
 0002:0000095c       ??_C@_02MGHEPNFN@?$AI?$AI?$AA@ 000000014000e95c     main.obj
 0002:00000960       ??_C@_02KNHHEEKP@?5?5?$AA@ 000000014000e960     main.obj
 0002:00000968       ??_C@_0BC@IEHJKDDM@Wylosowano?5numer?5?$AA@ 000000014000e968     main.obj
 0002:0000097c       ??_C@_02KHOJGJKF@?4?5?$AA@ 000000014000e97c     main.obj
 0002:00000980       ??_C@_02DEPNMBPN@$?4?$AA@  000000014000e980     main.obj
 0002:00000988       ??_C@_0CB@MBIMKPJH@Obstawiles?5poprawnie?0?5wygrywasz?5@ 000000014000e988     main.obj
 0002:000009b0       ??_C@_0EF@FAPGEAPP@Obstawiles?5niepoprawnie?5lecz?5uda@ 000000014000e9b0     main.obj
 0002:000009f8       ??_C@_0CF@EMPIFKEH@Obstawiles?5niepoprawnie?0?5przegra@ 000000014000e9f8     main.obj
 0002:00000a20       ??_C@_0CM@BIICBBPD@Nie?5mo?$LPesz?5kontynuowa?f?0?5przegra?$LD@ 000000014000ea20     main.obj
 0002:00000a50       ??_C@_0DB@MONJHHJM@$?0?5czy?5chcesz?5grac?5dalej?$CI?8t?8?5?9?5t@ 000000014000ea50     main.obj
 0002:00000a88       ??_C@_0BA@KCLBOCHC@Na?5koncie?5masz?5?$AA@ 000000014000ea88     main.obj
 0002:00000a98       ??_C@_01PFHFFBPC@t?$AA@    000000014000ea98     main.obj
 0002:00000a9c       ??_C@_03PFPKAEFD@tak?$AA@  000000014000ea9c     main.obj
 0002:00000aa0       ??_C@_03FFMIKLGN@Tak?$AA@  000000014000eaa0     main.obj
 0002:00000aa4       ??_C@_03PIABMJCP@TAK?$AA@  000000014000eaa4     main.obj
 0002:00000aa8       ??_C@_03FKMOMPJO@nie?$AA@  000000014000eaa8     main.obj
 0002:00000aac       ??_C@_03PKPMGAKA@Nie?$AA@  000000014000eaac     main.obj
 0002:00000ab0       ??_C@_03FHDFACOC@NIE?$AA@  000000014000eab0     main.obj
 0002:00000ab4       ??_C@_04IBLEHOMF@?4wav?$AA@ 000000014000eab4     main.obj
 0002:00000abc       ??_C@_05PNHGCFLK@p?4wav?$AA@ 000000014000eabc     main.obj
 0002:00000ac4       ??_C@_05MEKKEGFB@n?4wav?$AA@ 000000014000eac4     main.obj
 0002:00000acc       ??_C@_05LALOIELB@r?4wav?$AA@ 000000014000eacc     main.obj
 0002:00000ad4       ??_C@_05LDGIIGCK@b?4wav?$AA@ 000000014000ead4     main.obj
 0002:00000adc       ??_C@_05ODKFBHJJ@g?4wav?$AA@ 000000014000eadc     main.obj
 0002:00000ae4       ??_C@_05GFDBGFDH@d?4wav?$AA@ 000000014000eae4     main.obj
 0002:00000aec       ??_C@_01DICPFPGM@k?$AA@    000000014000eaec     main.obj
 0002:00000af0       ??_C@_01NOFIACDB@w?$AA@    000000014000eaf0     main.obj
 0002:00000af8       ??_C@_0BB@KLDNCCFE@log_aktualny?4txt?$AA@ 000000014000eaf8     main.obj
 0002:00000b10       ??_C@_0DJ@EFIKGJBI@Uruchomiono?5ponownie?5gr?j?5z?5wy?$LD?$LJc@ 000000014000eb10     main.obj
 0002:00000b50       ??_C@_09LFKNBKJA@Posiadasz?$AA@ 000000014000eb50     main.obj
 0002:00000b60       ??_C@_0L@DAFLKCID@Wylosowano?$AA@ 000000014000eb60     main.obj
 0002:00000b70       ??_C@_0M@DIDIAOPI@?5Wylosowano?$AA@ 000000014000eb70     main.obj
 0002:00000b80       ??_C@_0BC@EAGHPBJK@Obstawiono?5zaklad?$AA@ 000000014000eb80     main.obj
 0002:00000b98       ??_C@_0O@POHKAIHJ@Obstawiono?5za?$AA@ 000000014000eb98     main.obj
 0002:00000ba8       ??_C@_0BE@CILJHICG@Gra?5rozpoczeta?5dnia?$AA@ 000000014000eba8     main.obj
 0002:00000bc0       ??_C@_0N@KHLIPMCA@?5o?5godzinie?5?$AA@ 000000014000ebc0     main.obj
 0002:00000bd0       ??_C@_01LFCBOECM@?4?$AA@   000000014000ebd0     main.obj
 0002:00000bd8       ??_C@_0BF@EHKBBICH@Gra?5rozpoczeta?5dnia?5?$AA@ 000000014000ebd8     main.obj
 0002:00000bf0       ??_C@_01JLIPDDHJ@?3?$AA@   000000014000ebf0     main.obj
 0002:00000bf8       ??_C@_0BK@PLEOEKGI@Nowa?5gra?5rozpoczeta?5dnia?5?$AA@ 000000014000ebf8     main.obj
 0002:00000c14       ??_C@_05CMOJBPHN@G?$LDos?1?$AA@ 000000014000ec14     main.obj
 0002:00000c1c       ??_C@_06ECCMNMIG@Jacek?5?$AA@ 000000014000ec1c     main.obj
 0002:00000c24       ??_C@_04IDLHMCEL@Ewa?5?$AA@ 000000014000ec24     main.obj
 0002:00000c2c       ??_C@_05NBKDILMB@Maja?5?$AA@ 000000014000ec2c     main.obj
 0002:00000c34       ??_C@_04HPMJBKOE@Jan?5?$AA@ 000000014000ec34     main.obj
 0002:00000c40       ??_C@_07OJOJFOLI@Jacek?52?$AA@ 000000014000ec40     main.obj
 0002:00000c48       ??_C@_05MPNHLKL@Ewa?52?$AA@ 000000014000ec48     main.obj
 0002:00000c50       ??_C@_06BMCAFNM@Maja?52?$AA@ 000000014000ec50     main.obj
 0002:00000c58       ??_C@_05EKGILLAK@Jan?52?$AA@ 000000014000ec58     main.obj
 0002:00000c60       ??_C@_06JIAINCN@Agata?5?$AA@ 000000014000ec60     main.obj
 0002:00000c68       ??_C@_01IDAFKMJL@_?$AA@    000000014000ec68     main.obj
 0002:00000c6c       ??_C@_01KMDKNFGN@?1?$AA@   000000014000ec6c     main.obj
 0002:00000c70       ??_C@_0EA@BAJGLA@Brak?5wszystkich?5plik?sw?5dla?5g?$LDosu@ 000000014000ec70     main.obj
 0002:00000cb0       ??_C@_0BN@DACGNLHK@Efekty?5dzwi?jkowe?1bankrut?4wav?$AA@ 000000014000ecb0     main.obj
 0002:00000cd0       ??_C@_0BO@OAKNDKAH@Efekty?5dzwi?jkowe?1wygrana1?4wav?$AA@ 000000014000ecd0     main.obj
 0002:00000cf0       ??_C@_0BO@GGDJEIKJ@Efekty?5dzwi?jkowe?1wygrana2?4wav?$AA@ 000000014000ecf0     main.obj
 0002:00000d10       ??_C@_0CF@DNPALCEH@Efekty?5dzwi?jkowe?1zwielokrotnenie@ 000000014000ed10     main.obj
 0002:00000d40       ??_C@_0GE@BGEAJNPD@Brak?5plik?sw?5dla?5efekt?sw?5d?$JPwi?jkow@ 000000014000ed40     main.obj
 0002:00000da8       ??_C@_0M@COFBHHKL@setting?4txt?$AA@ 000000014000eda8     main.obj
 0002:00000db8       ??_C@_0CC@GBEJJAFD@ilo?$JM?f_minimalna_obrot?sw_ruletki?5@ 000000014000edb8     main.obj
 0002:00000de0       ??_C@_0CI@KGOEKJAK@ilo?$JM?f_max_dodatkowych_obrot?sw_ru@ 000000014000ede0     main.obj
 0002:00000e08       ??_C@_0BP@NMHFMMDP@czas_przeskoku_kulki_szybki?550?$AA@ 000000014000ee08     main.obj
 0002:00000e28       ??_C@_0BO@ELNOLLHD@czas_przeskoku_kulki_wolny?575?$AA@ 000000014000ee28     main.obj
 0002:00000e48       ??_C@_0BJ@OHAGCGBG@czas_przerwy_dzwi?jku?5500?$AA@ 000000014000ee48     main.obj
 0002:00000e68       ??_C@_0BJ@NJDCNPPC@styl_liczenia_wygranej?51?$AA@ 000000014000ee68     main.obj
 0002:00000e88       ??_C@_0BG@DNDOADBI@kwota_pocz?$LJtkowa?51000?$AA@ 000000014000ee88     main.obj
 0002:00000ea0       ??_C@_0BA@ILKGKHCK@stan_d?$JPwi?jk?sw?51?$AA@ 000000014000eea0     main.obj
 0002:00000eb0       ??_C@_0BG@EMABALP@czy_kontynuowa?f_gr?j?51?$AA@ 000000014000eeb0     main.obj
 0002:00000ec8       ??_C@_0BG@COMBOMN@g?$LDos_odczytu_numeru?51?$AA@ 000000014000eec8     main.obj
 0002:00000ee0       ??_C@_0BP@CJDLAIMM@g?$LDos_szybko?$JM?f_odczytu_numeru?54?$AA@ 000000014000eee0     main.obj
 0002:00000f00       ??_C@_0GC@FGDMKFMP@Warto?$JM?f?5wolnego?5czasu?5przeskoku?5@ 000000014000ef00     main.obj
 0002:00000f68       ??_C@_0BN@KMOICOCN@Ustawiam?5domy?$JMlne?5ustawienie?$AA@ 000000014000ef68     main.obj
 0002:00000f88       ??_C@_0DL@EDLBNLFA@Ilo?$JM?f?5minimalna?5obrot?sw?5ruletki?5@ 000000014000ef88     main.obj
 0002:00000fc8       ??_C@_0DF@PACHBLM@Ilo?$JM?f?5max?5obrot?sw?5ruletki?5nie?5mo@ 000000014000efc8     main.obj
 0002:00001000       ??_C@_0EG@FJFKONPC@Jedna?5z?5deklaracji?5w?5sprawie?5obr@ 000000014000f000     main.obj
 0002:00001048       ??_C@_0DH@EDACBMH@Styl?5liczeia?5wygranej?5przyjmuje?5@ 000000014000f048     main.obj
 0002:00001080       ??_C@_0DD@CJFGHGHP@Czas?5przerwy?5d?$JPwi?jku?5nie?5mo?$LPe?5by@ 000000014000f080     main.obj
 0002:000010b8       ??_C@_0CP@ODEFLMCC@Kwota?5pocz?$LJtkowa?5nie?5mo?$LPe?5by?f?5mn@ 000000014000f0b8     main.obj
 0002:000010e8       ??_C@_0CP@LNDFINPO@Stan?5d?$JPwi?jk?sw?5przyjmuje?5warto?$JMci@ 000000014000f0e8     main.obj
 0002:00001118       ??_C@_0DJ@OKKJHGDF@Opcja?5kontynuowania?5gry?5przyjmuj@ 000000014000f118     main.obj
 0002:00001160       ??_C@_0EB@BAPPBOHB@Opcja?5g?$LDos?5odczytu?5numeru?5przyjm@ 000000014000f160     main.obj
 0002:000011b0       ??_C@_0ED@BNKOADPP@Opcja?5szybko?$JM?f?5g?$LDosu?5odczytu?5prz@ 000000014000f1b0     main.obj
 0002:000011f4       ??_C@_01EPMOAMKG@$?$AA@    000000014000f1f4     main.obj
 0002:000011f8       ??_C@_0M@GPFIMODH@?5Wygrywasz?5?$AA@ 000000014000f1f8     main.obj
 0002:00001208       ??_C@_0M@GNFNLGIH@?5Posiadasz?5?$AA@ 000000014000f208     main.obj
 0002:00001218       ??_C@_07KIPBKJCE@win?4wav?$AA@ 000000014000f218     main.obj
 0002:00001220       ??_C@_0BL@LJEGNEAJ@?5Dostajesz?5polowe?5zak?$LDadu?5?$AA@ 000000014000f220     main.obj
 0002:00001240       ??_C@_0N@NPCHEJIF@?5Przegrales?5?$AA@ 000000014000f240     main.obj
 0002:00001250       ??_C@_0BJ@GCHIFPGC@Ko?qczysz?5gr?j?5z?5wynikiem?5?$AA@ 000000014000f250     main.obj
 0002:00001270       ??_C@_0CL@DCKMMPCF@Gratuluje?5zwi?jkszy?$LDe?$JM?5sw?sj?5zas?sb@ 000000014000f270     main.obj
 0002:000012a0       ??_C@_0BO@CAHFKDBP@?5krotnie?5sw?sj?5zas?sb?5finansowy?$AA@ 000000014000f2a0     main.obj
 0002:000012c0       ??_C@_0BH@GDCLDFHN@Gratuluje?5zwi?jkszy?$LDe?$JM?5?$AA@ 000000014000f2c0     main.obj
 0002:000012d8       ??_C@_0P@LMKDJHDC@Obstawiono?5za?5?$AA@ 000000014000f2d8     main.obj
 0002:000012e8       ??_C@_0BD@IOLLNBIB@Obstawiono?5zak?$LDad?5?$AA@ 000000014000f2e8     main.obj
 0002:00001300       ??_C@_0BE@EKDPDLOA@?5Obstawiono?5zaklad?5?$AA@ 000000014000f300     main.obj
 0002:00001318       ??_C@_0DA@EJNBAHOM@Kulka?5w?5grze?0?5zaczekaj?5na?5wyloso@ 000000014000f318     main.obj
 0002:00001348       ??_C@_0N@CGNKGGIC@?5Wylosowano?5?$AA@ 000000014000f348     main.obj
 0002:00001358       ??_C@_0CA@FGPIEHEM@ilo?$JM?f_minimalna_obrot?sw_ruletki?$AA@ 000000014000f358     main.obj
 0002:00001378       ??_C@_0CG@KNEPJEMG@ilo?$JM?f_max_dodatkowych_obrot?sw_ru@ 000000014000f378     main.obj
 0002:000013a0       ??_C@_0BM@MMKKMDHC@czas_przeskoku_kulki_szybki?$AA@ 000000014000f3a0     main.obj
 0002:000013c0       ??_C@_0BL@LHGCEKLG@czas_przeskoku_kulki_wolny?$AA@ 000000014000f3c0     main.obj
 0002:000013e0       ??_C@_0BH@LAIPMCHF@styl_liczenia_wygranej?$AA@ 000000014000f3e0     main.obj
 0002:000013f8       ??_C@_0BB@KJAOIHBF@kwota_pocz?$LJtkowa?$AA@ 000000014000f3f8     main.obj
 0002:00001410       ??_C@_0O@JDOJANCO@stan_d?$JPwi?jk?sw?$AA@ 000000014000f410     main.obj
 0002:00001420       ??_C@_0BE@MGBNNKM@czy_kontynuowa?f_gr?j?$AA@ 000000014000f420     main.obj
 0002:00001438       ??_C@_0BE@ILPCOCN@g?$LDos_odczytu_numeru?$AA@ 000000014000f438     main.obj
 0002:00001450       ??_C@_0BN@ECEAENDF@g?$LDos_szybko?$JM?f_odczytu_numeru?$AA@ 000000014000f450     main.obj
 0002:00001470       ??_C@_0BI@CFPLBAOH@invalid?5string?5position?$AA@ 000000014000f470     main.obj
 0002:00001488       ??_C@_0BA@JFNIOLAK@string?5too?5long?$AA@ 000000014000f488     main.obj
 0002:00001600       ??_8?$basic_ofstream@DU?$char_traits@D@std@@@std@@7B@ 000000014000f600     main.obj
 0002:00001600       ??_8?$basic_fstream@DU?$char_traits@D@std@@@std@@7B?$basic_ostream@DU?$char_traits@D@std@@@1@@ 000000014000f600     main.obj
 0002:00001610       ??_7?$basic_filebuf@DU?$char_traits@D@std@@@std@@6B@ 000000014000f610     main.obj
 0002:00001688       ??_8?$basic_stringstream@DU?$char_traits@D@std@@V?$allocator@D@2@@std@@7B?$basic_ostream@DU?$char_traits@D@std@@@1@@ 000000014000f688     main.obj
 0002:00001698       ??_7?$basic_ofstream@DU?$char_traits@D@std@@@std@@6B@ 000000014000f698     main.obj
 0002:000016a8       ??_7bad_cast@std@@6B@      000000014000f6a8     main.obj
 0002:000016c0       ??_7?$basic_stringbuf@DU?$char_traits@D@std@@V?$allocator@D@2@@std@@6B@ 000000014000f6c0     main.obj
 0002:00001740       ??_7?$basic_stringstream@DU?$char_traits@D@std@@V?$allocator@D@2@@std@@6B@ 000000014000f740     main.obj
 0002:00001750       ??_7?$basic_fstream@DU?$char_traits@D@std@@@std@@6B@ 000000014000f750     main.obj
 0002:00001758       ??_8?$basic_ifstream@DU?$char_traits@D@std@@@std@@7B@ 000000014000f758     main.obj
 0002:00001760       ??_8?$basic_fstream@DU?$char_traits@D@std@@@std@@7B?$basic_istream@DU?$char_traits@D@std@@@1@@ 000000014000f760     main.obj
 0002:00001768       ??_8?$basic_stringstream@DU?$char_traits@D@std@@V?$allocator@D@2@@std@@7B?$basic_istream@DU?$char_traits@D@std@@@1@@ 000000014000f768     main.obj
 0002:00001778       ??_7?$basic_ifstream@DU?$char_traits@D@std@@@std@@6B@ 000000014000f778     main.obj
 0002:00001c30       __real@4042800000000000    000000014000fc30     main.obj
 0002:00001c40       __xmm@000000000000000f0000000000000000 000000014000fc40     main.obj
 0002:00001cc0       _load_config_used          000000014000fcc0     MSVCRT:loadcfg.obj
 0002:00001dc0       ??_R4type_info@@6B@        000000014000fdc0     MSVCRT:std_type_info_static.obj
 0002:00001de8       ??_R3type_info@@8          000000014000fde8     MSVCRT:std_type_info_static.obj
 0002:00001e00       ??_R2type_info@@8          000000014000fe00     MSVCRT:std_type_info_static.obj
 0002:00001e10       ??_R1A@?0A@EA@type_info@@8 000000014000fe10     MSVCRT:std_type_info_static.obj
 0002:00001e38       ??_R4bad_alloc@std@@6B@    000000014000fe38     MSVCRT:throw_bad_alloc.obj
 0002:00001e60       ??_R3bad_alloc@std@@8      000000014000fe60     MSVCRT:throw_bad_alloc.obj
 0002:00001e78       ??_R2bad_alloc@std@@8      000000014000fe78     MSVCRT:throw_bad_alloc.obj
 0002:00001e90       ??_R1A@?0A@EA@bad_alloc@std@@8 000000014000fe90     MSVCRT:throw_bad_alloc.obj
 0002:00001eb8       ??_R4bad_array_new_length@std@@6B@ 000000014000feb8     MSVCRT:throw_bad_alloc.obj
 0002:00001ee0       ??_R3bad_array_new_length@std@@8 000000014000fee0     MSVCRT:throw_bad_alloc.obj
 0002:00001ef8       ??_R2bad_array_new_length@std@@8 000000014000fef8     MSVCRT:throw_bad_alloc.obj
 0002:00001f18       ??_R1A@?0A@EA@bad_array_new_length@std@@8 000000014000ff18     MSVCRT:throw_bad_alloc.obj
 0002:00001f40       ??_R3?$basic_istream@DU?$char_traits@D@std@@@std@@8 000000014000ff40     main.obj
 0002:00001f58       ??_R3?$basic_iostream@DU?$char_traits@D@std@@@std@@8 000000014000ff58     main.obj
 0002:00001f70       ??_R2?$basic_fstream@DU?$char_traits@D@std@@@std@@8 000000014000ff70     main.obj
 0002:00001fc8       ??_R4exception@std@@6B@    000000014000ffc8     main.obj
 0002:00001ff0       ??_R4?$basic_ofstream@DU?$char_traits@D@std@@@std@@6B@ 000000014000fff0     main.obj
 0002:00002018       ??_R3?$basic_ofstream@DU?$char_traits@D@std@@@std@@8 0000000140010018     main.obj
 0002:00002030       ??_R1A@?0A@EA@?$basic_istream@DU?$char_traits@D@std@@@std@@8 0000000140010030     main.obj
 0002:00002058       ??_R1A@?0A@EA@bad_cast@std@@8 0000000140010058     main.obj
 0002:00002080       ??_R3?$basic_ifstream@DU?$char_traits@D@std@@@std@@8 0000000140010080     main.obj
 0002:00002098       ??_R2?$basic_stringbuf@DU?$char_traits@D@std@@V?$allocator@D@2@@std@@8 0000000140010098     main.obj
 0002:000020b0       ??_R1A@?0A@EA@?$basic_ifstream@DU?$char_traits@D@std@@@std@@8 00000001400100b0     main.obj
 0002:000020d8       ??_R3?$basic_fstream@DU?$char_traits@D@std@@@std@@8 00000001400100d8     main.obj
 0002:000020f0       ??_R17A@3EA@?$_Iosb@H@std@@8 00000001400100f0     main.obj
 0002:00002118       ??_R1A@?0A@EA@?$basic_stringstream@DU?$char_traits@D@std@@V?$allocator@D@2@@std@@8 0000000140010118     main.obj
 0002:00002140       ??_R1A@?0A@EA@?$basic_fstream@DU?$char_traits@D@std@@@std@@8 0000000140010140     main.obj
 0002:00002168       ??_R1A@?0A@EA@exception@std@@8 0000000140010168     main.obj
 0002:00002190       ??_R2?$basic_ofstream@DU?$char_traits@D@std@@@std@@8 0000000140010190     main.obj
 0002:000021c0       ??_R1A@?0A@EA@?$basic_streambuf@DU?$char_traits@D@std@@@std@@8 00000001400101c0     main.obj
 0002:000021e8       ??_R2?$basic_istream@DU?$char_traits@D@std@@@std@@8 00000001400101e8     main.obj
 0002:00002210       ??_R3?$basic_stringbuf@DU?$char_traits@D@std@@V?$allocator@D@2@@std@@8 0000000140010210     main.obj
 0002:00002228       ??_R2bad_cast@std@@8       0000000140010228     main.obj
 0002:00002240       ??_R2exception@std@@8      0000000140010240     main.obj
 0002:00002250       ??_R2?$basic_ostream@DU?$char_traits@D@std@@@std@@8 0000000140010250     main.obj
 0002:00002278       ??_R3?$basic_ios@DU?$char_traits@D@std@@@std@@8 0000000140010278     main.obj
 0002:00002290       ??_R1BA@?0A@EA@?$basic_ostream@DU?$char_traits@D@std@@@std@@8 0000000140010290     main.obj
 0002:000022b8       ??_R4?$basic_ifstream@DU?$char_traits@D@std@@@std@@6B@ 00000001400102b8     main.obj
 0002:000022e0       ??_R1A@?0A@EA@ios_base@std@@8 00000001400102e0     main.obj
 0002:00002308       ??_R3exception@std@@8      0000000140010308     main.obj
 0002:00002320       ??_R1A@?0A@EA@?$basic_ostream@DU?$char_traits@D@std@@@std@@8 0000000140010320     main.obj
 0002:00002348       ??_R4?$basic_filebuf@DU?$char_traits@D@std@@@std@@6B@ 0000000140010348     main.obj
 0002:00002370       ??_R2?$basic_streambuf@DU?$char_traits@D@std@@@std@@8 0000000140010370     main.obj
 0002:00002380       ??_R1A@?0A@EA@?$_Iosb@H@std@@8 0000000140010380     main.obj
 0002:000023a8       ??_R1A@?0A@EA@?$basic_stringbuf@DU?$char_traits@D@std@@V?$allocator@D@2@@std@@8 00000001400103a8     main.obj
 0002:000023d0       ??_R2?$basic_iostream@DU?$char_traits@D@std@@@std@@8 00000001400103d0     main.obj
 0002:00002420       ??_R3bad_cast@std@@8       0000000140010420     main.obj
 0002:00002440       ??_R2?$basic_stringstream@DU?$char_traits@D@std@@V?$allocator@D@2@@std@@8 0000000140010440     main.obj
 0002:00002498       ??_R4bad_cast@std@@6B@     0000000140010498     main.obj
 0002:000024c0       ??_R4?$basic_stringbuf@DU?$char_traits@D@std@@V?$allocator@D@2@@std@@6B@ 00000001400104c0     main.obj
 0002:000024e8       ??_R4?$basic_stringstream@DU?$char_traits@D@std@@V?$allocator@D@2@@std@@6B@ 00000001400104e8     main.obj
 0002:00002510       ??_R1A@?0A@EA@?$basic_ofstream@DU?$char_traits@D@std@@@std@@8 0000000140010510     main.obj
 0002:00002538       ??_R1A@?0A@EA@?$basic_filebuf@DU?$char_traits@D@std@@@std@@8 0000000140010538     main.obj
 0002:00002560       ??_R1A@A@3FA@?$basic_ios@DU?$char_traits@D@std@@@std@@8 0000000140010560     main.obj
 0002:00002588       ??_R3?$basic_filebuf@DU?$char_traits@D@std@@@std@@8 0000000140010588     main.obj
 0002:000025a0       ??_R2ios_base@std@@8       00000001400105a0     main.obj
 0002:000025b8       ??_R3?$basic_ostream@DU?$char_traits@D@std@@@std@@8 00000001400105b8     main.obj
 0002:000025d0       ??_R1A@?0A@EA@?$basic_iostream@DU?$char_traits@D@std@@@std@@8 00000001400105d0     main.obj
 0002:000025f8       ??_R3ios_base@std@@8       00000001400105f8     main.obj
 0002:00002610       ??_R2?$basic_filebuf@DU?$char_traits@D@std@@@std@@8 0000000140010610     main.obj
 0002:00002628       ??_R3?$basic_streambuf@DU?$char_traits@D@std@@@std@@8 0000000140010628     main.obj
 0002:00002640       ??_R3?$basic_stringstream@DU?$char_traits@D@std@@V?$allocator@D@2@@std@@8 0000000140010640     main.obj
 0002:00002658       ??_R2?$_Iosb@H@std@@8      0000000140010658     main.obj
 0002:00002668       ??_R1A@A@3EA@ios_base@std@@8 0000000140010668     main.obj
 0002:00002690       ??_R1A@?0A@EA@?$basic_ios@DU?$char_traits@D@std@@@std@@8 0000000140010690     main.obj
 0002:000026b8       ??_R4?$basic_fstream@DU?$char_traits@D@std@@@std@@6B@ 00000001400106b8     main.obj
 0002:000026e0       ??_R2?$basic_ifstream@DU?$char_traits@D@std@@@std@@8 00000001400106e0     main.obj
 0002:00002710       ??_R3?$_Iosb@H@std@@8      0000000140010710     main.obj
 0002:00002728       ??_R17?0A@EA@?$_Iosb@H@std@@8 0000000140010728     main.obj
 0002:00002750       ??_R2?$basic_ios@DU?$char_traits@D@std@@@std@@8 0000000140010750     main.obj
 0002:00002af8       __rtc_iaa                  0000000140010af8     MSVCRT:_initsect_.obj
 0002:00002b00       __rtc_izz                  0000000140010b00     MSVCRT:_initsect_.obj
 0002:00002b08       __rtc_taa                  0000000140010b08     MSVCRT:_initsect_.obj
 0002:00002b10       __rtc_tzz                  0000000140010b10     MSVCRT:_initsect_.obj
 0002:00003f98       _TI2?AVbad_alloc@std@@     0000000140011f98     MSVCRT:throw_bad_alloc.obj
 0002:00003fb8       _CTA2?AVbad_alloc@std@@    0000000140011fb8     MSVCRT:throw_bad_alloc.obj
 0002:00003fd0       _CT??_R0?AVbad_alloc@std@@@8??0bad_alloc@std@@QEAA@AEBV01@@Z24 0000000140011fd0     MSVCRT:throw_bad_alloc.obj
 0002:00003ff8       _TI3?AVbad_array_new_length@std@@ 0000000140011ff8     MSVCRT:throw_bad_alloc.obj
 0002:00004018       _CTA3?AVbad_array_new_length@std@@ 0000000140012018     MSVCRT:throw_bad_alloc.obj
 0002:00004038       _CT??_R0?AVbad_array_new_length@std@@@8??0bad_array_new_length@std@@QEAA@AEBV01@@Z24 0000000140012038     MSVCRT:throw_bad_alloc.obj
 0002:00004060       _CTA2?AVbad_cast@std@@     0000000140012060     main.obj
 0002:00004078       _TI2?AVbad_cast@std@@      0000000140012078     main.obj
 0002:00004098       _CT??_R0?AVbad_cast@std@@@8??0bad_cast@std@@QEAA@AEBV01@@Z24 0000000140012098     main.obj
 0002:000040c0       _CT??_R0?AVexception@std@@@8??0exception@std@@QEAA@AEBV01@@Z24 00000001400120c0     main.obj
 0002:000040e4       __IMPORT_DESCRIPTOR_WINMM  00000001400120e4     winmm:WINMM.dll
 0002:000040f8       __IMPORT_DESCRIPTOR_KERNEL32 00000001400120f8     kernel32:KERNEL32.dll
 0002:0000410c       __IMPORT_DESCRIPTOR_MSVCP140 000000014001210c     msvcprt:MSVCP140.dll
 0002:00004120       __IMPORT_DESCRIPTOR_VCRUNTIME140 0000000140012120     vcruntime:VCRUNTIME140.dll
 0002:00004134       __IMPORT_DESCRIPTOR_api-ms-win-crt-locale-l1-1-0 0000000140012134     ucrt:api-ms-win-crt-locale-l1-1-0.dll
 0002:00004148       __IMPORT_DESCRIPTOR_api-ms-win-crt-stdio-l1-1-0 0000000140012148     ucrt:api-ms-win-crt-stdio-l1-1-0.dll
 0002:0000415c       __IMPORT_DESCRIPTOR_api-ms-win-crt-utility-l1-1-0 000000014001215c     ucrt:api-ms-win-crt-utility-l1-1-0.dll
 0002:00004170       __IMPORT_DESCRIPTOR_api-ms-win-crt-filesystem-l1-1-0 0000000140012170     ucrt:api-ms-win-crt-filesystem-l1-1-0.dll
 0002:00004184       __IMPORT_DESCRIPTOR_api-ms-win-crt-runtime-l1-1-0 0000000140012184     ucrt:api-ms-win-crt-runtime-l1-1-0.dll
 0002:00004198       __IMPORT_DESCRIPTOR_api-ms-win-crt-time-l1-1-0 0000000140012198     ucrt:api-ms-win-crt-time-l1-1-0.dll
 0002:000041ac       __IMPORT_DESCRIPTOR_api-ms-win-crt-convert-l1-1-0 00000001400121ac     ucrt:api-ms-win-crt-convert-l1-1-0.dll
 0002:000041c0       __IMPORT_DESCRIPTOR_api-ms-win-crt-heap-l1-1-0 00000001400121c0     ucrt:api-ms-win-crt-heap-l1-1-0.dll
 0002:000041d4       __IMPORT_DESCRIPTOR_api-ms-win-crt-math-l1-1-0 00000001400121d4     ucrt:api-ms-win-crt-math-l1-1-0.dll
 0002:000041e8       __NULL_IMPORT_DESCRIPTOR   00000001400121e8     winmm:WINMM.dll
 0003:00000000       __scrt_native_dllmain_reason 0000000140014000     MSVCRT:utility.obj
 0003:00000008       __security_cookie_complement 0000000140014008     MSVCRT:gs_cookie.obj
 0003:00000010       __security_cookie          0000000140014010     MSVCRT:gs_cookie.obj
 0003:00000018       __isa_available            0000000140014018     MSVCRT:_cpu_disp_.obj
 0003:0000001c       __isa_enabled              000000014001401c     MSVCRT:_cpu_disp_.obj
 0003:00000020       __memcpy_nt_iters          0000000140014020     MSVCRT:_cpu_disp_.obj
 0003:00000028       __scrt_default_matherr     0000000140014028     MSVCRT:matherr.obj
 0003:00000030       __scrt_ucrt_dll_is_in_use  0000000140014030     MSVCRT:ucrt_stubs.obj
 0003:00000038       ?czy_kontynuowaæ_grê@@3FA  0000000140014038     main.obj
 0003:0000003a       ?EfektyKompletne@@3_NA     000000014001403a     main.obj
 0003:0000003b       ?G³osyKompletne@@3_NA      000000014001403b     main.obj
 0003:0000003c       ?iloœæ_max_dodatkowych_obrotów_ruletki@@3FA 000000014001403c     main.obj
 0003:00000040       ?iloœæ_minimalna_obrotów_ruletki@@3FA 0000000140014040     main.obj
 0003:00000044       ?kwota_pocz¹tkowa@@3HA     0000000140014044     main.obj
 0003:00000048       ?g³os_szybkoœæ_odczytu_numeru@@3FA 0000000140014048     main.obj
 0003:0000004c       ?stan_dŸwiêków@@3FA        000000014001404c     main.obj
 0003:00000050       ?czas_przeskoku_kulki_wolny@@3FA 0000000140014050     main.obj
 0003:00000054       ?styl_liczenia_wygranej@@3FA 0000000140014054     main.obj
 0003:00000058       ?czas_przeskoku_kulki_szybki@@3FA 0000000140014058     main.obj
 0003:0000005c       ?g³os_odczytu_numeru@@3FA  000000014001405c     main.obj
 0003:00000060       ?czas_przerwy_dzwiêku@@3FA 0000000140014060     main.obj
 0003:00000068       ?G³os@@3V?$basic_string@DU?$char_traits@D@std@@V?$allocator@D@2@@std@@A 0000000140014068     main.obj
 0003:00000088       _fltused                   0000000140014088     MSVCRT:fltused.obj
 0003:00000090       ??_R0?AVtype_info@@@8      0000000140014090     MSVCRT:std_type_info_static.obj
 0003:000000b0       ??_R0?AVbad_alloc@std@@@8  00000001400140b0     MSVCRT:throw_bad_alloc.obj
 0003:000000d8       ??_R0?AVbad_array_new_length@std@@@8 00000001400140d8     MSVCRT:throw_bad_alloc.obj
 0003:00000110       ??_R0?AV?$basic_stringstream@DU?$char_traits@D@std@@V?$allocator@D@2@@std@@@8 0000000140014110     main.obj
 0003:00000170       ??_R0?AV?$basic_filebuf@DU?$char_traits@D@std@@@std@@@8 0000000140014170     main.obj
 0003:000001c0       ??_R0?AV?$basic_fstream@DU?$char_traits@D@std@@@std@@@8 00000001400141c0     main.obj
 0003:00000210       ??_R0?AV?$basic_ifstream@DU?$char_traits@D@std@@@std@@@8 0000000140014210     main.obj
 0003:00000260       ??_R0?AV?$basic_stringbuf@DU?$char_traits@D@std@@V?$allocator@D@2@@std@@@8 0000000140014260     main.obj
 0003:000002b8       ??_R0?AVios_base@std@@@8   00000001400142b8     main.obj
 0003:000002e0       ??_R0?AV?$basic_iostream@DU?$char_traits@D@std@@@std@@@8 00000001400142e0     main.obj
 0003:00000328       ??_R0?AV?$_Iosb@H@std@@@8  0000000140014328     main.obj
 0003:00000350       ??_R0?AV?$basic_ofstream@DU?$char_traits@D@std@@@std@@@8 0000000140014350     main.obj
 0003:000003a0       ??_R0?AV?$basic_streambuf@DU?$char_traits@D@std@@@std@@@8 00000001400143a0     main.obj
 0003:000003e8       ??_R0?AVbad_cast@std@@@8   00000001400143e8     main.obj
 0003:00000410       ??_R0?AV?$basic_istream@DU?$char_traits@D@std@@@std@@@8 0000000140014410     main.obj
 0003:00000458       ??_R0?AV?$basic_ios@DU?$char_traits@D@std@@@std@@@8 0000000140014458     main.obj
 0003:000004a0       ??_R0?AV?$basic_ostream@DU?$char_traits@D@std@@@std@@@8 00000001400144a0     main.obj
 0003:000004e8       ??_R0?AVexception@std@@@8  00000001400144e8     main.obj
[...]
 0004:000001b0       $pdata$?str@?$basic_stringstream@DU?$char_traits@D@std@@V?$allocator@D@2@@std@@QEBA?AV?$basic_string@DU?$char_traits@D@std@@V?$allocator@D@2@@2@XZ 00000001400151b0     main.obj
 0004:000001bc       $pdata$?seekpos@?$basic_stringbuf@DU?$char_traits@D@std@@V?$allocator@D@2@@std@@MEAA?AV?$fpos@U_Mbstatet@@@2@V32@H@Z 00000001400151bc     main.obj
 0004:000001c8       $pdata$0$?seekpos@?$basic_stringbuf@DU?$char_traits@D@std@@V?$allocator@D@2@@std@@MEAA?AV?$fpos@U_Mbstatet@@@2@V32@H@Z 00000001400151c8     main.obj
 0004:000001d4       $pdata$1$?seekpos@?$basic_stringbuf@DU?$char_traits@D@std@@V?$allocator@D@2@@std@@MEAA?AV?$fpos@U_Mbstatet@@@2@V32@H@Z 00000001400151d4     main.obj
 0004:000001e0       $pdata$?seekoff@?$basic_stringbuf@DU?$char_traits@D@std@@V?$allocator@D@2@@std@@MEAA?AV?$fpos@U_Mbstatet@@@2@_JHH@Z 00000001400151e0     main.obj
 0004:000001ec       $pdata$?overflow@?$basic_stringbuf@DU?$char_traits@D@std@@V?$allocator@D@2@@std@@MEAAHH@Z 00000001400151ec     main.obj
 0004:000001f8       $pdata$0$?overflow@?$basic_stringbuf@DU?$char_traits@D@std@@V?$allocator@D@2@@std@@MEAAHH@Z 00000001400151f8     main.obj
 0004:00000204       $pdata$5$?overflow@?$basic_stringbuf@DU?$char_traits@D@std@@V?$allocator@D@2@@std@@MEAAHH@Z 0000000140015204     main.obj
 0004:00000210       $pdata$6$?overflow@?$basic_stringbuf@DU?$char_traits@D@std@@V?$allocator@D@2@@std@@MEAAHH@Z 0000000140015210     main.obj
 0004:0000021c       $pdata$2$?overflow@?$basic_stringbuf@DU?$char_traits@D@std@@V?$allocator@D@2@@std@@MEAAHH@Z 000000014001521c     main.obj
 0004:00000228       $pdata$??1?$basic_stringbuf@DU?$char_traits@D@std@@V?$allocator@D@2@@std@@UEAA@XZ 0000000140015228     main.obj
 0004:00000234       $pdata$??_G?$basic_fstream@DU?$char_traits@D@std@@@std@@UEAAPEAXI@Z 0000000140015234     main.obj
 0004:00000240       $pdata$??_G?$basic_ofstream@DU?$char_traits@D@std@@@std@@UEAAPEAXI@Z 0000000140015240     main.obj
 0004:0000024c       $pdata$??_G?$basic_ifstream@DU?$char_traits@D@std@@@std@@UEAAPEAXI@Z 000000014001524c     main.obj
 0004:00000258       $pdata$??_G?$basic_filebuf@DU?$char_traits@D@std@@@std@@UEAAPEAXI@Z 0000000140015258     main.obj
 0004:00000264       $pdata$??_G?$basic_stringstream@DU?$char_traits@D@std@@V?$allocator@D@2@@std@@UEAAPEAXI@Z 0000000140015264     main.obj
 0004:00000270       $pdata$??_G?$basic_stringbuf@DU?$char_traits@D@std@@V?$allocator@D@2@@std@@UEAAPEAXI@Z 0000000140015270     main.obj
 0004:0000027c       $pdata$??1sentry@?$basic_ostream@DU?$char_traits@D@std@@@std@@QEAA@XZ 000000014001527c     main.obj
 0004:00000288       $pdata$?assign@?$basic_string@DU?$char_traits@D@std@@V?$allocator@D@2@@std@@QEAAAEAV12@_KD@Z 0000000140015288     main.obj
 0004:00000294       $pdata$2$?assign@?$basic_string@DU?$char_traits@D@std@@V?$allocator@D@2@@std@@QEAAAEAV12@_KD@Z 0000000140015294     main.obj
 0004:000002a0       $pdata$4$?assign@?$basic_string@DU?$char_traits@D@std@@V?$allocator@D@2@@std@@QEAAAEAV12@_KD@Z 00000001400152a0     main.obj
 0004:000002ac       $pdata$?append@?$basic_string@DU?$char_traits@D@std@@V?$allocator@D@2@@std@@QEAAAEAV12@QEBD_K@Z 00000001400152ac     main.obj
 0004:000002b8       $pdata$0$?append@?$basic_string@DU?$char_traits@D@std@@V?$allocator@D@2@@std@@QEAAAEAV12@QEBD_K@Z 00000001400152b8     main.obj
 0004:000002c4       $pdata$1$?append@?$basic_string@DU?$char_traits@D@std@@V?$allocator@D@2@@std@@QEAAAEAV12@QEBD_K@Z 00000001400152c4     main.obj
 0004:000002d0       $pdata$?_Endwrite@?$basic_filebuf@DU?$char_traits@D@std@@@std@@IEAA_NXZ 00000001400152d0     main.obj
 0004:000002dc       $pdata$?_Init@?$basic_filebuf@DU?$char_traits@D@std@@@std@@IEAAXPEAU_iobuf@@W4_Initfl@12@@Z 00000001400152dc     main.obj
 0004:000002e8       $pdata$?close@?$basic_filebuf@DU?$char_traits@D@std@@@std@@QEAAPEAV12@XZ 00000001400152e8     main.obj
 0004:000002f4       $pdata$?open@?$basic_filebuf@DU?$char_traits@D@std@@@std@@QEAAPEAV12@PEBDHH@Z 00000001400152f4     main.obj
 0004:00000300       $pdata$?allocate@?$allocator@D@std@@QEAAPEAD_K@Z 0000000140015300     main.obj
 0004:0000030c       $pdata$?deallocate@?$allocator@D@std@@QEAAXQEAD_K@Z 000000014001530c     main.obj
 0004:00000318       $pdata$??1_Sentry_base@?$basic_ostream@DU?$char_traits@D@std@@@std@@QEAA@XZ 0000000140015318     main.obj
 0004:00000318       $pdata$??1_Sentry_base@?$basic_istream@DU?$char_traits@D@std@@@std@@QEAA@XZ 0000000140015318     main.obj
 0004:00000324       $pdata$?_Xran@?$_String_val@U?$_Simple_types@D@std@@@std@@SAXXZ 0000000140015324     main.obj
 0004:00000330       $pdata$??$use_facet@V?$ctype@D@std@@@std@@YAAEBV?$ctype@D@0@AEBVlocale@0@@Z 0000000140015330     main.obj
 0004:0000033c       $pdata$??$?6U?$char_traits@D@std@@@std@@YAAEAV?$basic_ostream@DU?$char_traits@D@std@@@0@AEAV10@PEBD@Z 000000014001533c     main.obj
 0004:00000348       $pdata$??$endl@DU?$char_traits@D@std@@@std@@YAAEAV?$basic_ostream@DU?$char_traits@D@std@@@0@AEAV10@@Z 0000000140015348     main.obj
 0004:00000354       $pdata$??$use_facet@V?$codecvt@DDU_Mbstatet@@@std@@@std@@YAAEBV?$codecvt@DDU_Mbstatet@@@0@AEBVlocale@0@@Z 0000000140015354     main.obj
 0004:00000360       $pdata$??$_Reallocate_grow_by@V<lambda_319d5e083f45f90dcdce5dce53cbb275>@@D@?$basic_string@DU?$char_traits@D@std@@V?$allocator@D@2@@std@@QEAAAEAV01@_KV<lambda_319d5e083f45f90dcdce5dce53cbb275>@@D@Z 0000000140015360     main.obj
 0004:0000036c       $pdata$3$??$_Reallocate_grow_by@V<lambda_319d5e083f45f90dcdce5dce53cbb275>@@D@?$basic_string@DU?$char_traits@D@std@@V?$allocator@D@2@@std@@QEAAAEAV01@_KV<lambda_319d5e083f45f90dcdce5dce53cbb275>@@D@Z 000000014001536c     main.obj
 0004:00000378       $pdata$4$??$_Reallocate_grow_by@V<lambda_319d5e083f45f90dcdce5dce53cbb275>@@D@?$basic_string@DU?$char_traits@D@std@@V?$allocator@D@2@@std@@QEAAAEAV01@_KV<lambda_319d5e083f45f90dcdce5dce53cbb275>@@D@Z 0000000140015378     main.obj
 0004:00000384       $pdata$??$_Reallocate_for@V<lambda_66f57f934f28d61049862f64df852ff0>@@PEBD@?$basic_string@DU?$char_traits@D@std@@V?$allocator@D@2@@std@@QEAAAEAV01@_KV<lambda_66f57f934f28d61049862f64df852ff0>@@PEBD@Z 0000000140015384     main.obj
 0004:00000390       $pdata$2$??$_Reallocate_for@V<lambda_66f57f934f28d61049862f64df852ff0>@@PEBD@?$basic_string@DU?$char_traits@D@std@@V?$allocator@D@2@@std@@QEAAAEAV01@_KV<lambda_66f57f934f28d61049862f64df852ff0>@@PEBD@Z 0000000140015390     main.obj
 0004:0000039c       $pdata$4$??$_Reallocate_for@V<lambda_66f57f934f28d61049862f64df852ff0>@@PEBD@?$basic_string@DU?$char_traits@D@std@@V?$allocator@D@2@@std@@QEAAAEAV01@_KV<lambda_66f57f934f28d61049862f64df852ff0>@@PEBD@Z 000000014001539c     main.obj
 0004:000003a8       $pdata$5$??$_Reallocate_for@V<lambda_66f57f934f28d61049862f64df852ff0>@@PEBD@?$basic_string@DU?$char_traits@D@std@@V?$allocator@D@2@@std@@QEAAAEAV01@_KV<lambda_66f57f934f28d61049862f64df852ff0>@@PEBD@Z 00000001400153a8     main.obj
 0004:000003b4       $pdata$??$_Reallocate_grow_by@V<lambda_e1befb086ad3257e3f042a63030725f7>@@_KD@?$basic_string@DU?$char_traits@D@std@@V?$allocator@D@2@@std@@QEAAAEAV01@_KV<lambda_e1befb086ad3257e3f042a63030725f7>@@_KD@Z 00000001400153b4     main.obj
 0004:000003c0       $pdata$3$??$_Reallocate_grow_by@V<lambda_e1befb086ad3257e3f042a63030725f7>@@_KD@?$basic_string@DU?$char_traits@D@std@@V?$allocator@D@2@@std@@QEAAAEAV01@_KV<lambda_e1befb086ad3257e3f042a63030725f7>@@_KD@Z 00000001400153c0     main.obj
 0004:000003cc       $pdata$4$??$_Reallocate_grow_by@V<lambda_e1befb086ad3257e3f042a63030725f7>@@_KD@?$basic_string@DU?$char_traits@D@std@@V?$allocator@D@2@@std@@QEAAAEAV01@_KV<lambda_e1befb086ad3257e3f042a63030725f7>@@_KD@Z 00000001400153cc     main.obj
 0004:000003d8       $pdata$??$_Reallocate_grow_by@V<lambda_65e615be2a453ca0576c979606f46740>@@PEBD_K@?$basic_string@DU?$char_traits@D@std@@V?$allocator@D@2@@std@@QEAAAEAV01@_KV<lambda_65e615be2a453ca0576c979606f46740>@@PEBD_K@Z 00000001400153d8     main.obj
 0004:000003e4       $pdata$3$??$_Reallocate_grow_by@V<lambda_65e615be2a453ca0576c979606f46740>@@PEBD_K@?$basic_string@DU?$char_traits@D@std@@V?$allocator@D@2@@std@@QEAAAEAV01@_KV<lambda_65e615be2a453ca0576c979606f46740>@@PEBD_K@Z 00000001400153e4     main.obj
 0004:000003f0       $pdata$4$??$_Reallocate_grow_by@V<lambda_65e615be2a453ca0576c979606f46740>@@PEBD_K@?$basic_string@DU?$char_traits@D@std@@V?$allocator@D@2@@std@@QEAAAEAV01@_KV<lambda_65e615be2a453ca0576c979606f46740>@@PEBD_K@Z 00000001400153f0     main.obj
 0004:000003fc       $pdata$??0bad_cast@std@@QEAA@AEBV01@@Z 00000001400153fc     main.obj
 0004:00000408       $pdata$?_Xlen@?$basic_string@DU?$char_traits@D@std@@V?$allocator@D@2@@std@@SAXXZ 0000000140015408     main.obj
 0004:00000414       $pdata$?insert@?$basic_string@DU?$char_traits@D@std@@V?$allocator@D@2@@std@@QEAAAEAV12@_KAEBV12@@Z 0000000140015414     main.obj
 0004:00000420       $pdata$1$?insert@?$basic_string@DU?$char_traits@D@std@@V?$allocator@D@2@@std@@QEAAAEAV12@_KAEBV12@@Z 0000000140015420     main.obj
 0004:0000042c       $pdata$2$?insert@?$basic_string@DU?$char_traits@D@std@@V?$allocator@D@2@@std@@QEAAAEAV12@_KAEBV12@@Z 000000014001542c     main.obj
 0004:00000438       $pdata$??$?5DU?$char_traits@D@std@@V?$allocator@D@1@@std@@YAAEAV?$basic_istream@DU?$char_traits@D@std@@@0@$$QEAV10@AEAV?$basic_string@DU?$char_traits@D@std@@V?$allocator@D@2@@0@@Z 0000000140015438     main.obj
 0004:00000444       $pdata$??$getline@DU?$char_traits@D@std@@V?$allocator@D@2@@std@@YAAEAV?$basic_istream@DU?$char_traits@D@std@@@0@$$QEAV10@AEAV?$basic_string@DU?$char_traits@D@std@@V?$allocator@D@2@@0@D@Z 0000000140015444     main.obj
 0004:00000450       $pdata$??$_Insert_string@DU?$char_traits@D@std@@_K@std@@YAAEAV?$basic_ostream@DU?$char_traits@D@std@@@0@AEAV10@QEBD_K@Z 0000000140015450     main.obj
 0004:0000045c       $pdata$??$_Reallocate_grow_by@V<lambda_9013ee9e23efe4882b67eff5b0ecf103>@@$$V@?$basic_string@DU?$char_traits@D@std@@V?$allocator@D@2@@std@@QEAAAEAV01@_KV<lambda_9013ee9e23efe4882b67eff5b0ecf103>@@@Z 000000014001545c     main.obj
 0004:00000468       $pdata$3$??$_Reallocate_grow_by@V<lambda_9013ee9e23efe4882b67eff5b0ecf103>@@$$V@?$basic_string@DU?$char_traits@D@std@@V?$allocator@D@2@@std@@QEAAAEAV01@_KV<lambda_9013ee9e23efe4882b67eff5b0ecf103>@@@Z 0000000140015468     main.obj
 0004:00000474       $pdata$4$??$_Reallocate_grow_by@V<lambda_9013ee9e23efe4882b67eff5b0ecf103>@@$$V@?$basic_string@DU?$char_traits@D@std@@V?$allocator@D@2@@std@@QEAAAEAV01@_KV<lambda_9013ee9e23efe4882b67eff5b0ecf103>@@@Z 0000000140015474     main.obj
 0004:00000480       $pdata$??$_Reallocate_grow_by@V<lambda_f3a66ab6a0570788f31503db83886f49>@@_KPEBD_K@?$basic_string@DU?$char_traits@D@std@@V?$allocator@D@2@@std@@QEAAAEAV01@_KV<lambda_f3a66ab6a0570788f31503db83886f49>@@_KPEBD2@Z 0000000140015480     main.obj
 0004:0000048c       $pdata$3$??$_Reallocate_grow_by@V<lambda_f3a66ab6a0570788f31503db83886f49>@@_KPEBD_K@?$basic_string@DU?$char_traits@D@std@@V?$allocator@D@2@@std@@QEAAAEAV01@_KV<lambda_f3a66ab6a0570788f31503db83886f49>@@_KPEBD2@Z 000000014001548c     main.obj
 0004:00000498       $pdata$4$??$_Reallocate_grow_by@V<lambda_f3a66ab6a0570788f31503db83886f49>@@_KPEBD_K@?$basic_string@DU?$char_traits@D@std@@V?$allocator@D@2@@std@@QEAAAEAV01@_KV<lambda_f3a66ab6a0570788f31503db83886f49>@@_KPEBD2@Z 0000000140015498     main.obj
 0004:000004a4       $pdata$??1sentry@?$basic_istream@DU?$char_traits@D@std@@@std@@QEAA@XZ 00000001400154a4     main.obj
 0004:000004b0       $pdata$??_G_Fac_node@std@@QEAAPEAXI@Z 00000001400154b0     msvcprt:locale0_implib.obj
 0004:000004bc       $pdata$?_Facet_Register@std@@YAXPEAV_Facet_base@1@@Z 00000001400154bc     msvcprt:locale0_implib.obj
 0004:000004d4       $pdata$??2@YAPEAX_K@Z      00000001400154d4     MSVCRT:new_scalar.obj
 0004:000004e0       $pdata$__scrt_acquire_startup_lock 00000001400154e0     MSVCRT:utility.obj
 0004:000004ec       $pdata$__scrt_initialize_crt 00000001400154ec     MSVCRT:utility.obj
 0004:000004f8       $pdata$__scrt_initialize_onexit_tables 00000001400154f8     MSVCRT:utility.obj
 0004:00000504       $pdata$__scrt_is_nonwritable_in_current_image 0000000140015504     MSVCRT:utility.obj
 0004:00000510       $pdata$__scrt_release_startup_lock 0000000140015510     MSVCRT:utility.obj
 0004:0000051c       $pdata$__scrt_uninitialize_crt 000000014001551c     MSVCRT:utility.obj
 0004:00000528       $pdata$_onexit             0000000140015528     MSVCRT:utility.obj
 0004:00000534       $pdata$atexit              0000000140015534     MSVCRT:utility.obj
 0004:00000540       $pdata$??_Gtype_info@@UEAAPEAXI@Z 0000000140015540     MSVCRT:std_type_info_static.obj
 0004:0000054c       $pdata$?pre_c_initialization@@YAHXZ 000000014001554c     MSVCRT:exe_main.obj
 0004:00000558       $pdata$?post_pgo_initialization@@YAHXZ 0000000140015558     MSVCRT:exe_main.obj
 0004:00000564       $pdata$?pre_cpp_initialization@@YAXXZ 0000000140015564     MSVCRT:exe_main.obj
 0004:00000570       $pdata$?__scrt_common_main_seh@@YAHXZ 0000000140015570     MSVCRT:exe_main.obj
 0004:0000057c       $pdata$mainCRTStartup      000000014001557c     MSVCRT:exe_main.obj
 0004:00000588       $pdata$__raise_securityfailure 0000000140015588     MSVCRT:gs_report.obj
 0004:00000594       $pdata$__report_gsfailure  0000000140015594     MSVCRT:gs_report.obj
 0004:000005a0       $pdata$capture_previous_context 00000001400155a0     MSVCRT:gs_report.obj
 0004:000005ac       $pdata$??0bad_alloc@std@@QEAA@AEBV01@@Z 00000001400155ac     MSVCRT:throw_bad_alloc.obj
 0004:000005b8       $pdata$??0bad_array_new_length@std@@QEAA@AEBV01@@Z 00000001400155b8     MSVCRT:throw_bad_alloc.obj
 0004:000005c4       $pdata$??_Gbad_array_new_length@std@@UEAAPEAXI@Z 00000001400155c4     MSVCRT:throw_bad_alloc.obj
 0004:000005c4       $pdata$??_Gbad_alloc@std@@UEAAPEAXI@Z 00000001400155c4     MSVCRT:throw_bad_alloc.obj
 0004:000005d0       $pdata$?__scrt_throw_std_bad_alloc@@YAXXZ 00000001400155d0     MSVCRT:throw_bad_alloc.obj
 0004:000005dc       $pdata$?__scrt_throw_std_bad_array_new_length@@YAXXZ 00000001400155dc     MSVCRT:throw_bad_alloc.obj
 0004:000005e8       $pdata$__isa_available_init 00000001400155e8     MSVCRT:_cpu_disp_.obj
 0004:000005f4       $pdata$__scrt_fastfail     00000001400155f4     MSVCRT:utility_desktop.obj
 0004:00000600       $pdata$__scrt_is_managed_app 0000000140015600     MSVCRT:utility_desktop.obj
 0004:0000060c       $pdata$__scrt_unhandled_exception_filter 000000014001560c     MSVCRT:utility_desktop.obj
 0004:00000618       $pdata$__security_init_cookie 0000000140015618     MSVCRT:gs_support.obj
 0004:00000624       $pdata$__scrt_initialize_default_local_stdio_options 0000000140015624     MSVCRT:default_local_stdio_options.obj
 0004:00000630       $pdata$_RTC_Initialize     0000000140015630     MSVCRT:_initsect_.obj
 0004:0000063c       $pdata$_RTC_Terminate      000000014001563c     MSVCRT:_initsect_.obj
 0004:00000648       $pdata$__GSHandlerCheck    0000000140015648     MSVCRT:_gshandler_.obj
 0004:00000654       $pdata$__GSHandlerCheckCommon 0000000140015654     MSVCRT:_gshandler_.obj
 0004:00000660       $pdata$__GSHandlerCheck_EH 0000000140015660     MSVCRT:gshandlereh.obj
 0004:000006a8       $pdata$main$dtor$5         00000001400156a8     main.obj
 0004:000006b4       $pdata$?dtor$0@?0??Obstaw@@YA?AV?$basic_string@DU?$char_traits@D@std@@V?$allocator@D@2@@std@@XZ@4HA 00000001400156b4     main.obj
 0004:000006c0       $pdata$?dtor$15@?0??Odczytaj_liczbê@@YAXAEBHAEBV?$basic_string@DU?$char_traits@D@std@@V?$allocator@D@2@@std@@@Z@4HA 00000001400156c0     main.obj
 0004:000006cc       $pdata$?dtor$91@?0??Odczytaj_liczbê@@YAXAEBHAEBV?$basic_string@DU?$char_traits@D@std@@V?$allocator@D@2@@std@@@Z@4HA 00000001400156cc     main.obj
 0004:000006d8       $pdata$?dtor$144@?0??Odczytaj_liczbê@@YAXAEBHAEBV?$basic_string@DU?$char_traits@D@std@@V?$allocator@D@2@@std@@@Z@4HA 00000001400156d8     main.obj
 0004:000006e4       $pdata$?dtor$209@?0??Odczytaj_liczbê@@YAXAEBHAEBV?$basic_string@DU?$char_traits@D@std@@V?$allocator@D@2@@std@@@Z@4HA 00000001400156e4     main.obj
 0004:000006f0       $pdata$?dtor$262@?0??Odczytaj_liczbê@@YAXAEBHAEBV?$basic_string@DU?$char_traits@D@std@@V?$allocator@D@2@@std@@@Z@4HA 00000001400156f0     main.obj
 0004:000006fc       $pdata$?dtor$327@?0??Odczytaj_liczbê@@YAXAEBHAEBV?$basic_string@DU?$char_traits@D@std@@V?$allocator@D@2@@std@@@Z@4HA 00000001400156fc     main.obj
 0004:00000708       $pdata$?dtor$380@?0??Odczytaj_liczbê@@YAXAEBHAEBV?$basic_string@DU?$char_traits@D@std@@V?$allocator@D@2@@std@@@Z@4HA 0000000140015708     main.obj
 0004:00000714       $pdata$?dtor$435@?0??Odczytaj_liczbê@@YAXAEBHAEBV?$basic_string@DU?$char_traits@D@std@@V?$allocator@D@2@@std@@@Z@4HA 0000000140015714     main.obj
 0004:00000720       $pdata$?dtor$495@?0??Odczytaj_liczbê@@YAXAEBHAEBV?$basic_string@DU?$char_traits@D@std@@V?$allocator@D@2@@std@@@Z@4HA 0000000140015720     main.obj
 0004:0000072c       $pdata$?dtor$546@?0??Odczytaj_liczbê@@YAXAEBHAEBV?$basic_string@DU?$char_traits@D@std@@V?$allocator@D@2@@std@@@Z@4HA 000000014001572c     main.obj
 0004:00000738       $pdata$?dtor$46@?0??SprawdŸ_Pliki@@YAXXZ@4HA 0000000140015738     main.obj
 0004:00000744       $pdata$?dtor$85@?0??SprawdŸ_Pliki@@YAXXZ@4HA 0000000140015744     main.obj
 0004:00000750       $pdata$?dtor$124@?0??SprawdŸ_Pliki@@YAXXZ@4HA 0000000140015750     main.obj
 0004:0000075c       $pdata$?dtor$163@?0??SprawdŸ_Pliki@@YAXXZ@4HA 000000014001575c     main.obj
 0004:00000768       $pdata$?dtor$202@?0??SprawdŸ_Pliki@@YAXXZ@4HA 0000000140015768     main.obj
 0004:00000774       $pdata$?dtor$241@?0??SprawdŸ_Pliki@@YAXXZ@4HA 0000000140015774     main.obj
 0004:00000780       $pdata$?dtor$281@?0??SprawdŸ_Pliki@@YAXXZ@4HA 0000000140015780     main.obj
 0004:0000078c       $pdata$?dtor$287@?0??SprawdŸ_Pliki@@YAXXZ@4HA 000000014001578c     main.obj
 0004:00000798       $pdata$?dtor$426@?0??SprawdŸ_Pliki@@YAXXZ@4HA 0000000140015798     main.obj
 0004:000007a4       $pdata$?dtor$432@?0??SprawdŸ_Pliki@@YAXXZ@4HA 00000001400157a4     main.obj
 0004:000007b0       $pdata$?dtor$571@?0??SprawdŸ_Pliki@@YAXXZ@4HA 00000001400157b0     main.obj
 0004:000007bc       $pdata$?dtor$4@?0??SprawdŸ_ustawienia@@YAXXZ@4HA 00000001400157bc     main.obj
 0004:000007c8       $pdata$?dtor$1@?0??Og³oœ_wynik@@YAXAEBH0AEAHAEAV?$basic_ofstream@DU?$char_traits@D@std@@@std@@AEAV?$basic_fstream@DU?$char_traits@D@std@@@2@@Z@4HA 00000001400157c8     main.obj
 0004:000007d4       $pdata$?dtor$0@?0???0?$basic_ofstream@DU?$char_traits@D@std@@@std@@QEAA@XZ@4HA 00000001400157d4     main.obj
 0004:000007e0       $pdata$?catch$9@?0???$?6U?$char_traits@D@std@@@std@@YAAEAV?$basic_ostream@DU?$char_traits@D@std@@@0@AEAV10@PEBD@Z@4HA 00000001400157e0     main.obj
 0004:000007ec       $pdata$?catch$33@?0???$?5DU?$char_traits@D@std@@V?$allocator@D@1@@std@@YAAEAV?$basic_istream@DU?$char_traits@D@std@@@0@$$QEAV10@AEAV?$basic_string@DU?$char_traits@D@std@@V?$allocator@D@2@@0@@Z@4HA 00000001400157ec     main.obj
 0004:000007f8       $pdata$?catch$28@?0???$getline@DU?$char_traits@D@std@@V?$allocator@D@2@@std@@YAAEAV?$basic_istream@DU?$char_traits@D@std@@@0@$$QEAV10@AEAV?$basic_string@DU?$char_traits@D@std@@V?$allocator@D@2@@0@D@Z@4HA 00000001400157f8     main.obj
 0004:00000804       $pdata$?catch$8@?0???$_Insert_string@DU?$char_traits@D@std@@_K@std@@YAAEAV?$basic_ostream@DU?$char_traits@D@std@@@0@AEAV10@QEBD_K@Z@4HA 0000000140015804     main.obj
 0004:00000810       $pdata$__scrt_is_nonwritable_in_current_image$filt$0 0000000140015810     MSVCRT:utility.obj
 0004:0000081c       $pdata$?filt$0@?0??__scrt_common_main_seh@@YAHXZ@4HA 000000014001581c     MSVCRT:exe_main.obj
 0004:00000828       $pdata$??__FG³os@@YAXXZ    0000000140015828     main.obj
 0004:00000834       $pdata$??__F_Fac_tidy_reg@std@@YAXXZ 0000000140015834     msvcprt:locale0_implib.obj
 0005:00000060       $R000000                   0000000140016060     * linker generated manifest res *

 Exports

  ordinal    name

