 Ruletka

 Timestamp is 5a285970 (Wed Dec  6 21:56:16 2017)

 Preferred load address is 00400000

 Start         Length     Name                   Class
 0001:00000000 00010000H .textbss                DATA
 0002:00000000 000030a0H .text$di                CODE
 0002:000030a0 0001e4e0H .text$mn                CODE
 0002:00021580 00002460H .text$x                 CODE
 0002:000239e0 00001064H .text$yd                CODE
 0003:00000000 00000104H .CRT$XCA                DATA
 0003:00000104 00000104H .CRT$XCAA               DATA
 0003:00000208 00000104H .CRT$XCL                DATA
 0003:0000030c 00000104H .CRT$XCU                DATA
 0003:00000410 00000104H .CRT$XCZ                DATA
 0003:00000514 00000104H .CRT$XIA                DATA
 0003:00000618 00000104H .CRT$XIAA               DATA
 0003:0000071c 00000104H .CRT$XIAC               DATA
 0003:00000820 00000104H .CRT$XIZ                DATA
 0003:00000924 00000104H .CRT$XPA                DATA
 0003:00000a28 00000104H .CRT$XPZ                DATA
 0003:00000b2c 00000104H .CRT$XTA                DATA
 0003:00000c30 00000110H .CRT$XTZ                DATA
 0003:00000d40 00003310H .rdata                  DATA
 0003:00004050 00000848H .rdata$r                DATA
 0003:00004898 000001acH .rdata$zzzdbg           DATA
 0003:00004a44 00000104H .rtc$IAA                DATA
 0003:00004b48 00000104H .rtc$IMZ                DATA
 0003:00004c4c 00000104H .rtc$IZZ                DATA
 0003:00004d50 00000104H .rtc$TAA                DATA
 0003:00004e54 00000104H .rtc$TMZ                DATA
 0003:00004f58 00000108H .rtc$TZZ                DATA
 0003:00005060 00001367H .xdata$x                DATA
 0003:000063c7 00000000H .edata                  DATA
 0004:00000000 00000190H .data                   DATA
 0004:00000190 00000550H .data$r                 DATA
 0004:000006e0 000004a4H .bss                    DATA
 0005:00000000 000004a4H .idata$5                DATA
 0005:000004a4 00000078H .idata$2                DATA
 0005:0000051c 00000014H .idata$3                DATA
 0005:00000530 000004a4H .idata$4                DATA
 0005:000009d4 00001ec7H .idata$6                DATA
 0006:00000000 00000104H .00cfg                  DATA
 0007:00000000 00000170H .rsrc$01                DATA
 0007:00000170 000002e9H .rsrc$02                DATA

  Address         Publics by Value              Rva+Base       Lib:Object

 0000:00000000       ___guard_iat_count         00000000     <absolute>
 0000:00000000       ___dynamic_value_reloc_table 00000000     <absolute>
 0000:00000000       ___guard_longjmp_table     00000000     <absolute>
 0000:00000000       ___safe_se_handler_table   00000000     <absolute>
 0000:00000000       ___safe_se_handler_count   00000000     <absolute>
 0000:00000000       ___hybrid_auxiliary_iat    00000000     <absolute>
 0000:00000000       ___guard_fids_table        00000000     <absolute>
 0000:00000000       ___hybrid_code_map         00000000     <absolute>
 0000:00000000       ___hybrid_code_map_count   00000000     <absolute>
 0000:00000000       ___guard_iat_table         00000000     <absolute>
 0000:00000000       ___guard_longjmp_count     00000000     <absolute>
 0000:00000000       ___enclave_config          00000000     <absolute>
 0000:00000000       ___guard_fids_count        00000000     <absolute>
 0000:00000100       ___guard_flags             00000100     <absolute>
 0000:00000000       ___ImageBase               00400000     <linker-defined>
 0001:00000000       __enc$textbss$begin        00401000     <linker-defined>
 0001:00010000       __enc$textbss$end          00411000     <linker-defined>
 0002:000030a0       ??$?0$$V@?$_Compressed_pair@V?$allocator@D@std@@V?$_String_val@U?$_Simple_types@D@std@@@2@$00@std@@QAE@U_Zero_then_variadic_args_t@1@@Z 004140a0 f i main.obj
 0002:00003100       ??$?0D@?$allocator@U_Container_proxy@std@@@std@@QAE@ABV?$allocator@D@1@@Z 00414100 f i main.obj
 0002:00003140       ??$?0V?$allocator@D@std@@$$V@?$_Compressed_pair@V?$allocator@D@std@@V?$_String_val@U?$_Simple_types@D@std@@@2@$00@std@@QAE@U_One_then_variadic_args_t@1@$$QAV?$allocator@D@1@@Z 00414140 f i main.obj
 0002:000031b0       ??$?0V?$allocator@D@std@@X@?$_String_alloc@U?$_String_base_types@DV?$allocator@D@std@@@std@@@std@@QAE@$$QAV?$allocator@D@1@@Z 004141b0 f i main.obj
 0002:00003270       ??$?5DU?$char_traits@D@std@@V?$allocator@D@1@@std@@YAAAV?$basic_istream@DU?$char_traits@D@std@@@0@$$QAV10@AAV?$basic_string@DU?$char_traits@D@std@@V?$allocator@D@2@@0@@Z 00414270 f i main.obj
 0002:00003740       ??$?5DU?$char_traits@D@std@@V?$allocator@D@1@@std@@YAAAV?$basic_istream@DU?$char_traits@D@std@@@0@AAV10@AAV?$basic_string@DU?$char_traits@D@std@@V?$allocator@D@2@@0@@Z 00414740 f i main.obj
 0002:000037a0       ??$?6DU?$char_traits@D@std@@V?$allocator@D@1@@std@@YAAAV?$basic_ostream@DU?$char_traits@D@std@@@0@AAV10@ABV?$basic_string@DU?$char_traits@D@std@@V?$allocator@D@2@@0@@Z 004147a0 f i main.obj
 0002:00003810       ??$?6U?$char_traits@D@std@@@std@@YAAAV?$basic_ostream@DU?$char_traits@D@std@@@0@AAV10@PBD@Z 00414810 f i main.obj
 0002:00003de0       ??$?8DU?$char_traits@D@std@@V?$allocator@D@1@@std@@YA_NABV?$basic_string@DU?$char_traits@D@std@@V?$allocator@D@2@@0@QBD@Z 00414de0 f i main.obj
 0002:00003e30       ??$?9DD@std@@YA_NABV?$allocator@D@0@0@Z 00414e30 f i main.obj
 0002:00003e60       ??$?9DU?$char_traits@D@std@@V?$allocator@D@1@@std@@YA_NABV?$basic_string@DU?$char_traits@D@std@@V?$allocator@D@2@@0@QBD@Z 00414e60 f i main.obj
 0002:00003ee0       ??$?HDU?$char_traits@D@std@@V?$allocator@D@1@@std@@YA?AV?$basic_string@DU?$char_traits@D@std@@V?$allocator@D@2@@0@$$QAV10@0@Z 00414ee0 f i main.obj
 0002:00004000       ??$?HDU?$char_traits@D@std@@V?$allocator@D@1@@std@@YA?AV?$basic_string@DU?$char_traits@D@std@@V?$allocator@D@2@@0@$$QAV10@D@Z 00415000 f i main.obj
 0002:00004090       ??$?HDU?$char_traits@D@std@@V?$allocator@D@1@@std@@YA?AV?$basic_string@DU?$char_traits@D@std@@V?$allocator@D@2@@0@$$QAV10@QBD@Z 00415090 f i main.obj
 0002:00004120       ??$?HDU?$char_traits@D@std@@V?$allocator@D@1@@std@@YA?AV?$basic_string@DU?$char_traits@D@std@@V?$allocator@D@2@@0@ABV10@$$QAV10@@Z 00415120 f i main.obj
 0002:000041b0       ??$?HDU?$char_traits@D@std@@V?$allocator@D@1@@std@@YA?AV?$basic_string@DU?$char_traits@D@std@@V?$allocator@D@2@@0@ABV10@0@Z 004151b0 f i main.obj
 0002:00004310       ??$?HDU?$char_traits@D@std@@V?$allocator@D@1@@std@@YA?AV?$basic_string@DU?$char_traits@D@std@@V?$allocator@D@2@@0@ABV10@QBD@Z 00415310 f i main.obj
 0002:00004480       ??$?HDU?$char_traits@D@std@@V?$allocator@D@1@@std@@YA?AV?$basic_string@DU?$char_traits@D@std@@V?$allocator@D@2@@0@QBDABV10@@Z 00415480 f i main.obj
 0002:000045f0       ??$?RVrandom_device@std@@@?$uniform_int@H@std@@QBEHAAVrandom_device@1@@Z 004155f0 f i main.obj
 0002:00004660       ??$_Convert_size@I@std@@YAII@Z 00415660 f i main.obj
 0002:000046a0       ??$_Deallocate_plain@V?$allocator@U_Container_proxy@std@@@std@@$0A@@std@@YAXAAV?$allocator@U_Container_proxy@std@@@0@QAU_Container_proxy@0@@Z 004156a0 f i main.obj
 0002:00004700       ??$_Eval@Vrandom_device@std@@@?$uniform_int@H@std@@ABEHAAVrandom_device@1@HH@Z 00415700 f i main.obj
 0002:00004820       ??$_Fgetc@D@std@@YA_NAADPAU_iobuf@@@Z 00415820 f i main.obj
 0002:000048a0       ??$_Fputc@D@std@@YA_NDPAU_iobuf@@@Z 004158a0 f i main.obj
 0002:00004930       ??$_Insert_string@DU?$char_traits@D@std@@I@std@@YAAAV?$basic_ostream@DU?$char_traits@D@std@@@0@AAV10@QBDI@Z 00415930 f i main.obj
 0002:00004e90       ??$_Max_value@I@std@@YAABIABI0@Z 00415e90 f i main.obj
 0002:00004f00       ??$_Min_value@I@std@@YAABIABI0@Z 00415f00 f i main.obj
 0002:00004f70       ??$_Pocca@V?$allocator@D@std@@@std@@YAXAAV?$allocator@D@0@ABV10@@Z 00415f70 f i main.obj
 0002:00005000       ??$_Pocca@V?$allocator@D@std@@@std@@YAXAAV?$allocator@D@0@ABV10@U?$integral_constant@_N$0A@@0@@Z 00416000 f i main.obj
 0002:00005030       ??$_Pocma@V?$allocator@D@std@@@std@@YAXAAV?$allocator@D@0@0@Z 00416030 f i main.obj
 0002:000050c0       ??$_Pocma@V?$allocator@D@std@@@std@@YAXAAV?$allocator@D@0@0U?$integral_constant@_N$00@0@@Z 004160c0 f i main.obj
 0002:00005ee0       ??$_Refancy@PAD$0A@@std@@YAPADPAD@Z 00416ee0 f i main.obj
 0002:00005f20       ??$_Traits_equal@U?$char_traits@D@std@@@std@@YA_NQBDI0I@Z 00416f20 f i main.obj
 0002:00005fb0       ??$_Traits_find@U?$char_traits@D@std@@@std@@YAIQBDII0I@Z 00416fb0 f i main.obj
 0002:000060a0       ??$_Unfancy@$$CBD@std@@YAPBDPBD@Z 004170a0 f i main.obj
 0002:000060e0       ??$_Unfancy@D@std@@YAPADPAD@Z 004170e0 f i main.obj
 0002:00006120       ??$_Unfancy@U_Container_proxy@std@@@std@@YAPAU_Container_proxy@0@PAU10@@Z 00417120 f i main.obj
 0002:00006160       ??$_Ungetc@D@std@@YA_NABDPAU_iobuf@@@Z 00417160 f i main.obj
 0002:000061f0       ??$addressof@$$CBV?$basic_string@DU?$char_traits@D@std@@V?$allocator@D@2@@std@@@std@@YAPBV?$basic_string@DU?$char_traits@D@std@@V?$allocator@D@2@@0@ABV10@@Z 004171f0 f i main.obj
 0002:00006230       ??$addressof@D@std@@YAPADAAD@Z 00417230 f i main.obj
 0002:00006270       ??$addressof@PAD@std@@YAPAPADAAPAD@Z 00417270 f i main.obj
 0002:000062b0       ??$addressof@V?$_String_val@U?$_Simple_types@D@std@@@std@@@std@@YAPAV?$_String_val@U?$_Simple_types@D@std@@@0@AAV10@@Z 004172b0 f i main.obj
 0002:000062f0       ??$addressof@V?$basic_string@DU?$char_traits@D@std@@V?$allocator@D@2@@std@@@std@@YAPAV?$basic_string@DU?$char_traits@D@std@@V?$allocator@D@2@@0@AAV10@@Z 004172f0 f i main.obj
 0002:00006330       ??$construct@PADABQAD@?$_Default_allocator_traits@V?$allocator@D@std@@@std@@SAXAAV?$allocator@D@1@QAPADABQAD@Z 00417330 f i main.obj
 0002:000063b0       ??$construct@U_Container_proxy@std@@U12@@?$_Default_allocator_traits@V?$allocator@U_Container_proxy@std@@@std@@@std@@SAXAAV?$allocator@U_Container_proxy@std@@@1@QAU_Container_proxy@1@$$QAU31@@Z 004173b0 f i main.obj
 0002:00006430       ??$destroy@PAD@?$_Default_allocator_traits@V?$allocator@D@std@@@std@@SAXAAV?$allocator@D@1@QAPAD@Z 00417430 f i main.obj
 0002:00006460       ??$destroy@U_Container_proxy@std@@@?$_Default_allocator_traits@V?$allocator@U_Container_proxy@std@@@std@@@std@@SAXAAV?$allocator@U_Container_proxy@std@@@1@QAU_Container_proxy@1@@Z 00417460 f i main.obj
 0002:00006490       ??$endl@DU?$char_traits@D@std@@@std@@YAAAV?$basic_ostream@DU?$char_traits@D@std@@@0@AAV10@@Z 00417490 f i main.obj
 0002:00006530       ??$forward@ABQAD@std@@YAABQADABQAD@Z 00417530 f i main.obj
 0002:00006570       ??$forward@U_Container_proxy@std@@@std@@YA$$QAU_Container_proxy@0@AAU10@@Z 00417570 f i main.obj
 0002:000065b0       ??$forward@V?$allocator@D@std@@@std@@YA$$QAV?$allocator@D@0@AAV10@@Z 004175b0 f i main.obj
 0002:000065f0       ??$getline@DU?$char_traits@D@std@@V?$allocator@D@2@@std@@YAAAV?$basic_istream@DU?$char_traits@D@std@@@0@$$QAV10@AAV?$basic_string@DU?$char_traits@D@std@@V?$allocator@D@2@@0@D@Z 004175f0 f i main.obj
 0002:000069b0       ??$getline@DU?$char_traits@D@std@@V?$allocator@D@2@@std@@YAAAV?$basic_istream@DU?$char_traits@D@std@@@0@AAV10@AAV?$basic_string@DU?$char_traits@D@std@@V?$allocator@D@2@@0@@Z 004179b0 f i main.obj
 0002:00006a40       ??$move@AAV?$allocator@D@std@@@std@@YA$$QAV?$allocator@D@0@AAV10@@Z 00417a40 f i main.obj
 0002:00006a80       ??$move@AAV?$basic_istream@DU?$char_traits@D@std@@@std@@@std@@YA$$QAV?$basic_istream@DU?$char_traits@D@std@@@0@AAV10@@Z 00417a80 f i main.obj
 0002:00006ac0       ??$move@AAV?$basic_string@DU?$char_traits@D@std@@V?$allocator@D@2@@std@@@std@@YA$$QAV?$basic_string@DU?$char_traits@D@std@@V?$allocator@D@2@@0@AAV10@@Z 00417ac0 f i main.obj
 0002:00006b00       ??$size@D$0BB@@std@@YAIAAY0BB@$$CBD@Z 00417b00 f i main.obj
 0002:00006b40       ??$size@D$0BE@@std@@YAIAAY0BE@$$CBD@Z 00417b40 f i main.obj
 0002:00006b80       ??$size@D$0BH@@std@@YAIAAY0BH@$$CBD@Z 00417b80 f i main.obj
 0002:00006bc0       ??$size@D$0BL@@std@@YAIAAY0BL@$$CBD@Z 00417bc0 f i main.obj
 0002:00006c00       ??$size@D$0BM@@std@@YAIAAY0BM@$$CBD@Z 00417c00 f i main.obj
 0002:00006c40       ??$size@D$0BN@@std@@YAIAAY0BN@$$CBD@Z 00417c40 f i main.obj
 0002:00006c80       ??$size@D$0CA@@std@@YAIAAY0CA@$$CBD@Z 00417c80 f i main.obj
 0002:00006cc0       ??$size@D$0CG@@std@@YAIAAY0CG@$$CBD@Z 00417cc0 f i main.obj
 0002:00006d00       ??$size@D$0O@@std@@YAIAAY0O@$$CBD@Z 00417d00 f i main.obj
 0002:00006d40       ??$use_facet@V?$codecvt@DDU_Mbstatet@@@std@@@std@@YAABV?$codecvt@DDU_Mbstatet@@@0@ABVlocale@0@@Z 00417d40 f i main.obj
 0002:00006f50       ??$use_facet@V?$ctype@D@std@@@std@@YAABV?$ctype@D@0@ABVlocale@0@@Z 00417f50 f i main.obj
 0002:00007160       ??0?$_Rng_from_urng@IVrandom_device@std@@@std@@QAE@AAVrandom_device@1@@Z 00418160 f i main.obj
 0002:00007220       ??0?$_String_alloc@U?$_String_base_types@DV?$allocator@D@std@@@std@@@std@@QAE@XZ 00418220 f i main.obj
 0002:000072d0       ??0?$_String_const_iterator@V?$_String_val@U?$_Simple_types@D@std@@@std@@@std@@QAE@PBDPBU_Container_base12@1@@Z 004182d0 f i main.obj
 0002:00007340       ??0?$_String_iterator@V?$_String_val@U?$_Simple_types@D@std@@@std@@@std@@QAE@PADPBU_Container_base12@1@@Z 00418340 f i main.obj
 0002:000073a0       ??0?$_String_val@U?$_Simple_types@D@std@@@std@@QAE@XZ 004183a0 f i main.obj
 0002:00007460       ??0?$allocator@D@std@@QAE@XZ 00418460 f i main.obj
 0002:000074a0       ??0?$basic_filebuf@DU?$char_traits@D@std@@@std@@QAE@PAU_iobuf@@@Z 004184a0 f i main.obj
 0002:00007570       ??0?$basic_fstream@DU?$char_traits@D@std@@@std@@QAE@XZ 00418570 f i main.obj
 0002:000076d0       ??0?$basic_ifstream@DU?$char_traits@D@std@@@std@@QAE@XZ 004186d0 f i main.obj
 0002:00007830       ??0?$basic_ofstream@DU?$char_traits@D@std@@@std@@QAE@XZ 00418830 f i main.obj
 0002:00007990       ??0?$basic_string@DU?$char_traits@D@std@@V?$allocator@D@2@@std@@QAE@$$QAV01@@Z 00418990 f i main.obj
 0002:00007a60       ??0?$basic_string@DU?$char_traits@D@std@@V?$allocator@D@2@@std@@QAE@ABV01@@Z 00418a60 f i main.obj
 0002:00007b30       ??0?$basic_string@DU?$char_traits@D@std@@V?$allocator@D@2@@std@@QAE@ID@Z 00418b30 f i main.obj
 0002:00007bf0       ??0?$basic_string@DU?$char_traits@D@std@@V?$allocator@D@2@@std@@QAE@QBD@Z 00418bf0 f i main.obj
 0002:00007cb0       ??0?$basic_string@DU?$char_traits@D@std@@V?$allocator@D@2@@std@@QAE@QBDI@Z 00418cb0 f i main.obj
 0002:00007d70       ??0?$basic_string@DU?$char_traits@D@std@@V?$allocator@D@2@@std@@QAE@XZ 00418d70 f i main.obj
 0002:00007e10       ??0?$basic_stringbuf@DU?$char_traits@D@std@@V?$allocator@D@2@@std@@QAE@H@Z 00418e10 f i main.obj
 0002:00007ef0       ??0?$basic_stringstream@DU?$char_traits@D@std@@V?$allocator@D@2@@std@@QAE@H@Z 00418ef0 f i main.obj
 0002:00008050       ??0?$fpos@U_Mbstatet@@@std@@QAE@U_Mbstatet@@_J@Z 00419050 f i main.obj
 0002:000080d0       ??0?$fpos@U_Mbstatet@@@std@@QAE@_J@Z 004190d0 f i main.obj
 0002:00008150       ??0?$mersenne_twister@I$0CA@$0CHA@$0BIN@$0BP@$0JJAILANP@$0L@$06$0JNCMFGIA@$0P@$0OPMGAAAA@$0BC@@std@@QAE@III@Z 00419150 f i main.obj
 0002:000081c0       ??0?$mersenne_twister_engine@I$0CA@$0CHA@$0BIN@$0BP@$0JJAILANP@$0L@$0PPPPPPPP@$06$0JNCMFGIA@$0P@$0OPMGAAAA@$0BC@$0GMAHIJGF@@std@@QAE@I@Z 004191c0 f i main.obj
 0002:00008230       ??0?$uniform_int@H@std@@QAE@HH@Z 00419230 f i main.obj
 0002:00008290       ??0?$uniform_int_distribution@H@std@@QAE@HH@Z 00419290 f i main.obj
 0002:000082f0       ??0_Bxty@?$_String_val@U?$_Simple_types@D@std@@@std@@QAE@XZ 004192f0 f i main.obj
 0002:00008330       ??0_Container_base12@std@@QAE@XZ 00419330 f i main.obj
 0002:00008380       ??0_Container_proxy@std@@QAE@XZ 00419380 f i main.obj
 0002:000083d0       ??0_Iterator_base12@std@@QAE@XZ 004193d0 f i main.obj
 0002:00008420       ??0_Sentry_base@?$basic_istream@DU?$char_traits@D@std@@@std@@QAE@AAV12@@Z 00419420 f i main.obj
 0002:00008510       ??0_Sentry_base@?$basic_ostream@DU?$char_traits@D@std@@@std@@QAE@AAV12@@Z 00419510 f i main.obj
 0002:00008600       ??0bad_cast@std@@QAE@ABV01@@Z 00419600 f i main.obj
 0002:00008670       ??0bad_cast@std@@QAE@XZ    00419670 f i main.obj
 0002:000086e0       ??0exception@std@@QAE@ABV01@@Z 004196e0 f i main.obj
 0002:00008770       ??0exception@std@@QAE@QBDH@Z 00419770 f i main.obj
 0002:000087e0       ??0param_type@?$uniform_int@H@std@@QAE@HH@Z 004197e0 f i main.obj
 0002:00008840       ??0random_device@std@@QAE@ABV?$basic_string@DU?$char_traits@D@std@@V?$allocator@D@2@@1@@Z 00419840 f i main.obj
 0002:000088a0       ??0sentry@?$basic_istream@DU?$char_traits@D@std@@@std@@QAE@AAV12@_N@Z 004198a0 f i main.obj
 0002:00008970       ??0sentry@?$basic_ostream@DU?$char_traits@D@std@@@std@@QAE@AAV12@@Z 00419970 f i main.obj
 0002:00008af0       ??1?$_Compressed_pair@V?$allocator@D@std@@V?$_String_val@U?$_Simple_types@D@std@@@2@$00@std@@QAE@XZ 00419af0 f i main.obj
 0002:00008b40       ??1?$_String_alloc@U?$_String_base_types@DV?$allocator@D@std@@@std@@@std@@QAE@XZ 00419b40 f i main.obj
 0002:00008bd0       ??1?$_String_const_iterator@V?$_String_val@U?$_Simple_types@D@std@@@std@@@std@@QAE@XZ 00419bd0 f i main.obj
 0002:00008c20       ??1?$_String_iterator@V?$_String_val@U?$_Simple_types@D@std@@@std@@@std@@QAE@XZ 00419c20 f i main.obj
 0002:00008c70       ??1?$_String_val@U?$_Simple_types@D@std@@@std@@QAE@XZ 00419c70 f i main.obj
 0002:00008cd0       ??1?$basic_filebuf@DU?$char_traits@D@std@@@std@@UAE@XZ 00419cd0 f i main.obj
 0002:00008da0       ??1?$basic_fstream@DU?$char_traits@D@std@@@std@@UAE@XZ 00419da0 f i main.obj
 0002:00008e50       ??1?$basic_ifstream@DU?$char_traits@D@std@@@std@@UAE@XZ 00419e50 f i main.obj
 0002:00008f00       ??1?$basic_ofstream@DU?$char_traits@D@std@@@std@@UAE@XZ 00419f00 f i main.obj
 0002:00008fb0       ??1?$basic_string@DU?$char_traits@D@std@@V?$allocator@D@2@@std@@QAE@XZ 00419fb0 f i main.obj
 0002:00009040       ??1?$basic_stringbuf@DU?$char_traits@D@std@@V?$allocator@D@2@@std@@UAE@XZ 0041a040 f i main.obj
 0002:000090f0       ??1?$basic_stringstream@DU?$char_traits@D@std@@V?$allocator@D@2@@std@@UAE@XZ 0041a0f0 f i main.obj
 0002:000091a0       ??1_Bxty@?$_String_val@U?$_Simple_types@D@std@@@std@@QAE@XZ 0041a1a0 f i main.obj
 0002:000091e0       ??1_Container_base12@std@@QAE@XZ 0041a1e0 f i main.obj
 0002:00009230       ??1_Iterator_base12@std@@QAE@XZ 0041a230 f i main.obj
 0002:00009330       ??1_Sentry_base@?$basic_istream@DU?$char_traits@D@std@@@std@@QAE@XZ 0041a330 f i main.obj
 0002:00009450       ??1_Sentry_base@?$basic_ostream@DU?$char_traits@D@std@@@std@@QAE@XZ 0041a450 f i main.obj
 0002:00009570       ??1bad_cast@std@@UAE@XZ    0041a570 f i main.obj
 0002:000095c0       ??1exception@std@@UAE@XZ   0041a5c0 f i main.obj
 0002:00009630       ??1locale@std@@QAE@XZ      0041a630 f i main.obj
 0002:00009740       ??1sentry@?$basic_istream@DU?$char_traits@D@std@@@std@@QAE@XZ 0041a740 f i main.obj
 0002:00009790       ??1sentry@?$basic_ostream@DU?$char_traits@D@std@@@std@@QAE@XZ 0041a790 f i main.obj
 0002:00009840       ??2@YAPAXIPAX@Z            0041a840 f i main.obj
 0002:00009880       ??4?$basic_string@DU?$char_traits@D@std@@V?$allocator@D@2@@std@@QAEAAV01@$$QAV01@@Z 0041a880 f i main.obj
 0002:00009970       ??4?$basic_string@DU?$char_traits@D@std@@V?$allocator@D@2@@std@@QAEAAV01@ABV01@@Z 0041a970 f i main.obj
 0002:00009a20       ??4?$basic_string@DU?$char_traits@D@std@@V?$allocator@D@2@@std@@QAEAAV01@QBD@Z 0041aa20 f i main.obj
 0002:00009a80       ??A?$basic_string@DU?$char_traits@D@std@@V?$allocator@D@2@@std@@QAEAADI@Z 0041aa80 f i main.obj
 0002:00009b40       ??A?$basic_string@DU?$char_traits@D@std@@V?$allocator@D@2@@std@@QBEABDI@Z 0041ab40 f i main.obj
 0002:00009c00       ??B?$fpos@U_Mbstatet@@@std@@QBE_JXZ 0041ac00 f i main.obj
 0002:00009c50       ??Bsentry@?$basic_istream@DU?$char_traits@D@std@@@std@@QBE_NXZ 0041ac50 f i main.obj
 0002:00009c90       ??Bsentry@?$basic_ostream@DU?$char_traits@D@std@@@std@@QBE_NXZ 0041ac90 f i main.obj
 0002:00009cd0       ??D?$_String_const_iterator@V?$_String_val@U?$_Simple_types@D@std@@@std@@@std@@QBEABDXZ 0041acd0 f i main.obj
 0002:00009e70       ??D?$_String_iterator@V?$_String_val@U?$_Simple_types@D@std@@@std@@@std@@QBEAADXZ 0041ae70 f i main.obj
 0002:0000a310       ??R?$_Rng_from_urng@IVrandom_device@std@@@std@@QAEII@Z 0041b310 f i main.obj
 0002:0000a420       ??Rrandom_device@std@@QAEIXZ 0041b420 f i main.obj
 0002:0000a470       ??Y?$basic_string@DU?$char_traits@D@std@@V?$allocator@D@2@@std@@QAEAAV01@ABV01@@Z 0041b470 f i main.obj
 0002:0000a4d0       ??Y?$basic_string@DU?$char_traits@D@std@@V?$allocator@D@2@@std@@QAEAAV01@D@Z 0041b4d0 f i main.obj
 0002:0000a530       ??Y?$basic_string@DU?$char_traits@D@std@@V?$allocator@D@2@@std@@QAEAAV01@QBD@Z 0041b530 f i main.obj
 0002:0000a590       ??_D?$basic_fstream@DU?$char_traits@D@std@@@std@@QAEXXZ 0041b590 f i main.obj
 0002:0000a600       ??_D?$basic_ifstream@DU?$char_traits@D@std@@@std@@QAEXXZ 0041b600 f i main.obj
 0002:0000a670       ??_D?$basic_ofstream@DU?$char_traits@D@std@@@std@@QAEXXZ 0041b670 f i main.obj
 0002:0000a6e0       ??_D?$basic_stringstream@DU?$char_traits@D@std@@V?$allocator@D@2@@std@@QAEXXZ 0041b6e0 f i main.obj
 0002:0000a74c       ??_E?$basic_fstream@DU?$char_traits@D@std@@@std@@$4PPPPPPPM@A@AEPAXI@Z 0041b74c f i main.obj
 0002:0000a756       ??_E?$basic_ifstream@DU?$char_traits@D@std@@@std@@$4PPPPPPPM@A@AEPAXI@Z 0041b756 f i main.obj
 0002:0000a760       ??_E?$basic_ofstream@DU?$char_traits@D@std@@@std@@$4PPPPPPPM@A@AEPAXI@Z 0041b760 f i main.obj
 0002:0000a76a       ??_E?$basic_stringstream@DU?$char_traits@D@std@@V?$allocator@D@2@@std@@$4PPPPPPPM@A@AEPAXI@Z 0041b76a f i main.obj
 0002:0000a780       ??_G?$basic_filebuf@DU?$char_traits@D@std@@@std@@UAEPAXI@Z 0041b780 f i main.obj
 0002:0000a780       ??_E?$basic_filebuf@DU?$char_traits@D@std@@@std@@UAEPAXI@Z 0041b780 f i main.obj
 0002:0000a7f0       ??_G?$basic_fstream@DU?$char_traits@D@std@@@std@@UAEPAXI@Z 0041b7f0 f i main.obj
 0002:0000a7f0       ??_E?$basic_fstream@DU?$char_traits@D@std@@@std@@UAEPAXI@Z 0041b7f0 f i main.obj
 0002:0000a870       ??_G?$basic_ifstream@DU?$char_traits@D@std@@@std@@UAEPAXI@Z 0041b870 f i main.obj
 0002:0000a870       ??_E?$basic_ifstream@DU?$char_traits@D@std@@@std@@UAEPAXI@Z 0041b870 f i main.obj
 0002:0000a8f0       ??_G?$basic_ofstream@DU?$char_traits@D@std@@@std@@UAEPAXI@Z 0041b8f0 f i main.obj
 0002:0000a8f0       ??_E?$basic_ofstream@DU?$char_traits@D@std@@@std@@UAEPAXI@Z 0041b8f0 f i main.obj
 0002:0000a970       ??_G?$basic_stringbuf@DU?$char_traits@D@std@@V?$allocator@D@2@@std@@UAEPAXI@Z 0041b970 f i main.obj
 0002:0000a970       ??_E?$basic_stringbuf@DU?$char_traits@D@std@@V?$allocator@D@2@@std@@UAEPAXI@Z 0041b970 f i main.obj
 0002:0000a9e0       ??_G?$basic_stringstream@DU?$char_traits@D@std@@V?$allocator@D@2@@std@@UAEPAXI@Z 0041b9e0 f i main.obj
 0002:0000a9e0       ??_E?$basic_stringstream@DU?$char_traits@D@std@@V?$allocator@D@2@@std@@UAEPAXI@Z 0041b9e0 f i main.obj
 0002:0000aa60       ??_Gbad_cast@std@@UAEPAXI@Z 0041ba60 f i main.obj
 0002:0000aa60       ??_Ebad_cast@std@@UAEPAXI@Z 0041ba60 f i main.obj
 0002:0000aad0       ??_Gexception@std@@UAEPAXI@Z 0041bad0 f i main.obj
 0002:0000aad0       ??_Eexception@std@@UAEPAXI@Z 0041bad0 f i main.obj
 0002:0000ab40       ?Change_Col@@YAXABH@Z      0041bb40 f   main.obj
 0002:0000abc0       ?Czy_Kontynuowaæ@@YA_NABH@Z 0041bbc0 f   main.obj
 0002:0000af10       ?Hide_Cursor@@YAXXZ        0041bf10 f   main.obj
 0002:0000b000       ?Koniec_gry@@YAXAAV?$basic_ofstream@DU?$char_traits@D@std@@@std@@AAV?$basic_fstream@DU?$char_traits@D@std@@@2@AAH@Z 0041c000 f   main.obj
 0002:0000b410       ?Obstaw@@YA?AV?$basic_string@DU?$char_traits@D@std@@V?$allocator@D@2@@std@@XZ 0041c410 f   main.obj
 0002:0000bf20       ?Odczytaj_liczbê@@YAXABHABV?$basic_string@DU?$char_traits@D@std@@V?$allocator@D@2@@std@@@Z 0041cf20 f   main.obj
 0002:0000c7b0       ?Og³oœ_wynik@@YAXABH0AAHAAV?$basic_ofstream@DU?$char_traits@D@std@@@std@@AAV?$basic_fstream@DU?$char_traits@D@std@@@2@@Z 0041d7b0 f   main.obj
 0002:0000cf60       ?Pêtla_g³ówna@@YAXAAH00AAV?$basic_ofstream@DU?$char_traits@D@std@@@std@@AAV?$basic_fstream@DU?$char_traits@D@std@@@2@AADAAV?$basic_string@DU?$char_traits@D@std@@V?$allocator@D@2@@2@0@Z 0041df60 f   main.obj
 0002:0000d630       ?Show_Cursor@@YAXXZ        0041e630 f   main.obj
 0002:0000d730       ?SprawdŸ_Pliki@@YAXXZ      0041e730 f   main.obj
 0002:00010170       ?SprawdŸ_Zak³ad@@YAHABHV?$basic_string@DU?$char_traits@D@std@@V?$allocator@D@2@@std@@0@Z 00421170 f   main.obj
 0002:000107e0       ?SprawdŸ_ustawienia@@YAXXZ 004217e0 f   main.obj
 0002:00011480       ?Ustaw_ustawienia@@YAXAAV?$basic_string@DU?$char_traits@D@std@@V?$allocator@D@2@@std@@@Z 00422480 f   main.obj
 0002:00012100       ?Wczytaj_Kwotê_Zak³adu@@YAXAAHABH@Z 00423100 f   main.obj
 0002:000124d0       ?Wczytaj_z_pliku@@YAXAAV?$basic_ofstream@DU?$char_traits@D@std@@@std@@AAV?$basic_fstream@DU?$char_traits@D@std@@@2@AADAAH33AAV?$basic_string@DU?$char_traits@D@std@@V?$allocator@D@2@@2@@Z 004234d0 f   main.obj
 0002:000138f0       ?Wylosuj@@YAHABH0@Z        004248f0 f   main.obj
 0002:00013ab0       ?Zakrêæ_Ruletk¹@@YAHXZ     00424ab0 f   main.obj
 0002:00013ea0       ?_Adjust@?$uniform_int@H@std@@CAII@Z 00424ea0 f i main.obj
 0002:00013f00       ?_Adjust@?$uniform_int@H@std@@CAIIU?$integral_constant@_N$00@2@@Z 00424f00 f i main.obj
 0002:00013f60       ?_Adopt@_Iterator_base12@std@@QAEXPBU_Container_base12@2@@Z 00424f60 f i main.obj
 0002:000140f0       ?_Alloc_proxy@?$_String_alloc@U?$_String_base_types@DV?$allocator@D@std@@@std@@@std@@QAEXXZ 004250f0 f i main.obj
 0002:00014230       ?_Allocate@std@@YAPAXII_N@Z 00425230 f i main.obj
 0002:00014480       ?_Assign_rv_contents@?$basic_string@DU?$char_traits@D@std@@V?$allocator@D@2@@std@@QAEX$$QAV12@U?$integral_constant@_N$00@2@@Z 00425480 f i main.obj
 0002:00014500       ?_Assign_rv_contents_with_alloc_always_equal@?$basic_string@DU?$char_traits@D@std@@V?$allocator@D@2@@std@@QAEX$$QAV12@U?$integral_constant@_N$00@2@@Z 00425500 f i main.obj
 0002:000145e0       ?_Become_small@?$basic_string@DU?$char_traits@D@std@@V?$allocator@D@2@@std@@QAEXXZ 004255e0 f i main.obj
 0002:000146d0       ?_Calculate_growth@?$basic_string@DU?$char_traits@D@std@@V?$allocator@D@2@@std@@QBEII@Z 004256d0 f i main.obj
 0002:00014800       ?_Check_offset@?$_String_val@U?$_Simple_types@D@std@@@std@@QBEXI@Z 00425800 f i main.obj
 0002:00014860       ?_Clamp_suffix_size@?$_String_val@U?$_Simple_types@D@std@@@std@@QBEIII@Z 00425860 f i main.obj
 0002:000148e0       ?_Construct_lv_contents@?$basic_string@DU?$char_traits@D@std@@V?$allocator@D@2@@std@@QAEXABV12@@Z 004258e0 f i main.obj
 0002:00014ac0       ?_Copy_alloc@?$_String_alloc@U?$_String_base_types@DV?$allocator@D@std@@@std@@@std@@QAEXABV?$allocator@D@2@@Z 00425ac0 f i main.obj
 0002:00014b50       ?_Deallocate@std@@YAXPAXII@Z 00425b50 f i main.obj
 0002:00014c90       ?_Endwrite@?$basic_filebuf@DU?$char_traits@D@std@@@std@@IAE_NXZ 00425c90 f i main.obj
 0002:00015170       ?_Eos@?$basic_string@DU?$char_traits@D@std@@V?$allocator@D@2@@std@@QAEXI@Z 00426170 f i main.obj
 0002:00015200       ?_Equal@?$basic_string@DU?$char_traits@D@std@@V?$allocator@D@2@@std@@QBE_NQBD@Z 00426200 f i main.obj
 0002:000152c0       ?_Free_proxy@?$_String_alloc@U?$_String_base_types@DV?$allocator@D@std@@@std@@@std@@QAEXXZ 004262c0 f i main.obj
 0002:000153d0       ?_Get_all_bits@?$_Rng_from_urng@IVrandom_device@std@@@std@@QAEIXZ 004263d0 f i main.obj
 0002:00015480       ?_Get_bits@?$_Rng_from_urng@IVrandom_device@std@@@std@@AAEIXZ 00426480 f i main.obj
 0002:00015500       ?_Get_data@?$_String_alloc@U?$_String_base_types@DV?$allocator@D@std@@@std@@@std@@QAEAAV?$_String_val@U?$_Simple_types@D@std@@@2@XZ 00426500 f i main.obj
 0002:00015550       ?_Get_data@?$_String_alloc@U?$_String_base_types@DV?$allocator@D@std@@@std@@@std@@QBEABV?$_String_val@U?$_Simple_types@D@std@@@2@XZ 00426550 f i main.obj
 0002:000155a0       ?_Get_first@?$_Compressed_pair@V?$allocator@D@std@@V?$_String_val@U?$_Simple_types@D@std@@@2@$00@std@@QAEAAV?$allocator@D@2@XZ 004265a0 f i main.obj
 0002:000155e0       ?_Get_first@?$_Compressed_pair@V?$allocator@D@std@@V?$_String_val@U?$_Simple_types@D@std@@@2@$00@std@@QBEABV?$allocator@D@2@XZ 004265e0 f i main.obj
 0002:00015620       ?_Get_second@?$_Compressed_pair@V?$allocator@D@std@@V?$_String_val@U?$_Simple_types@D@std@@@2@$00@std@@QAEAAV?$_String_val@U?$_Simple_types@D@std@@@2@XZ 00426620 f i main.obj
 0002:00015660       ?_Get_second@?$_Compressed_pair@V?$allocator@D@std@@V?$_String_val@U?$_Simple_types@D@std@@@2@$00@std@@QBEABV?$_String_val@U?$_Simple_types@D@std@@@2@XZ 00426660 f i main.obj
 0002:000156a0       ?_Getal@?$_String_alloc@U?$_String_base_types@DV?$allocator@D@std@@@std@@@std@@QAEAAV?$allocator@D@2@XZ 004266a0 f i main.obj
 0002:000156f0       ?_Getal@?$_String_alloc@U?$_String_base_types@DV?$allocator@D@std@@@std@@@std@@QBEABV?$allocator@D@2@XZ 004266f0 f i main.obj
 0002:00015740       ?_Getcont@_Iterator_base12@std@@QBEPBU_Container_base12@2@XZ 00426740 f i main.obj
 0002:000157b0       ?_Getfacet@locale@std@@QBEPBVfacet@12@I@Z 004267b0 f i main.obj
 0002:000158b0       ?_Getstate@?$basic_stringbuf@DU?$char_traits@D@std@@V?$allocator@D@2@@std@@AAEHH@Z 004268b0 f i main.obj
 0002:00015950       ?_Init@?$basic_filebuf@DU?$char_traits@D@std@@@std@@IAEXPAU_iobuf@@W4_Initfl@12@@Z 00426950 f i main.obj
 0002:00015b30       ?_Init@?$basic_stringbuf@DU?$char_traits@D@std@@V?$allocator@D@2@@std@@IAEXPBDIH@Z 00426b30 f i main.obj
 0002:00015cf0       ?_Init@param_type@?$uniform_int@H@std@@QAEXHH@Z 00426cf0 f i main.obj
 0002:00015db0       ?_Initcvt@?$basic_filebuf@DU?$char_traits@D@std@@@std@@IAEXPBV?$codecvt@DDU_Mbstatet@@@2@@Z 00426db0 f i main.obj
 0002:00015e50       ?_Large_string_engaged@?$_String_val@U?$_Simple_types@D@std@@@std@@QBE_NXZ 00426e50 f i main.obj
 0002:00015ec0       ?_Lock@?$basic_filebuf@DU?$char_traits@D@std@@@std@@UAEXXZ 00426ec0 f i main.obj
 0002:00015f30       ?_Move_alloc@?$_String_alloc@U?$_String_base_types@DV?$allocator@D@std@@@std@@@std@@QAEXAAV?$allocator@D@2@@Z 00426f30 f i main.obj
 0002:00016010       ?_Myproxy@?$_String_alloc@U?$_String_base_types@DV?$allocator@D@std@@@std@@@std@@QAEAAPAU_Container_proxy@2@XZ 00427010 f i main.obj
 0002:00016060       ?_Myptr@?$_String_val@U?$_Simple_types@D@std@@@std@@QAEPADXZ 00427060 f i main.obj
 0002:000160e0       ?_Myptr@?$_String_val@U?$_Simple_types@D@std@@@std@@QBEPBDXZ 004270e0 f i main.obj
 0002:00016160       ?_Orphan_all@?$_String_alloc@U?$_String_base_types@DV?$allocator@D@std@@@std@@@std@@QAEXXZ 00427160 f i main.obj
 0002:000161c0       ?_Orphan_all@_Container_base12@std@@QAEXXZ 004271c0 f i main.obj
 0002:00016310       ?_Orphan_me@_Iterator_base12@std@@QAEXXZ 00427310 f i main.obj
 0002:00016440       ?_Reset_back@?$basic_filebuf@DU?$char_traits@D@std@@@std@@AAEXXZ 00427440 f i main.obj
 0002:000164e0       ?_Set_back@?$basic_filebuf@DU?$char_traits@D@std@@@std@@AAEXXZ 004274e0 f i main.obj
 0002:000165c0       ?_Swap_all@?$_String_alloc@U?$_String_base_types@DV?$allocator@D@std@@@std@@@std@@QAEXAAV12@@Z 004275c0 f i main.obj
 0002:00016630       ?_Swap_all@_Container_base12@std@@QAEXAAU12@@Z 00427630 f i main.obj
 0002:00016780       ?_Tidy@?$basic_stringbuf@DU?$char_traits@D@std@@V?$allocator@D@2@@std@@IAEXXZ 00427780 f i main.obj
 0002:000168e0       ?_Tidy_deallocate@?$basic_string@DU?$char_traits@D@std@@V?$allocator@D@2@@std@@QAEXXZ 004278e0 f i main.obj
 0002:000169f0       ?_Tidy_init@?$basic_string@DU?$char_traits@D@std@@V?$allocator@D@2@@std@@QAEXXZ 004279f0 f i main.obj
 0002:00016a90       ?_Unchecked_begin@?$basic_string@DU?$char_traits@D@std@@V?$allocator@D@2@@std@@QAEPADXZ 00427a90 f i main.obj
 0002:00016b20       ?_Unchecked_end@?$basic_string@DU?$char_traits@D@std@@V?$allocator@D@2@@std@@QAEPADXZ 00427b20 f i main.obj
 0002:00016bc0       ?_Unlock@?$basic_filebuf@DU?$char_traits@D@std@@@std@@UAEXXZ 00427bc0 f i main.obj
 0002:00016c30       ?_Xlen@?$basic_string@DU?$char_traits@D@std@@V?$allocator@D@2@@std@@SAXXZ 00427c30 f i main.obj
 0002:00016c80       ?_Xran@?$_String_val@U?$_Simple_types@D@std@@@std@@SAXXZ 00427c80 f i main.obj
 0002:00016cd0       ?__autoclassinit2@?$basic_fstream@DU?$char_traits@D@std@@@std@@QAEXI@Z 00427cd0 f i main.obj
 0002:00016d30       ?__autoclassinit2@?$basic_ifstream@DU?$char_traits@D@std@@@std@@QAEXI@Z 00427d30 f i main.obj
 0002:00016d90       ?__autoclassinit2@?$basic_ofstream@DU?$char_traits@D@std@@@std@@QAEXI@Z 00427d90 f i main.obj
 0002:00016df0       ?__autoclassinit2@?$basic_stringstream@DU?$char_traits@D@std@@V?$allocator@D@2@@std@@QAEXI@Z 00427df0 f i main.obj
 0002:00016e50       ?__empty_global_delete@@YAXPAX@Z 00427e50 f i main.obj
 0002:00016e80       ?__global_delete@@YAXPAXI@Z 00427e80 f i main.obj
 0002:00016e80       ?__empty_global_delete@@YAXPAXI@Z 00427e80 f i main.obj
 0002:00016eb0       ?allocate@?$allocator@D@std@@QAEPADI@Z 00427eb0 f i main.obj
 0002:00016f10       ?allocate@?$allocator@U_Container_proxy@std@@@std@@QAEPAU_Container_proxy@2@I@Z 00427f10 f i main.obj
 0002:00016f70       ?append@?$basic_string@DU?$char_traits@D@std@@V?$allocator@D@2@@std@@QAEAAV12@ABV12@@Z 00427f70 f i main.obj
 0002:00016ff0       ?append@?$basic_string@DU?$char_traits@D@std@@V?$allocator@D@2@@std@@QAEAAV12@ID@Z 00427ff0 f i main.obj
 0002:00017100       ?append@?$basic_string@DU?$char_traits@D@std@@V?$allocator@D@2@@std@@QAEAAV12@QBD@Z 00428100 f i main.obj
 0002:00017180       ?append@?$basic_string@DU?$char_traits@D@std@@V?$allocator@D@2@@std@@QAEAAV12@QBDI@Z 00428180 f i main.obj
 0002:00017290       ?assign@?$basic_string@DU?$char_traits@D@std@@V?$allocator@D@2@@std@@QAEAAV12@ID@Z 00428290 f i main.obj
 0002:00017380       ?assign@?$basic_string@DU?$char_traits@D@std@@V?$allocator@D@2@@std@@QAEAAV12@QBD@Z 00428380 f i main.obj
 0002:00017400       ?assign@?$basic_string@DU?$char_traits@D@std@@V?$allocator@D@2@@std@@QAEAAV12@QBDI@Z 00428400 f i main.obj
 0002:000174f0       ?assign@?$char_traits@D@std@@SAPADQADID@Z 004284f0 f i main.obj
 0002:00017550       ?assign@?$char_traits@D@std@@SAXAADABD@Z 00428550 f i main.obj
 0002:00017590       ?begin@?$basic_string@DU?$char_traits@D@std@@V?$allocator@D@2@@std@@QAE?AV?$_String_iterator@V?$_String_val@U?$_Simple_types@D@std@@@std@@@2@XZ 00428590 f i main.obj
 0002:00017650       ?c_str@?$basic_string@DU?$char_traits@D@std@@V?$allocator@D@2@@std@@QBEPBDXZ 00428650 f i main.obj
 0002:000176e0       ?capacity@?$basic_string@DU?$char_traits@D@std@@V?$allocator@D@2@@std@@QBEIXZ 004286e0 f i main.obj
 0002:00017740       ?close@?$basic_filebuf@DU?$char_traits@D@std@@@std@@QAEPAV12@XZ 00428740 f i main.obj
 0002:00017800       ?close@?$basic_fstream@DU?$char_traits@D@std@@@std@@QAEXXZ 00428800 f i main.obj
 0002:00017880       ?compare@?$char_traits@D@std@@SAHQBD0I@Z 00428880 f i main.obj
 0002:000178e0       ?copy@?$char_traits@D@std@@SAPADQADQBDI@Z 004288e0 f i main.obj
 0002:00017940       ?data@?$basic_string@DU?$char_traits@D@std@@V?$allocator@D@2@@std@@QBEPBDXZ 00428940 f i main.obj
 0002:000179d0       ?deallocate@?$_Default_allocator_traits@V?$allocator@U_Container_proxy@std@@@std@@@std@@SAXAAV?$allocator@U_Container_proxy@std@@@2@QAU_Container_proxy@2@I@Z 004289d0 f i main.obj
 0002:00017a30       ?deallocate@?$allocator@D@std@@QAEXQADI@Z 00428a30 f i main.obj
 0002:00017a90       ?entropy@random_device@std@@QAENXZ 00428a90 f i main.obj
 0002:00017ad0       ?eof@?$char_traits@D@std@@SAHXZ 00428ad0 f i main.obj
 0002:00017b10       ?eq@?$char_traits@D@std@@SA_NABD0@Z 00428b10 f i main.obj
 0002:00017b80       ?eq_int_type@?$char_traits@D@std@@SA_NABH0@Z 00428b80 f i main.obj
 0002:00017be0       ?erase@?$basic_string@DU?$char_traits@D@std@@V?$allocator@D@2@@std@@QAEAAV12@I@Z 00428be0 f i main.obj
 0002:00017c60       ?erase@?$basic_string@DU?$char_traits@D@std@@V?$allocator@D@2@@std@@QAEAAV12@II@Z 00428c60 f i main.obj
 0002:00017d40       ?find@?$basic_string@DU?$char_traits@D@std@@V?$allocator@D@2@@std@@QBEIQBDI@Z 00428d40 f i main.obj
 0002:00017e10       ?find@?$char_traits@D@std@@SAPBDQBDIABD@Z 00428e10 f i main.obj
 0002:00017e70       ?imbue@?$basic_filebuf@DU?$char_traits@D@std@@@std@@MAEXABVlocale@2@@Z 00428e70 f i main.obj
 0002:00017ee0       ?insert@?$basic_string@DU?$char_traits@D@std@@V?$allocator@D@2@@std@@QAEAAV12@IABV12@@Z 00428ee0 f i main.obj
 0002:00017f60       ?insert@?$basic_string@DU?$char_traits@D@std@@V?$allocator@D@2@@std@@QAEAAV12@IQBDI@Z 00428f60 f i main.obj
 0002:00018100       ?length@?$char_traits@D@std@@SAIQBD@Z 00429100 f i main.obj
 0002:00018150       ?max@?$numeric_limits@H@std@@SAHXZ 00429150 f i main.obj
 0002:00018190       ?max@random_device@std@@SAIXZ 00429190 f i main.obj
 0002:000181d0       ?max_size@?$_Default_allocator_traits@V?$allocator@D@std@@@std@@SAIABV?$allocator@D@2@@Z 004291d0 f i main.obj
 0002:00018210       ?max_size@?$basic_string@DU?$char_traits@D@std@@V?$allocator@D@2@@std@@QBEIXZ 00429210 f i main.obj
 0002:00018330       ?min@random_device@std@@SAIXZ 00429330 f i main.obj
 0002:00018360       ?move@?$char_traits@D@std@@SAPADQADQBDI@Z 00429360 f i main.obj
 0002:000183c0       ?not_eof@?$char_traits@D@std@@SAHABH@Z 004293c0 f i main.obj
 0002:00018460       ?open@?$basic_filebuf@DU?$char_traits@D@std@@@std@@QAEPAV12@PBDHH@Z 00429460 f i main.obj
 0002:000185a0       ?open@?$basic_fstream@DU?$char_traits@D@std@@@std@@QAEXPBDHH@Z 004295a0 f i main.obj
 0002:00018660       ?open@?$basic_ifstream@DU?$char_traits@D@std@@@std@@QAEXPBDHH@Z 00429660 f i main.obj
 0002:00018720       ?open@?$basic_ofstream@DU?$char_traits@D@std@@@std@@QAEXPBDHH@Z 00429720 f i main.obj
 0002:000187e0       ?overflow@?$basic_filebuf@DU?$char_traits@D@std@@@std@@MAEHH@Z 004297e0 f i main.obj
 0002:00018e70       ?overflow@?$basic_stringbuf@DU?$char_traits@D@std@@V?$allocator@D@2@@std@@MAEHH@Z 00429e70 f i main.obj
 0002:00019390       ?pbackfail@?$basic_filebuf@DU?$char_traits@D@std@@@std@@MAEHH@Z 0042a390 f i main.obj
 0002:000195e0       ?pbackfail@?$basic_stringbuf@DU?$char_traits@D@std@@V?$allocator@D@2@@std@@MAEHH@Z 0042a5e0 f i main.obj
 0002:000197a0       ?pointer_to@?$pointer_traits@PAD@std@@SAPADAAD@Z 0042a7a0 f i main.obj
 0002:000197f0       ?push_back@?$basic_string@DU?$char_traits@D@std@@V?$allocator@D@2@@std@@QAEXD@Z 0042a7f0 f i main.obj
 0002:000198f0       ?reserve@?$basic_string@DU?$char_traits@D@std@@V?$allocator@D@2@@std@@QAEXI@Z 0042a8f0 f i main.obj
 0002:000199e0       ?seed@?$mersenne_twister@I$0CA@$0CHA@$0BIN@$0BP@$0JJAILANP@$0L@$06$0JNCMFGIA@$0P@$0OPMGAAAA@$0BC@@std@@QAEXII@Z 0042a9e0 f i main.obj
 0002:00019ab0       ?seekoff@?$basic_filebuf@DU?$char_traits@D@std@@@std@@MAE?AV?$fpos@U_Mbstatet@@@2@_JHH@Z 0042aab0 f i main.obj
 0002:00019c80       ?seekoff@?$basic_stringbuf@DU?$char_traits@D@std@@V?$allocator@D@2@@std@@MAE?AV?$fpos@U_Mbstatet@@@2@_JHH@Z 0042ac80 f i main.obj
 0002:0001a160       ?seekpos@?$basic_filebuf@DU?$char_traits@D@std@@@std@@MAE?AV?$fpos@U_Mbstatet@@@2@V32@H@Z 0042b160 f i main.obj
 0002:0001a360       ?seekpos@?$basic_stringbuf@DU?$char_traits@D@std@@V?$allocator@D@2@@std@@MAE?AV?$fpos@U_Mbstatet@@@2@V32@H@Z 0042b360 f i main.obj
 0002:0001a720       ?seekpos@?$fpos@U_Mbstatet@@@std@@QBE_JXZ 0042b720 f i main.obj
 0002:0001a760       ?select_on_container_copy_construction@?$_Default_allocator_traits@V?$allocator@D@std@@@std@@SA?AV?$allocator@D@2@ABV32@@Z 0042b760 f i main.obj
 0002:0001a7a0       ?setbuf@?$basic_filebuf@DU?$char_traits@D@std@@@std@@MAEPAV?$basic_streambuf@DU?$char_traits@D@std@@@2@PAD_J@Z 0042b7a0 f i main.obj
 0002:0001a880       ?size@?$basic_string@DU?$char_traits@D@std@@V?$allocator@D@2@@std@@QBEIXZ 0042b880 f i main.obj
 0002:0001a8e0       ?state@?$fpos@U_Mbstatet@@@std@@QBE?AU_Mbstatet@@XZ 0042b8e0 f i main.obj
 0002:0001a930       ?str@?$basic_stringbuf@DU?$char_traits@D@std@@V?$allocator@D@2@@std@@QBE?AV?$basic_string@DU?$char_traits@D@std@@V?$allocator@D@2@@2@XZ 0042b930 f i main.obj
 0002:0001abf0       ?str@?$basic_stringstream@DU?$char_traits@D@std@@V?$allocator@D@2@@std@@QBE?AV?$basic_string@DU?$char_traits@D@std@@V?$allocator@D@2@@2@XZ 0042bbf0 f i main.obj
 0002:0001ac70       ?sync@?$basic_filebuf@DU?$char_traits@D@std@@@std@@MAEHXZ 0042bc70 f i main.obj
 0002:0001ad70       ?to_char_type@?$char_traits@D@std@@SADABH@Z 0042bd70 f i main.obj
 0002:0001adb0       ?to_int_type@?$char_traits@D@std@@SAHABD@Z 0042bdb0 f i main.obj
 0002:0001adf0       ?uflow@?$basic_filebuf@DU?$char_traits@D@std@@@std@@MAEHXZ 0042bdf0 f i main.obj
 0002:0001b410       ?underflow@?$basic_filebuf@DU?$char_traits@D@std@@@std@@MAEHXZ 0042c410 f i main.obj
 0002:0001b5a0       ?underflow@?$basic_stringbuf@DU?$char_traits@D@std@@V?$allocator@D@2@@std@@MAEHXZ 0042c5a0 f i main.obj
 0002:0001b7c0       ?what@exception@std@@UBEPBDXZ 0042c7c0 f i main.obj
 0002:0001b830       _main                      0042c830 f   main.obj
 0002:0001be4a       _PlaySoundA@12             0042ce4a f   winmm:WINMM.dll
 0002:0001be50       _GetStdHandle@4            0042ce50 f   kernel32:KERNEL32.dll
 0002:0001be56       _CreateDirectoryA@8        0042ce56 f   kernel32:KERNEL32.dll
 0002:0001be5c       _Sleep@4                   0042ce5c f   kernel32:KERNEL32.dll
 0002:0001be62       _GetSystemTime@4           0042ce62 f   kernel32:KERNEL32.dll
 0002:0001be68       _GetConsoleCursorInfo@8    0042ce68 f   kernel32:KERNEL32.dll
 0002:0001be6e       _SetConsoleCursorInfo@8    0042ce6e f   kernel32:KERNEL32.dll
 0002:0001be74       _SetConsoleTextAttribute@8 0042ce74 f   kernel32:KERNEL32.dll
 0002:0001be7a       ??0_Lockit@std@@QAE@H@Z    0042ce7a f   msvcprtd:MSVCP140D.dll
 0002:0001be80       ??1_Lockit@std@@QAE@XZ     0042ce80 f   msvcprtd:MSVCP140D.dll
 0002:0001be86       ?uncaught_exception@std@@YA_NXZ 0042ce86 f   msvcprtd:MSVCP140D.dll
 0002:0001be8c       ?_Debug_message@std@@YAXPB_W0I@Z 0042ce8c f   msvcprtd:MSVCP140D.dll
 0002:0001be92       ?_Xbad_alloc@std@@YAXXZ    0042ce92 f   msvcprtd:MSVCP140D.dll
 0002:0001be98       ?_Xlength_error@std@@YAXPBD@Z 0042ce98 f   msvcprtd:MSVCP140D.dll
 0002:0001be9e       ?_Xout_of_range@std@@YAXPBD@Z 0042ce9e f   msvcprtd:MSVCP140D.dll
 0002:0001beb0       ??0_Fac_node@std@@QAE@PAU01@PAV_Facet_base@1@@Z 0042ceb0 f i msvcprtd:locale0_implib.obj
 0002:0001bee0       ??1_Fac_node@std@@QAE@XZ   0042cee0 f i msvcprtd:locale0_implib.obj
 0002:0001bfa0       ??1_Fac_tidy_reg_t@std@@QAE@XZ 0042cfa0 f i msvcprtd:locale0_implib.obj
 0002:0001c010       ??2_Fac_node@std@@SAPAXI@Z 0042d010 f i msvcprtd:locale0_implib.obj
 0002:0001c070       ??3_Fac_node@std@@SAXPAX@Z 0042d070 f i msvcprtd:locale0_implib.obj
 0002:0001c090       ??_G_Fac_node@std@@QAEPAXI@Z 0042d090 f i msvcprtd:locale0_implib.obj
 0002:0001c0f0       ?_Facet_Register@std@@YAXPAV_Facet_base@1@@Z 0042d0f0 f   msvcprtd:locale0_implib.obj
 0002:0001c192       ??Bid@locale@std@@QAEIXZ   0042d192 f   msvcprtd:MSVCP140D.dll
 0002:0001c198       ?_Getgloballocale@locale@std@@CAPAV_Locimp@12@XZ 0042d198 f   msvcprtd:MSVCP140D.dll
 0002:0001c19e       ?always_noconv@codecvt_base@std@@QBE_NXZ 0042d19e f   msvcprtd:MSVCP140D.dll
 0002:0001c1a4       ?is@?$ctype@D@std@@QBE_NFD@Z 0042d1a4 f   msvcprtd:MSVCP140D.dll
 0002:0001c1aa       ?_Getcat@?$ctype@D@std@@SAIPAPBVfacet@locale@2@PBV42@@Z 0042d1aa f   msvcprtd:MSVCP140D.dll
 0002:0001c1b0       ?in@?$codecvt@DDU_Mbstatet@@@std@@QBEHAAU_Mbstatet@@PBD1AAPBDPAD3AAPAD@Z 0042d1b0 f   msvcprtd:MSVCP140D.dll
 0002:0001c1b6       ?out@?$codecvt@DDU_Mbstatet@@@std@@QBEHAAU_Mbstatet@@PBD1AAPBDPAD3AAPAD@Z 0042d1b6 f   msvcprtd:MSVCP140D.dll
 0002:0001c1bc       ?unshift@?$codecvt@DDU_Mbstatet@@@std@@QBEHAAU_Mbstatet@@PAD1AAPAD@Z 0042d1bc f   msvcprtd:MSVCP140D.dll
 0002:0001c1c2       ?_Getcat@?$codecvt@DDU_Mbstatet@@@std@@SAIPAPBVfacet@locale@2@PBV42@@Z 0042d1c2 f   msvcprtd:MSVCP140D.dll
 0002:0001c1c8       ?good@ios_base@std@@QBE_NXZ 0042d1c8 f   msvcprtd:MSVCP140D.dll
 0002:0001c1ce       ?eof@ios_base@std@@QBE_NXZ 0042d1ce f   msvcprtd:MSVCP140D.dll
 0002:0001c1d4       ?flags@ios_base@std@@QBEHXZ 0042d1d4 f   msvcprtd:MSVCP140D.dll
 0002:0001c1da       ?width@ios_base@std@@QBE_JXZ 0042d1da f   msvcprtd:MSVCP140D.dll
 0002:0001c1e0       ?width@ios_base@std@@QAE_J_J@Z 0042d1e0 f   msvcprtd:MSVCP140D.dll
 0002:0001c1e6       ?getloc@ios_base@std@@QBE?AVlocale@2@XZ 0042d1e6 f   msvcprtd:MSVCP140D.dll
 0002:0001c1ec       ??0?$basic_streambuf@DU?$char_traits@D@std@@@std@@IAE@XZ 0042d1ec f   msvcprtd:MSVCP140D.dll
 0002:0001c1f2       ??1?$basic_streambuf@DU?$char_traits@D@std@@@std@@UAE@XZ 0042d1f2 f   msvcprtd:MSVCP140D.dll
 0002:0001c1f8       ?getloc@?$basic_streambuf@DU?$char_traits@D@std@@@std@@QBE?AVlocale@2@XZ 0042d1f8 f   msvcprtd:MSVCP140D.dll
 0002:0001c1fe       ?sbumpc@?$basic_streambuf@DU?$char_traits@D@std@@@std@@QAEHXZ 0042d1fe f   msvcprtd:MSVCP140D.dll
 0002:0001c204       ?sgetc@?$basic_streambuf@DU?$char_traits@D@std@@@std@@QAEHXZ 0042d204 f   msvcprtd:MSVCP140D.dll
 0002:0001c20a       ?snextc@?$basic_streambuf@DU?$char_traits@D@std@@@std@@QAEHXZ 0042d20a f   msvcprtd:MSVCP140D.dll
 0002:0001c210       ?sputc@?$basic_streambuf@DU?$char_traits@D@std@@@std@@QAEHD@Z 0042d210 f   msvcprtd:MSVCP140D.dll
 0002:0001c216       ?sputn@?$basic_streambuf@DU?$char_traits@D@std@@@std@@QAE_JPBD_J@Z 0042d216 f   msvcprtd:MSVCP140D.dll
 0002:0001c21c       ?eback@?$basic_streambuf@DU?$char_traits@D@std@@@std@@IBEPADXZ 0042d21c f   msvcprtd:MSVCP140D.dll
 0002:0001c222       ?gptr@?$basic_streambuf@DU?$char_traits@D@std@@@std@@IBEPADXZ 0042d222 f   msvcprtd:MSVCP140D.dll
 0002:0001c228       ?pbase@?$basic_streambuf@DU?$char_traits@D@std@@@std@@IBEPADXZ 0042d228 f   msvcprtd:MSVCP140D.dll
 0002:0001c22e       ?pptr@?$basic_streambuf@DU?$char_traits@D@std@@@std@@IBEPADXZ 0042d22e f   msvcprtd:MSVCP140D.dll
 0002:0001c234       ?egptr@?$basic_streambuf@DU?$char_traits@D@std@@@std@@IBEPADXZ 0042d234 f   msvcprtd:MSVCP140D.dll
 0002:0001c23a       ?gbump@?$basic_streambuf@DU?$char_traits@D@std@@@std@@IAEXH@Z 0042d23a f   msvcprtd:MSVCP140D.dll
 0002:0001c240       ?setg@?$basic_streambuf@DU?$char_traits@D@std@@@std@@IAEXPAD00@Z 0042d240 f   msvcprtd:MSVCP140D.dll
 0002:0001c246       ?epptr@?$basic_streambuf@DU?$char_traits@D@std@@@std@@IBEPADXZ 0042d246 f   msvcprtd:MSVCP140D.dll
 0002:0001c24c       ?_Gndec@?$basic_streambuf@DU?$char_traits@D@std@@@std@@IAEPADXZ 0042d24c f   msvcprtd:MSVCP140D.dll
 0002:0001c252       ?_Gninc@?$basic_streambuf@DU?$char_traits@D@std@@@std@@IAEPADXZ 0042d252 f   msvcprtd:MSVCP140D.dll
 0002:0001c258       ?pbump@?$basic_streambuf@DU?$char_traits@D@std@@@std@@IAEXH@Z 0042d258 f   msvcprtd:MSVCP140D.dll
 0002:0001c25e       ?setp@?$basic_streambuf@DU?$char_traits@D@std@@@std@@IAEXPAD0@Z 0042d25e f   msvcprtd:MSVCP140D.dll
 0002:0001c264       ?setp@?$basic_streambuf@DU?$char_traits@D@std@@@std@@IAEXPAD00@Z 0042d264 f   msvcprtd:MSVCP140D.dll
 0002:0001c26a       ?_Pninc@?$basic_streambuf@DU?$char_traits@D@std@@@std@@IAEPADXZ 0042d26a f   msvcprtd:MSVCP140D.dll
 0002:0001c270       ?_Init@?$basic_streambuf@DU?$char_traits@D@std@@@std@@IAEXXZ 0042d270 f   msvcprtd:MSVCP140D.dll
 0002:0001c276       ?_Init@?$basic_streambuf@DU?$char_traits@D@std@@@std@@IAEXPAPAD0PAH001@Z 0042d276 f   msvcprtd:MSVCP140D.dll
 0002:0001c27c       ??1?$basic_ios@DU?$char_traits@D@std@@@std@@UAE@XZ 0042d27c f   msvcprtd:MSVCP140D.dll
 0002:0001c282       ?clear@?$basic_ios@DU?$char_traits@D@std@@@std@@QAEXH_N@Z 0042d282 f   msvcprtd:MSVCP140D.dll
 0002:0001c288       ?setstate@?$basic_ios@DU?$char_traits@D@std@@@std@@QAEXH_N@Z 0042d288 f   msvcprtd:MSVCP140D.dll
 0002:0001c28e       ?tie@?$basic_ios@DU?$char_traits@D@std@@@std@@QBEPAV?$basic_ostream@DU?$char_traits@D@std@@@2@XZ 0042d28e f   msvcprtd:MSVCP140D.dll
 0002:0001c294       ?rdbuf@?$basic_ios@DU?$char_traits@D@std@@@std@@QBEPAV?$basic_streambuf@DU?$char_traits@D@std@@@2@XZ 0042d294 f   msvcprtd:MSVCP140D.dll
 0002:0001c29a       ?fill@?$basic_ios@DU?$char_traits@D@std@@@std@@QBEDXZ 0042d29a f   msvcprtd:MSVCP140D.dll
 0002:0001c2a0       ?widen@?$basic_ios@DU?$char_traits@D@std@@@std@@QBEDD@Z 0042d2a0 f   msvcprtd:MSVCP140D.dll
 0002:0001c2a6       ??0?$basic_ios@DU?$char_traits@D@std@@@std@@IAE@XZ 0042d2a6 f   msvcprtd:MSVCP140D.dll
 0002:0001c2ac       ??0?$basic_ostream@DU?$char_traits@D@std@@@std@@QAE@PAV?$basic_streambuf@DU?$char_traits@D@std@@@1@_N@Z 0042d2ac f   msvcprtd:MSVCP140D.dll
 0002:0001c2b2       ??1?$basic_ostream@DU?$char_traits@D@std@@@std@@UAE@XZ 0042d2b2 f   msvcprtd:MSVCP140D.dll
 0002:0001c2b8       ?_Osfx@?$basic_ostream@DU?$char_traits@D@std@@@std@@QAEXXZ 0042d2b8 f   msvcprtd:MSVCP140D.dll
 0002:0001c2be       ??6?$basic_ostream@DU?$char_traits@D@std@@@std@@QAEAAV01@P6AAAV01@AAV01@@Z@Z 0042d2be f   msvcprtd:MSVCP140D.dll
 0002:0001c2c4       ??6?$basic_ostream@DU?$char_traits@D@std@@@std@@QAEAAV01@G@Z 0042d2c4 f   msvcprtd:MSVCP140D.dll
 0002:0001c2ca       ??6?$basic_ostream@DU?$char_traits@D@std@@@std@@QAEAAV01@H@Z 0042d2ca f   msvcprtd:MSVCP140D.dll
 0002:0001c2d0       ?put@?$basic_ostream@DU?$char_traits@D@std@@@std@@QAEAAV12@D@Z 0042d2d0 f   msvcprtd:MSVCP140D.dll
 0002:0001c2d6       ?flush@?$basic_ostream@DU?$char_traits@D@std@@@std@@QAEAAV12@XZ 0042d2d6 f   msvcprtd:MSVCP140D.dll
 0002:0001c2dc       ??0?$basic_istream@DU?$char_traits@D@std@@@std@@QAE@PAV?$basic_streambuf@DU?$char_traits@D@std@@@1@_N@Z 0042d2dc f   msvcprtd:MSVCP140D.dll
 0002:0001c2e2       ??1?$basic_istream@DU?$char_traits@D@std@@@std@@UAE@XZ 0042d2e2 f   msvcprtd:MSVCP140D.dll
 0002:0001c2e8       ?_Ipfx@?$basic_istream@DU?$char_traits@D@std@@@std@@QAE_N_N@Z 0042d2e8 f   msvcprtd:MSVCP140D.dll
 0002:0001c2ee       ??0?$basic_iostream@DU?$char_traits@D@std@@@std@@QAE@PAV?$basic_streambuf@DU?$char_traits@D@std@@@1@@Z 0042d2ee f   msvcprtd:MSVCP140D.dll
 0002:0001c2f4       ??1?$basic_iostream@DU?$char_traits@D@std@@@std@@UAE@XZ 0042d2f4 f   msvcprtd:MSVCP140D.dll
 0002:0001c2fa       ?_Fiopen@std@@YAPAU_iobuf@@PBDHH@Z 0042d2fa f   msvcprtd:MSVCP140D.dll
 0002:0001c300       ?_Random_device@std@@YAIXZ 0042d300 f   msvcprtd:MSVCP140D.dll
 0002:0001c306       ?_Lock@?$basic_streambuf@DU?$char_traits@D@std@@@std@@UAEXXZ 0042d306 f   msvcprtd:MSVCP140D.dll
 0002:0001c30c       ?_Unlock@?$basic_streambuf@DU?$char_traits@D@std@@@std@@UAEXXZ 0042d30c f   msvcprtd:MSVCP140D.dll
 0002:0001c312       ?imbue@?$basic_streambuf@DU?$char_traits@D@std@@@std@@MAEXABVlocale@2@@Z 0042d312 f   msvcprtd:MSVCP140D.dll
 0002:0001c318       ?setbuf@?$basic_streambuf@DU?$char_traits@D@std@@@std@@MAEPAV12@PAD_J@Z 0042d318 f   msvcprtd:MSVCP140D.dll
 0002:0001c31e       ?showmanyc@?$basic_streambuf@DU?$char_traits@D@std@@@std@@MAE_JXZ 0042d31e f   msvcprtd:MSVCP140D.dll
 0002:0001c324       ?sync@?$basic_streambuf@DU?$char_traits@D@std@@@std@@MAEHXZ 0042d324 f   msvcprtd:MSVCP140D.dll
 0002:0001c32a       ?uflow@?$basic_streambuf@DU?$char_traits@D@std@@@std@@MAEHXZ 0042d32a f   msvcprtd:MSVCP140D.dll
 0002:0001c330       ?xsgetn@?$basic_streambuf@DU?$char_traits@D@std@@@std@@MAE_JPAD_J@Z 0042d330 f   msvcprtd:MSVCP140D.dll
 0002:0001c336       ?xsputn@?$basic_streambuf@DU?$char_traits@D@std@@@std@@MAE_JPBD_J@Z 0042d336 f   msvcprtd:MSVCP140D.dll
 0002:0001c33c       _URLDownloadToFileA@20     0042d33c f   urlmon:urlmon.dll
 0002:0001c350       ??2@YAPAXI@Z               0042d350 f   MSVCRTD:new_scalar.obj
 0002:0001c3b0       ??3@YAXPAX@Z               0042d3b0 f   MSVCRTD:delete_scalar.obj
 0002:0001c3d0       ??3@YAXPAXI@Z              0042d3d0 f   MSVCRTD:delete_scalar_size.obj
 0002:0001c3f0       ??$__crt_fast_decode_pointer@PAP6AXXZ@@YAPAP6AXXZQAP6AXXZ@Z 0042d3f0 f i MSVCRTD:utility.obj
 0002:0001c420       ??$__crt_fast_encode_pointer@PAP6AXXZ@@YAPAP6AXXZQAP6AXXZ@Z 0042d420 f i MSVCRTD:utility.obj
 0002:0001c460       ?__crt_rotate_pointer_value@@YAIIH@Z 0042d460 f i MSVCRTD:utility.obj
 0002:0001c470       ?configure_argv@__scrt_narrow_argv_policy@@SAHXZ 0042d470 f i MSVCRTD:utility.obj
 0002:0001c540       ?initialize_environment@__scrt_narrow_environment_policy@@SAHXZ 0042d540 f i MSVCRTD:utility.obj
 0002:0001c5e0       _NtCurrentTeb              0042d5e0 f i MSVCRTD:utility.obj
 0002:0001c5f0       ___scrt_acquire_startup_lock 0042d5f0 f   MSVCRTD:utility.obj
 0002:0001c650       ___scrt_dllmain_after_initialize_c 0042d650 f   MSVCRTD:utility.obj
 0002:0001c690       ___scrt_dllmain_before_initialize_c 0042d690 f   MSVCRTD:utility.obj
 0002:0001c6c0       ___scrt_dllmain_crt_thread_attach 0042d6c0 f   MSVCRTD:utility.obj
 0002:0001c700       ___scrt_dllmain_crt_thread_detach 0042d700 f   MSVCRTD:utility.obj
 0002:0001c720       ___scrt_dllmain_exception_filter 0042d720 f   MSVCRTD:utility.obj
 0002:0001c780       ___scrt_dllmain_uninitialize_c 0042d780 f   MSVCRTD:utility.obj
 0002:0001c7c0       ___scrt_dllmain_uninitialize_critical 0042d7c0 f   MSVCRTD:utility.obj
 0002:0001c7e0       ___scrt_initialize_crt     0042d7e0 f   MSVCRTD:utility.obj
 0002:0001c840       ___scrt_initialize_onexit_tables 0042d840 f   MSVCRTD:utility.obj
 0002:0001c960       ___scrt_is_nonwritable_in_current_image 0042d960 f   MSVCRTD:utility.obj
 0002:0001cae0       ___scrt_release_startup_lock 0042dae0 f   MSVCRTD:utility.obj
 0002:0001cb10       ___scrt_uninitialize_crt   0042db10 f   MSVCRTD:utility.obj
 0002:0001cb60       __onexit                   0042db60 f   MSVCRTD:utility.obj
 0002:0001cbf0       _at_quick_exit             0042dbf0 f   MSVCRTD:utility.obj
 0002:0001cc50       _atexit                    0042dc50 f   MSVCRTD:utility.obj
 0002:0001cc90       @_RTC_AllocaHelper@12      0042dc90 f   MSVCRTD:_stack_.obj
 0002:0001ccd0       @_RTC_CheckStackVars2@12   0042dcd0 f   MSVCRTD:_stack_.obj
 0002:0001cde0       @_RTC_CheckStackVars@8     0042dde0 f   MSVCRTD:_stack_.obj
 0002:0001ce50       __RTC_CheckEsp             0042de50 f   MSVCRTD:_stack_.obj
 0002:0001ce90       @__security_check_cookie@4 0042de90 f   MSVCRTD:_secchk_.obj
 0002:0001ceb0       __CRT_RTC_INIT             0042deb0 f   MSVCRTD:_init_.obj
 0002:0001cec0       __CRT_RTC_INITW            0042dec0 f   MSVCRTD:_init_.obj
 0002:0001ced0       __RTC_InitBase             0042ded0 f   MSVCRTD:_init_.obj
 0002:0001cf10       __RTC_Shutdown             0042df10 f   MSVCRTD:_init_.obj
 0002:0001cf30       __alloca_probe             0042df30 f   MSVCRTD:chkstk.obj
 0002:0001cf30       __chkstk                   0042df30 f   MSVCRTD:chkstk.obj
 0002:0001cf70       __ftoui3                   0042df70 f   MSVCRTD:_ftol3_.obj
 0002:0001cf7f       __ftoul3                   0042df7f f   MSVCRTD:_ftol3_.obj
 0002:0001cf8e       __ftol3                    0042df8e f   MSVCRTD:_ftol3_.obj
 0002:0001cf9b       __ftol3_NaN                0042df9b f   MSVCRTD:_ftol3_.obj
 0002:0001cfb3       __ftol3_work               0042dfb3 f   MSVCRTD:_ftol3_.obj
 0002:0001d039       __ftol3_common             0042e039 f   MSVCRTD:_ftol3_.obj
 0002:0001d0fb       __ftol3_arg_error          0042e0fb f   MSVCRTD:_ftol3_.obj
 0002:0001d10d       __ftol3_except             0042e10d f   MSVCRTD:_ftol3_.obj
 0002:0001d151       __dtoui3                   0042e151 f   MSVCRTD:_ftol3_.obj
 0002:0001d160       __dtoul3                   0042e160 f   MSVCRTD:_ftol3_.obj
 0002:0001d16f       __dtol3                    0042e16f f   MSVCRTD:_ftol3_.obj
 0002:0001d17c       __dtol3_NaN                0042e17c f   MSVCRTD:_ftol3_.obj
 0002:0001d199       __dtol3_work               0042e199 f   MSVCRTD:_ftol3_.obj
 0002:0001d280       __ultod3                   0042e280 f   MSVCRTD:_ftol3_.obj
 0002:0001d2c0       __ltod3                    0042e2c0 f   MSVCRTD:_ftol3_.obj
 0002:0001d3d0       ??1type_info@@UAE@XZ       0042e3d0 f   MSVCRTD:std_type_info_static.obj
 0002:0001d3f0       ??_Etype_info@@UAEPAXI@Z   0042e3f0 f i MSVCRTD:std_type_info_static.obj
 0002:0001d3f0       ??_Gtype_info@@UAEPAXI@Z   0042e3f0 f i MSVCRTD:std_type_info_static.obj
 0002:0001d810       ?set_app_type@__scrt_main_policy@@SAXXZ 0042e810 f i MSVCRTD:exe_main.obj
 0002:0001d830       ?set_commode@__scrt_file_policy@@SAXXZ 0042e830 f i MSVCRTD:exe_main.obj
 0002:0001d850       ?set_fmode@__scrt_file_policy@@SAXXZ 0042e850 f i MSVCRTD:exe_main.obj
 0002:0001d870       _mainCRTStartup            0042e870 f   MSVCRTD:exe_main.obj
 0002:0001d880       @_guard_check_icall@4      0042e880 f i MSVCRTD:checkcfg.obj
 0002:0001d8a0       ??0bad_alloc@std@@AAE@QBD@Z 0042e8a0 f i MSVCRTD:throw_bad_alloc.obj
 0002:0001d8d0       ??0bad_alloc@std@@QAE@ABV01@@Z 0042e8d0 f i MSVCRTD:throw_bad_alloc.obj
 0002:0001d900       ??0bad_alloc@std@@QAE@XZ   0042e900 f i MSVCRTD:throw_bad_alloc.obj
 0002:0001d930       ??0bad_array_new_length@std@@QAE@ABV01@@Z 0042e930 f i MSVCRTD:throw_bad_alloc.obj
 0002:0001d960       ??0bad_array_new_length@std@@QAE@XZ 0042e960 f i MSVCRTD:throw_bad_alloc.obj
 0002:0001d990       ??1bad_alloc@std@@UAE@XZ   0042e990 f i MSVCRTD:throw_bad_alloc.obj
 0002:0001d9b0       ??1bad_array_new_length@std@@UAE@XZ 0042e9b0 f i MSVCRTD:throw_bad_alloc.obj
 0002:0001d9d0       ??_Ebad_alloc@std@@UAEPAXI@Z 0042e9d0 f i MSVCRTD:throw_bad_alloc.obj
 0002:0001d9d0       ??_Gbad_alloc@std@@UAEPAXI@Z 0042e9d0 f i MSVCRTD:throw_bad_alloc.obj
 0002:0001da10       ??_Ebad_array_new_length@std@@UAEPAXI@Z 0042ea10 f i MSVCRTD:throw_bad_alloc.obj
 0002:0001da10       ??_Gbad_array_new_length@std@@UAEPAXI@Z 0042ea10 f i MSVCRTD:throw_bad_alloc.obj
 0002:0001da50       ?__scrt_throw_std_bad_alloc@@YAXXZ 0042ea50 f   MSVCRTD:throw_bad_alloc.obj
 0002:0001da80       ?__scrt_throw_std_bad_array_new_length@@YAXXZ 0042ea80 f   MSVCRTD:throw_bad_alloc.obj
 0002:0001dab0       ___isa_available_init      0042eab0 f   MSVCRTD:_cpu_disp_.obj
 0002:0001de40       __get_startup_argv_mode    0042ee40 f   MSVCRTD:argv_mode.obj
 0002:0001de50       ___scrt_is_ucrt_dll_in_use 0042ee50 f   MSVCRTD:ucrt_detection.obj
 0002:0001de80       ___scrt_fastfail           0042ee80 f   MSVCRTD:utility_desktop.obj
 0002:0001e010       ___scrt_get_show_window_mode 0042f010 f   MSVCRTD:utility_desktop.obj
 0002:0001e060       ___scrt_initialize_winrt   0042f060 f   MSVCRTD:utility_desktop.obj
 0002:0001e070       ___scrt_is_managed_app     0042f070 f   MSVCRTD:utility_desktop.obj
 0002:0001e120       ___scrt_set_unhandled_exception_filter 0042f120 f   MSVCRTD:utility_desktop.obj
 0002:0001e140       ___scrt_unhandled_exception_filter@4 0042f140 f   MSVCRTD:utility_desktop.obj
 0002:0001e1c0       __crt_debugger_hook        0042f1c0 f   MSVCRTD:utility_desktop.obj
 0002:0001e1e0       __except_handler4          0042f1e0 f   MSVCRTD:_chandler4gs_.obj
 0002:0001e210       ??$__vcrt_va_start_verify_argument_type@QBD@@YAXXZ 0042f210 f i MSVCRTD:_error_.obj
 0002:0001e3c0       ?_RTC_AllocaFailure@@YAXPAXPAU_RTC_ALLOCA_NODE@@H@Z 0042f3c0 f   MSVCRTD:_error_.obj
 0002:0001e4e0       ?_RTC_Failure@@YAXPAXH@Z   0042f4e0 f   MSVCRTD:_error_.obj
 0002:0001e550       ?_RTC_StackFailure@@YAXPAXPBD@Z 0042f550 f   MSVCRTD:_error_.obj
 0002:0001e970       __RTC_UninitUse            0042f970 f   MSVCRTD:_error_.obj
 0002:0001ea50       ___local_stdio_printf_options 0042fa50 f i MSVCRTD:_error_.obj
 0002:0001ea60       __vsprintf_s_l             0042fa60 f i MSVCRTD:_error_.obj
 0002:0001eaa0       _sprintf_s                 0042faa0 f i MSVCRTD:_error_.obj
 0002:0001ead0       ___raise_securityfailure   0042fad0 f   MSVCRTD:gs_report.obj
 0002:0001eb10       ___report_gsfailure        0042fb10 f   MSVCRTD:gs_report.obj
 0002:0001ec60       ___report_rangecheckfailure 0042fc60 f   MSVCRTD:gs_report.obj
 0002:0001ec70       ___report_securityfailure  0042fc70 f   MSVCRTD:gs_report.obj
 0002:0001ed80       ___report_securityfailureEx 0042fd80 f   MSVCRTD:gs_report.obj
 0002:0001eef0       ?_RTC_GetErrorFunc@@YAP6AHHPBDH00ZZPBX@Z 0042fef0 f   MSVCRTD:_userapi_.obj
 0002:0001ef00       ?_RTC_GetErrorFuncW@@YAP6AHHPB_WH00ZZPBX@Z 0042ff00 f   MSVCRTD:_userapi_.obj
 0002:0001ef10       __RTC_GetErrDesc           0042ff10 f   MSVCRTD:_userapi_.obj
 0002:0001ef30       __RTC_NumErrors            0042ff30 f   MSVCRTD:_userapi_.obj
 0002:0001ef40       __RTC_SetErrorFunc         0042ff40 f   MSVCRTD:_userapi_.obj
 0002:0001ef70       __RTC_SetErrorFuncW        0042ff70 f   MSVCRTD:_userapi_.obj
 0002:0001efa0       __RTC_SetErrorType         0042ffa0 f   MSVCRTD:_userapi_.obj
 0002:0001f060       ___security_init_cookie    00430060 f   MSVCRTD:gs_support.obj
 0002:0001f100       __matherr                  00430100 f   MSVCRTD:matherr.obj
 0002:0001f110       __get_startup_commit_mode  00430110 f   MSVCRTD:commit_mode.obj
 0002:0001f120       __get_startup_file_mode    00430120 f   MSVCRTD:file_mode.obj
 0002:0001f130       __get_startup_new_mode     00430130 f   MSVCRTD:new_mode.obj
 0002:0001f140       __get_startup_thread_locale_mode 00430140 f   MSVCRTD:thread_locale.obj
 0002:0001f150       ?__scrt_initialize_type_info@@YAXXZ 00430150 f   MSVCRTD:tncleanup.obj
 0002:0001f170       ?__scrt_uninitialize_type_info@@YAXXZ 00430170 f   MSVCRTD:tncleanup.obj
 0002:0001f190       __should_initialize_environment 00430190 f   MSVCRTD:env_mode.obj
 0002:0001f1a0       __initialize_default_precision 004301a0 f   MSVCRTD:default_precision.obj
 0002:0001f1d0       __initialize_invalid_parameter_handler 004301d0 f   MSVCRTD:invalid_parameter_handler.obj
 0002:0001f1e0       __initialize_denormal_control 004301e0 f   MSVCRTD:denormal_control.obj
 0002:0001f1f0       ___local_stdio_scanf_options 004301f0 f i MSVCRTD:default_local_stdio_options.obj
 0002:0001f200       ___scrt_initialize_default_local_stdio_options 00430200 f   MSVCRTD:default_local_stdio_options.obj
 0002:0001f250       ___scrt_is_user_matherr_present 00430250 f   MSVCRTD:matherr_detection.obj
 0002:0001f280       ___scrt_get_dyn_tls_init_callback 00430280 f   MSVCRTD:dyn_tls_init.obj
 0002:0001f290       ___scrt_get_dyn_tls_dtor_callback 00430290 f   MSVCRTD:dyn_tls_dtor.obj
 0002:0001f2a0       __RTC_Initialize           004302a0 f   MSVCRTD:_initsect_.obj
 0002:0001f2e0       __RTC_Terminate            004302e0 f   MSVCRTD:_initsect_.obj
 0002:0001f320       @_guard_check_icall_nop@4  00430320 f i MSVCRTD:guard_support.obj
 0002:0001f330       _ReadNoFence               00430330 f i MSVCRTD:guard_support.obj
 0002:0001f350       _ReadPointerNoFence        00430350 f i MSVCRTD:guard_support.obj
 0002:0001f370       __guard_icall_checks_enforced 00430370 f i MSVCRTD:guard_support.obj
 0002:0001f970       ?_RTC_GetSrcLine@@YAHPAEPA_WKPAH1K@Z 00430970 f   MSVCRTD:_pdblkup_.obj
 0002:0001fd8a       _memchr                    00430d8a f   vcruntimed:VCRUNTIME140D.dll
 0002:0001fd90       _memcmp                    00430d90 f   vcruntimed:VCRUNTIME140D.dll
 0002:0001fd96       _memcpy                    00430d96 f   vcruntimed:VCRUNTIME140D.dll
 0002:0001fd9c       _memmove                   00430d9c f   vcruntimed:VCRUNTIME140D.dll
 0002:0001fda2       _memset                    00430da2 f   vcruntimed:VCRUNTIME140D.dll
 0002:0001fda8       ___std_exception_copy      00430da8 f   vcruntimed:VCRUNTIME140D.dll
 0002:0001fdae       ___std_exception_destroy   00430dae f   vcruntimed:VCRUNTIME140D.dll
 0002:0001fdb4       __CxxThrowException@8      00430db4 f   vcruntimed:VCRUNTIME140D.dll
 0002:0001fdba       ___CxxFrameHandler3        00430dba f   vcruntimed:VCRUNTIME140D.dll
 0002:0001fdc0       __except_handler4_common   00430dc0 f   vcruntimed:VCRUNTIME140D.dll
 0002:0001fdc6       ___std_type_info_destroy_list 00430dc6 f   vcruntimed:VCRUNTIME140D.dll
 0002:0001fdcc       ___vcrt_GetModuleFileNameW 00430dcc f   vcruntimed:VCRUNTIME140D.dll
 0002:0001fdd2       ___vcrt_GetModuleHandleW   00430dd2 f   vcruntimed:VCRUNTIME140D.dll
 0002:0001fdd8       ___vcrt_LoadLibraryExW     00430dd8 f   vcruntimed:VCRUNTIME140D.dll
 0002:0001fdde       __invalid_parameter        00430dde f   ucrtd:ucrtbased.dll
 0002:0001fde4       __invalid_parameter_noinfo 00430de4 f   ucrtd:ucrtbased.dll
 0002:0001fdea       __time64                   00430dea f   ucrtd:ucrtbased.dll
 0002:0001fdf0       __errno                    00430df0 f   ucrtd:ucrtbased.dll
 0002:0001fdf6       _srand                     00430df6 f   ucrtd:ucrtbased.dll
 0002:0001fdfc       _rand                      00430dfc f   ucrtd:ucrtbased.dll
 0002:0001fe02       _atoi                      00430e02 f   ucrtd:ucrtbased.dll
 0002:0001fe08       _system                    00430e08 f   ucrtd:ucrtbased.dll
 0002:0001fe0e       __get_stream_buffer_pointers 00430e0e f   ucrtd:ucrtbased.dll
 0002:0001fe14       _fclose                    00430e14 f   ucrtd:ucrtbased.dll
 0002:0001fe1a       _fflush                    00430e1a f   ucrtd:ucrtbased.dll
 0002:0001fe20       _fgetc                     00430e20 f   ucrtd:ucrtbased.dll
 0002:0001fe26       _fgetpos                   00430e26 f   ucrtd:ucrtbased.dll
 0002:0001fe2c       _fputc                     00430e2c f   ucrtd:ucrtbased.dll
 0002:0001fe32       _fsetpos                   00430e32 f   ucrtd:ucrtbased.dll
 0002:0001fe38       __fseeki64                 00430e38 f   ucrtd:ucrtbased.dll
 0002:0001fe3e       _fwrite                    00430e3e f   ucrtd:ucrtbased.dll
 0002:0001fe44       _remove                    00430e44 f   ucrtd:ucrtbased.dll
 0002:0001fe4a       _setvbuf                   00430e4a f   ucrtd:ucrtbased.dll
 0002:0001fe50       _ungetc                    00430e50 f   ucrtd:ucrtbased.dll
 0002:0001fe56       __lock_file                00430e56 f   ucrtd:ucrtbased.dll
 0002:0001fe5c       __unlock_file              00430e5c f   ucrtd:ucrtbased.dll
 0002:0001fe62       _strlen                    00430e62 f   ucrtd:ucrtbased.dll
 0002:0001fe68       __CrtDbgReportW            00430e68 f   ucrtd:ucrtbased.dll
 0002:0001fe6e       _setlocale                 00430e6e f   ucrtd:ucrtbased.dll
 0002:0001fe74       __access                   00430e74 f   ucrtd:ucrtbased.dll
 0002:0001fe7a       __free_dbg                 00430e7a f   ucrtd:ucrtbased.dll
 0002:0001fe80       __malloc_dbg               00430e80 f   ucrtd:ucrtbased.dll
 0002:0001fe86       __callnewh                 00430e86 f   ucrtd:ucrtbased.dll
 0002:0001fe8c       _malloc                    00430e8c f   ucrtd:ucrtbased.dll
 0002:0001fe92       __seh_filter_dll           00430e92 f   ucrtd:ucrtbased.dll
 0002:0001fe98       __configure_narrow_argv    00430e98 f   ucrtd:ucrtbased.dll
 0002:0001fe9e       __initialize_narrow_environment 00430e9e f   ucrtd:ucrtbased.dll
 0002:0001fea4       __initialize_onexit_table  00430ea4 f   ucrtd:ucrtbased.dll
 0002:0001feaa       __register_onexit_function 00430eaa f   ucrtd:ucrtbased.dll
 0002:0001feb0       __execute_onexit_table     00430eb0 f   ucrtd:ucrtbased.dll
 0002:0001feb6       __crt_atexit               00430eb6 f   ucrtd:ucrtbased.dll
 0002:0001febc       __crt_at_quick_exit        00430ebc f   ucrtd:ucrtbased.dll
 0002:0001fec2       __cexit                    00430ec2 f   ucrtd:ucrtbased.dll
 0002:0001fec8       __CrtDbgReport             00430ec8 f   ucrtd:ucrtbased.dll
 0002:0001fece       __except1                  00430ece f   ucrtd:ucrtbased.dll
 0002:0001fed4       __seh_filter_exe           00430ed4 f   ucrtd:ucrtbased.dll
 0002:0001feda       __set_app_type             00430eda f   ucrtd:ucrtbased.dll
 0002:0001fee0       ___setusermatherr          00430ee0 f   ucrtd:ucrtbased.dll
 0002:0001fee6       __get_initial_narrow_environment 00430ee6 f   ucrtd:ucrtbased.dll
 0002:0001feec       __initterm                 00430eec f   ucrtd:ucrtbased.dll
 0002:0001fef2       __initterm_e               00430ef2 f   ucrtd:ucrtbased.dll
 0002:0001fef8       _exit                      00430ef8 f   ucrtd:ucrtbased.dll
 0002:0001fefe       __exit                     00430efe f   ucrtd:ucrtbased.dll
 0002:0001ff04       __set_fmode                00430f04 f   ucrtd:ucrtbased.dll
 0002:0001ff0a       ___p___argc                00430f0a f   ucrtd:ucrtbased.dll
 0002:0001ff10       ___p___argv                00430f10 f   ucrtd:ucrtbased.dll
 0002:0001ff16       __c_exit                   00430f16 f   ucrtd:ucrtbased.dll
 0002:0001ff1c       __register_thread_local_exe_atexit_callback 00430f1c f   ucrtd:ucrtbased.dll
 0002:0001ff22       __configthreadlocale       00430f22 f   ucrtd:ucrtbased.dll
 0002:0001ff28       __set_new_mode             00430f28 f   ucrtd:ucrtbased.dll
 0002:0001ff2e       ___p__commode              00430f2e f   ucrtd:ucrtbased.dll
 0002:0001ff34       _terminate                 00430f34 f   ucrtd:ucrtbased.dll
 0002:0001ff3a       _strcpy_s                  00430f3a f   ucrtd:ucrtbased.dll
 0002:0001ff40       _strcat_s                  00430f40 f   ucrtd:ucrtbased.dll
 0002:0001ff46       ___stdio_common_vsprintf_s 00430f46 f   ucrtd:ucrtbased.dll
 0002:0001ff4c       __controlfp_s              00430f4c f   ucrtd:ucrtbased.dll
 0002:0001ff52       __wmakepath_s              00430f52 f   ucrtd:ucrtbased.dll
 0002:0001ff58       __wsplitpath_s             00430f58 f   ucrtd:ucrtbased.dll
 0002:0001ff5e       _wcscpy_s                  00430f5e f   ucrtd:ucrtbased.dll
 0002:0001ff64       _IsProcessorFeaturePresent@4 00430f64 f   kernel32:KERNEL32.dll
 0002:0001ff6a       _IsDebuggerPresent@0       00430f6a f   kernel32:KERNEL32.dll
 0002:0001ff70       _UnhandledExceptionFilter@4 00430f70 f   kernel32:KERNEL32.dll
 0002:0001ff76       _SetUnhandledExceptionFilter@4 00430f76 f   kernel32:KERNEL32.dll
 0002:0001ff7c       _GetStartupInfoW@4         00430f7c f   kernel32:KERNEL32.dll
 0002:0001ff82       _GetModuleHandleW@4        00430f82 f   kernel32:KERNEL32.dll
 0002:0001ff88       _RaiseException@16         00430f88 f   kernel32:KERNEL32.dll
 0002:0001ff8e       _MultiByteToWideChar@24    00430f8e f   kernel32:KERNEL32.dll
 0002:0001ff94       _WideCharToMultiByte@32    00430f94 f   kernel32:KERNEL32.dll
 0002:0001ff9a       _GetCurrentProcess@0       00430f9a f   kernel32:KERNEL32.dll
 0002:0001ffa0       _TerminateProcess@8        00430fa0 f   kernel32:KERNEL32.dll
 0002:0001ffa6       _QueryPerformanceCounter@4 00430fa6 f   kernel32:KERNEL32.dll
 0002:0001ffac       _GetCurrentProcessId@0     00430fac f   kernel32:KERNEL32.dll
 0002:0001ffb2       _GetCurrentThreadId@0      00430fb2 f   kernel32:KERNEL32.dll
 0002:0001ffb8       _GetSystemTimeAsFileTime@4 00430fb8 f   kernel32:KERNEL32.dll
 0002:0001ffbe       _InitializeSListHead@4     00430fbe f   kernel32:KERNEL32.dll
 0002:0001ffc4       _GetLastError@0            00430fc4 f   kernel32:KERNEL32.dll
 0002:0001ffca       _HeapAlloc@12              00430fca f   kernel32:KERNEL32.dll
 0002:0001ffd0       _HeapFree@12               00430fd0 f   kernel32:KERNEL32.dll
 0002:0001ffd6       _GetProcessHeap@0          00430fd6 f   kernel32:KERNEL32.dll
 0002:0001ffdc       _VirtualQuery@12           00430fdc f   kernel32:KERNEL32.dll
 0002:0001ffe2       _FreeLibrary@4             00430fe2 f   kernel32:KERNEL32.dll
 0002:0001ffe8       _GetProcAddress@8          00430fe8 f   kernel32:KERNEL32.dll
 0002:0001fff0       ___vcrt_initialize         00430ff0 f   MSVCRTD:ucrt_stubs.obj
 0002:0001fff0       ___acrt_initialize         00430ff0 f   MSVCRTD:ucrt_stubs.obj
 0002:0001fff0       ___scrt_stub_for_acrt_initialize 00430ff0 f   MSVCRTD:ucrt_stubs.obj
 0002:00020000       ___acrt_thread_attach      00431000 f   MSVCRTD:ucrt_stubs.obj
 0002:00020000       ___scrt_stub_for_acrt_thread_attach 00431000 f   MSVCRTD:ucrt_stubs.obj
 0002:00020000       ___vcrt_thread_attach      00431000 f   MSVCRTD:ucrt_stubs.obj
 0002:00020010       ___vcrt_thread_detach      00431010 f   MSVCRTD:ucrt_stubs.obj
 0002:00020010       ___acrt_thread_detach      00431010 f   MSVCRTD:ucrt_stubs.obj
 0002:00020010       ___scrt_stub_for_acrt_thread_detach 00431010 f   MSVCRTD:ucrt_stubs.obj
 0002:00020020       ___scrt_stub_for_acrt_uninitialize 00431020 f   MSVCRTD:ucrt_stubs.obj
 0002:00020020       ___acrt_uninitialize       00431020 f   MSVCRTD:ucrt_stubs.obj
 0002:00020020       ___vcrt_uninitialize       00431020 f   MSVCRTD:ucrt_stubs.obj
 0002:00020030       ___acrt_uninitialize_critical 00431030 f   MSVCRTD:ucrt_stubs.obj
 0002:00020030       ___vcrt_uninitialize_critical 00431030 f   MSVCRTD:ucrt_stubs.obj
 0002:00020030       ___scrt_stub_for_acrt_uninitialize_critical 00431030 f   MSVCRTD:ucrt_stubs.obj
 0002:00020040       ___scrt_stub_for_is_c_termination_complete 00431040 f   MSVCRTD:ucrt_stubs.obj
 0002:00020040       __is_c_termination_complete 00431040 f   MSVCRTD:ucrt_stubs.obj
 0003:00000000       ___xc_a                    00436000     MSVCRTD:initializers.obj
 0003:00000410       ___xc_z                    00436410     MSVCRTD:initializers.obj
 0003:00000514       ___xi_a                    00436514     MSVCRTD:initializers.obj
 0003:00000820       ___xi_z                    00436820     MSVCRTD:initializers.obj
 0003:00000924       ___xp_a                    00436924     MSVCRTD:initializers.obj
 0003:00000a28       ___xp_z                    00436a28     MSVCRTD:initializers.obj
 0003:00000b2c       ___xt_a                    00436b2c     MSVCRTD:initializers.obj
 0003:00000c30       ___xt_z                    00436c30     MSVCRTD:initializers.obj
 0003:00000e94       ??_C@_05GFDBGFDH@d?4wav?$AA@ 00436e94     main.obj
 0003:00000e9c       ??_C@_0DJ@EFIKGJBI@Uruchomiono?5ponownie?5gr?j?5z?5wy?$LD?$LJc@ 00436e9c     main.obj
 0003:00000edc       ??_7exception@std@@6B@     00436edc     main.obj
 0003:00000ee8       ??_C@_0BC@EOODALEL@Unknown?5exception?$AA@ 00436ee8     main.obj
 0003:00000f00       ??_C@_1NE@JCGKDBDB@?$AAf?$AA?3?$AA?2?$AAp?$AAr?$AAo?$AAg?$AAr?$AAa?$AAm?$AA?5?$AAf?$AAi?$AAl?$AAe?$AAs?$AA?5?$AA?$CI?$AAx?$AA8?$AA6?$AA?$CJ?$AA?2?$AAm?$AAi?$AAc?$AAr?$AAo?$AAs?$AAo?$AAf?$AAt@ 00436f00     main.obj
 0003:00000fd4       ??_C@_0BC@EAGHPBJK@Obstawiono?5zaklad?$AA@ 00436fd4     main.obj
 0003:00000fe8       ??_C@_0BE@CILJHICG@Gra?5rozpoczeta?5dnia?$AA@ 00436fe8     main.obj
 0003:00001000       ??_C@_1DC@POOIKBAO@?$AAI?$AAT?$AAE?$AAR?$AAA?$AAT?$AAO?$AAR?$AA?5?$AAL?$AAI?$AAS?$AAT?$AA?5?$AAC?$AAO?$AAR?$AAR?$AAU?$AAP?$AAT?$AAE?$AAD?$AA?$CB?$AA?$AA@ 00437000     main.obj
 0003:00001034       ??_C@_05KFCKMKOB@Jacek?$AA@ 00437034     main.obj
 0003:00001040       ??_C@_1EE@KLDMFDFL@?$AAs?$AAt?$AAd?$AA?3?$AA?3?$AA_?$AAI?$AAt?$AAe?$AAr?$AAa?$AAt?$AAo?$AAr?$AA_?$AAb?$AAa?$AAs?$AAe?$AA1?$AA2?$AA?3?$AA?3?$AA_?$AAO?$AAr?$AAp?$AAh?$AAa?$AAn?$AA_?$AAm@ 00437040     main.obj
 0003:00001084       ??_C@_0N@KHLIPMCA@?5o?5godzinie?5?$AA@ 00437084     main.obj
 0003:00001094       ??_C@_1DG@PLBPCAEM@?$AA?$CC?$AAI?$AAT?$AAE?$AAR?$AAA?$AAT?$AAO?$AAR?$AA?5?$AAL?$AAI?$AAS?$AAT?$AA?5?$AAC?$AAO?$AAR?$AAR?$AAU?$AAP?$AAT?$AAE?$AAD?$AA?$CB?$AA?$CC?$AA?$AA@ 00437094     main.obj
 0003:000010cc       ??_C@_04CDICBAGM@Maja?$AA@ 004370cc     main.obj
 0003:000010d4       ??_C@_0BE@LMNLACIC@_Ptr_container?5?$CB?$DN?50?$AA@ 004370d4     main.obj
 0003:000010ec       ??_C@_1DG@HGDKEBPG@?$AA?$CC?$AA_?$AAP?$AAt?$AAr?$AA_?$AAc?$AAo?$AAn?$AAt?$AAa?$AAi?$AAn?$AAe?$AAr?$AA?5?$AA?$CB?$AA?$DN?$AA?5?$AA0?$AA?$CC?$AA?5?$AA?$CG?$AA?$CG?$AA?5?$AA0?$AA?$AA@ 004370ec     main.obj
 0003:00001124       ??_C@_05NKPCGME@Agata?$AA@ 00437124     main.obj
 0003:0000112c       ??_C@_17CNPHIMPH@?$AA?$CF?$AAl?$AAs?$AA?$AA@ 0043712c     main.obj
 0003:00001138       ??_C@_1NE@GPIBOEJC@?$AAf?$AA?3?$AA?2?$AAp?$AAr?$AAo?$AAg?$AAr?$AAa?$AAm?$AA?5?$AAf?$AAi?$AAl?$AAe?$AAs?$AA?5?$AA?$CI?$AAx?$AA8?$AA6?$AA?$CJ?$AA?2?$AAm?$AAi?$AAc?$AAr?$AAo?$AAs?$AAo?$AAf?$AAt@ 00437138     main.obj
 0003:0000120c       ??_C@_0BF@EHKBBICH@Gra?5rozpoczeta?5dnia?5?$AA@ 0043720c     main.obj
 0003:00001224       ??_C@_0BB@KJAOIHBF@kwota_pocz?$LJtkowa?$AA@ 00437224     main.obj
 0003:00001238       ??_C@_1BO@NKFMJPA@?$AAs?$AAt?$AAd?$AA?3?$AA?3?$AA_?$AAA?$AAl?$AAl?$AAo?$AAc?$AAa?$AAt?$AAe?$AA?$AA@ 00437238     main.obj
 0003:0000125c       ??_C@_1CG@JNLFBNGN@?$AA?$CC?$AAi?$AAn?$AAv?$AAa?$AAl?$AAi?$AAd?$AA?5?$AAa?$AAr?$AAg?$AAu?$AAm?$AAe?$AAn?$AAt?$AA?$CC?$AA?$AA@ 0043725c     main.obj
 0003:0000128c       ??_C@_09GLJCAGLP@_Ptr?5?$CB?$DN?50?$AA@ 0043728c     main.obj
 0003:00001298       ??_C@_1CC@GKJLLHIM@?$AA?$CC?$AA_?$AAP?$AAt?$AAr?$AA?5?$AA?$CB?$AA?$DN?$AA?5?$AA0?$AA?$CC?$AA?5?$AA?$CG?$AA?$CG?$AA?5?$AA0?$AA?$AA@ 00437298     main.obj
 0003:000012c0       ??_C@_1CC@LOFJFFDB@?$AAs?$AAt?$AAd?$AA?3?$AA?3?$AA_?$AAD?$AAe?$AAa?$AAl?$AAl?$AAo?$AAc?$AAa?$AAt?$AAe?$AA?$AA@ 004372c0     main.obj
 0003:000012e8       ?npos@?$basic_string@DU?$char_traits@D@std@@V?$allocator@D@2@@std@@2IB 004372e8     main.obj
 0003:000012f0       ??_7bad_cast@std@@6B@      004372f0     main.obj
 0003:000012fc       ??_C@_08EPJLHIJG@bad?5cast?$AA@ 004372fc     main.obj
 0003:00001306       ??_C@_00CNPNBAHC@?$AA@     00437306     main.obj
 0003:00001308       ??_C@_1NA@LJCFENMG@?$AAf?$AA?3?$AA?2?$AAp?$AAr?$AAo?$AAg?$AAr?$AAa?$AAm?$AA?5?$AAf?$AAi?$AAl?$AAe?$AAs?$AA?5?$AA?$CI?$AAx?$AA8?$AA6?$AA?$CJ?$AA?2?$AAm?$AAi?$AAc?$AAr?$AAo?$AAs?$AAo?$AAf?$AAt@ 00437308     main.obj
 0003:000013d8       ??_C@_0BK@PLEOEKGI@Nowa?5gra?5rozpoczeta?5dnia?5?$AA@ 004373d8     main.obj
 0003:000013f4       ??_C@_0BA@JFNIOLAK@string?5too?5long?$AA@ 004373f4     main.obj
 0003:00001408       ??_7?$basic_filebuf@DU?$char_traits@D@std@@@std@@6B@ 00437408     main.obj
 0003:00001448       __real@4042800000000000    00437448     main.obj
 0003:00001454       ??_7?$basic_ofstream@DU?$char_traits@D@std@@@std@@6B@ 00437454     main.obj
 0003:0000145c       ??_8?$basic_ofstream@DU?$char_traits@D@std@@@std@@7B@ 0043745c     main.obj
 0003:0000146c       ??_7?$basic_fstream@DU?$char_traits@D@std@@@std@@6B@ 0043746c     main.obj
 0003:00001474       ??_8?$basic_fstream@DU?$char_traits@D@std@@@std@@7B?$basic_istream@DU?$char_traits@D@std@@@1@@ 00437474     main.obj
 0003:00001480       ??_8?$basic_fstream@DU?$char_traits@D@std@@@std@@7B?$basic_ostream@DU?$char_traits@D@std@@@1@@ 00437480     main.obj
 0003:0000148c       ??_C@_06JGCGFIEG@polish?$AA@ 0043748c     main.obj
 0003:00001494       ??_C@_0P@GMFAENOC@log_og?slny?4txt?$AA@ 00437494     main.obj
 0003:000014a8       ??_C@_05PDJBBECF@pause?$AA@ 004374a8     main.obj
 0003:000014b0       ??_C@_0DM@FGCBIOFJ@Jak?$LJ?5opcje?5chcesz?5obstawic?5?$DP?5?$CIzg@ 004374b0     main.obj
 0003:000014f8       ??_C@_0N@KLINIBPG@p?5?9?5parzyste?$AA@ 004374f8     main.obj
 0003:00001508       ??_C@_0BA@GNAADEAG@n?5?9?5nieparzyste?$AA@ 00437508     main.obj
 0003:0000151c       ??_C@_0BC@GOMOHEMO@r?5?9?5czerwone?$CIred?$CJ?$AA@ 0043751c     main.obj
 0003:00001534       ??_C@_0BC@LKBFHLDI@b?5?9?5czarne?$CIblack?$CJ?$AA@ 00437534     main.obj
 0003:0000154c       ??_C@_0BB@FMNKHOJE@g?5?9?5g?srna?5po?$LDowa?$AA@ 0043754c     main.obj
 0003:00001560       ??_C@_0BB@CHNPGJIO@d?5?9?5dolna?5po?$LDowa?$AA@ 00437560     main.obj
 0003:00001574       ??_C@_0CN@EJBDEIIK@k1?0?5k2?0?5k3?5?9?5kolumna?51?0?5kolumna?5@ 00437574     main.obj
 0003:000015ac       ??_C@_0CJ@KMEGGBFA@w1?0?5w2?0?5?4?4?4?0?5w12?5?9?5wiersz?5trzech@ 004375ac     main.obj
 0003:000015e0       ??_C@_0CP@FOKBNGLG@0?5?9?536?5?9?5pojedyncze?5pole?5o?5odpow@ 004375e0     main.obj
 0003:00001618       ??_C@_01JBBJJEPG@p?$AA@    00437618     main.obj
 0003:0000161c       ??_C@_01EFFIKLCJ@n?$AA@    0043761c     main.obj
 0003:00001620       ??_C@_01KDCPPGHE@r?$AA@    00437620     main.obj
 0003:00001624       ??_C@_01OJONOECF@b?$AA@    00437624     main.obj
 0003:00001628       ??_C@_01JEJKBAGA@g?$AA@    00437628     main.obj
 0003:0000162c       ??_C@_01LPLHEDKD@d?$AA@    0043762c     main.obj
 0003:00001630       ??_C@_02ICGBAFJO@k1?$AA@   00437630     main.obj
 0003:00001634       ??_C@_02KJEMFGFN@k2?$AA@   00437634     main.obj
 0003:00001638       ??_C@_02LAFHGHBM@k3?$AA@   00437638     main.obj
 0003:0000163c       ??_C@_02JHFNFPIK@w1?$AA@   0043763c     main.obj
 0003:00001640       ??_C@_02LMHAAMEJ@w2?$AA@   00437640     main.obj
 0003:00001644       ??_C@_02KFGLDNAI@w3?$AA@   00437644     main.obj
 0003:00001648       ??_C@_02OKCKKLMP@w4?$AA@   00437648     main.obj
 0003:0000164c       ??_C@_02PDDBJKIO@w5?$AA@   0043764c     main.obj
[...]
 0005:00000018       __imp__GetConsoleCursorInfo@8 0043e018     kernel32:KERNEL32.dll
 0005:0000001c       __imp__SetConsoleCursorInfo@8 0043e01c     kernel32:KERNEL32.dll
 0005:00000020       __imp__SetConsoleTextAttribute@8 0043e020     kernel32:KERNEL32.dll
 0005:00000024       __imp__IsDebuggerPresent@0 0043e024     kernel32:KERNEL32.dll
 0005:00000028       __imp__UnhandledExceptionFilter@4 0043e028     kernel32:KERNEL32.dll
 0005:0000002c       __imp__SetUnhandledExceptionFilter@4 0043e02c     kernel32:KERNEL32.dll
 0005:00000030       __imp__GetStartupInfoW@4   0043e030     kernel32:KERNEL32.dll
 0005:00000034       __imp__GetModuleHandleW@4  0043e034     kernel32:KERNEL32.dll
 0005:00000038       __imp__RaiseException@16   0043e038     kernel32:KERNEL32.dll
 0005:0000003c       __imp__MultiByteToWideChar@24 0043e03c     kernel32:KERNEL32.dll
 0005:00000040       __imp__WideCharToMultiByte@32 0043e040     kernel32:KERNEL32.dll
 0005:00000044       __imp__GetCurrentProcess@0 0043e044     kernel32:KERNEL32.dll
 0005:00000048       __imp__TerminateProcess@8  0043e048     kernel32:KERNEL32.dll
 0005:0000004c       __imp__QueryPerformanceCounter@4 0043e04c     kernel32:KERNEL32.dll
 0005:00000050       __imp__GetCurrentProcessId@0 0043e050     kernel32:KERNEL32.dll
 0005:00000054       __imp__GetCurrentThreadId@0 0043e054     kernel32:KERNEL32.dll
 0005:00000058       __imp__GetSystemTimeAsFileTime@4 0043e058     kernel32:KERNEL32.dll
 0005:0000005c       __imp__InitializeSListHead@4 0043e05c     kernel32:KERNEL32.dll
 0005:00000060       __imp__GetLastError@0      0043e060     kernel32:KERNEL32.dll
 0005:00000064       __imp__HeapAlloc@12        0043e064     kernel32:KERNEL32.dll
 0005:00000068       __imp__HeapFree@12         0043e068     kernel32:KERNEL32.dll
 0005:0000006c       __imp__GetProcessHeap@0    0043e06c     kernel32:KERNEL32.dll
 0005:00000070       __imp__VirtualQuery@12     0043e070     kernel32:KERNEL32.dll
 0005:00000074       __imp__IsProcessorFeaturePresent@4 0043e074     kernel32:KERNEL32.dll
 0005:00000078       \177KERNEL32_NULL_THUNK_DATA 0043e078     kernel32:KERNEL32.dll
 0005:000000bc       __imp_?getloc@ios_base@std@@QBE?AVlocale@2@XZ 0043e0bc     msvcprtd:MSVCP140D.dll
 0005:000000c0       __imp_??0?$basic_streambuf@DU?$char_traits@D@std@@@std@@IAE@XZ 0043e0c0     msvcprtd:MSVCP140D.dll
 0005:000000c4       __imp_??1?$basic_streambuf@DU?$char_traits@D@std@@@std@@UAE@XZ 0043e0c4     msvcprtd:MSVCP140D.dll
 0005:000000c8       __imp_?getloc@?$basic_streambuf@DU?$char_traits@D@std@@@std@@QBE?AVlocale@2@XZ 0043e0c8     msvcprtd:MSVCP140D.dll
 0005:000000cc       __imp_?sbumpc@?$basic_streambuf@DU?$char_traits@D@std@@@std@@QAEHXZ 0043e0cc     msvcprtd:MSVCP140D.dll
 0005:000000d0       __imp_?sgetc@?$basic_streambuf@DU?$char_traits@D@std@@@std@@QAEHXZ 0043e0d0     msvcprtd:MSVCP140D.dll
 0005:000000d4       __imp_?snextc@?$basic_streambuf@DU?$char_traits@D@std@@@std@@QAEHXZ 0043e0d4     msvcprtd:MSVCP140D.dll
 0005:000000d8       __imp_?sputc@?$basic_streambuf@DU?$char_traits@D@std@@@std@@QAEHD@Z 0043e0d8     msvcprtd:MSVCP140D.dll
 0005:000000dc       __imp_?sputn@?$basic_streambuf@DU?$char_traits@D@std@@@std@@QAE_JPBD_J@Z 0043e0dc     msvcprtd:MSVCP140D.dll
 0005:000000e0       __imp_?eback@?$basic_streambuf@DU?$char_traits@D@std@@@std@@IBEPADXZ 0043e0e0     msvcprtd:MSVCP140D.dll
 0005:000000e4       __imp_?gptr@?$basic_streambuf@DU?$char_traits@D@std@@@std@@IBEPADXZ 0043e0e4     msvcprtd:MSVCP140D.dll
 0005:000000e8       __imp_?pbase@?$basic_streambuf@DU?$char_traits@D@std@@@std@@IBEPADXZ 0043e0e8     msvcprtd:MSVCP140D.dll
 0005:000000ec       __imp_?pptr@?$basic_streambuf@DU?$char_traits@D@std@@@std@@IBEPADXZ 0043e0ec     msvcprtd:MSVCP140D.dll
 0005:000000f0       __imp_?egptr@?$basic_streambuf@DU?$char_traits@D@std@@@std@@IBEPADXZ 0043e0f0     msvcprtd:MSVCP140D.dll
 0005:000000f4       __imp_?gbump@?$basic_streambuf@DU?$char_traits@D@std@@@std@@IAEXH@Z 0043e0f4     msvcprtd:MSVCP140D.dll
 0005:000000f8       __imp_?setg@?$basic_streambuf@DU?$char_traits@D@std@@@std@@IAEXPAD00@Z 0043e0f8     msvcprtd:MSVCP140D.dll
 0005:000000fc       __imp_?epptr@?$basic_streambuf@DU?$char_traits@D@std@@@std@@IBEPADXZ 0043e0fc     msvcprtd:MSVCP140D.dll
 0005:00000100       __imp_?_Gndec@?$basic_streambuf@DU?$char_traits@D@std@@@std@@IAEPADXZ 0043e100     msvcprtd:MSVCP140D.dll
 0005:00000104       __imp_?_Gninc@?$basic_streambuf@DU?$char_traits@D@std@@@std@@IAEPADXZ 0043e104     msvcprtd:MSVCP140D.dll
 0005:00000108       __imp_?pbump@?$basic_streambuf@DU?$char_traits@D@std@@@std@@IAEXH@Z 0043e108     msvcprtd:MSVCP140D.dll
 0005:0000010c       __imp_?setp@?$basic_streambuf@DU?$char_traits@D@std@@@std@@IAEXPAD0@Z 0043e10c     msvcprtd:MSVCP140D.dll
 0005:00000110       __imp_?setp@?$basic_streambuf@DU?$char_traits@D@std@@@std@@IAEXPAD00@Z 0043e110     msvcprtd:MSVCP140D.dll
 0005:00000114       __imp_?_Pninc@?$basic_streambuf@DU?$char_traits@D@std@@@std@@IAEPADXZ 0043e114     msvcprtd:MSVCP140D.dll
 0005:00000118       __imp_?_Init@?$basic_streambuf@DU?$char_traits@D@std@@@std@@IAEXXZ 0043e118     msvcprtd:MSVCP140D.dll
 0005:0000011c       __imp_?_Init@?$basic_streambuf@DU?$char_traits@D@std@@@std@@IAEXPAPAD0PAH001@Z 0043e11c     msvcprtd:MSVCP140D.dll
 0005:00000120       __imp_??1?$basic_ios@DU?$char_traits@D@std@@@std@@UAE@XZ 0043e120     msvcprtd:MSVCP140D.dll
 0005:00000124       __imp_?clear@?$basic_ios@DU?$char_traits@D@std@@@std@@QAEXH_N@Z 0043e124     msvcprtd:MSVCP140D.dll
 0005:00000128       __imp_?setstate@?$basic_ios@DU?$char_traits@D@std@@@std@@QAEXH_N@Z 0043e128     msvcprtd:MSVCP140D.dll
 0005:0000012c       __imp_?tie@?$basic_ios@DU?$char_traits@D@std@@@std@@QBEPAV?$basic_ostream@DU?$char_traits@D@std@@@2@XZ 0043e12c     msvcprtd:MSVCP140D.dll
 0005:00000130       __imp_?rdbuf@?$basic_ios@DU?$char_traits@D@std@@@std@@QBEPAV?$basic_streambuf@DU?$char_traits@D@std@@@2@XZ 0043e130     msvcprtd:MSVCP140D.dll
 0005:00000134       __imp_?fill@?$basic_ios@DU?$char_traits@D@std@@@std@@QBEDXZ 0043e134     msvcprtd:MSVCP140D.dll
 0005:00000138       __imp_?widen@?$basic_ios@DU?$char_traits@D@std@@@std@@QBEDD@Z 0043e138     msvcprtd:MSVCP140D.dll
 0005:0000013c       __imp_??0?$basic_ios@DU?$char_traits@D@std@@@std@@IAE@XZ 0043e13c     msvcprtd:MSVCP140D.dll
 0005:00000140       __imp_?width@ios_base@std@@QBE_JXZ 0043e140     msvcprtd:MSVCP140D.dll
 0005:00000144       __imp_??1?$basic_ostream@DU?$char_traits@D@std@@@std@@UAE@XZ 0043e144     msvcprtd:MSVCP140D.dll
 0005:00000148       __imp_?_Osfx@?$basic_ostream@DU?$char_traits@D@std@@@std@@QAEXXZ 0043e148     msvcprtd:MSVCP140D.dll
 0005:0000014c       __imp_??6?$basic_ostream@DU?$char_traits@D@std@@@std@@QAEAAV01@P6AAAV01@AAV01@@Z@Z 0043e14c     msvcprtd:MSVCP140D.dll
 0005:00000150       __imp_??6?$basic_ostream@DU?$char_traits@D@std@@@std@@QAEAAV01@G@Z 0043e150     msvcprtd:MSVCP140D.dll
 0005:00000154       __imp_??6?$basic_ostream@DU?$char_traits@D@std@@@std@@QAEAAV01@H@Z 0043e154     msvcprtd:MSVCP140D.dll
 0005:00000158       __imp_?put@?$basic_ostream@DU?$char_traits@D@std@@@std@@QAEAAV12@D@Z 0043e158     msvcprtd:MSVCP140D.dll
 0005:0000015c       __imp_?flush@?$basic_ostream@DU?$char_traits@D@std@@@std@@QAEAAV12@XZ 0043e15c     msvcprtd:MSVCP140D.dll
 0005:00000160       __imp_??0?$basic_istream@DU?$char_traits@D@std@@@std@@QAE@PAV?$basic_streambuf@DU?$char_traits@D@std@@@1@_N@Z 0043e160     msvcprtd:MSVCP140D.dll
 0005:00000164       __imp_??1?$basic_istream@DU?$char_traits@D@std@@@std@@UAE@XZ 0043e164     msvcprtd:MSVCP140D.dll
 0005:00000168       __imp_?_Ipfx@?$basic_istream@DU?$char_traits@D@std@@@std@@QAE_N_N@Z 0043e168     msvcprtd:MSVCP140D.dll
 0005:0000016c       __imp_??0?$basic_iostream@DU?$char_traits@D@std@@@std@@QAE@PAV?$basic_streambuf@DU?$char_traits@D@std@@@1@@Z 0043e16c     msvcprtd:MSVCP140D.dll
 0005:00000170       __imp_??1?$basic_iostream@DU?$char_traits@D@std@@@std@@UAE@XZ 0043e170     msvcprtd:MSVCP140D.dll
 0005:00000174       __imp_?_Fiopen@std@@YAPAU_iobuf@@PBDHH@Z 0043e174     msvcprtd:MSVCP140D.dll
 0005:00000178       __imp_?_Random_device@std@@YAIXZ 0043e178     msvcprtd:MSVCP140D.dll
 0005:0000017c       __imp_?_Lock@?$basic_streambuf@DU?$char_traits@D@std@@@std@@UAEXXZ 0043e17c     msvcprtd:MSVCP140D.dll
 0005:00000180       __imp_?_Unlock@?$basic_streambuf@DU?$char_traits@D@std@@@std@@UAEXXZ 0043e180     msvcprtd:MSVCP140D.dll
 0005:00000184       __imp_?imbue@?$basic_streambuf@DU?$char_traits@D@std@@@std@@MAEXABVlocale@2@@Z 0043e184     msvcprtd:MSVCP140D.dll
 0005:00000188       __imp_?setbuf@?$basic_streambuf@DU?$char_traits@D@std@@@std@@MAEPAV12@PAD_J@Z 0043e188     msvcprtd:MSVCP140D.dll
 0005:0000018c       __imp_?showmanyc@?$basic_streambuf@DU?$char_traits@D@std@@@std@@MAE_JXZ 0043e18c     msvcprtd:MSVCP140D.dll
 0005:00000190       __imp_?sync@?$basic_streambuf@DU?$char_traits@D@std@@@std@@MAEHXZ 0043e190     msvcprtd:MSVCP140D.dll
 0005:00000194       __imp_?uflow@?$basic_streambuf@DU?$char_traits@D@std@@@std@@MAEHXZ 0043e194     msvcprtd:MSVCP140D.dll
 0005:00000198       __imp_?xsgetn@?$basic_streambuf@DU?$char_traits@D@std@@@std@@MAE_JPAD_J@Z 0043e198     msvcprtd:MSVCP140D.dll
 0005:0000019c       __imp_?xsputn@?$basic_streambuf@DU?$char_traits@D@std@@@std@@MAE_JPBD_J@Z 0043e19c     msvcprtd:MSVCP140D.dll
 0005:000001a0       __imp_?_BADOFF@std@@3_JB   0043e1a0     msvcprtd:MSVCP140D.dll
 0005:000001a4       __imp_?id@?$ctype@D@std@@2V0locale@2@A 0043e1a4     msvcprtd:MSVCP140D.dll
 0005:000001a8       __imp_?id@?$codecvt@DDU_Mbstatet@@@std@@2V0locale@2@A 0043e1a8     msvcprtd:MSVCP140D.dll
 0005:000001ac       __imp_?cin@std@@3V?$basic_istream@DU?$char_traits@D@std@@@1@A 0043e1ac     msvcprtd:MSVCP140D.dll
 0005:000001b0       __imp_?cout@std@@3V?$basic_ostream@DU?$char_traits@D@std@@@1@A 0043e1b0     msvcprtd:MSVCP140D.dll
 0005:000001b4       __imp_?width@ios_base@std@@QAE_J_J@Z 0043e1b4     msvcprtd:MSVCP140D.dll
 0005:000001b8       __imp_?flags@ios_base@std@@QBEHXZ 0043e1b8     msvcprtd:MSVCP140D.dll
 0005:000001bc       __imp_?eof@ios_base@std@@QBE_NXZ 0043e1bc     msvcprtd:MSVCP140D.dll
 0005:000001c0       __imp_??0_Lockit@std@@QAE@H@Z 0043e1c0     msvcprtd:MSVCP140D.dll
 0005:000001c4       __imp_??1_Lockit@std@@QAE@XZ 0043e1c4     msvcprtd:MSVCP140D.dll
 0005:000001c8       __imp_?uncaught_exception@std@@YA_NXZ 0043e1c8     msvcprtd:MSVCP140D.dll
 0005:000001cc       __imp_?_Debug_message@std@@YAXPB_W0I@Z 0043e1cc     msvcprtd:MSVCP140D.dll
 0005:000001d0       __imp_?_Xbad_alloc@std@@YAXXZ 0043e1d0     msvcprtd:MSVCP140D.dll
 0005:000001d4       __imp_?_Xlength_error@std@@YAXPBD@Z 0043e1d4     msvcprtd:MSVCP140D.dll
 0005:000001d8       __imp_?_Xout_of_range@std@@YAXPBD@Z 0043e1d8     msvcprtd:MSVCP140D.dll
 0005:000001dc       __imp_??Bid@locale@std@@QAEIXZ 0043e1dc     msvcprtd:MSVCP140D.dll
 0005:000001e0       __imp_?_Getgloballocale@locale@std@@CAPAV_Locimp@12@XZ 0043e1e0     msvcprtd:MSVCP140D.dll
 0005:000001e4       __imp_?always_noconv@codecvt_base@std@@QBE_NXZ 0043e1e4     msvcprtd:MSVCP140D.dll
 0005:000001e8       __imp_?is@?$ctype@D@std@@QBE_NFD@Z 0043e1e8     msvcprtd:MSVCP140D.dll
 0005:000001ec       __imp_?_Getcat@?$ctype@D@std@@SAIPAPBVfacet@locale@2@PBV42@@Z 0043e1ec     msvcprtd:MSVCP140D.dll
 0005:000001f0       __imp_?in@?$codecvt@DDU_Mbstatet@@@std@@QBEHAAU_Mbstatet@@PBD1AAPBDPAD3AAPAD@Z 0043e1f0     msvcprtd:MSVCP140D.dll
 0005:000001f4       __imp_?out@?$codecvt@DDU_Mbstatet@@@std@@QBEHAAU_Mbstatet@@PBD1AAPBDPAD3AAPAD@Z 0043e1f4     msvcprtd:MSVCP140D.dll
 0005:000001f8       __imp_?good@ios_base@std@@QBE_NXZ 0043e1f8     msvcprtd:MSVCP140D.dll
 0005:000001fc       __imp_?_Getcat@?$codecvt@DDU_Mbstatet@@@std@@SAIPAPBVfacet@locale@2@PBV42@@Z 0043e1fc     msvcprtd:MSVCP140D.dll
 0005:00000200       __imp_?unshift@?$codecvt@DDU_Mbstatet@@@std@@QBEHAAU_Mbstatet@@PAD1AAPAD@Z 0043e200     msvcprtd:MSVCP140D.dll
 0005:00000204       __imp_??0?$basic_ostream@DU?$char_traits@D@std@@@std@@QAE@PAV?$basic_streambuf@DU?$char_traits@D@std@@@1@_N@Z 0043e204     msvcprtd:MSVCP140D.dll
 0005:00000208       \177MSVCP140D_NULL_THUNK_DATA 0043e208     msvcprtd:MSVCP140D.dll
 0005:00000274       __imp____vcrt_GetModuleFileNameW 0043e274     vcruntimed:VCRUNTIME140D.dll
 0005:00000278       __imp____std_type_info_destroy_list 0043e278     vcruntimed:VCRUNTIME140D.dll
 0005:0000027c       __imp___except_handler4_common 0043e27c     vcruntimed:VCRUNTIME140D.dll
 0005:00000280       __imp____CxxFrameHandler3  0043e280     vcruntimed:VCRUNTIME140D.dll
 0005:00000284       __imp___CxxThrowException@8 0043e284     vcruntimed:VCRUNTIME140D.dll
 0005:00000288       __imp____vcrt_GetModuleHandleW 0043e288     vcruntimed:VCRUNTIME140D.dll
 0005:0000028c       __imp____std_exception_copy 0043e28c     vcruntimed:VCRUNTIME140D.dll
 0005:00000290       __imp__memset              0043e290     vcruntimed:VCRUNTIME140D.dll
 0005:00000294       __imp__memmove             0043e294     vcruntimed:VCRUNTIME140D.dll
 0005:00000298       __imp__memcpy              0043e298     vcruntimed:VCRUNTIME140D.dll
 0005:0000029c       __imp__memcmp              0043e29c     vcruntimed:VCRUNTIME140D.dll
 0005:000002a0       __imp__memchr              0043e2a0     vcruntimed:VCRUNTIME140D.dll
 0005:000002a4       __imp____std_exception_destroy 0043e2a4     vcruntimed:VCRUNTIME140D.dll
 0005:000002a8       __imp____vcrt_LoadLibraryExW 0043e2a8     vcruntimed:VCRUNTIME140D.dll
 0005:000002ac       \177VCRUNTIME140D_NULL_THUNK_DATA 0043e2ac     vcruntimed:VCRUNTIME140D.dll
 0005:000002e0       __imp__PlaySoundA@12       0043e2e0     winmm:WINMM.dll
 0005:000002e4       \177WINMM_NULL_THUNK_DATA  0043e2e4     winmm:WINMM.dll
 0005:00000310       __imp___unlock_file        0043e310     ucrtd:ucrtbased.dll
 0005:00000314       __imp__strlen              0043e314     ucrtd:ucrtbased.dll
 0005:00000318       __imp___CrtDbgReportW      0043e318     ucrtd:ucrtbased.dll
 0005:0000031c       __imp__setlocale           0043e31c     ucrtd:ucrtbased.dll
 0005:00000320       __imp___access             0043e320     ucrtd:ucrtbased.dll
 0005:00000324       __imp___free_dbg           0043e324     ucrtd:ucrtbased.dll
 0005:00000328       __imp___malloc_dbg         0043e328     ucrtd:ucrtbased.dll
 0005:0000032c       __imp___callnewh           0043e32c     ucrtd:ucrtbased.dll
 0005:00000330       __imp__malloc              0043e330     ucrtd:ucrtbased.dll
 0005:00000334       __imp___seh_filter_dll     0043e334     ucrtd:ucrtbased.dll
 0005:00000338       __imp___configure_narrow_argv 0043e338     ucrtd:ucrtbased.dll
 0005:0000033c       __imp___initialize_narrow_environment 0043e33c     ucrtd:ucrtbased.dll
 0005:00000340       __imp___initialize_onexit_table 0043e340     ucrtd:ucrtbased.dll
 0005:00000344       __imp___register_onexit_function 0043e344     ucrtd:ucrtbased.dll
 0005:00000348       __imp___execute_onexit_table 0043e348     ucrtd:ucrtbased.dll
 0005:0000034c       __imp___crt_atexit         0043e34c     ucrtd:ucrtbased.dll
 0005:00000350       __imp___crt_at_quick_exit  0043e350     ucrtd:ucrtbased.dll
 0005:00000354       __imp___cexit              0043e354     ucrtd:ucrtbased.dll
 0005:00000358       __imp___CrtDbgReport       0043e358     ucrtd:ucrtbased.dll
 0005:0000035c       __imp___except1            0043e35c     ucrtd:ucrtbased.dll
 0005:00000360       __imp___seh_filter_exe     0043e360     ucrtd:ucrtbased.dll
 0005:00000364       __imp___set_app_type       0043e364     ucrtd:ucrtbased.dll
 0005:00000368       __imp____setusermatherr    0043e368     ucrtd:ucrtbased.dll
 0005:0000036c       __imp___get_initial_narrow_environment 0043e36c     ucrtd:ucrtbased.dll
 0005:00000370       __imp___initterm           0043e370     ucrtd:ucrtbased.dll
 0005:00000374       __imp___initterm_e         0043e374     ucrtd:ucrtbased.dll
 0005:00000378       __imp__exit                0043e378     ucrtd:ucrtbased.dll
 0005:0000037c       __imp___exit               0043e37c     ucrtd:ucrtbased.dll
 0005:00000380       __imp___set_fmode          0043e380     ucrtd:ucrtbased.dll
 0005:00000384       __imp____p___argc          0043e384     ucrtd:ucrtbased.dll
 0005:00000388       __imp__ungetc              0043e388     ucrtd:ucrtbased.dll
 0005:0000038c       __imp___c_exit             0043e38c     ucrtd:ucrtbased.dll
 0005:00000390       __imp___register_thread_local_exe_atexit_callback 0043e390     ucrtd:ucrtbased.dll
 0005:00000394       __imp___configthreadlocale 0043e394     ucrtd:ucrtbased.dll
 0005:00000398       __imp___set_new_mode       0043e398     ucrtd:ucrtbased.dll
 0005:0000039c       __imp____p__commode        0043e39c     ucrtd:ucrtbased.dll
 0005:000003a0       __imp__terminate           0043e3a0     ucrtd:ucrtbased.dll
 0005:000003a4       __imp__strcpy_s            0043e3a4     ucrtd:ucrtbased.dll
 0005:000003a8       __imp__strcat_s            0043e3a8     ucrtd:ucrtbased.dll
 0005:000003ac       __imp____stdio_common_vsprintf_s 0043e3ac     ucrtd:ucrtbased.dll
 0005:000003b0       __imp___controlfp_s        0043e3b0     ucrtd:ucrtbased.dll
 0005:000003b4       __imp___wmakepath_s        0043e3b4     ucrtd:ucrtbased.dll
 0005:000003b8       __imp___wsplitpath_s       0043e3b8     ucrtd:ucrtbased.dll
 0005:000003bc       __imp__wcscpy_s            0043e3bc     ucrtd:ucrtbased.dll
 0005:000003c0       __imp___lock_file          0043e3c0     ucrtd:ucrtbased.dll
 0005:000003c4       __imp__remove              0043e3c4     ucrtd:ucrtbased.dll
 0005:000003c8       __imp__fwrite              0043e3c8     ucrtd:ucrtbased.dll
 0005:000003cc       __imp___fseeki64           0043e3cc     ucrtd:ucrtbased.dll
 0005:000003d0       __imp__fsetpos             0043e3d0     ucrtd:ucrtbased.dll
 0005:000003d4       __imp__fputc               0043e3d4     ucrtd:ucrtbased.dll
 0005:000003d8       __imp__fgetpos             0043e3d8     ucrtd:ucrtbased.dll
 0005:000003dc       __imp__fgetc               0043e3dc     ucrtd:ucrtbased.dll
 0005:000003e0       __imp__fflush              0043e3e0     ucrtd:ucrtbased.dll
 0005:000003e4       __imp__fclose              0043e3e4     ucrtd:ucrtbased.dll
 0005:000003e8       __imp___get_stream_buffer_pointers 0043e3e8     ucrtd:ucrtbased.dll
 0005:000003ec       __imp__system              0043e3ec     ucrtd:ucrtbased.dll
 0005:000003f0       __imp__atoi                0043e3f0     ucrtd:ucrtbased.dll
 0005:000003f4       __imp__rand                0043e3f4     ucrtd:ucrtbased.dll
 0005:000003f8       __imp__srand               0043e3f8     ucrtd:ucrtbased.dll
 0005:000003fc       __imp___errno              0043e3fc     ucrtd:ucrtbased.dll
 0005:00000400       __imp___time64             0043e400     ucrtd:ucrtbased.dll
 0005:00000404       __imp___invalid_parameter_noinfo 0043e404     ucrtd:ucrtbased.dll
 0005:00000408       __imp___invalid_parameter  0043e408     ucrtd:ucrtbased.dll
 0005:0000040c       __imp____p___argv          0043e40c     ucrtd:ucrtbased.dll
 0005:00000410       __imp__setvbuf             0043e410     ucrtd:ucrtbased.dll
 0005:00000414       \177ucrtbased_NULL_THUNK_DATA 0043e414     ucrtd:ucrtbased.dll
 0005:00000474       __imp__URLDownloadToFileA@20 0043e474     urlmon:urlmon.dll
 0005:00000478       \177urlmon_NULL_THUNK_DATA 0043e478     urlmon:urlmon.dll
 0005:000004a4       __IMPORT_DESCRIPTOR_WINMM  0043e4a4     winmm:WINMM.dll
 0005:000004b8       __IMPORT_DESCRIPTOR_KERNEL32 0043e4b8     kernel32:KERNEL32.dll
 0005:000004cc       __IMPORT_DESCRIPTOR_MSVCP140D 0043e4cc     msvcprtd:MSVCP140D.dll
 0005:000004e0       __IMPORT_DESCRIPTOR_urlmon 0043e4e0     urlmon:urlmon.dll
 0005:000004f4       __IMPORT_DESCRIPTOR_VCRUNTIME140D 0043e4f4     vcruntimed:VCRUNTIME140D.dll
 0005:00000508       __IMPORT_DESCRIPTOR_ucrtbased 0043e508     ucrtd:ucrtbased.dll
 0005:0000051c       __NULL_IMPORT_DESCRIPTOR   0043e51c     winmm:WINMM.dll
 0006:00000000       ___guard_check_icall_fptr  00441000     MSVCRTD:guard_support.obj
