 Ruletka

 Timestamp is 5a299c8d (Thu Dec  7 20:54:53 2017)

 Preferred load address is 0000000140000000

 Start         Length     Name                   Class
 0001:00000000 000109d5H .textbss                DATA
 0002:00000000 000030d0H .text$di                CODE
 0002:000030d0 00020b10H .text$mn                CODE
 0002:00023be0 00001110H .text$mn$00             CODE
 0002:00024cf0 00002c20H .text$x                 CODE
 0002:00027910 0000106eH .text$yd                CODE
 0003:00000000 00000110H .CRT$XCA                DATA
 0003:00000110 00000110H .CRT$XCAA               DATA
 0003:00000220 00000110H .CRT$XCL                DATA
 0003:00000330 00000110H .CRT$XCU                DATA
 0003:00000440 00000110H .CRT$XCZ                DATA
 0003:00000550 00000110H .CRT$XIA                DATA
 0003:00000660 00000110H .CRT$XIAA               DATA
 0003:00000770 00000110H .CRT$XIAC               DATA
 0003:00000880 00000110H .CRT$XIZ                DATA
 0003:00000990 00000110H .CRT$XPA                DATA
 0003:00000aa0 00000110H .CRT$XPZ                DATA
 0003:00000bb0 00000110H .CRT$XTA                DATA
 0003:00000cc0 00000110H .CRT$XTZ                DATA
 0003:00000dd0 00006830H .rdata                  DATA
 0003:00007600 00000c58H .rdata$r                DATA
 0003:00008258 000001b8H .rdata$zzzdbg           DATA
 0003:00008410 00000110H .rtc$IAA                DATA
 0003:00008520 00000110H .rtc$IMZ                DATA
 0003:00008630 00000110H .rtc$IZZ                DATA
 0003:00008740 00000110H .rtc$TAA                DATA
 0003:00008850 00000110H .rtc$TMZ                DATA
 0003:00008960 00000110H .rtc$TZZ                DATA
 0003:00008a70 000044a8H .xdata                  DATA
 0003:0000cf18 00000275H .xdata$x                DATA
 0003:0000d18d 00000000H .edata                  DATA
 0004:00000000 000001b0H .data                   DATA
 0004:000001b0 00000630H .data$r                 DATA
 0004:000007e0 00000801H .bss                    DATA
 0005:00000000 00003ac8H .pdata                  DATA
 0006:00000000 00000948H .idata$5                DATA
 0006:00000948 00000078H .idata$2                DATA
 0006:000009c0 00000018H .idata$3                DATA
 0006:000009d8 00000948H .idata$4                DATA
 0006:00001320 00001f7dH .idata$6                DATA
 0007:00000000 0000013fH .00cfg                  DATA
 0008:00000000 00000170H .rsrc$01                DATA
 0008:00000170 000002e9H .rsrc$02                DATA

  Address         Publics by Value              Rva+Base               Lib:Object

 0000:00000000       __guard_iat_count          0000000000000000     <absolute>
 0000:00000000       __guard_fids_count         0000000000000000     <absolute>
 0000:00000000       __hybrid_auxiliary_iat     0000000000000000     <absolute>
 0000:00000000       __dynamic_value_reloc_table 0000000000000000     <absolute>
 0000:00000000       __guard_iat_table          0000000000000000     <absolute>
 0000:00000000       __guard_fids_table         0000000000000000     <absolute>
 0000:00000000       __guard_longjmp_count      0000000000000000     <absolute>
 0000:00000000       __guard_longjmp_table      0000000000000000     <absolute>
 0000:00000000       ___safe_se_handler_count   0000000000000000     <absolute>
 0000:00000000       __hybrid_code_map_count    0000000000000000     <absolute>
 0000:00000000       __enclave_config           0000000000000000     <absolute>
 0000:00000000       __hybrid_code_map          0000000000000000     <absolute>
 0000:00000000       ___safe_se_handler_table   0000000000000000     <absolute>
 0000:00000100       __guard_flags              0000000000000100     <absolute>
 0000:00000000       __ImageBase                0000000140000000     <linker-defined>
 0001:00000000       __enc$textbss$begin        0000000140001000     <linker-defined>
 0001:000109d5       __enc$textbss$end          00000001400119d5     <linker-defined>
 0002:000030d0       ??$?0$$V@?$_Compressed_pair@V?$allocator@D@std@@V?$_String_val@U?$_Simple_types@D@std@@@2@$00@std@@QEAA@U_Zero_then_variadic_args_t@1@@Z 00000001400150d0 f i main.obj
 0002:00003140       ??$?0AEBV?$allocator@D@std@@$$V@?$_Compressed_pair@V?$allocator@D@std@@V?$_String_val@U?$_Simple_types@D@std@@@2@$00@std@@QEAA@U_One_then_variadic_args_t@1@AEBV?$allocator@D@1@@Z 0000000140015140 f i main.obj
 0002:000031c0       ??$?0AEBV?$allocator@D@std@@X@?$_String_alloc@U?$_String_base_types@DV?$allocator@D@std@@@std@@@std@@QEAA@AEBV?$allocator@D@1@@Z 00000001400151c0 f i main.obj
 0002:00003260       ??$?0D@?$allocator@U_Container_proxy@std@@@std@@QEAA@AEBV?$allocator@D@1@@Z 0000000140015260 f i main.obj
 0002:000032b0       ??$?0V?$allocator@D@std@@$$V@?$_Compressed_pair@V?$allocator@D@std@@V?$_String_val@U?$_Simple_types@D@std@@@2@$00@std@@QEAA@U_One_then_variadic_args_t@1@$$QEAV?$allocator@D@1@@Z 00000001400152b0 f i main.obj
 0002:00003330       ??$?0V?$allocator@D@std@@X@?$_String_alloc@U?$_String_base_types@DV?$allocator@D@std@@@std@@@std@@QEAA@$$QEAV?$allocator@D@1@@Z 0000000140015330 f i main.obj
 0002:000033d0       ??$?5DU?$char_traits@D@std@@V?$allocator@D@1@@std@@YAAEAV?$basic_istream@DU?$char_traits@D@std@@@0@$$QEAV10@AEAV?$basic_string@DU?$char_traits@D@std@@V?$allocator@D@2@@0@@Z 00000001400153d0 f i main.obj
 0002:00003870       ??$?5DU?$char_traits@D@std@@V?$allocator@D@1@@std@@YAAEAV?$basic_istream@DU?$char_traits@D@std@@@0@AEAV10@AEAV?$basic_string@DU?$char_traits@D@std@@V?$allocator@D@2@@0@@Z 0000000140015870 f i main.obj
 0002:000038e0       ??$?6DU?$char_traits@D@std@@V?$allocator@D@1@@std@@YAAEAV?$basic_ostream@DU?$char_traits@D@std@@@0@AEAV10@AEBV?$basic_string@DU?$char_traits@D@std@@V?$allocator@D@2@@0@@Z 00000001400158e0 f i main.obj
 0002:00003970       ??$?6U?$char_traits@D@std@@@std@@YAAEAV?$basic_ostream@DU?$char_traits@D@std@@@0@AEAV10@PEBD@Z 0000000140015970 f i main.obj
 0002:00003e80       ??$?8DU?$char_traits@D@std@@V?$allocator@D@1@@std@@YA_NAEBV?$basic_string@DU?$char_traits@D@std@@V?$allocator@D@2@@0@QEBD@Z 0000000140015e80 f i main.obj
 0002:00003ee0       ??$?9DD@std@@YA_NAEBV?$allocator@D@0@0@Z 0000000140015ee0 f i main.obj
 0002:00003f30       ??$?9DU?$char_traits@D@std@@V?$allocator@D@1@@std@@YA_NAEBV?$basic_string@DU?$char_traits@D@std@@V?$allocator@D@2@@0@QEBD@Z 0000000140015f30 f i main.obj
 0002:00003fc0       ??$?HDU?$char_traits@D@std@@V?$allocator@D@1@@std@@YA?AV?$basic_string@DU?$char_traits@D@std@@V?$allocator@D@2@@0@$$QEAV10@0@Z 0000000140015fc0 f i main.obj
 0002:00004180       ??$?HDU?$char_traits@D@std@@V?$allocator@D@1@@std@@YA?AV?$basic_string@DU?$char_traits@D@std@@V?$allocator@D@2@@0@$$QEAV10@D@Z 0000000140016180 f i main.obj
 0002:00004230       ??$?HDU?$char_traits@D@std@@V?$allocator@D@1@@std@@YA?AV?$basic_string@DU?$char_traits@D@std@@V?$allocator@D@2@@0@$$QEAV10@QEBD@Z 0000000140016230 f i main.obj
 0002:000042e0       ??$?HDU?$char_traits@D@std@@V?$allocator@D@1@@std@@YA?AV?$basic_string@DU?$char_traits@D@std@@V?$allocator@D@2@@0@AEBV10@$$QEAV10@@Z 00000001400162e0 f i main.obj
 0002:00004390       ??$?HDU?$char_traits@D@std@@V?$allocator@D@1@@std@@YA?AV?$basic_string@DU?$char_traits@D@std@@V?$allocator@D@2@@0@AEBV10@0@Z 0000000140016390 f i main.obj
 0002:000044f0       ??$?HDU?$char_traits@D@std@@V?$allocator@D@1@@std@@YA?AV?$basic_string@DU?$char_traits@D@std@@V?$allocator@D@2@@0@AEBV10@QEBD@Z 00000001400164f0 f i main.obj
 0002:00004660       ??$?HDU?$char_traits@D@std@@V?$allocator@D@1@@std@@YA?AV?$basic_string@DU?$char_traits@D@std@@V?$allocator@D@2@@0@QEBDAEBV10@@Z 0000000140016660 f i main.obj
 0002:000047d0       ??$?RVrandom_device@std@@@?$uniform_int@H@std@@QEBAHAEAVrandom_device@1@@Z 00000001400167d0 f i main.obj
 0002:00004850       ??$_Convert_size@_K@std@@YA_K_K@Z 0000000140016850 f i main.obj
 0002:000048a0       ??$_Deallocate_plain@V?$allocator@U_Container_proxy@std@@@std@@$0A@@std@@YAXAEAV?$allocator@U_Container_proxy@std@@@0@QEAU_Container_proxy@0@@Z 00000001400168a0 f i main.obj
 0002:00004910       ??$_Eval@Vrandom_device@std@@@?$uniform_int@H@std@@AEBAHAEAVrandom_device@1@HH@Z 0000000140016910 f i main.obj
 0002:00004a50       ??$_Fgetc@D@std@@YA_NAEADPEAU_iobuf@@@Z 0000000140016a50 f i main.obj
 0002:00004ad0       ??$_Fputc@D@std@@YA_NDPEAU_iobuf@@@Z 0000000140016ad0 f i main.obj
 0002:00004b60       ??$_Insert_string@DU?$char_traits@D@std@@_K@std@@YAAEAV?$basic_ostream@DU?$char_traits@D@std@@@0@AEAV10@QEBD_K@Z 0000000140016b60 f i main.obj
 0002:00005070       ??$_Max_value@_K@std@@YAAEB_KAEB_K0@Z 0000000140017070 f i main.obj
 0002:00005110       ??$_Min_value@_K@std@@YAAEB_KAEB_K0@Z 0000000140017110 f i main.obj
 0002:000051b0       ??$_Pocca@V?$allocator@D@std@@@std@@YAXAEAV?$allocator@D@0@AEBV10@@Z 00000001400171b0 f i main.obj
 0002:00005230       ??$_Pocca@V?$allocator@D@std@@@std@@YAXAEAV?$allocator@D@0@AEBV10@U?$integral_constant@_N$0A@@0@@Z 0000000140017230 f i main.obj
 0002:00005280       ??$_Pocma@V?$allocator@D@std@@@std@@YAXAEAV?$allocator@D@0@0@Z 0000000140017280 f i main.obj
 0002:00005300       ??$_Pocma@V?$allocator@D@std@@@std@@YAXAEAV?$allocator@D@0@0U?$integral_constant@_N$00@0@@Z 0000000140017300 f i main.obj
 0002:000065a0       ??$_Refancy@PEAD$0A@@std@@YAPEADPEAD@Z 00000001400185a0 f i main.obj
 0002:000065f0       ??$_Traits_equal@U?$char_traits@D@std@@@std@@YA_NQEBD_K01@Z 00000001400185f0 f i main.obj
 0002:000066b0       ??$_Traits_find@U?$char_traits@D@std@@@std@@YA_KQEBD_K101@Z 00000001400186b0 f i main.obj
 0002:00006840       ??$_Unfancy@$$CBD@std@@YAPEBDPEBD@Z 0000000140018840 f i main.obj
 0002:00006890       ??$_Unfancy@D@std@@YAPEADPEAD@Z 0000000140018890 f i main.obj
 0002:000068e0       ??$_Unfancy@U_Container_proxy@std@@@std@@YAPEAU_Container_proxy@0@PEAU10@@Z 00000001400188e0 f i main.obj
 0002:00006930       ??$_Ungetc@D@std@@YA_NAEBDPEAU_iobuf@@@Z 0000000140018930 f i main.obj
 0002:000069d0       ??$addressof@$$CBV?$basic_string@DU?$char_traits@D@std@@V?$allocator@D@2@@std@@@std@@YAPEBV?$basic_string@DU?$char_traits@D@std@@V?$allocator@D@2@@0@AEBV10@@Z 00000001400189d0 f i main.obj
 0002:00006a20       ??$addressof@D@std@@YAPEADAEAD@Z 0000000140018a20 f i main.obj
 0002:00006a70       ??$addressof@PEAD@std@@YAPEAPEADAEAPEAD@Z 0000000140018a70 f i main.obj
 0002:00006ac0       ??$addressof@V?$_String_val@U?$_Simple_types@D@std@@@std@@@std@@YAPEAV?$_String_val@U?$_Simple_types@D@std@@@0@AEAV10@@Z 0000000140018ac0 f i main.obj
 0002:00006b10       ??$addressof@V?$basic_string@DU?$char_traits@D@std@@V?$allocator@D@2@@std@@@std@@YAPEAV?$basic_string@DU?$char_traits@D@std@@V?$allocator@D@2@@0@AEAV10@@Z 0000000140018b10 f i main.obj
 0002:00006b60       ??$construct@PEADAEBQEAD@?$_Default_allocator_traits@V?$allocator@D@std@@@std@@SAXAEAV?$allocator@D@1@QEAPEADAEBQEAD@Z 0000000140018b60 f i main.obj
 0002:00006bf0       ??$construct@U_Container_proxy@std@@U12@@?$_Default_allocator_traits@V?$allocator@U_Container_proxy@std@@@std@@@std@@SAXAEAV?$allocator@U_Container_proxy@std@@@1@QEAU_Container_proxy@1@$$QEAU31@@Z 0000000140018bf0 f i main.obj
 0002:00006c90       ??$destroy@PEAD@?$_Default_allocator_traits@V?$allocator@D@std@@@std@@SAXAEAV?$allocator@D@1@QEAPEAD@Z 0000000140018c90 f i main.obj
 0002:00006ce0       ??$destroy@U_Container_proxy@std@@@?$_Default_allocator_traits@V?$allocator@U_Container_proxy@std@@@std@@@std@@SAXAEAV?$allocator@U_Container_proxy@std@@@1@QEAU_Container_proxy@1@@Z 0000000140018ce0 f i main.obj
 0002:00006d30       ??$endl@DU?$char_traits@D@std@@@std@@YAAEAV?$basic_ostream@DU?$char_traits@D@std@@@0@AEAV10@@Z 0000000140018d30 f i main.obj
 0002:00006dd0       ??$forward@AEBQEAD@std@@YAAEBQEADAEBQEAD@Z 0000000140018dd0 f i main.obj
 0002:00006e20       ??$forward@AEBV?$allocator@D@std@@@std@@YAAEBV?$allocator@D@0@AEBV10@@Z 0000000140018e20 f i main.obj
 0002:00006e70       ??$forward@U_Container_proxy@std@@@std@@YA$$QEAU_Container_proxy@0@AEAU10@@Z 0000000140018e70 f i main.obj
 0002:00006ec0       ??$forward@V?$allocator@D@std@@@std@@YA$$QEAV?$allocator@D@0@AEAV10@@Z 0000000140018ec0 f i main.obj
 0002:00006f10       ??$getline@DU?$char_traits@D@std@@V?$allocator@D@2@@std@@YAAEAV?$basic_istream@DU?$char_traits@D@std@@@0@$$QEAV10@AEAV?$basic_string@DU?$char_traits@D@std@@V?$allocator@D@2@@0@D@Z 0000000140018f10 f i main.obj
 0002:00007270       ??$getline@DU?$char_traits@D@std@@V?$allocator@D@2@@std@@YAAEAV?$basic_istream@DU?$char_traits@D@std@@@0@AEAV10@AEAV?$basic_string@DU?$char_traits@D@std@@V?$allocator@D@2@@0@@Z 0000000140019270 f i main.obj
 0002:00007320       ??$move@AEAV?$allocator@D@std@@@std@@YA$$QEAV?$allocator@D@0@AEAV10@@Z 0000000140019320 f i main.obj
 0002:00007370       ??$move@AEAV?$basic_istream@DU?$char_traits@D@std@@@std@@@std@@YA$$QEAV?$basic_istream@DU?$char_traits@D@std@@@0@AEAV10@@Z 0000000140019370 f i main.obj
 0002:000073c0       ??$move@AEAV?$basic_string@DU?$char_traits@D@std@@V?$allocator@D@2@@std@@@std@@YA$$QEAV?$basic_string@DU?$char_traits@D@std@@V?$allocator@D@2@@0@AEAV10@@Z 00000001400193c0 f i main.obj
 0002:00007410       ??$size@D$0BB@@std@@YA_KAEAY0BB@$$CBD@Z 0000000140019410 f i main.obj
 0002:00007460       ??$size@D$0BE@@std@@YA_KAEAY0BE@$$CBD@Z 0000000140019460 f i main.obj
 0002:000074b0       ??$size@D$0BH@@std@@YA_KAEAY0BH@$$CBD@Z 00000001400194b0 f i main.obj
 0002:00007500       ??$size@D$0BL@@std@@YA_KAEAY0BL@$$CBD@Z 0000000140019500 f i main.obj
 0002:00007550       ??$size@D$0BM@@std@@YA_KAEAY0BM@$$CBD@Z 0000000140019550 f i main.obj
 0002:000075a0       ??$size@D$0BN@@std@@YA_KAEAY0BN@$$CBD@Z 00000001400195a0 f i main.obj
 0002:000075f0       ??$size@D$0CA@@std@@YA_KAEAY0CA@$$CBD@Z 00000001400195f0 f i main.obj
 0002:00007640       ??$size@D$0CG@@std@@YA_KAEAY0CG@$$CBD@Z 0000000140019640 f i main.obj
 0002:00007690       ??$size@D$0O@@std@@YA_KAEAY0O@$$CBD@Z 0000000140019690 f i main.obj
 0002:000076e0       ??$use_facet@V?$codecvt@DDU_Mbstatet@@@std@@@std@@YAAEBV?$codecvt@DDU_Mbstatet@@@0@AEBVlocale@0@@Z 00000001400196e0 f i main.obj
 0002:000078a0       ??$use_facet@V?$ctype@D@std@@@std@@YAAEBV?$ctype@D@0@AEBVlocale@0@@Z 00000001400198a0 f i main.obj
 0002:00007a60       ??0?$_Rng_from_urng@IVrandom_device@std@@@std@@QEAA@AEAVrandom_device@1@@Z 0000000140019a60 f i main.obj
 0002:00007b60       ??0?$_String_alloc@U?$_String_base_types@DV?$allocator@D@std@@@std@@@std@@QEAA@XZ 0000000140019b60 f i main.obj
 0002:00007bf0       ??0?$_String_const_iterator@V?$_String_val@U?$_Simple_types@D@std@@@std@@@std@@QEAA@PEBDPEBU_Container_base12@1@@Z 0000000140019bf0 f i main.obj
 0002:00007c90       ??0?$_String_iterator@V?$_String_val@U?$_Simple_types@D@std@@@std@@@std@@QEAA@PEADPEBU_Container_base12@1@@Z 0000000140019c90 f i main.obj
 0002:00007d10       ??0?$_String_val@U?$_Simple_types@D@std@@@std@@QEAA@XZ 0000000140019d10 f i main.obj
 0002:00007dc0       ??0?$allocator@D@std@@QEAA@XZ 0000000140019dc0 f i main.obj
 0002:00007e10       ??0?$basic_filebuf@DU?$char_traits@D@std@@@std@@QEAA@PEAU_iobuf@@@Z 0000000140019e10 f i main.obj
 0002:00007ec0       ??0?$basic_fstream@DU?$char_traits@D@std@@@std@@QEAA@XZ 0000000140019ec0 f i main.obj
 0002:00008040       ??0?$basic_ifstream@DU?$char_traits@D@std@@@std@@QEAA@XZ 000000014001a040 f i main.obj
 0002:000081a0       ??0?$basic_ofstream@DU?$char_traits@D@std@@@std@@QEAA@XZ 000000014001a1a0 f i main.obj
 0002:00008300       ??0?$basic_string@DU?$char_traits@D@std@@V?$allocator@D@2@@std@@QEAA@$$QEAV01@@Z 000000014001a300 f i main.obj
 0002:000083e0       ??0?$basic_string@DU?$char_traits@D@std@@V?$allocator@D@2@@std@@QEAA@AEBV01@@Z 000000014001a3e0 f i main.obj
 0002:00008490       ??0?$basic_string@DU?$char_traits@D@std@@V?$allocator@D@2@@std@@QEAA@AEBV01@_K1AEBV?$allocator@D@1@@Z 000000014001a490 f i main.obj
 0002:00008550       ??0?$basic_string@DU?$char_traits@D@std@@V?$allocator@D@2@@std@@QEAA@QEBD@Z 000000014001a550 f i main.obj
 0002:000085f0       ??0?$basic_string@DU?$char_traits@D@std@@V?$allocator@D@2@@std@@QEAA@QEBD_K@Z 000000014001a5f0 f i main.obj
 0002:000086a0       ??0?$basic_string@DU?$char_traits@D@std@@V?$allocator@D@2@@std@@QEAA@XZ 000000014001a6a0 f i main.obj
 0002:00008720       ??0?$basic_string@DU?$char_traits@D@std@@V?$allocator@D@2@@std@@QEAA@_KD@Z 000000014001a720 f i main.obj
 0002:000087d0       ??0?$basic_stringbuf@DU?$char_traits@D@std@@V?$allocator@D@2@@std@@QEAA@H@Z 000000014001a7d0 f i main.obj
 0002:000088a0       ??0?$basic_stringstream@DU?$char_traits@D@std@@V?$allocator@D@2@@std@@QEAA@H@Z 000000014001a8a0 f i main.obj
 0002:00008a20       ??0?$fpos@U_Mbstatet@@@std@@QEAA@U_Mbstatet@@_J@Z 000000014001aa20 f i main.obj
 0002:00008ac0       ??0?$fpos@U_Mbstatet@@@std@@QEAA@_J@Z 000000014001aac0 f i main.obj
 0002:00008b60       ??0?$mersenne_twister@_K$0EA@$0BDI@$0JM@$0BP@$0?EKPNJAKFFGJJOGBH@$0BN@$0BB@$0HBNGHPPPONKGAAAA@$0CF@$0?IBBCAAAAAAAAA@$0CL@@std@@QEAA@_K00@Z 000000014001ab60 f i main.obj
 0002:00008c00       ??0?$mersenne_twister_engine@_K$0EA@$0BDI@$0JM@$0BP@$0?EKPNJAKFFGJJOGBH@$0BN@$0FFFFFFFFFFFFFFFF@$0BB@$0HBNGHPPPONKGAAAA@$0CF@$0?IBBCAAAAAAAAA@$0CL@$0FIFBPECNEMJFHPCN@@std@@QEAA@_K@Z 000000014001ac00 f i main.obj
 0002:00008c80       ??0?$uniform_int@H@std@@QEAA@HH@Z 000000014001ac80 f i main.obj
 0002:00008d00       ??0?$uniform_int_distribution@H@std@@QEAA@HH@Z 000000014001ad00 f i main.obj
 0002:00008d80       ??0_Bxty@?$_String_val@U?$_Simple_types@D@std@@@std@@QEAA@XZ 000000014001ad80 f i main.obj
 0002:00008dd0       ??0_Container_base12@std@@QEAA@XZ 000000014001add0 f i main.obj
 0002:00008e30       ??0_Container_proxy@std@@QEAA@XZ 000000014001ae30 f i main.obj
 0002:00008ea0       ??0_Iterator_base12@std@@QEAA@XZ 000000014001aea0 f i main.obj
 0002:00008f10       ??0_Sentry_base@?$basic_istream@DU?$char_traits@D@std@@@std@@QEAA@AEAV12@@Z 000000014001af10 f i main.obj
 0002:00009030       ??0_Sentry_base@?$basic_ostream@DU?$char_traits@D@std@@@std@@QEAA@AEAV12@@Z 000000014001b030 f i main.obj
 0002:00009150       ??0bad_cast@std@@QEAA@AEBV01@@Z 000000014001b150 f i main.obj
 0002:000091d0       ??0bad_cast@std@@QEAA@XZ   000000014001b1d0 f i main.obj
 0002:00009250       ??0exception@std@@QEAA@AEBV01@@Z 000000014001b250 f i main.obj
 0002:00009300       ??0exception@std@@QEAA@QEBDH@Z 000000014001b300 f i main.obj
 0002:000093a0       ??0param_type@?$uniform_int@H@std@@QEAA@HH@Z 000000014001b3a0 f i main.obj
 0002:00009420       ??0random_device@std@@QEAA@AEBV?$basic_string@DU?$char_traits@D@std@@V?$allocator@D@2@@1@@Z 000000014001b420 f i main.obj
 0002:00009480       ??0sentry@?$basic_istream@DU?$char_traits@D@std@@@std@@QEAA@AEAV12@_N@Z 000000014001b480 f i main.obj
 0002:00009530       ??0sentry@?$basic_ostream@DU?$char_traits@D@std@@@std@@QEAA@AEAV12@@Z 000000014001b530 f i main.obj
 0002:000096c0       ??1?$_Compressed_pair@V?$allocator@D@std@@V?$_String_val@U?$_Simple_types@D@std@@@2@$00@std@@QEAA@XZ 000000014001b6c0 f i main.obj
 0002:00009720       ??1?$_String_alloc@U?$_String_base_types@DV?$allocator@D@std@@@std@@@std@@QEAA@XZ 000000014001b720 f i main.obj
 0002:000097a0       ??1?$_String_const_iterator@V?$_String_val@U?$_Simple_types@D@std@@@std@@@std@@QEAA@XZ 000000014001b7a0 f i main.obj
 0002:000097f0       ??1?$_String_iterator@V?$_String_val@U?$_Simple_types@D@std@@@std@@@std@@QEAA@XZ 000000014001b7f0 f i main.obj
 0002:00009840       ??1?$_String_val@U?$_Simple_types@D@std@@@std@@QEAA@XZ 000000014001b840 f i main.obj
 0002:000098b0       ??1?$basic_filebuf@DU?$char_traits@D@std@@@std@@UEAA@XZ 000000014001b8b0 f i main.obj
 0002:00009970       ??1?$basic_fstream@DU?$char_traits@D@std@@@std@@UEAA@XZ 000000014001b970 f i main.obj
 0002:00009a60       ??1?$basic_ifstream@DU?$char_traits@D@std@@@std@@UEAA@XZ 000000014001ba60 f i main.obj
 0002:00009b50       ??1?$basic_ofstream@DU?$char_traits@D@std@@@std@@UEAA@XZ 000000014001bb50 f i main.obj
 0002:00009c40       ??1?$basic_string@DU?$char_traits@D@std@@V?$allocator@D@2@@std@@QEAA@XZ 000000014001bc40 f i main.obj
 0002:00009cb0       ??1?$basic_stringbuf@DU?$char_traits@D@std@@V?$allocator@D@2@@std@@UEAA@XZ 000000014001bcb0 f i main.obj
 0002:00009d40       ??1?$basic_stringstream@DU?$char_traits@D@std@@V?$allocator@D@2@@std@@UEAA@XZ 000000014001bd40 f i main.obj
 0002:00009e30       ??1_Bxty@?$_String_val@U?$_Simple_types@D@std@@@std@@QEAA@XZ 000000014001be30 f i main.obj
 0002:00009e70       ??1_Container_base12@std@@QEAA@XZ 000000014001be70 f i main.obj
 0002:00009ec0       ??1_Iterator_base12@std@@QEAA@XZ 000000014001bec0 f i main.obj
 0002:00009f80       ??1_Sentry_base@?$basic_istream@DU?$char_traits@D@std@@@std@@QEAA@XZ 000000014001bf80 f i main.obj
 0002:0000a080       ??1_Sentry_base@?$basic_ostream@DU?$char_traits@D@std@@@std@@QEAA@XZ 000000014001c080 f i main.obj
 0002:0000a180       ??1bad_cast@std@@UEAA@XZ   000000014001c180 f i main.obj
 0002:0000a1d0       ??1exception@std@@UEAA@XZ  000000014001c1d0 f i main.obj
 0002:0000a240       ??1locale@std@@QEAA@XZ     000000014001c240 f i main.obj
 0002:0000a330       ??1sentry@?$basic_istream@DU?$char_traits@D@std@@@std@@QEAA@XZ 000000014001c330 f i main.obj
 0002:0000a380       ??1sentry@?$basic_ostream@DU?$char_traits@D@std@@@std@@QEAA@XZ 000000014001c380 f i main.obj
 0002:0000a410       ??2@YAPEAX_KPEAX@Z         000000014001c410 f i main.obj
 0002:0000a460       ??4?$basic_string@DU?$char_traits@D@std@@V?$allocator@D@2@@std@@QEAAAEAV01@$$QEAV01@@Z 000000014001c460 f i main.obj
 0002:0000a560       ??4?$basic_string@DU?$char_traits@D@std@@V?$allocator@D@2@@std@@QEAAAEAV01@AEBV01@@Z 000000014001c560 f i main.obj
 0002:0000a640       ??4?$basic_string@DU?$char_traits@D@std@@V?$allocator@D@2@@std@@QEAAAEAV01@QEBD@Z 000000014001c640 f i main.obj
 0002:0000a6a0       ??A?$basic_string@DU?$char_traits@D@std@@V?$allocator@D@2@@std@@QEAAAEAD_K@Z 000000014001c6a0 f i main.obj
 0002:0000a780       ??A?$basic_string@DU?$char_traits@D@std@@V?$allocator@D@2@@std@@QEBAAEBD_K@Z 000000014001c780 f i main.obj
 0002:0000a860       ??B?$fpos@U_Mbstatet@@@std@@QEBA_JXZ 000000014001c860 f i main.obj
 0002:0000a8c0       ??Bsentry@?$basic_istream@DU?$char_traits@D@std@@@std@@QEBA_NXZ 000000014001c8c0 f i main.obj
 0002:0000a910       ??Bsentry@?$basic_ostream@DU?$char_traits@D@std@@@std@@QEBA_NXZ 000000014001c910 f i main.obj
 0002:0000a960       ??D?$_String_const_iterator@V?$_String_val@U?$_Simple_types@D@std@@@std@@@std@@QEBAAEBDXZ 000000014001c960 f i main.obj
 0002:0000ab30       ??D?$_String_iterator@V?$_String_val@U?$_Simple_types@D@std@@@std@@@std@@QEBAAEADXZ 000000014001cb30 f i main.obj
 0002:0000b150       ??R?$_Rng_from_urng@IVrandom_device@std@@@std@@QEAAII@Z 000000014001d150 f i main.obj
 0002:0000b2b0       ??R?$mersenne_twister@_K$0EA@$0BDI@$0JM@$0BP@$0?EKPNJAKFFGJJOGBH@$0BN@$0BB@$0HBNGHPPPONKGAAAA@$0CF@$0?IBBCAAAAAAAAA@$0CL@@std@@QEAA_KXZ 000000014001d2b0 f i main.obj
 0002:0000b420       ??Rrandom_device@std@@QEAAIXZ 000000014001d420 f i main.obj
 0002:0000b470       ??Y?$basic_string@DU?$char_traits@D@std@@V?$allocator@D@2@@std@@QEAAAEAV01@AEBV01@@Z 000000014001d470 f i main.obj
 0002:0000b4d0       ??Y?$basic_string@DU?$char_traits@D@std@@V?$allocator@D@2@@std@@QEAAAEAV01@D@Z 000000014001d4d0 f i main.obj
 0002:0000b540       ??Y?$basic_string@DU?$char_traits@D@std@@V?$allocator@D@2@@std@@QEAAAEAV01@QEBD@Z 000000014001d540 f i main.obj
 0002:0000b5a0       ??_D?$basic_fstream@DU?$char_traits@D@std@@@std@@QEAAXXZ 000000014001d5a0 f i main.obj
 0002:0000b620       ??_D?$basic_ifstream@DU?$char_traits@D@std@@@std@@QEAAXXZ 000000014001d620 f i main.obj
 0002:0000b6a0       ??_D?$basic_ofstream@DU?$char_traits@D@std@@@std@@QEAAXXZ 000000014001d6a0 f i main.obj
 0002:0000b720       ??_D?$basic_stringstream@DU?$char_traits@D@std@@V?$allocator@D@2@@std@@QEAAXXZ 000000014001d720 f i main.obj
 0002:0000b798       ??_E?$basic_fstream@DU?$char_traits@D@std@@@std@@$4PPPPPPPM@A@EAAPEAXI@Z 000000014001d798 f i main.obj
 0002:0000b7a8       ??_E?$basic_ifstream@DU?$char_traits@D@std@@@std@@$4PPPPPPPM@A@EAAPEAXI@Z 000000014001d7a8 f i main.obj
 0002:0000b7b8       ??_E?$basic_ofstream@DU?$char_traits@D@std@@@std@@$4PPPPPPPM@A@EAAPEAXI@Z 000000014001d7b8 f i main.obj
 0002:0000b7c8       ??_E?$basic_stringstream@DU?$char_traits@D@std@@V?$allocator@D@2@@std@@$4PPPPPPPM@A@EAAPEAXI@Z 000000014001d7c8 f i main.obj
 0002:0000b7e0       ??_G?$basic_filebuf@DU?$char_traits@D@std@@@std@@UEAAPEAXI@Z 000000014001d7e0 f i main.obj
 0002:0000b7e0       ??_E?$basic_filebuf@DU?$char_traits@D@std@@@std@@UEAAPEAXI@Z 000000014001d7e0 f i main.obj
 0002:0000b870       ??_E?$basic_fstream@DU?$char_traits@D@std@@@std@@UEAAPEAXI@Z 000000014001d870 f i main.obj
 0002:0000b870       ??_G?$basic_fstream@DU?$char_traits@D@std@@@std@@UEAAPEAXI@Z 000000014001d870 f i main.obj
 0002:0000b920       ??_G?$basic_ifstream@DU?$char_traits@D@std@@@std@@UEAAPEAXI@Z 000000014001d920 f i main.obj
 0002:0000b920       ??_E?$basic_ifstream@DU?$char_traits@D@std@@@std@@UEAAPEAXI@Z 000000014001d920 f i main.obj
 0002:0000b9d0       ??_E?$basic_ofstream@DU?$char_traits@D@std@@@std@@UEAAPEAXI@Z 000000014001d9d0 f i main.obj
 0002:0000b9d0       ??_G?$basic_ofstream@DU?$char_traits@D@std@@@std@@UEAAPEAXI@Z 000000014001d9d0 f i main.obj
 0002:0000ba80       ??_G?$basic_stringbuf@DU?$char_traits@D@std@@V?$allocator@D@2@@std@@UEAAPEAXI@Z 000000014001da80 f i main.obj
 0002:0000ba80       ??_E?$basic_stringbuf@DU?$char_traits@D@std@@V?$allocator@D@2@@std@@UEAAPEAXI@Z 000000014001da80 f i main.obj
 0002:0000bb10       ??_G?$basic_stringstream@DU?$char_traits@D@std@@V?$allocator@D@2@@std@@UEAAPEAXI@Z 000000014001db10 f i main.obj
 0002:0000bb10       ??_E?$basic_stringstream@DU?$char_traits@D@std@@V?$allocator@D@2@@std@@UEAAPEAXI@Z 000000014001db10 f i main.obj
 0002:0000bbc0       ??_Ebad_cast@std@@UEAAPEAXI@Z 000000014001dbc0 f i main.obj
 0002:0000bbc0       ??_Gbad_cast@std@@UEAAPEAXI@Z 000000014001dbc0 f i main.obj
 0002:0000bc50       ??_Eexception@std@@UEAAPEAXI@Z 000000014001dc50 f i main.obj
 0002:0000bc50       ??_Gexception@std@@UEAAPEAXI@Z 000000014001dc50 f i main.obj
 0002:0000bce0       ?Change_Col@@YAXAEBH@Z     000000014001dce0 f   main.obj
 0002:0000bd50       ?Czy_Kontynuowaæ@@YA_NAEBH@Z 000000014001dd50 f   main.obj
 0002:0000c040       ?Hide_Cursor@@YAXXZ        000000014001e040 f   main.obj
 0002:0000c0f0       ?Koniec_gry@@YAXAEAV?$basic_ofstream@DU?$char_traits@D@std@@@std@@AEAV?$basic_fstream@DU?$char_traits@D@std@@@2@AEBH@Z 000000014001e0f0 f   main.obj
 0002:0000c4b0       ?Obstaw@@YA?AV?$basic_string@DU?$char_traits@D@std@@V?$allocator@D@2@@std@@XZ 000000014001e4b0 f   main.obj
 0002:0000cef0       ?Odczytaj_liczbê@@YAXAEBHAEBV?$basic_string@DU?$char_traits@D@std@@V?$allocator@D@2@@std@@@Z 000000014001eef0 f   main.obj
 0002:0000d740       ?Og³oœ_wynik@@YAXAEBH0AEAHAEAV?$basic_ofstream@DU?$char_traits@D@std@@@std@@AEAV?$basic_fstream@DU?$char_traits@D@std@@@2@@Z 000000014001f740 f   main.obj
 0002:0000df00       ?Pêtla_g³ówna@@YAXAEAH00AEAV?$basic_ofstream@DU?$char_traits@D@std@@@std@@AEAV?$basic_fstream@DU?$char_traits@D@std@@@2@AEADAEAV?$basic_string@DU?$char_traits@D@std@@V?$allocator@D@2@@2@0@Z 000000014001ff00 f   main.obj
 0002:0000e6a0       ?Show_Cursor@@YAXXZ        00000001400206a0 f   main.obj
 0002:0000e760       ?SprawdŸ_Pliki@@YAXXZ      0000000140020760 f   main.obj
 0002:00010da0       ?SprawdŸ_Zak³ad@@YAHAEBHAEBV?$basic_string@DU?$char_traits@D@std@@V?$allocator@D@2@@std@@0@Z 0000000140022da0 f   main.obj
 0002:00011410       ?SprawdŸ_ustawienia@@YAXXZ 0000000140023410 f   main.obj
 0002:00011ee0       ?Ustaw_ustawienia@@YAXAEAV?$basic_string@DU?$char_traits@D@std@@V?$allocator@D@2@@std@@@Z 0000000140023ee0 f   main.obj
 0002:00012cd0       ?Wczytaj_Kwotê_Zak³adu@@YAXAEAHAEBH@Z 0000000140024cd0 f   main.obj
 0002:00013050       ?Wczytaj_z_pliku@@YAXAEAV?$basic_ofstream@DU?$char_traits@D@std@@@std@@AEAV?$basic_fstream@DU?$char_traits@D@std@@@2@AEADAEAH33AEAV?$basic_string@DU?$char_traits@D@std@@V?$allocator@D@2@@2@@Z 0000000140025050 f   main.obj
 0002:00014580       ?Wylosuj@@YAHAEBH0@Z       0000000140026580 f   main.obj
 0002:00014840       ?Zakrêæ_Ruletk¹@@YAHXZ     0000000140026840 f   main.obj
 0002:00014c50       ?_Adjust@?$uniform_int@H@std@@CAII@Z 0000000140026c50 f i main.obj
 0002:00014cb0       ?_Adjust@?$uniform_int@H@std@@CAIIU?$integral_constant@_N$00@2@@Z 0000000140026cb0 f i main.obj
 0002:00014d30       ?_Adopt@_Iterator_base12@std@@QEAAXPEBU_Container_base12@2@@Z 0000000140026d30 f i main.obj
 0002:00014ea0       ?_Alloc_proxy@?$_String_alloc@U?$_String_base_types@DV?$allocator@D@std@@@std@@@std@@QEAAXXZ 0000000140026ea0 f i main.obj
 0002:00015000       ?_Allocate@std@@YAPEAX_K0_N@Z 0000000140027000 f i main.obj
 0002:000152e0       ?_Assign_rv_contents@?$basic_string@DU?$char_traits@D@std@@V?$allocator@D@2@@std@@QEAAX$$QEAV12@U?$integral_constant@_N$00@2@@Z 00000001400272e0 f i main.obj
 0002:00015380       ?_Assign_rv_contents_with_alloc_always_equal@?$basic_string@DU?$char_traits@D@std@@V?$allocator@D@2@@std@@QEAAX$$QEAV12@U?$integral_constant@_N$00@2@@Z 0000000140027380 f i main.obj
 0002:00015480       ?_Become_small@?$basic_string@DU?$char_traits@D@std@@V?$allocator@D@2@@std@@QEAAXXZ 0000000140027480 f i main.obj
 0002:000155a0       ?_Calculate_growth@?$basic_string@DU?$char_traits@D@std@@V?$allocator@D@2@@std@@QEBA_K_K@Z 00000001400275a0 f i main.obj
 0002:00015700       ?_Check_offset@?$_String_val@U?$_Simple_types@D@std@@@std@@QEBAX_K@Z 0000000140027700 f i main.obj
 0002:00015770       ?_Clamp_suffix_size@?$_String_val@U?$_Simple_types@D@std@@@std@@QEBA_K_K0@Z 0000000140027770 f i main.obj
 0002:00015800       ?_Construct_lv_contents@?$basic_string@DU?$char_traits@D@std@@V?$allocator@D@2@@std@@QEAAXAEBV12@@Z 0000000140027800 f i main.obj
 0002:00015a40       ?_Copy_alloc@?$_String_alloc@U?$_String_base_types@DV?$allocator@D@std@@@std@@@std@@QEAAXAEBV?$allocator@D@2@@Z 0000000140027a40 f i main.obj
 0002:00015ae0       ?_Deallocate@std@@YAXPEAX_K1@Z 0000000140027ae0 f i main.obj
 0002:00015ca0       ?_Endwrite@?$basic_filebuf@DU?$char_traits@D@std@@@std@@IEAA_NXZ 0000000140027ca0 f i main.obj
 0002:00016180       ?_Eos@?$basic_string@DU?$char_traits@D@std@@V?$allocator@D@2@@std@@QEAAX_K@Z 0000000140028180 f i main.obj
 0002:00016220       ?_Equal@?$basic_string@DU?$char_traits@D@std@@V?$allocator@D@2@@std@@QEBA_NQEBD@Z 0000000140028220 f i main.obj
 0002:000162e0       ?_Free_proxy@?$_String_alloc@U?$_String_base_types@DV?$allocator@D@std@@@std@@@std@@QEAAXXZ 00000001400282e0 f i main.obj
 0002:000163e0       ?_Get_all_bits@?$_Rng_from_urng@IVrandom_device@std@@@std@@QEAAIXZ 00000001400283e0 f i main.obj
 0002:000164b0       ?_Get_bits@?$_Rng_from_urng@IVrandom_device@std@@@std@@AEAAIXZ 00000001400284b0 f i main.obj
 0002:00016540       ?_Get_data@?$_String_alloc@U?$_String_base_types@DV?$allocator@D@std@@@std@@@std@@QEAAAEAV?$_String_val@U?$_Simple_types@D@std@@@2@XZ 0000000140028540 f i main.obj
 0002:000165a0       ?_Get_data@?$_String_alloc@U?$_String_base_types@DV?$allocator@D@std@@@std@@@std@@QEBAAEBV?$_String_val@U?$_Simple_types@D@std@@@2@XZ 00000001400285a0 f i main.obj
 0002:00016600       ?_Get_first@?$_Compressed_pair@V?$allocator@D@std@@V?$_String_val@U?$_Simple_types@D@std@@@2@$00@std@@QEAAAEAV?$allocator@D@2@XZ 0000000140028600 f i main.obj
 0002:00016650       ?_Get_first@?$_Compressed_pair@V?$allocator@D@std@@V?$_String_val@U?$_Simple_types@D@std@@@2@$00@std@@QEBAAEBV?$allocator@D@2@XZ 0000000140028650 f i main.obj
 0002:000166a0       ?_Get_second@?$_Compressed_pair@V?$allocator@D@std@@V?$_String_val@U?$_Simple_types@D@std@@@2@$00@std@@QEAAAEAV?$_String_val@U?$_Simple_types@D@std@@@2@XZ 00000001400286a0 f i main.obj
 0002:000166f0       ?_Get_second@?$_Compressed_pair@V?$allocator@D@std@@V?$_String_val@U?$_Simple_types@D@std@@@2@$00@std@@QEBAAEBV?$_String_val@U?$_Simple_types@D@std@@@2@XZ 00000001400286f0 f i main.obj
 0002:00016740       ?_Getal@?$_String_alloc@U?$_String_base_types@DV?$allocator@D@std@@@std@@@std@@QEAAAEAV?$allocator@D@2@XZ 0000000140028740 f i main.obj
 0002:000167a0       ?_Getal@?$_String_alloc@U?$_String_base_types@DV?$allocator@D@std@@@std@@@std@@QEBAAEBV?$allocator@D@2@XZ 00000001400287a0 f i main.obj
 0002:00016800       ?_Getcont@_Iterator_base12@std@@QEBAPEBU_Container_base12@2@XZ 0000000140028800 f i main.obj
 0002:00016880       ?_Getfacet@locale@std@@QEBAPEBVfacet@12@_K@Z 0000000140028880 f i main.obj
 0002:000169c0       ?_Getstate@?$basic_stringbuf@DU?$char_traits@D@std@@V?$allocator@D@2@@std@@AEAAHH@Z 00000001400289c0 f i main.obj
 0002:00016a80       ?_Init@?$basic_filebuf@DU?$char_traits@D@std@@@std@@IEAAXPEAU_iobuf@@W4_Initfl@12@@Z 0000000140028a80 f i main.obj
 0002:00016c50       ?_Init@?$basic_stringbuf@DU?$char_traits@D@std@@V?$allocator@D@2@@std@@IEAAXPEBD_KH@Z 0000000140028c50 f i main.obj
 0002:00016ea0       ?_Init@param_type@?$uniform_int@H@std@@QEAAXHH@Z 0000000140028ea0 f i main.obj
 0002:00016f80       ?_Initcvt@?$basic_filebuf@DU?$char_traits@D@std@@@std@@IEAAXPEBV?$codecvt@DDU_Mbstatet@@@2@@Z 0000000140028f80 f i main.obj
 0002:00017020       ?_Large_string_engaged@?$_String_val@U?$_Simple_types@D@std@@@std@@QEBA_NXZ 0000000140029020 f i main.obj
 0002:000170a0       ?_Lock@?$basic_filebuf@DU?$char_traits@D@std@@@std@@UEAAXXZ 00000001400290a0 f i main.obj
 0002:00017110       ?_Move_alloc@?$_String_alloc@U?$_String_base_types@DV?$allocator@D@std@@@std@@@std@@QEAAXAEAV?$allocator@D@2@@Z 0000000140029110 f i main.obj
 0002:00017200       ?_Myproxy@?$_String_alloc@U?$_String_base_types@DV?$allocator@D@std@@@std@@@std@@QEAAAEAPEAU_Container_proxy@2@XZ 0000000140029200 f i main.obj
 0002:00017250       ?_Myptr@?$_String_val@U?$_Simple_types@D@std@@@std@@QEAAPEADXZ 0000000140029250 f i main.obj
 0002:000172e0       ?_Myptr@?$_String_val@U?$_Simple_types@D@std@@@std@@QEBAPEBDXZ 00000001400292e0 f i main.obj
 0002:00017370       ?_Orphan_all@?$_String_alloc@U?$_String_base_types@DV?$allocator@D@std@@@std@@@std@@QEAAXXZ 0000000140029370 f i main.obj
 0002:000173d0       ?_Orphan_all@_Container_base12@std@@QEAAXXZ 00000001400293d0 f i main.obj
 0002:00017500       ?_Orphan_me@_Iterator_base12@std@@QEAAXXZ 0000000140029500 f i main.obj
 0002:00017640       ?_Refill_lower@?$mersenne_twister@_K$0EA@$0BDI@$0JM@$0BP@$0?EKPNJAKFFGJJOGBH@$0BN@$0BB@$0HBNGHPPPONKGAAAA@$0CF@$0?IBBCAAAAAAAAA@$0CL@@std@@IEAAXXZ 0000000140029640 f i main.obj
 0002:00017940       ?_Refill_upper@?$mersenne_twister@_K$0EA@$0BDI@$0JM@$0BP@$0?EKPNJAKFFGJJOGBH@$0BN@$0BB@$0HBNGHPPPONKGAAAA@$0CF@$0?IBBCAAAAAAAAA@$0CL@@std@@IEAAXXZ 0000000140029940 f i main.obj
 0002:00017a80       ?_Reset_back@?$basic_filebuf@DU?$char_traits@D@std@@@std@@AEAAXXZ 0000000140029a80 f i main.obj
 0002:00017b30       ?_Set_back@?$basic_filebuf@DU?$char_traits@D@std@@@std@@AEAAXXZ 0000000140029b30 f i main.obj
 0002:00017c20       ?_Swap_all@?$_String_alloc@U?$_String_base_types@DV?$allocator@D@std@@@std@@@std@@QEAAXAEAV12@@Z 0000000140029c20 f i main.obj
 0002:00017cb0       ?_Swap_all@_Container_base12@std@@QEAAXAEAU12@@Z 0000000140029cb0 f i main.obj
 0002:00017e00       ?_Tidy@?$basic_stringbuf@DU?$char_traits@D@std@@V?$allocator@D@2@@std@@IEAAXXZ 0000000140029e00 f i main.obj
 0002:00017f70       ?_Tidy_deallocate@?$basic_string@DU?$char_traits@D@std@@V?$allocator@D@2@@std@@QEAAXXZ 0000000140029f70 f i main.obj
 0002:000180a0       ?_Tidy_init@?$basic_string@DU?$char_traits@D@std@@V?$allocator@D@2@@std@@QEAAXXZ 000000014002a0a0 f i main.obj
 0002:00018150       ?_Unchecked_begin@?$basic_string@DU?$char_traits@D@std@@V?$allocator@D@2@@std@@QEAAPEADXZ 000000014002a150 f i main.obj
 0002:000181c0       ?_Unchecked_end@?$basic_string@DU?$char_traits@D@std@@V?$allocator@D@2@@std@@QEAAPEADXZ 000000014002a1c0 f i main.obj
 0002:00018240       ?_Unlock@?$basic_filebuf@DU?$char_traits@D@std@@@std@@UEAAXXZ 000000014002a240 f i main.obj
 0002:000182b0       ?_Xlen@?$basic_string@DU?$char_traits@D@std@@V?$allocator@D@2@@std@@SAXXZ 000000014002a2b0 f i main.obj
 0002:00018300       ?_Xran@?$_String_val@U?$_Simple_types@D@std@@@std@@SAXXZ 000000014002a300 f i main.obj
 0002:00018350       ?__autoclassinit2@?$basic_fstream@DU?$char_traits@D@std@@@std@@QEAAX_K@Z 000000014002a350 f i main.obj
 0002:000183b0       ?__autoclassinit2@?$basic_ifstream@DU?$char_traits@D@std@@@std@@QEAAX_K@Z 000000014002a3b0 f i main.obj
 0002:00018410       ?__autoclassinit2@?$basic_ofstream@DU?$char_traits@D@std@@@std@@QEAAX_K@Z 000000014002a410 f i main.obj
 0002:00018470       ?__autoclassinit2@?$basic_stringstream@DU?$char_traits@D@std@@V?$allocator@D@2@@std@@QEAAX_K@Z 000000014002a470 f i main.obj
 0002:000184d0       ?__empty_global_delete@@YAXPEAX@Z 000000014002a4d0 f i main.obj
 0002:00018510       ?__empty_global_delete@@YAXPEAX_K@Z 000000014002a510 f i main.obj
 0002:00018510       ?__global_delete@@YAXPEAX_K@Z 000000014002a510 f i main.obj
 0002:00018560       ?allocate@?$allocator@D@std@@QEAAPEAD_K@Z 000000014002a560 f i main.obj
 0002:000185c0       ?allocate@?$allocator@U_Container_proxy@std@@@std@@QEAAPEAU_Container_proxy@2@_K@Z 000000014002a5c0 f i main.obj
 0002:00018620       ?append@?$basic_string@DU?$char_traits@D@std@@V?$allocator@D@2@@std@@QEAAAEAV12@AEBV12@@Z 000000014002a620 f i main.obj
 0002:000186b0       ?append@?$basic_string@DU?$char_traits@D@std@@V?$allocator@D@2@@std@@QEAAAEAV12@QEBD@Z 000000014002a6b0 f i main.obj
 0002:00018730       ?append@?$basic_string@DU?$char_traits@D@std@@V?$allocator@D@2@@std@@QEAAAEAV12@QEBD_K@Z 000000014002a730 f i main.obj
 0002:000188c0       ?append@?$basic_string@DU?$char_traits@D@std@@V?$allocator@D@2@@std@@QEAAAEAV12@_KD@Z 000000014002a8c0 f i main.obj
 0002:00018a50       ?assign@?$basic_string@DU?$char_traits@D@std@@V?$allocator@D@2@@std@@QEAAAEAV12@AEBV12@_K_K@Z 000000014002aa50 f i main.obj
 0002:00018b20       ?assign@?$basic_string@DU?$char_traits@D@std@@V?$allocator@D@2@@std@@QEAAAEAV12@QEBD@Z 000000014002ab20 f i main.obj
 0002:00018ba0       ?assign@?$basic_string@DU?$char_traits@D@std@@V?$allocator@D@2@@std@@QEAAAEAV12@QEBD_K@Z 000000014002aba0 f i main.obj
 0002:00018ce0       ?assign@?$basic_string@DU?$char_traits@D@std@@V?$allocator@D@2@@std@@QEAAAEAV12@_KD@Z 000000014002ace0 f i main.obj
 0002:00018e20       ?assign@?$char_traits@D@std@@SAPEADQEAD_KD@Z 000000014002ae20 f i main.obj
 0002:00018e90       ?assign@?$char_traits@D@std@@SAXAEADAEBD@Z 000000014002ae90 f i main.obj
 0002:00018ef0       ?begin@?$basic_string@DU?$char_traits@D@std@@V?$allocator@D@2@@std@@QEAA?AV?$_String_iterator@V?$_String_val@U?$_Simple_types@D@std@@@std@@@2@XZ 000000014002aef0 f i main.obj
 0002:00018fa0       ?c_str@?$basic_string@DU?$char_traits@D@std@@V?$allocator@D@2@@std@@QEBAPEBDXZ 000000014002afa0 f i main.obj
 0002:00019010       ?capacity@?$basic_string@DU?$char_traits@D@std@@V?$allocator@D@2@@std@@QEBA_KXZ 000000014002b010 f i main.obj
 0002:00019070       ?close@?$basic_filebuf@DU?$char_traits@D@std@@@std@@QEAAPEAV12@XZ 000000014002b070 f i main.obj
 0002:00019150       ?close@?$basic_fstream@DU?$char_traits@D@std@@@std@@QEAAXXZ 000000014002b150 f i main.obj
 0002:000191f0       ?compare@?$char_traits@D@std@@SAHQEBD0_K@Z 000000014002b1f0 f i main.obj
 0002:00019260       ?copy@?$char_traits@D@std@@SAPEADQEADQEBD_K@Z 000000014002b260 f i main.obj
 0002:000192d0       ?data@?$basic_string@DU?$char_traits@D@std@@V?$allocator@D@2@@std@@QEBAPEBDXZ 000000014002b2d0 f i main.obj
 0002:00019340       ?deallocate@?$_Default_allocator_traits@V?$allocator@U_Container_proxy@std@@@std@@@std@@SAXAEAV?$allocator@U_Container_proxy@std@@@2@QEAU_Container_proxy@2@_K@Z 000000014002b340 f i main.obj
 0002:000193b0       ?deallocate@?$allocator@D@std@@QEAAXQEAD_K@Z 000000014002b3b0 f i main.obj
 0002:00019420       ?entropy@random_device@std@@QEAANXZ 000000014002b420 f i main.obj
 0002:00019470       ?eof@?$char_traits@D@std@@SAHXZ 000000014002b470 f i main.obj
 0002:000194b0       ?eq@?$char_traits@D@std@@SA_NAEBD0@Z 000000014002b4b0 f i main.obj
 0002:00019540       ?eq_int_type@?$char_traits@D@std@@SA_NAEBH0@Z 000000014002b540 f i main.obj
 0002:000195d0       ?erase@?$basic_string@DU?$char_traits@D@std@@V?$allocator@D@2@@std@@QEAAAEAV12@_K@Z 000000014002b5d0 f i main.obj
 0002:00019660       ?erase@?$basic_string@DU?$char_traits@D@std@@V?$allocator@D@2@@std@@QEAAAEAV12@_K_K@Z 000000014002b660 f i main.obj
 0002:000197c0       ?find@?$basic_string@DU?$char_traits@D@std@@V?$allocator@D@2@@std@@QEBA_KQEBD_K@Z 000000014002b7c0 f i main.obj
 0002:00019890       ?find@?$char_traits@D@std@@SAPEBDQEBD_KAEBD@Z 000000014002b890 f i main.obj
 0002:00019910       ?get_allocator@?$basic_string@DU?$char_traits@D@std@@V?$allocator@D@2@@std@@QEBA?AV?$allocator@D@2@XZ 000000014002b910 f i main.obj
 0002:00019970       ?imbue@?$basic_filebuf@DU?$char_traits@D@std@@@std@@MEAAXAEBVlocale@2@@Z 000000014002b970 f i main.obj
 0002:000199e0       ?insert@?$basic_string@DU?$char_traits@D@std@@V?$allocator@D@2@@std@@QEAAAEAV12@_KAEBV12@@Z 000000014002b9e0 f i main.obj
 0002:00019a80       ?insert@?$basic_string@DU?$char_traits@D@std@@V?$allocator@D@2@@std@@QEAAAEAV12@_KQEBD0@Z 000000014002ba80 f i main.obj
 0002:00019d40       ?length@?$char_traits@D@std@@SA_KQEBD@Z 000000014002bd40 f i main.obj
 0002:00019d90       ?max@?$numeric_limits@_J@std@@SA_JXZ 000000014002bd90 f i main.obj
 0002:00019dd0       ?max@random_device@std@@SAIXZ 000000014002bdd0 f i main.obj
 0002:00019e10       ?max_size@?$_Default_allocator_traits@V?$allocator@D@std@@@std@@SA_KAEBV?$allocator@D@2@@Z 000000014002be10 f i main.obj
 0002:00019e60       ?max_size@?$basic_string@DU?$char_traits@D@std@@V?$allocator@D@2@@std@@QEBA_KXZ 000000014002be60 f i main.obj
 0002:00019f70       ?min@random_device@std@@SAIXZ 000000014002bf70 f i main.obj
 0002:00019fb0       ?move@?$char_traits@D@std@@SAPEADQEADQEBD_K@Z 000000014002bfb0 f i main.obj
 0002:0001a020       ?not_eof@?$char_traits@D@std@@SAHAEBH@Z 000000014002c020 f i main.obj
 0002:0001a0d0       ?open@?$basic_filebuf@DU?$char_traits@D@std@@@std@@QEAAPEAV12@PEBDHH@Z 000000014002c0d0 f i main.obj
 0002:0001a210       ?open@?$basic_fstream@DU?$char_traits@D@std@@@std@@QEAAXPEBDHH@Z 000000014002c210 f i main.obj
 0002:0001a310       ?open@?$basic_ifstream@DU?$char_traits@D@std@@@std@@QEAAXPEBDHH@Z 000000014002c310 f i main.obj
 0002:0001a410       ?open@?$basic_ofstream@DU?$char_traits@D@std@@@std@@QEAAXPEBDHH@Z 000000014002c410 f i main.obj
 0002:0001a510       ?overflow@?$basic_filebuf@DU?$char_traits@D@std@@@std@@MEAAHH@Z 000000014002c510 f i main.obj
 0002:0001abd0       ?overflow@?$basic_stringbuf@DU?$char_traits@D@std@@V?$allocator@D@2@@std@@MEAAHH@Z 000000014002cbd0 f i main.obj
 0002:0001b210       ?pbackfail@?$basic_filebuf@DU?$char_traits@D@std@@@std@@MEAAHH@Z 000000014002d210 f i main.obj
 0002:0001b470       ?pbackfail@?$basic_stringbuf@DU?$char_traits@D@std@@V?$allocator@D@2@@std@@MEAAHH@Z 000000014002d470 f i main.obj
 0002:0001b630       ?pointer_to@?$pointer_traits@PEAD@std@@SAPEADAEAD@Z 000000014002d630 f i main.obj
 0002:0001b680       ?push_back@?$basic_string@DU?$char_traits@D@std@@V?$allocator@D@2@@std@@QEAAXD@Z 000000014002d680 f i main.obj
 0002:0001b7c0       ?reserve@?$basic_string@DU?$char_traits@D@std@@V?$allocator@D@2@@std@@QEAAX_K@Z 000000014002d7c0 f i main.obj
 0002:0001b910       ?seed@?$mersenne_twister@_K$0EA@$0BDI@$0JM@$0BP@$0?EKPNJAKFFGJJOGBH@$0BN@$0BB@$0HBNGHPPPONKGAAAA@$0CF@$0?IBBCAAAAAAAAA@$0CL@@std@@QEAAX_K0@Z 000000014002d910 f i main.obj
 0002:0001ba30       ?seekoff@?$basic_filebuf@DU?$char_traits@D@std@@@std@@MEAA?AV?$fpos@U_Mbstatet@@@2@_JHH@Z 000000014002da30 f i main.obj
 0002:0001bc20       ?seekoff@?$basic_stringbuf@DU?$char_traits@D@std@@V?$allocator@D@2@@std@@MEAA?AV?$fpos@U_Mbstatet@@@2@_JHH@Z 000000014002dc20 f i main.obj
 0002:0001c120       ?seekpos@?$basic_filebuf@DU?$char_traits@D@std@@@std@@MEAA?AV?$fpos@U_Mbstatet@@@2@V32@H@Z 000000014002e120 f i main.obj
 0002:0001c320       ?seekpos@?$basic_stringbuf@DU?$char_traits@D@std@@V?$allocator@D@2@@std@@MEAA?AV?$fpos@U_Mbstatet@@@2@V32@H@Z 000000014002e320 f i main.obj
 0002:0001c660       ?seekpos@?$fpos@U_Mbstatet@@@std@@QEBA_JXZ 000000014002e660 f i main.obj
 0002:0001c6b0       ?select_on_container_copy_construction@?$_Default_allocator_traits@V?$allocator@D@std@@@std@@SA?AV?$allocator@D@2@AEBV32@@Z 000000014002e6b0 f i main.obj
 0002:0001c700       ?setbuf@?$basic_filebuf@DU?$char_traits@D@std@@@std@@MEAAPEAV?$basic_streambuf@DU?$char_traits@D@std@@@2@PEAD_J@Z 000000014002e700 f i main.obj
 0002:0001c810       ?size@?$basic_string@DU?$char_traits@D@std@@V?$allocator@D@2@@std@@QEBA_KXZ 000000014002e810 f i main.obj
 0002:0001c870       ?state@?$fpos@U_Mbstatet@@@std@@QEBA?AU_Mbstatet@@XZ 000000014002e870 f i main.obj
 0002:0001c8e0       ?str@?$basic_stringbuf@DU?$char_traits@D@std@@V?$allocator@D@2@@std@@QEBA?AV?$basic_string@DU?$char_traits@D@std@@V?$allocator@D@2@@2@XZ 000000014002e8e0 f i main.obj
 0002:0001cbd0       ?str@?$basic_stringstream@DU?$char_traits@D@std@@V?$allocator@D@2@@std@@QEBA?AV?$basic_string@DU?$char_traits@D@std@@V?$allocator@D@2@@2@XZ 000000014002ebd0 f i main.obj
 0002:0001cc60       ?substr@?$basic_string@DU?$char_traits@D@std@@V?$allocator@D@2@@std@@QEBA?AV12@_K0@Z 000000014002ec60 f i main.obj
 0002:0001cd30       ?sync@?$basic_filebuf@DU?$char_traits@D@std@@@std@@MEAAHXZ 000000014002ed30 f i main.obj
 0002:0001ce30       ?to_char_type@?$char_traits@D@std@@SADAEBH@Z 000000014002ee30 f i main.obj
 0002:0001ce80       ?to_int_type@?$char_traits@D@std@@SAHAEBD@Z 000000014002ee80 f i main.obj
 0002:0001ced0       ?uflow@?$basic_filebuf@DU?$char_traits@D@std@@@std@@MEAAHXZ 000000014002eed0 f i main.obj
 0002:0001d4f0       ?underflow@?$basic_filebuf@DU?$char_traits@D@std@@@std@@MEAAHXZ 000000014002f4f0 f i main.obj
 0002:0001d660       ?underflow@?$basic_stringbuf@DU?$char_traits@D@std@@V?$allocator@D@2@@std@@MEAAHXZ 000000014002f660 f i main.obj
 0002:0001d870       ?what@exception@std@@UEBAPEBDXZ 000000014002f870 f i main.obj
 0002:0001d900       main                       000000014002f900 f   main.obj
 0002:0001ddd1       PlaySoundA                 000000014002fdd1 f   winmm:WINMM.dll
 0002:0001ddd7       GetStdHandle               000000014002fdd7 f   kernel32:KERNEL32.dll
 0002:0001dddd       CreateDirectoryA           000000014002fddd f   kernel32:KERNEL32.dll
 0002:0001dde3       Sleep                      000000014002fde3 f   kernel32:KERNEL32.dll
 0002:0001dde9       GetSystemTime              000000014002fde9 f   kernel32:KERNEL32.dll
 0002:0001ddef       GetConsoleCursorInfo       000000014002fdef f   kernel32:KERNEL32.dll
 0002:0001ddf5       SetConsoleCursorInfo       000000014002fdf5 f   kernel32:KERNEL32.dll
 0002:0001ddfb       SetConsoleTextAttribute    000000014002fdfb f   kernel32:KERNEL32.dll
 0002:0001de01       ??0_Lockit@std@@QEAA@H@Z   000000014002fe01 f   msvcprtd:MSVCP140D.dll
 0002:0001de07       ??1_Lockit@std@@QEAA@XZ    000000014002fe07 f   msvcprtd:MSVCP140D.dll
 0002:0001de0d       ?uncaught_exception@std@@YA_NXZ 000000014002fe0d f   msvcprtd:MSVCP140D.dll
 0002:0001de13       ?_Debug_message@std@@YAXPEB_W0I@Z 000000014002fe13 f   msvcprtd:MSVCP140D.dll
 0002:0001de19       ?_Xbad_alloc@std@@YAXXZ    000000014002fe19 f   msvcprtd:MSVCP140D.dll
 0002:0001de1f       ?_Xlength_error@std@@YAXPEBD@Z 000000014002fe1f f   msvcprtd:MSVCP140D.dll
 0002:0001de25       ?_Xout_of_range@std@@YAXPEBD@Z 000000014002fe25 f   msvcprtd:MSVCP140D.dll
 0002:0001de30       ??0_Fac_node@std@@QEAA@PEAU01@PEAV_Facet_base@1@@Z 000000014002fe30 f i msvcprtd:locale0_implib.obj
 0002:0001de70       ??1_Fac_node@std@@QEAA@XZ  000000014002fe70 f i msvcprtd:locale0_implib.obj
 0002:0001df40       ??1_Fac_tidy_reg_t@std@@QEAA@XZ 000000014002ff40 f i msvcprtd:locale0_implib.obj
 0002:0001dfd0       ??2_Fac_node@std@@SAPEAX_K@Z 000000014002ffd0 f i msvcprtd:locale0_implib.obj
 0002:0001e050       ??3_Fac_node@std@@SAXPEAX@Z 0000000140030050 f i msvcprtd:locale0_implib.obj
 0002:0001e080       ??_G_Fac_node@std@@QEAAPEAXI@Z 0000000140030080 f i msvcprtd:locale0_implib.obj
 0002:0001e0f0       ?_Facet_Register@std@@YAXPEAV_Facet_base@1@@Z 00000001400300f0 f   msvcprtd:locale0_implib.obj
 0002:0001e174       ??Bid@locale@std@@QEAA_KXZ 0000000140030174 f   msvcprtd:MSVCP140D.dll
 0002:0001e17a       ?_Getgloballocale@locale@std@@CAPEAV_Locimp@12@XZ 000000014003017a f   msvcprtd:MSVCP140D.dll
 0002:0001e180       ?always_noconv@codecvt_base@std@@QEBA_NXZ 0000000140030180 f   msvcprtd:MSVCP140D.dll
 0002:0001e186       ?is@?$ctype@D@std@@QEBA_NFD@Z 0000000140030186 f   msvcprtd:MSVCP140D.dll
 0002:0001e18c       ?_Getcat@?$ctype@D@std@@SA_KPEAPEBVfacet@locale@2@PEBV42@@Z 000000014003018c f   msvcprtd:MSVCP140D.dll
 0002:0001e192       ?in@?$codecvt@DDU_Mbstatet@@@std@@QEBAHAEAU_Mbstatet@@PEBD1AEAPEBDPEAD3AEAPEAD@Z 0000000140030192 f   msvcprtd:MSVCP140D.dll
 0002:0001e198       ?out@?$codecvt@DDU_Mbstatet@@@std@@QEBAHAEAU_Mbstatet@@PEBD1AEAPEBDPEAD3AEAPEAD@Z 0000000140030198 f   msvcprtd:MSVCP140D.dll
 0002:0001e19e       ?unshift@?$codecvt@DDU_Mbstatet@@@std@@QEBAHAEAU_Mbstatet@@PEAD1AEAPEAD@Z 000000014003019e f   msvcprtd:MSVCP140D.dll
 0002:0001e1a4       ?_Getcat@?$codecvt@DDU_Mbstatet@@@std@@SA_KPEAPEBVfacet@locale@2@PEBV42@@Z 00000001400301a4 f   msvcprtd:MSVCP140D.dll
 0002:0001e1aa       ?good@ios_base@std@@QEBA_NXZ 00000001400301aa f   msvcprtd:MSVCP140D.dll
 0002:0001e1b0       ?eof@ios_base@std@@QEBA_NXZ 00000001400301b0 f   msvcprtd:MSVCP140D.dll
 0002:0001e1b6       ?flags@ios_base@std@@QEBAHXZ 00000001400301b6 f   msvcprtd:MSVCP140D.dll
 0002:0001e1bc       ?width@ios_base@std@@QEBA_JXZ 00000001400301bc f   msvcprtd:MSVCP140D.dll
 0002:0001e1c2       ?width@ios_base@std@@QEAA_J_J@Z 00000001400301c2 f   msvcprtd:MSVCP140D.dll
 0002:0001e1c8       ?getloc@ios_base@std@@QEBA?AVlocale@2@XZ 00000001400301c8 f   msvcprtd:MSVCP140D.dll
 0002:0001e1ce       ??0?$basic_streambuf@DU?$char_traits@D@std@@@std@@IEAA@XZ 00000001400301ce f   msvcprtd:MSVCP140D.dll
 0002:0001e1d4       ??1?$basic_streambuf@DU?$char_traits@D@std@@@std@@UEAA@XZ 00000001400301d4 f   msvcprtd:MSVCP140D.dll
 0002:0001e1da       ?getloc@?$basic_streambuf@DU?$char_traits@D@std@@@std@@QEBA?AVlocale@2@XZ 00000001400301da f   msvcprtd:MSVCP140D.dll
 0002:0001e1e0       ?sbumpc@?$basic_streambuf@DU?$char_traits@D@std@@@std@@QEAAHXZ 00000001400301e0 f   msvcprtd:MSVCP140D.dll
 0002:0001e1e6       ?sgetc@?$basic_streambuf@DU?$char_traits@D@std@@@std@@QEAAHXZ 00000001400301e6 f   msvcprtd:MSVCP140D.dll
 0002:0001e1ec       ?snextc@?$basic_streambuf@DU?$char_traits@D@std@@@std@@QEAAHXZ 00000001400301ec f   msvcprtd:MSVCP140D.dll
 0002:0001e1f2       ?sputc@?$basic_streambuf@DU?$char_traits@D@std@@@std@@QEAAHD@Z 00000001400301f2 f   msvcprtd:MSVCP140D.dll
 0002:0001e1f8       ?sputn@?$basic_streambuf@DU?$char_traits@D@std@@@std@@QEAA_JPEBD_J@Z 00000001400301f8 f   msvcprtd:MSVCP140D.dll
 0002:0001e1fe       ?eback@?$basic_streambuf@DU?$char_traits@D@std@@@std@@IEBAPEADXZ 00000001400301fe f   msvcprtd:MSVCP140D.dll
 0002:0001e204       ?gptr@?$basic_streambuf@DU?$char_traits@D@std@@@std@@IEBAPEADXZ 0000000140030204 f   msvcprtd:MSVCP140D.dll
 0002:0001e20a       ?pbase@?$basic_streambuf@DU?$char_traits@D@std@@@std@@IEBAPEADXZ 000000014003020a f   msvcprtd:MSVCP140D.dll
 0002:0001e210       ?pptr@?$basic_streambuf@DU?$char_traits@D@std@@@std@@IEBAPEADXZ 0000000140030210 f   msvcprtd:MSVCP140D.dll
 0002:0001e216       ?egptr@?$basic_streambuf@DU?$char_traits@D@std@@@std@@IEBAPEADXZ 0000000140030216 f   msvcprtd:MSVCP140D.dll
 0002:0001e21c       ?gbump@?$basic_streambuf@DU?$char_traits@D@std@@@std@@IEAAXH@Z 000000014003021c f   msvcprtd:MSVCP140D.dll
 0002:0001e222       ?setg@?$basic_streambuf@DU?$char_traits@D@std@@@std@@IEAAXPEAD00@Z 0000000140030222 f   msvcprtd:MSVCP140D.dll
 0002:0001e228       ?epptr@?$basic_streambuf@DU?$char_traits@D@std@@@std@@IEBAPEADXZ 0000000140030228 f   msvcprtd:MSVCP140D.dll
 0002:0001e22e       ?_Gndec@?$basic_streambuf@DU?$char_traits@D@std@@@std@@IEAAPEADXZ 000000014003022e f   msvcprtd:MSVCP140D.dll
 0002:0001e234       ?_Gninc@?$basic_streambuf@DU?$char_traits@D@std@@@std@@IEAAPEADXZ 0000000140030234 f   msvcprtd:MSVCP140D.dll
 0002:0001e23a       ?pbump@?$basic_streambuf@DU?$char_traits@D@std@@@std@@IEAAXH@Z 000000014003023a f   msvcprtd:MSVCP140D.dll
 0002:0001e240       ?setp@?$basic_streambuf@DU?$char_traits@D@std@@@std@@IEAAXPEAD0@Z 0000000140030240 f   msvcprtd:MSVCP140D.dll
 0002:0001e246       ?setp@?$basic_streambuf@DU?$char_traits@D@std@@@std@@IEAAXPEAD00@Z 0000000140030246 f   msvcprtd:MSVCP140D.dll
 0002:0001e24c       ?_Pninc@?$basic_streambuf@DU?$char_traits@D@std@@@std@@IEAAPEADXZ 000000014003024c f   msvcprtd:MSVCP140D.dll
 0002:0001e252       ?_Init@?$basic_streambuf@DU?$char_traits@D@std@@@std@@IEAAXXZ 0000000140030252 f   msvcprtd:MSVCP140D.dll
 0002:0001e258       ?_Init@?$basic_streambuf@DU?$char_traits@D@std@@@std@@IEAAXPEAPEAD0PEAH001@Z 0000000140030258 f   msvcprtd:MSVCP140D.dll
 0002:0001e25e       ??1?$basic_ios@DU?$char_traits@D@std@@@std@@UEAA@XZ 000000014003025e f   msvcprtd:MSVCP140D.dll
 0002:0001e264       ?clear@?$basic_ios@DU?$char_traits@D@std@@@std@@QEAAXH_N@Z 0000000140030264 f   msvcprtd:MSVCP140D.dll
 0002:0001e26a       ?setstate@?$basic_ios@DU?$char_traits@D@std@@@std@@QEAAXH_N@Z 000000014003026a f   msvcprtd:MSVCP140D.dll
 0002:0001e270       ?tie@?$basic_ios@DU?$char_traits@D@std@@@std@@QEBAPEAV?$basic_ostream@DU?$char_traits@D@std@@@2@XZ 0000000140030270 f   msvcprtd:MSVCP140D.dll
 0002:0001e276       ?rdbuf@?$basic_ios@DU?$char_traits@D@std@@@std@@QEBAPEAV?$basic_streambuf@DU?$char_traits@D@std@@@2@XZ 0000000140030276 f   msvcprtd:MSVCP140D.dll
 0002:0001e27c       ?fill@?$basic_ios@DU?$char_traits@D@std@@@std@@QEBADXZ 000000014003027c f   msvcprtd:MSVCP140D.dll
 0002:0001e282       ?widen@?$basic_ios@DU?$char_traits@D@std@@@std@@QEBADD@Z 0000000140030282 f   msvcprtd:MSVCP140D.dll
 0002:0001e288       ??0?$basic_ios@DU?$char_traits@D@std@@@std@@IEAA@XZ 0000000140030288 f   msvcprtd:MSVCP140D.dll
 0002:0001e28e       ??0?$basic_ostream@DU?$char_traits@D@std@@@std@@QEAA@PEAV?$basic_streambuf@DU?$char_traits@D@std@@@1@_N@Z 000000014003028e f   msvcprtd:MSVCP140D.dll
 0002:0001e294       ??1?$basic_ostream@DU?$char_traits@D@std@@@std@@UEAA@XZ 0000000140030294 f   msvcprtd:MSVCP140D.dll
 0002:0001e29a       ?_Osfx@?$basic_ostream@DU?$char_traits@D@std@@@std@@QEAAXXZ 000000014003029a f   msvcprtd:MSVCP140D.dll
 0002:0001e2a0       ??6?$basic_ostream@DU?$char_traits@D@std@@@std@@QEAAAEAV01@P6AAEAV01@AEAV01@@Z@Z 00000001400302a0 f   msvcprtd:MSVCP140D.dll
 0002:0001e2a6       ??6?$basic_ostream@DU?$char_traits@D@std@@@std@@QEAAAEAV01@G@Z 00000001400302a6 f   msvcprtd:MSVCP140D.dll
 0002:0001e2ac       ??6?$basic_ostream@DU?$char_traits@D@std@@@std@@QEAAAEAV01@H@Z 00000001400302ac f   msvcprtd:MSVCP140D.dll
 0002:0001e2b2       ?put@?$basic_ostream@DU?$char_traits@D@std@@@std@@QEAAAEAV12@D@Z 00000001400302b2 f   msvcprtd:MSVCP140D.dll
 0002:0001e2b8       ?flush@?$basic_ostream@DU?$char_traits@D@std@@@std@@QEAAAEAV12@XZ 00000001400302b8 f   msvcprtd:MSVCP140D.dll
 0002:0001e2be       ??0?$basic_istream@DU?$char_traits@D@std@@@std@@QEAA@PEAV?$basic_streambuf@DU?$char_traits@D@std@@@1@_N@Z 00000001400302be f   msvcprtd:MSVCP140D.dll
 0002:0001e2c4       ??1?$basic_istream@DU?$char_traits@D@std@@@std@@UEAA@XZ 00000001400302c4 f   msvcprtd:MSVCP140D.dll
 0002:0001e2ca       ?_Ipfx@?$basic_istream@DU?$char_traits@D@std@@@std@@QEAA_N_N@Z 00000001400302ca f   msvcprtd:MSVCP140D.dll
 0002:0001e2d0       ??0?$basic_iostream@DU?$char_traits@D@std@@@std@@QEAA@PEAV?$basic_streambuf@DU?$char_traits@D@std@@@1@@Z 00000001400302d0 f   msvcprtd:MSVCP140D.dll
 0002:0001e2d6       ??1?$basic_iostream@DU?$char_traits@D@std@@@std@@UEAA@XZ 00000001400302d6 f   msvcprtd:MSVCP140D.dll
 0002:0001e2dc       ?_Fiopen@std@@YAPEAU_iobuf@@PEBDHH@Z 00000001400302dc f   msvcprtd:MSVCP140D.dll
 0002:0001e2e2       ?_Random_device@std@@YAIXZ 00000001400302e2 f   msvcprtd:MSVCP140D.dll
 0002:0001e2e8       ?_Lock@?$basic_streambuf@DU?$char_traits@D@std@@@std@@UEAAXXZ 00000001400302e8 f   msvcprtd:MSVCP140D.dll
 0002:0001e2ee       ?_Unlock@?$basic_streambuf@DU?$char_traits@D@std@@@std@@UEAAXXZ 00000001400302ee f   msvcprtd:MSVCP140D.dll
 0002:0001e2f4       ?imbue@?$basic_streambuf@DU?$char_traits@D@std@@@std@@MEAAXAEBVlocale@2@@Z 00000001400302f4 f   msvcprtd:MSVCP140D.dll
 0002:0001e2fa       ?setbuf@?$basic_streambuf@DU?$char_traits@D@std@@@std@@MEAAPEAV12@PEAD_J@Z 00000001400302fa f   msvcprtd:MSVCP140D.dll
 0002:0001e300       ?showmanyc@?$basic_streambuf@DU?$char_traits@D@std@@@std@@MEAA_JXZ 0000000140030300 f   msvcprtd:MSVCP140D.dll
 0002:0001e306       ?sync@?$basic_streambuf@DU?$char_traits@D@std@@@std@@MEAAHXZ 0000000140030306 f   msvcprtd:MSVCP140D.dll
 0002:0001e30c       ?uflow@?$basic_streambuf@DU?$char_traits@D@std@@@std@@MEAAHXZ 000000014003030c f   msvcprtd:MSVCP140D.dll
 0002:0001e312       ?xsgetn@?$basic_streambuf@DU?$char_traits@D@std@@@std@@MEAA_JPEAD_J@Z 0000000140030312 f   msvcprtd:MSVCP140D.dll
 0002:0001e318       ?xsputn@?$basic_streambuf@DU?$char_traits@D@std@@@std@@MEAA_JPEBD_J@Z 0000000140030318 f   msvcprtd:MSVCP140D.dll
 0002:0001e31e       URLDownloadToFileA         000000014003031e f   urlmon:urlmon.dll
 0002:0001e330       ??2@YAPEAX_K@Z             0000000140030330 f   MSVCRTD:new_scalar.obj
 0002:0001e3a0       ??3@YAXPEAX@Z              00000001400303a0 f   MSVCRTD:delete_scalar.obj
 0002:0001e3d0       ??3@YAXPEAX_K@Z            00000001400303d0 f   MSVCRTD:delete_scalar_size.obj
 0002:0001e400       ??$__crt_fast_decode_pointer@PEAP6AXXZ@@YAPEAP6AXXZQEAP6AXXZ@Z 0000000140030400 f i MSVCRTD:utility.obj
 0002:0001e450       ??$__crt_fast_encode_pointer@PEAP6AXXZ@@YAPEAP6AXXZQEAP6AXXZ@Z 0000000140030450 f i MSVCRTD:utility.obj
 0002:0001e4a0       ?__crt_rotate_pointer_value@@YA_K_KH@Z 00000001400304a0 f i MSVCRTD:utility.obj
 0002:0001e4c0       ?configure_argv@__scrt_narrow_argv_policy@@SAHXZ 00000001400304c0 f i MSVCRTD:utility.obj
 0002:0001e5e0       ?initialize_environment@__scrt_narrow_environment_policy@@SAHXZ 00000001400305e0 f i MSVCRTD:utility.obj
 0002:0001e6b0       NtCurrentTeb               00000001400306b0 f i MSVCRTD:utility.obj
 0002:0001e6c0       __scrt_acquire_startup_lock 00000001400306c0 f   MSVCRTD:utility.obj
 0002:0001e740       __scrt_dllmain_after_initialize_c 0000000140030740 f   MSVCRTD:utility.obj
 0002:0001e780       __scrt_dllmain_before_initialize_c 0000000140030780 f   MSVCRTD:utility.obj
 0002:0001e7b0       __scrt_dllmain_crt_thread_attach 00000001400307b0 f   MSVCRTD:utility.obj
 0002:0001e7f0       __scrt_dllmain_crt_thread_detach 00000001400307f0 f   MSVCRTD:utility.obj
 0002:0001e810       __scrt_dllmain_exception_filter 0000000140030810 f   MSVCRTD:utility.obj
 0002:0001e890       __scrt_dllmain_uninitialize_c 0000000140030890 f   MSVCRTD:utility.obj
 0002:0001e8d0       __scrt_dllmain_uninitialize_critical 00000001400308d0 f   MSVCRTD:utility.obj
 0002:0001e8f0       __scrt_initialize_crt      00000001400308f0 f   MSVCRTD:utility.obj
 0002:0001e950       __scrt_initialize_onexit_tables 0000000140030950 f   MSVCRTD:utility.obj
 0002:0001eaa0       __scrt_is_nonwritable_in_current_image 0000000140030aa0 f   MSVCRTD:utility.obj
 0002:0001eb50       __scrt_release_startup_lock 0000000140030b50 f   MSVCRTD:utility.obj
 0002:0001eb90       __scrt_uninitialize_crt    0000000140030b90 f   MSVCRTD:utility.obj
 0002:0001ebe0       _onexit                    0000000140030be0 f   MSVCRTD:utility.obj
 0002:0001ec90       at_quick_exit              0000000140030c90 f   MSVCRTD:utility.obj
 0002:0001ed00       atexit                     0000000140030d00 f   MSVCRTD:utility.obj
 0002:0001ed40       _RTC_AllocaHelper          0000000140030d40 f   MSVCRTD:_stack_.obj
 0002:0001ed90       _RTC_CheckStackVars        0000000140030d90 f   MSVCRTD:_stack_.obj
 0002:0001ee40       _RTC_CheckStackVars2       0000000140030e40 f   MSVCRTD:_stack_.obj
 0002:0001ef90       _CRT_RTC_INIT              0000000140030f90 f   MSVCRTD:_init_.obj
 0002:0001efa0       _CRT_RTC_INITW             0000000140030fa0 f   MSVCRTD:_init_.obj
 0002:0001efb0       _RTC_InitBase              0000000140030fb0 f   MSVCRTD:_init_.obj
 0002:0001f000       _RTC_Shutdown              0000000140031000 f   MSVCRTD:_init_.obj
 0002:0001f030       __GSHandlerCheck           0000000140031030 f   MSVCRTD:_gshandler_.obj
 0002:0001f080       __GSHandlerCheckCommon     0000000140031080 f   MSVCRTD:_gshandler_.obj
 0002:0001f1c0       __GSHandlerCheck_EH        00000001400311c0 f   MSVCRTD:gshandlereh.obj
 0002:0001f2a0       _alloca_probe              00000001400312a0 f   MSVCRTD:_chkstk_.obj
 0002:0001f2a0       __chkstk                   00000001400312a0 f   MSVCRTD:_chkstk_.obj
 0002:0001f320       __security_check_cookie    0000000140031320 f   MSVCRTD:_amdsecgs_.obj
 0002:0001f350       ??1type_info@@UEAA@XZ      0000000140031350 f   MSVCRTD:std_type_info_static.obj
 0002:0001f370       ??_Etype_info@@UEAAPEAXI@Z 0000000140031370 f i MSVCRTD:std_type_info_static.obj
 0002:0001f370       ??_Gtype_info@@UEAAPEAXI@Z 0000000140031370 f i MSVCRTD:std_type_info_static.obj
 0002:0001f740       ?set_app_type@__scrt_main_policy@@SAXXZ 0000000140031740 f i MSVCRTD:exe_main.obj
 0002:0001f760       ?set_commode@__scrt_file_policy@@SAXXZ 0000000140031760 f i MSVCRTD:exe_main.obj
 0002:0001f790       ?set_fmode@__scrt_file_policy@@SAXXZ 0000000140031790 f i MSVCRTD:exe_main.obj
 0002:0001f7b0       mainCRTStartup             00000001400317b0 f   MSVCRTD:exe_main.obj
 0002:0001f7d0       _guard_check_icall         00000001400317d0 f i MSVCRTD:checkcfg.obj
 0002:0001f7f0       ??0bad_alloc@std@@AEAA@QEBD@Z 00000001400317f0 f i MSVCRTD:throw_bad_alloc.obj
 0002:0001f840       ??0bad_alloc@std@@QEAA@AEBV01@@Z 0000000140031840 f i MSVCRTD:throw_bad_alloc.obj
 0002:0001f890       ??0bad_alloc@std@@QEAA@XZ  0000000140031890 f i MSVCRTD:throw_bad_alloc.obj
 0002:0001f8e0       ??0bad_array_new_length@std@@QEAA@AEBV01@@Z 00000001400318e0 f i MSVCRTD:throw_bad_alloc.obj
 0002:0001f930       ??0bad_array_new_length@std@@QEAA@XZ 0000000140031930 f i MSVCRTD:throw_bad_alloc.obj
 0002:0001f970       ??1bad_alloc@std@@UEAA@XZ  0000000140031970 f i MSVCRTD:throw_bad_alloc.obj
 0002:0001f990       ??1bad_array_new_length@std@@UEAA@XZ 0000000140031990 f i MSVCRTD:throw_bad_alloc.obj
 0002:0001f9b0       ??_Ebad_alloc@std@@UEAAPEAXI@Z 00000001400319b0 f i MSVCRTD:throw_bad_alloc.obj
 0002:0001f9b0       ??_Gbad_alloc@std@@UEAAPEAXI@Z 00000001400319b0 f i MSVCRTD:throw_bad_alloc.obj
 0002:0001fa00       ??_Gbad_array_new_length@std@@UEAAPEAXI@Z 0000000140031a00 f i MSVCRTD:throw_bad_alloc.obj
 0002:0001fa00       ??_Ebad_array_new_length@std@@UEAAPEAXI@Z 0000000140031a00 f i MSVCRTD:throw_bad_alloc.obj
 0002:0001fa50       ?__scrt_throw_std_bad_alloc@@YAXXZ 0000000140031a50 f   MSVCRTD:throw_bad_alloc.obj
 0002:0001fa80       ?__scrt_throw_std_bad_array_new_length@@YAXXZ 0000000140031a80 f   MSVCRTD:throw_bad_alloc.obj
 0002:0001fab0       __isa_available_init       0000000140031ab0 f   MSVCRTD:_cpu_disp_.obj
 0002:0001ff00       _get_startup_argv_mode     0000000140031f00 f   MSVCRTD:argv_mode.obj
 0002:0001ff10       __scrt_is_ucrt_dll_in_use  0000000140031f10 f   MSVCRTD:ucrt_detection.obj
 0002:0001ff40       __crt_debugger_hook        0000000140031f40 f   MSVCRTD:utility_desktop.obj
 0002:0001ff60       __scrt_fastfail            0000000140031f60 f   MSVCRTD:utility_desktop.obj
 0002:00020160       __scrt_get_show_window_mode 0000000140032160 f   MSVCRTD:utility_desktop.obj
 0002:000201d0       __scrt_initialize_winrt    00000001400321d0 f   MSVCRTD:utility_desktop.obj
 0002:000201e0       __scrt_is_managed_app      00000001400321e0 f   MSVCRTD:utility_desktop.obj
 0002:000202b0       __scrt_set_unhandled_exception_filter 00000001400322b0 f   MSVCRTD:utility_desktop.obj
 0002:000202d0       __scrt_unhandled_exception_filter 00000001400322d0 f   MSVCRTD:utility_desktop.obj
 0002:00020360       ??$__vcrt_va_start_verify_argument_type@QEBD@@YAXXZ 0000000140032360 f i MSVCRTD:_error_.obj
 0002:00020440       ?_RTC_AllocaFailure@@YAXPEAXPEAU_RTC_ALLOCA_NODE@@H@Z 0000000140032440 f   MSVCRTD:_error_.obj
 0002:000205f0       ?_RTC_Failure@@YAXPEAXH@Z  00000001400325f0 f   MSVCRTD:_error_.obj
 0002:00020660       ?_RTC_StackFailure@@YAXPEAXPEBD@Z 0000000140032660 f   MSVCRTD:_error_.obj
 0002:00020b80       _RTC_UninitUse             0000000140032b80 f   MSVCRTD:_error_.obj
 0002:00020c80       __local_stdio_printf_options 0000000140032c80 f i MSVCRTD:_error_.obj
 0002:00020c90       _vsprintf_s_l              0000000140032c90 f i MSVCRTD:_error_.obj
 0002:00020d10       sprintf_s                  0000000140032d10 f i MSVCRTD:_error_.obj
 0002:00020d60       ?_RTC_GetErrorFunc@@YAP6AHHPEBDH00ZZPEBX@Z 0000000140032d60 f   MSVCRTD:_userapi_.obj
 0002:00020d70       ?_RTC_GetErrorFuncW@@YAP6AHHPEB_WH00ZZPEBX@Z 0000000140032d70 f   MSVCRTD:_userapi_.obj
 0002:00020d80       _RTC_GetErrDesc            0000000140032d80 f   MSVCRTD:_userapi_.obj
 0002:00020da0       _RTC_NumErrors             0000000140032da0 f   MSVCRTD:_userapi_.obj
 0002:00020db0       _RTC_SetErrorFunc          0000000140032db0 f   MSVCRTD:_userapi_.obj
 0002:00020dd0       _RTC_SetErrorFuncW         0000000140032dd0 f   MSVCRTD:_userapi_.obj
 0002:00020df0       _RTC_SetErrorType          0000000140032df0 f   MSVCRTD:_userapi_.obj
 0002:00020e20       __raise_securityfailure    0000000140032e20 f   MSVCRTD:gs_report.obj
 0002:00020e70       __report_gsfailure         0000000140032e70 f   MSVCRTD:gs_report.obj
 0002:00020f80       __report_rangecheckfailure 0000000140032f80 f   MSVCRTD:gs_report.obj
 0002:00020fa0       __report_securityfailure   0000000140032fa0 f   MSVCRTD:gs_report.obj
 0002:00021070       __report_securityfailureEx 0000000140033070 f   MSVCRTD:gs_report.obj
 0002:00021450       __security_init_cookie     0000000140033450 f   MSVCRTD:gs_support.obj
 0002:000214f0       _matherr                   00000001400334f0 f   MSVCRTD:matherr.obj
 0002:00021500       _get_startup_commit_mode   0000000140033500 f   MSVCRTD:commit_mode.obj
 0002:00021510       _get_startup_file_mode     0000000140033510 f   MSVCRTD:file_mode.obj
 0002:00021520       _get_startup_new_mode      0000000140033520 f   MSVCRTD:new_mode.obj
 0002:00021530       _get_startup_thread_locale_mode 0000000140033530 f   MSVCRTD:thread_locale.obj
 0002:00021540       ?__scrt_initialize_type_info@@YAXXZ 0000000140033540 f   MSVCRTD:tncleanup.obj
 0002:00021560       ?__scrt_uninitialize_type_info@@YAXXZ 0000000140033560 f   MSVCRTD:tncleanup.obj
 0002:00021580       _should_initialize_environment 0000000140033580 f   MSVCRTD:env_mode.obj
 0002:00021590       _initialize_invalid_parameter_handler 0000000140033590 f   MSVCRTD:invalid_parameter_handler.obj
 0002:000215a0       _initialize_denormal_control 00000001400335a0 f   MSVCRTD:denormal_control.obj
 0002:000215b0       __local_stdio_scanf_options 00000001400335b0 f i MSVCRTD:default_local_stdio_options.obj
 0002:000215c0       __scrt_initialize_default_local_stdio_options 00000001400335c0 f   MSVCRTD:default_local_stdio_options.obj
 0002:00021620       __scrt_is_user_matherr_present 0000000140033620 f   MSVCRTD:matherr_detection.obj
 0002:00021650       __scrt_get_dyn_tls_init_callback 0000000140033650 f   MSVCRTD:dyn_tls_init.obj
 0002:00021660       __scrt_get_dyn_tls_dtor_callback 0000000140033660 f   MSVCRTD:dyn_tls_dtor.obj
 0002:00021670       _RTC_Initialize            0000000140033670 f   MSVCRTD:_initsect_.obj
 0002:000216d0       _RTC_Terminate             00000001400336d0 f   MSVCRTD:_initsect_.obj
 0002:00021730       _guard_check_icall_nop     0000000140033730 f i MSVCRTD:guard_support.obj
 0002:00021740       ReadNoFence64              0000000140033740 f i MSVCRTD:guard_support.obj
 0002:00021770       ReadPointerNoFence         0000000140033770 f i MSVCRTD:guard_support.obj
 0002:00021790       __guard_ss_common_verify_stub 0000000140033790 f i MSVCRTD:guard_support.obj
 0002:000217a0       _guard_icall_checks_enforced 00000001400337a0 f i MSVCRTD:guard_support.obj
 0002:000217f0       _guard_rf_checks_enforced  00000001400337f0 f i MSVCRTD:guard_support.obj
 0002:00021e60       ?_RTC_GetSrcLine@@YAHPEAEPEA_WKPEAH1K@Z 0000000140033e60 f   MSVCRTD:_pdblkup_.obj
 0002:000223f0       memchr                     00000001400343f0 f   vcruntimed:VCRUNTIME140D.dll
 0002:000223f6       memcmp                     00000001400343f6 f   vcruntimed:VCRUNTIME140D.dll
 0002:000223fc       memcpy                     00000001400343fc f   vcruntimed:VCRUNTIME140D.dll
 0002:00022402       memmove                    0000000140034402 f   vcruntimed:VCRUNTIME140D.dll
 0002:00022408       memset                     0000000140034408 f   vcruntimed:VCRUNTIME140D.dll
 0002:0002240e       __std_exception_copy       000000014003440e f   vcruntimed:VCRUNTIME140D.dll
 0002:00022414       __std_exception_destroy    0000000140034414 f   vcruntimed:VCRUNTIME140D.dll
 0002:0002241a       _CxxThrowException         000000014003441a f   vcruntimed:VCRUNTIME140D.dll
 0002:00022420       __CxxFrameHandler3         0000000140034420 f   vcruntimed:VCRUNTIME140D.dll
 0002:00022426       __C_specific_handler       0000000140034426 f   vcruntimed:VCRUNTIME140D.dll
 0002:0002242c       __std_type_info_destroy_list 000000014003442c f   vcruntimed:VCRUNTIME140D.dll
 0002:00022432       __vcrt_GetModuleFileNameW  0000000140034432 f   vcruntimed:VCRUNTIME140D.dll
 0002:00022438       __vcrt_GetModuleHandleW    0000000140034438 f   vcruntimed:VCRUNTIME140D.dll
 0002:0002243e       __vcrt_LoadLibraryExW      000000014003443e f   vcruntimed:VCRUNTIME140D.dll
 0002:00022444       _invalid_parameter         0000000140034444 f   ucrtd:ucrtbased.dll
 0002:0002244a       _invalid_parameter_noinfo  000000014003444a f   ucrtd:ucrtbased.dll
 0002:00022450       _time64                    0000000140034450 f   ucrtd:ucrtbased.dll
 0002:00022456       _errno                     0000000140034456 f   ucrtd:ucrtbased.dll
 0002:0002245c       srand                      000000014003445c f   ucrtd:ucrtbased.dll
 0002:00022462       rand                       0000000140034462 f   ucrtd:ucrtbased.dll
 0002:00022468       atoi                       0000000140034468 f   ucrtd:ucrtbased.dll
 0002:0002246e       system                     000000014003446e f   ucrtd:ucrtbased.dll
 0002:00022474       _get_stream_buffer_pointers 0000000140034474 f   ucrtd:ucrtbased.dll
 0002:0002247a       fclose                     000000014003447a f   ucrtd:ucrtbased.dll
 0002:00022480       fflush                     0000000140034480 f   ucrtd:ucrtbased.dll
 0002:00022486       fgetc                      0000000140034486 f   ucrtd:ucrtbased.dll
 0002:0002248c       fgetpos                    000000014003448c f   ucrtd:ucrtbased.dll
 0002:00022492       fputc                      0000000140034492 f   ucrtd:ucrtbased.dll
 0002:00022498       fsetpos                    0000000140034498 f   ucrtd:ucrtbased.dll
 0002:0002249e       _fseeki64                  000000014003449e f   ucrtd:ucrtbased.dll
 0002:000224a4       fwrite                     00000001400344a4 f   ucrtd:ucrtbased.dll
 0002:000224aa       remove                     00000001400344aa f   ucrtd:ucrtbased.dll
 0002:000224b0       setvbuf                    00000001400344b0 f   ucrtd:ucrtbased.dll
 0002:000224b6       ungetc                     00000001400344b6 f   ucrtd:ucrtbased.dll
 0002:000224bc       _lock_file                 00000001400344bc f   ucrtd:ucrtbased.dll
 0002:000224c2       _unlock_file               00000001400344c2 f   ucrtd:ucrtbased.dll
 0002:000224c8       strlen                     00000001400344c8 f   ucrtd:ucrtbased.dll
 0002:000224ce       _CrtDbgReportW             00000001400344ce f   ucrtd:ucrtbased.dll
 0002:000224d4       setlocale                  00000001400344d4 f   ucrtd:ucrtbased.dll
 0002:000224da       _access                    00000001400344da f   ucrtd:ucrtbased.dll
 0002:000224e0       _free_dbg                  00000001400344e0 f   ucrtd:ucrtbased.dll
 0002:000224e6       _malloc_dbg                00000001400344e6 f   ucrtd:ucrtbased.dll
 0002:000224ec       _callnewh                  00000001400344ec f   ucrtd:ucrtbased.dll
 0002:000224f2       malloc                     00000001400344f2 f   ucrtd:ucrtbased.dll
 0002:000224f8       _seh_filter_dll            00000001400344f8 f   ucrtd:ucrtbased.dll
 0002:000224fe       _configure_narrow_argv     00000001400344fe f   ucrtd:ucrtbased.dll
 0002:00022504       _initialize_narrow_environment 0000000140034504 f   ucrtd:ucrtbased.dll
 0002:0002250a       _initialize_onexit_table   000000014003450a f   ucrtd:ucrtbased.dll
 0002:00022510       _register_onexit_function  0000000140034510 f   ucrtd:ucrtbased.dll
 0002:00022516       _execute_onexit_table      0000000140034516 f   ucrtd:ucrtbased.dll
 0002:0002251c       _crt_atexit                000000014003451c f   ucrtd:ucrtbased.dll
 0002:00022522       _crt_at_quick_exit         0000000140034522 f   ucrtd:ucrtbased.dll
 0002:00022528       _cexit                     0000000140034528 f   ucrtd:ucrtbased.dll
 0002:0002252e       _CrtDbgReport              000000014003452e f   ucrtd:ucrtbased.dll
 0002:00022534       _seh_filter_exe            0000000140034534 f   ucrtd:ucrtbased.dll
 0002:0002253a       _set_app_type              000000014003453a f   ucrtd:ucrtbased.dll
 0002:00022540       __setusermatherr           0000000140034540 f   ucrtd:ucrtbased.dll
 0002:00022546       _get_initial_narrow_environment 0000000140034546 f   ucrtd:ucrtbased.dll
 0002:0002254c       _initterm                  000000014003454c f   ucrtd:ucrtbased.dll
 0002:00022552       _initterm_e                0000000140034552 f   ucrtd:ucrtbased.dll
 0002:00022558       exit                       0000000140034558 f   ucrtd:ucrtbased.dll
 0002:0002255e       _exit                      000000014003455e f   ucrtd:ucrtbased.dll
 0002:00022564       _set_fmode                 0000000140034564 f   ucrtd:ucrtbased.dll
 0002:0002256a       __p___argc                 000000014003456a f   ucrtd:ucrtbased.dll
 0002:00022570       __p___argv                 0000000140034570 f   ucrtd:ucrtbased.dll
 0002:00022576       _c_exit                    0000000140034576 f   ucrtd:ucrtbased.dll
 0002:0002257c       _register_thread_local_exe_atexit_callback 000000014003457c f   ucrtd:ucrtbased.dll
 0002:00022582       _configthreadlocale        0000000140034582 f   ucrtd:ucrtbased.dll
 0002:00022588       _set_new_mode              0000000140034588 f   ucrtd:ucrtbased.dll
 0002:0002258e       __p__commode               000000014003458e f   ucrtd:ucrtbased.dll
 0002:00022594       terminate                  0000000140034594 f   ucrtd:ucrtbased.dll
 0002:0002259a       strcpy_s                   000000014003459a f   ucrtd:ucrtbased.dll
 0002:000225a0       strcat_s                   00000001400345a0 f   ucrtd:ucrtbased.dll
 0002:000225a6       __stdio_common_vsprintf_s  00000001400345a6 f   ucrtd:ucrtbased.dll
 0002:000225ac       _wmakepath_s               00000001400345ac f   ucrtd:ucrtbased.dll
 0002:000225b2       _wsplitpath_s              00000001400345b2 f   ucrtd:ucrtbased.dll
 0002:000225b8       wcscpy_s                   00000001400345b8 f   ucrtd:ucrtbased.dll
 0002:000225be       RtlCaptureContext          00000001400345be f   kernel32:KERNEL32.dll
 0002:000225c4       RtlLookupFunctionEntry     00000001400345c4 f   kernel32:KERNEL32.dll
 0002:000225ca       RtlVirtualUnwind           00000001400345ca f   kernel32:KERNEL32.dll
 0002:000225d0       IsDebuggerPresent          00000001400345d0 f   kernel32:KERNEL32.dll
 0002:000225d6       UnhandledExceptionFilter   00000001400345d6 f   kernel32:KERNEL32.dll
 0002:000225dc       SetUnhandledExceptionFilter 00000001400345dc f   kernel32:KERNEL32.dll
 0002:000225e2       GetStartupInfoW            00000001400345e2 f   kernel32:KERNEL32.dll
 0002:000225e8       IsProcessorFeaturePresent  00000001400345e8 f   kernel32:KERNEL32.dll
 0002:000225ee       GetModuleHandleW           00000001400345ee f   kernel32:KERNEL32.dll
 0002:000225f4       RaiseException             00000001400345f4 f   kernel32:KERNEL32.dll
 0002:000225fa       MultiByteToWideChar        00000001400345fa f   kernel32:KERNEL32.dll
 0002:00022600       WideCharToMultiByte        0000000140034600 f   kernel32:KERNEL32.dll
 0002:00022606       GetCurrentProcess          0000000140034606 f   kernel32:KERNEL32.dll
 0002:0002260c       TerminateProcess           000000014003460c f   kernel32:KERNEL32.dll
 0002:00022612       QueryPerformanceCounter    0000000140034612 f   kernel32:KERNEL32.dll
 0002:00022618       GetCurrentProcessId        0000000140034618 f   kernel32:KERNEL32.dll
 0002:0002261e       GetCurrentThreadId         000000014003461e f   kernel32:KERNEL32.dll
 0002:00022624       GetSystemTimeAsFileTime    0000000140034624 f   kernel32:KERNEL32.dll
 0002:0002262a       InitializeSListHead        000000014003462a f   kernel32:KERNEL32.dll
 0002:00022630       GetLastError               0000000140034630 f   kernel32:KERNEL32.dll
 0002:00022636       HeapAlloc                  0000000140034636 f   kernel32:KERNEL32.dll
 0002:0002263c       HeapFree                   000000014003463c f   kernel32:KERNEL32.dll
 0002:00022642       GetProcessHeap             0000000140034642 f   kernel32:KERNEL32.dll
 0002:00022648       VirtualQuery               0000000140034648 f   kernel32:KERNEL32.dll
 0002:0002264e       FreeLibrary                000000014003464e f   kernel32:KERNEL32.dll
 0002:00022654       GetProcAddress             0000000140034654 f   kernel32:KERNEL32.dll
 0002:00022660       __scrt_stub_for_acrt_initialize 0000000140034660 f   MSVCRTD:ucrt_stubs.obj
 0002:00022660       __vcrt_initialize          0000000140034660 f   MSVCRTD:ucrt_stubs.obj
 0002:00022660       __acrt_initialize          0000000140034660 f   MSVCRTD:ucrt_stubs.obj
 0002:00022670       __vcrt_thread_attach       0000000140034670 f   MSVCRTD:ucrt_stubs.obj
 0002:00022670       __acrt_thread_attach       0000000140034670 f   MSVCRTD:ucrt_stubs.obj
 0002:00022670       __scrt_stub_for_acrt_thread_attach 0000000140034670 f   MSVCRTD:ucrt_stubs.obj
 0002:00022680       __scrt_stub_for_acrt_thread_detach 0000000140034680 f   MSVCRTD:ucrt_stubs.obj
 0002:00022680       __acrt_thread_detach       0000000140034680 f   MSVCRTD:ucrt_stubs.obj
 0002:00022680       __vcrt_thread_detach       0000000140034680 f   MSVCRTD:ucrt_stubs.obj
 0002:00022690       __vcrt_uninitialize        0000000140034690 f   MSVCRTD:ucrt_stubs.obj
 0002:00022690       __acrt_uninitialize        0000000140034690 f   MSVCRTD:ucrt_stubs.obj
 0002:00022690       __scrt_stub_for_acrt_uninitialize 0000000140034690 f   MSVCRTD:ucrt_stubs.obj
 0002:000226a0       __acrt_uninitialize_critical 00000001400346a0 f   MSVCRTD:ucrt_stubs.obj
 0002:000226a0       __vcrt_uninitialize_critical 00000001400346a0 f   MSVCRTD:ucrt_stubs.obj
 0002:000226a0       __scrt_stub_for_acrt_uninitialize_critical 00000001400346a0 f   MSVCRTD:ucrt_stubs.obj
 0002:000226b0       __scrt_stub_for_is_c_termination_complete 00000001400346b0 f   MSVCRTD:ucrt_stubs.obj
 0002:000226b0       _is_c_termination_complete 00000001400346b0 f   MSVCRTD:ucrt_stubs.obj
 0002:00023bf0       _guard_dispatch_icall_nop  0000000140035bf0 f   MSVCRTD:_guard_dispatch_.obj
 0002:00023c10       __guard_ss_verify_failure  0000000140035c10 f   MSVCRTD:_rfgfailure_.obj
 0002:00023c1b       __guard_ss_verify_failure_rcx 0000000140035c1b     MSVCRTD:_rfgfailure_.obj
 0002:00023c21       __guard_ss_verify_failure_rdx 0000000140035c21     MSVCRTD:_rfgfailure_.obj
 0002:00023c27       __guard_ss_verify_failure_r8 0000000140035c27     MSVCRTD:_rfgfailure_.obj
 0002:00023c2d       __guard_ss_verify_failure_r9 0000000140035c2d     MSVCRTD:_rfgfailure_.obj
[...]
 0006:000000e8       __imp_HeapFree             000000014004e0e8     kernel32:KERNEL32.dll
 0006:000000f0       __imp_GetProcessHeap       000000014004e0f0     kernel32:KERNEL32.dll
 0006:000000f8       __imp_VirtualQuery         000000014004e0f8     kernel32:KERNEL32.dll
 0006:00000100       __imp_RtlCaptureContext    000000014004e100     kernel32:KERNEL32.dll
 0006:00000108       \177KERNEL32_NULL_THUNK_DATA 000000014004e108     kernel32:KERNEL32.dll
 0006:00000190       __imp_?getloc@?$basic_streambuf@DU?$char_traits@D@std@@@std@@QEBA?AVlocale@2@XZ 000000014004e190     msvcprtd:MSVCP140D.dll
 0006:00000198       __imp_?sbumpc@?$basic_streambuf@DU?$char_traits@D@std@@@std@@QEAAHXZ 000000014004e198     msvcprtd:MSVCP140D.dll
 0006:000001a0       __imp_?sgetc@?$basic_streambuf@DU?$char_traits@D@std@@@std@@QEAAHXZ 000000014004e1a0     msvcprtd:MSVCP140D.dll
 0006:000001a8       __imp_?snextc@?$basic_streambuf@DU?$char_traits@D@std@@@std@@QEAAHXZ 000000014004e1a8     msvcprtd:MSVCP140D.dll
 0006:000001b0       __imp_?sputc@?$basic_streambuf@DU?$char_traits@D@std@@@std@@QEAAHD@Z 000000014004e1b0     msvcprtd:MSVCP140D.dll
 0006:000001b8       __imp_?sputn@?$basic_streambuf@DU?$char_traits@D@std@@@std@@QEAA_JPEBD_J@Z 000000014004e1b8     msvcprtd:MSVCP140D.dll
 0006:000001c0       __imp_?eback@?$basic_streambuf@DU?$char_traits@D@std@@@std@@IEBAPEADXZ 000000014004e1c0     msvcprtd:MSVCP140D.dll
 0006:000001c8       __imp_?gptr@?$basic_streambuf@DU?$char_traits@D@std@@@std@@IEBAPEADXZ 000000014004e1c8     msvcprtd:MSVCP140D.dll
 0006:000001d0       __imp_?pbase@?$basic_streambuf@DU?$char_traits@D@std@@@std@@IEBAPEADXZ 000000014004e1d0     msvcprtd:MSVCP140D.dll
 0006:000001d8       __imp_?pptr@?$basic_streambuf@DU?$char_traits@D@std@@@std@@IEBAPEADXZ 000000014004e1d8     msvcprtd:MSVCP140D.dll
 0006:000001e0       __imp_?egptr@?$basic_streambuf@DU?$char_traits@D@std@@@std@@IEBAPEADXZ 000000014004e1e0     msvcprtd:MSVCP140D.dll
 0006:000001e8       __imp_?gbump@?$basic_streambuf@DU?$char_traits@D@std@@@std@@IEAAXH@Z 000000014004e1e8     msvcprtd:MSVCP140D.dll
 0006:000001f0       __imp_?setg@?$basic_streambuf@DU?$char_traits@D@std@@@std@@IEAAXPEAD00@Z 000000014004e1f0     msvcprtd:MSVCP140D.dll
 0006:000001f8       __imp_?epptr@?$basic_streambuf@DU?$char_traits@D@std@@@std@@IEBAPEADXZ 000000014004e1f8     msvcprtd:MSVCP140D.dll
 0006:00000200       __imp_?_Gndec@?$basic_streambuf@DU?$char_traits@D@std@@@std@@IEAAPEADXZ 000000014004e200     msvcprtd:MSVCP140D.dll
 0006:00000208       __imp_?_Gninc@?$basic_streambuf@DU?$char_traits@D@std@@@std@@IEAAPEADXZ 000000014004e208     msvcprtd:MSVCP140D.dll
 0006:00000210       __imp_?pbump@?$basic_streambuf@DU?$char_traits@D@std@@@std@@IEAAXH@Z 000000014004e210     msvcprtd:MSVCP140D.dll
 0006:00000218       __imp_?setp@?$basic_streambuf@DU?$char_traits@D@std@@@std@@IEAAXPEAD0@Z 000000014004e218     msvcprtd:MSVCP140D.dll
 0006:00000220       __imp_?setp@?$basic_streambuf@DU?$char_traits@D@std@@@std@@IEAAXPEAD00@Z 000000014004e220     msvcprtd:MSVCP140D.dll
 0006:00000228       __imp_?_Pninc@?$basic_streambuf@DU?$char_traits@D@std@@@std@@IEAAPEADXZ 000000014004e228     msvcprtd:MSVCP140D.dll
 0006:00000230       __imp_?_Init@?$basic_streambuf@DU?$char_traits@D@std@@@std@@IEAAXXZ 000000014004e230     msvcprtd:MSVCP140D.dll
 0006:00000238       __imp_?_Init@?$basic_streambuf@DU?$char_traits@D@std@@@std@@IEAAXPEAPEAD0PEAH001@Z 000000014004e238     msvcprtd:MSVCP140D.dll
 0006:00000240       __imp_??1?$basic_ios@DU?$char_traits@D@std@@@std@@UEAA@XZ 000000014004e240     msvcprtd:MSVCP140D.dll
 0006:00000248       __imp_?clear@?$basic_ios@DU?$char_traits@D@std@@@std@@QEAAXH_N@Z 000000014004e248     msvcprtd:MSVCP140D.dll
 0006:00000250       __imp_?setstate@?$basic_ios@DU?$char_traits@D@std@@@std@@QEAAXH_N@Z 000000014004e250     msvcprtd:MSVCP140D.dll
 0006:00000258       __imp_?tie@?$basic_ios@DU?$char_traits@D@std@@@std@@QEBAPEAV?$basic_ostream@DU?$char_traits@D@std@@@2@XZ 000000014004e258     msvcprtd:MSVCP140D.dll
 0006:00000260       __imp_?rdbuf@?$basic_ios@DU?$char_traits@D@std@@@std@@QEBAPEAV?$basic_streambuf@DU?$char_traits@D@std@@@2@XZ 000000014004e260     msvcprtd:MSVCP140D.dll
 0006:00000268       __imp_?fill@?$basic_ios@DU?$char_traits@D@std@@@std@@QEBADXZ 000000014004e268     msvcprtd:MSVCP140D.dll
 0006:00000270       __imp_?widen@?$basic_ios@DU?$char_traits@D@std@@@std@@QEBADD@Z 000000014004e270     msvcprtd:MSVCP140D.dll
 0006:00000278       __imp_??0?$basic_ios@DU?$char_traits@D@std@@@std@@IEAA@XZ 000000014004e278     msvcprtd:MSVCP140D.dll
 0006:00000280       __imp_??0?$basic_ostream@DU?$char_traits@D@std@@@std@@QEAA@PEAV?$basic_streambuf@DU?$char_traits@D@std@@@1@_N@Z 000000014004e280     msvcprtd:MSVCP140D.dll
 0006:00000288       __imp_??1?$basic_ostream@DU?$char_traits@D@std@@@std@@UEAA@XZ 000000014004e288     msvcprtd:MSVCP140D.dll
 0006:00000290       __imp_??0?$basic_streambuf@DU?$char_traits@D@std@@@std@@IEAA@XZ 000000014004e290     msvcprtd:MSVCP140D.dll
 0006:00000298       __imp_??6?$basic_ostream@DU?$char_traits@D@std@@@std@@QEAAAEAV01@P6AAEAV01@AEAV01@@Z@Z 000000014004e298     msvcprtd:MSVCP140D.dll
 0006:000002a0       __imp_??6?$basic_ostream@DU?$char_traits@D@std@@@std@@QEAAAEAV01@G@Z 000000014004e2a0     msvcprtd:MSVCP140D.dll
 0006:000002a8       __imp_??6?$basic_ostream@DU?$char_traits@D@std@@@std@@QEAAAEAV01@H@Z 000000014004e2a8     msvcprtd:MSVCP140D.dll
 0006:000002b0       __imp_?put@?$basic_ostream@DU?$char_traits@D@std@@@std@@QEAAAEAV12@D@Z 000000014004e2b0     msvcprtd:MSVCP140D.dll
 0006:000002b8       __imp_?flush@?$basic_ostream@DU?$char_traits@D@std@@@std@@QEAAAEAV12@XZ 000000014004e2b8     msvcprtd:MSVCP140D.dll
 0006:000002c0       __imp_??0?$basic_istream@DU?$char_traits@D@std@@@std@@QEAA@PEAV?$basic_streambuf@DU?$char_traits@D@std@@@1@_N@Z 000000014004e2c0     msvcprtd:MSVCP140D.dll
 0006:000002c8       __imp_??1?$basic_istream@DU?$char_traits@D@std@@@std@@UEAA@XZ 000000014004e2c8     msvcprtd:MSVCP140D.dll
 0006:000002d0       __imp_?_Ipfx@?$basic_istream@DU?$char_traits@D@std@@@std@@QEAA_N_N@Z 000000014004e2d0     msvcprtd:MSVCP140D.dll
 0006:000002d8       __imp_??0?$basic_iostream@DU?$char_traits@D@std@@@std@@QEAA@PEAV?$basic_streambuf@DU?$char_traits@D@std@@@1@@Z 000000014004e2d8     msvcprtd:MSVCP140D.dll
 0006:000002e0       __imp_??1?$basic_iostream@DU?$char_traits@D@std@@@std@@UEAA@XZ 000000014004e2e0     msvcprtd:MSVCP140D.dll
 0006:000002e8       __imp_?_Fiopen@std@@YAPEAU_iobuf@@PEBDHH@Z 000000014004e2e8     msvcprtd:MSVCP140D.dll
 0006:000002f0       __imp_?_Random_device@std@@YAIXZ 000000014004e2f0     msvcprtd:MSVCP140D.dll
 0006:000002f8       __imp_?_Lock@?$basic_streambuf@DU?$char_traits@D@std@@@std@@UEAAXXZ 000000014004e2f8     msvcprtd:MSVCP140D.dll
 0006:00000300       __imp_?_Unlock@?$basic_streambuf@DU?$char_traits@D@std@@@std@@UEAAXXZ 000000014004e300     msvcprtd:MSVCP140D.dll
 0006:00000308       __imp_?imbue@?$basic_streambuf@DU?$char_traits@D@std@@@std@@MEAAXAEBVlocale@2@@Z 000000014004e308     msvcprtd:MSVCP140D.dll
 0006:00000310       __imp_?setbuf@?$basic_streambuf@DU?$char_traits@D@std@@@std@@MEAAPEAV12@PEAD_J@Z 000000014004e310     msvcprtd:MSVCP140D.dll
 0006:00000318       __imp_?showmanyc@?$basic_streambuf@DU?$char_traits@D@std@@@std@@MEAA_JXZ 000000014004e318     msvcprtd:MSVCP140D.dll
 0006:00000320       __imp_?sync@?$basic_streambuf@DU?$char_traits@D@std@@@std@@MEAAHXZ 000000014004e320     msvcprtd:MSVCP140D.dll
 0006:00000328       __imp_?uflow@?$basic_streambuf@DU?$char_traits@D@std@@@std@@MEAAHXZ 000000014004e328     msvcprtd:MSVCP140D.dll
 0006:00000330       __imp_?xsgetn@?$basic_streambuf@DU?$char_traits@D@std@@@std@@MEAA_JPEAD_J@Z 000000014004e330     msvcprtd:MSVCP140D.dll
 0006:00000338       __imp_?xsputn@?$basic_streambuf@DU?$char_traits@D@std@@@std@@MEAA_JPEBD_J@Z 000000014004e338     msvcprtd:MSVCP140D.dll
 0006:00000340       __imp_?_BADOFF@std@@3_JB   000000014004e340     msvcprtd:MSVCP140D.dll
 0006:00000348       __imp_?id@?$ctype@D@std@@2V0locale@2@A 000000014004e348     msvcprtd:MSVCP140D.dll
 0006:00000350       __imp_?id@?$codecvt@DDU_Mbstatet@@@std@@2V0locale@2@A 000000014004e350     msvcprtd:MSVCP140D.dll
 0006:00000358       __imp_?cin@std@@3V?$basic_istream@DU?$char_traits@D@std@@@1@A 000000014004e358     msvcprtd:MSVCP140D.dll
 0006:00000360       __imp_?cout@std@@3V?$basic_ostream@DU?$char_traits@D@std@@@1@A 000000014004e360     msvcprtd:MSVCP140D.dll
 0006:00000368       __imp_??1?$basic_streambuf@DU?$char_traits@D@std@@@std@@UEAA@XZ 000000014004e368     msvcprtd:MSVCP140D.dll
 0006:00000370       __imp_?getloc@ios_base@std@@QEBA?AVlocale@2@XZ 000000014004e370     msvcprtd:MSVCP140D.dll
 0006:00000378       __imp_?width@ios_base@std@@QEAA_J_J@Z 000000014004e378     msvcprtd:MSVCP140D.dll
 0006:00000380       __imp_??0_Lockit@std@@QEAA@H@Z 000000014004e380     msvcprtd:MSVCP140D.dll
 0006:00000388       __imp_??1_Lockit@std@@QEAA@XZ 000000014004e388     msvcprtd:MSVCP140D.dll
 0006:00000390       __imp_?uncaught_exception@std@@YA_NXZ 000000014004e390     msvcprtd:MSVCP140D.dll
 0006:00000398       __imp_?_Debug_message@std@@YAXPEB_W0I@Z 000000014004e398     msvcprtd:MSVCP140D.dll
 0006:000003a0       __imp_?_Xbad_alloc@std@@YAXXZ 000000014004e3a0     msvcprtd:MSVCP140D.dll
 0006:000003a8       __imp_?_Xlength_error@std@@YAXPEBD@Z 000000014004e3a8     msvcprtd:MSVCP140D.dll
 0006:000003b0       __imp_?_Xout_of_range@std@@YAXPEBD@Z 000000014004e3b0     msvcprtd:MSVCP140D.dll
 0006:000003b8       __imp_??Bid@locale@std@@QEAA_KXZ 000000014004e3b8     msvcprtd:MSVCP140D.dll
 0006:000003c0       __imp_?_Getgloballocale@locale@std@@CAPEAV_Locimp@12@XZ 000000014004e3c0     msvcprtd:MSVCP140D.dll
 0006:000003c8       __imp_?always_noconv@codecvt_base@std@@QEBA_NXZ 000000014004e3c8     msvcprtd:MSVCP140D.dll
 0006:000003d0       __imp_?is@?$ctype@D@std@@QEBA_NFD@Z 000000014004e3d0     msvcprtd:MSVCP140D.dll
 0006:000003d8       __imp_?_Getcat@?$ctype@D@std@@SA_KPEAPEBVfacet@locale@2@PEBV42@@Z 000000014004e3d8     msvcprtd:MSVCP140D.dll
 0006:000003e0       __imp_?in@?$codecvt@DDU_Mbstatet@@@std@@QEBAHAEAU_Mbstatet@@PEBD1AEAPEBDPEAD3AEAPEAD@Z 000000014004e3e0     msvcprtd:MSVCP140D.dll
 0006:000003e8       __imp_?out@?$codecvt@DDU_Mbstatet@@@std@@QEBAHAEAU_Mbstatet@@PEBD1AEAPEBDPEAD3AEAPEAD@Z 000000014004e3e8     msvcprtd:MSVCP140D.dll
 0006:000003f0       __imp_?width@ios_base@std@@QEBA_JXZ 000000014004e3f0     msvcprtd:MSVCP140D.dll
 0006:000003f8       __imp_?flags@ios_base@std@@QEBAHXZ 000000014004e3f8     msvcprtd:MSVCP140D.dll
 0006:00000400       __imp_?eof@ios_base@std@@QEBA_NXZ 000000014004e400     msvcprtd:MSVCP140D.dll
 0006:00000408       __imp_?good@ios_base@std@@QEBA_NXZ 000000014004e408     msvcprtd:MSVCP140D.dll
 0006:00000410       __imp_?_Getcat@?$codecvt@DDU_Mbstatet@@@std@@SA_KPEAPEBVfacet@locale@2@PEBV42@@Z 000000014004e410     msvcprtd:MSVCP140D.dll
 0006:00000418       __imp_?unshift@?$codecvt@DDU_Mbstatet@@@std@@QEBAHAEAU_Mbstatet@@PEAD1AEAPEAD@Z 000000014004e418     msvcprtd:MSVCP140D.dll
 0006:00000420       __imp_?_Osfx@?$basic_ostream@DU?$char_traits@D@std@@@std@@QEAAXXZ 000000014004e420     msvcprtd:MSVCP140D.dll
 0006:00000428       \177MSVCP140D_NULL_THUNK_DATA 000000014004e428     msvcprtd:MSVCP140D.dll
 0006:00000500       __imp___vcrt_GetModuleFileNameW 000000014004e500     vcruntimed:VCRUNTIME140D.dll
 0006:00000508       __imp___std_type_info_destroy_list 000000014004e508     vcruntimed:VCRUNTIME140D.dll
 0006:00000510       __imp___C_specific_handler 000000014004e510     vcruntimed:VCRUNTIME140D.dll
 0006:00000518       __imp___CxxFrameHandler3   000000014004e518     vcruntimed:VCRUNTIME140D.dll
 0006:00000520       __imp__CxxThrowException   000000014004e520     vcruntimed:VCRUNTIME140D.dll
 0006:00000528       __imp___vcrt_GetModuleHandleW 000000014004e528     vcruntimed:VCRUNTIME140D.dll
 0006:00000530       __imp___std_exception_copy 000000014004e530     vcruntimed:VCRUNTIME140D.dll
 0006:00000538       __imp_memset               000000014004e538     vcruntimed:VCRUNTIME140D.dll
 0006:00000540       __imp_memmove              000000014004e540     vcruntimed:VCRUNTIME140D.dll
 0006:00000548       __imp_memcpy               000000014004e548     vcruntimed:VCRUNTIME140D.dll
 0006:00000550       __imp_memcmp               000000014004e550     vcruntimed:VCRUNTIME140D.dll
 0006:00000558       __imp_memchr               000000014004e558     vcruntimed:VCRUNTIME140D.dll
 0006:00000560       __imp___std_exception_destroy 000000014004e560     vcruntimed:VCRUNTIME140D.dll
 0006:00000568       __imp___vcrt_LoadLibraryExW 000000014004e568     vcruntimed:VCRUNTIME140D.dll
 0006:00000570       \177VCRUNTIME140D_NULL_THUNK_DATA 000000014004e570     vcruntimed:VCRUNTIME140D.dll
 0006:000005d8       __imp_PlaySoundA           000000014004e5d8     winmm:WINMM.dll
 0006:000005e0       \177WINMM_NULL_THUNK_DATA  000000014004e5e0     winmm:WINMM.dll
 0006:00000638       __imp_setlocale            000000014004e638     ucrtd:ucrtbased.dll
 0006:00000640       __imp__access              000000014004e640     ucrtd:ucrtbased.dll
 0006:00000648       __imp__free_dbg            000000014004e648     ucrtd:ucrtbased.dll
 0006:00000650       __imp__malloc_dbg          000000014004e650     ucrtd:ucrtbased.dll
 0006:00000658       __imp__callnewh            000000014004e658     ucrtd:ucrtbased.dll
 0006:00000660       __imp_malloc               000000014004e660     ucrtd:ucrtbased.dll
 0006:00000668       __imp__seh_filter_dll      000000014004e668     ucrtd:ucrtbased.dll
 0006:00000670       __imp__configure_narrow_argv 000000014004e670     ucrtd:ucrtbased.dll
 0006:00000678       __imp__initialize_narrow_environment 000000014004e678     ucrtd:ucrtbased.dll
 0006:00000680       __imp__initialize_onexit_table 000000014004e680     ucrtd:ucrtbased.dll
 0006:00000688       __imp__register_onexit_function 000000014004e688     ucrtd:ucrtbased.dll
 0006:00000690       __imp__execute_onexit_table 000000014004e690     ucrtd:ucrtbased.dll
 0006:00000698       __imp__crt_atexit          000000014004e698     ucrtd:ucrtbased.dll
 0006:000006a0       __imp__crt_at_quick_exit   000000014004e6a0     ucrtd:ucrtbased.dll
 0006:000006a8       __imp__cexit               000000014004e6a8     ucrtd:ucrtbased.dll
 0006:000006b0       __imp__CrtDbgReport        000000014004e6b0     ucrtd:ucrtbased.dll
 0006:000006b8       __imp__seh_filter_exe      000000014004e6b8     ucrtd:ucrtbased.dll
 0006:000006c0       __imp__set_app_type        000000014004e6c0     ucrtd:ucrtbased.dll
 0006:000006c8       __imp___setusermatherr     000000014004e6c8     ucrtd:ucrtbased.dll
 0006:000006d0       __imp__get_initial_narrow_environment 000000014004e6d0     ucrtd:ucrtbased.dll
 0006:000006d8       __imp__initterm            000000014004e6d8     ucrtd:ucrtbased.dll
 0006:000006e0       __imp__initterm_e          000000014004e6e0     ucrtd:ucrtbased.dll
 0006:000006e8       __imp_exit                 000000014004e6e8     ucrtd:ucrtbased.dll
 0006:000006f0       __imp__exit                000000014004e6f0     ucrtd:ucrtbased.dll
 0006:000006f8       __imp__set_fmode           000000014004e6f8     ucrtd:ucrtbased.dll
 0006:00000700       __imp___p___argc           000000014004e700     ucrtd:ucrtbased.dll
 0006:00000708       __imp___p___argv           000000014004e708     ucrtd:ucrtbased.dll
 0006:00000710       __imp__c_exit              000000014004e710     ucrtd:ucrtbased.dll
 0006:00000718       __imp__register_thread_local_exe_atexit_callback 000000014004e718     ucrtd:ucrtbased.dll
 0006:00000720       __imp_strlen               000000014004e720     ucrtd:ucrtbased.dll
 0006:00000728       __imp__set_new_mode        000000014004e728     ucrtd:ucrtbased.dll
 0006:00000730       __imp___p__commode         000000014004e730     ucrtd:ucrtbased.dll
 0006:00000738       __imp_terminate            000000014004e738     ucrtd:ucrtbased.dll
 0006:00000740       __imp_strcpy_s             000000014004e740     ucrtd:ucrtbased.dll
 0006:00000748       __imp_strcat_s             000000014004e748     ucrtd:ucrtbased.dll
 0006:00000750       __imp___stdio_common_vsprintf_s 000000014004e750     ucrtd:ucrtbased.dll
 0006:00000758       __imp__wmakepath_s         000000014004e758     ucrtd:ucrtbased.dll
 0006:00000760       __imp__wsplitpath_s        000000014004e760     ucrtd:ucrtbased.dll
 0006:00000768       __imp_wcscpy_s             000000014004e768     ucrtd:ucrtbased.dll
 0006:00000770       __imp__CrtDbgReportW       000000014004e770     ucrtd:ucrtbased.dll
 0006:00000778       __imp__lock_file           000000014004e778     ucrtd:ucrtbased.dll
 0006:00000780       __imp_ungetc               000000014004e780     ucrtd:ucrtbased.dll
 0006:00000788       __imp_setvbuf              000000014004e788     ucrtd:ucrtbased.dll
 0006:00000790       __imp_remove               000000014004e790     ucrtd:ucrtbased.dll
 0006:00000798       __imp_fwrite               000000014004e798     ucrtd:ucrtbased.dll
 0006:000007a0       __imp__fseeki64            000000014004e7a0     ucrtd:ucrtbased.dll
 0006:000007a8       __imp_fsetpos              000000014004e7a8     ucrtd:ucrtbased.dll
 0006:000007b0       __imp_fputc                000000014004e7b0     ucrtd:ucrtbased.dll
 0006:000007b8       __imp_fgetpos              000000014004e7b8     ucrtd:ucrtbased.dll
 0006:000007c0       __imp_fgetc                000000014004e7c0     ucrtd:ucrtbased.dll
 0006:000007c8       __imp_fflush               000000014004e7c8     ucrtd:ucrtbased.dll
 0006:000007d0       __imp_fclose               000000014004e7d0     ucrtd:ucrtbased.dll
 0006:000007d8       __imp__get_stream_buffer_pointers 000000014004e7d8     ucrtd:ucrtbased.dll
 0006:000007e0       __imp_system               000000014004e7e0     ucrtd:ucrtbased.dll
 0006:000007e8       __imp_atoi                 000000014004e7e8     ucrtd:ucrtbased.dll
 0006:000007f0       __imp_rand                 000000014004e7f0     ucrtd:ucrtbased.dll
 0006:000007f8       __imp_srand                000000014004e7f8     ucrtd:ucrtbased.dll
 0006:00000800       __imp__errno               000000014004e800     ucrtd:ucrtbased.dll
 0006:00000808       __imp__time64              000000014004e808     ucrtd:ucrtbased.dll
 0006:00000810       __imp__invalid_parameter_noinfo 000000014004e810     ucrtd:ucrtbased.dll
 0006:00000818       __imp__invalid_parameter   000000014004e818     ucrtd:ucrtbased.dll
 0006:00000820       __imp__configthreadlocale  000000014004e820     ucrtd:ucrtbased.dll
 0006:00000828       __imp__unlock_file         000000014004e828     ucrtd:ucrtbased.dll
 0006:00000830       \177ucrtbased_NULL_THUNK_DATA 000000014004e830     ucrtd:ucrtbased.dll
 0006:000008e8       __imp_URLDownloadToFileA   000000014004e8e8     urlmon:urlmon.dll
 0006:000008f0       \177urlmon_NULL_THUNK_DATA 000000014004e8f0     urlmon:urlmon.dll
 0006:00000948       __IMPORT_DESCRIPTOR_WINMM  000000014004e948     winmm:WINMM.dll
 0006:0000095c       __IMPORT_DESCRIPTOR_KERNEL32 000000014004e95c     kernel32:KERNEL32.dll
 0006:00000970       __IMPORT_DESCRIPTOR_MSVCP140D 000000014004e970     msvcprtd:MSVCP140D.dll
 0006:00000984       __IMPORT_DESCRIPTOR_urlmon 000000014004e984     urlmon:urlmon.dll
 0006:00000998       __IMPORT_DESCRIPTOR_VCRUNTIME140D 000000014004e998     vcruntimed:VCRUNTIME140D.dll
 0006:000009ac       __IMPORT_DESCRIPTOR_ucrtbased 000000014004e9ac     ucrtd:ucrtbased.dll
 0006:000009c0       __NULL_IMPORT_DESCRIPTOR   000000014004e9c0     winmm:WINMM.dll
 0007:00000000       __guard_check_icall_fptr   0000000140052000     MSVCRTD:guard_support.obj
 0007:00000010       __guard_dispatch_icall_fptr 0000000140052010     MSVCRTD:guard_support.obj
 0007:00000020       __guard_ss_verify_failure_fptr 0000000140052020     MSVCRTD:guard_support.obj
 0007:00000030       __guard_ss_verify_sp_fptr  0000000140052030     MSVCRTD:guard_support.obj

 Exports

  ordinal    name

