 Ruletka

 Timestamp is 5a285961 (Wed Dec  6 21:56:01 2017)

 Preferred load address is 0000000140000000

 Start         Length     Name                   Class
 0001:00000000 000105adH .textbss                DATA
 0002:00000000 00003050H .text$di                CODE
 0002:00003050 00020230H .text$mn                CODE
 0002:00023280 00001110H .text$mn$00             CODE
 0002:00024390 00002ca0H .text$x                 CODE
 0002:00027030 0000106eH .text$yd                CODE
 0003:00000000 00000110H .CRT$XCA                DATA
 0003:00000110 00000110H .CRT$XCAA               DATA
 0003:00000220 00000110H .CRT$XCL                DATA
 0003:00000330 00000110H .CRT$XCU                DATA
 0003:00000440 00000110H .CRT$XCZ                DATA
 0003:00000550 00000110H .CRT$XIA                DATA
 0003:00000660 00000110H .CRT$XIAA               DATA
 0003:00000770 00000110H .CRT$XIAC               DATA
 0003:00000880 00000110H .CRT$XIZ                DATA
 0003:00000990 00000110H .CRT$XPA                DATA
 0003:00000aa0 00000110H .CRT$XPZ                DATA
 0003:00000bb0 00000110H .CRT$XTA                DATA
 0003:00000cc0 00000110H .CRT$XTZ                DATA
 0003:00000dd0 00006710H .rdata                  DATA
 0003:000074e0 00000c58H .rdata$r                DATA
 0003:00008138 000001b8H .rdata$zzzdbg           DATA
 0003:000082f0 00000110H .rtc$IAA                DATA
 0003:00008400 00000110H .rtc$IMZ                DATA
 0003:00008510 00000110H .rtc$IZZ                DATA
 0003:00008620 00000110H .rtc$TAA                DATA
 0003:00008730 00000110H .rtc$TMZ                DATA
 0003:00008840 00000110H .rtc$TZZ                DATA
 0003:00008950 000044a0H .xdata                  DATA
 0003:0000cdf0 00000275H .xdata$x                DATA
 0003:0000d065 00000000H .edata                  DATA
 0004:00000000 000001b0H .data                   DATA
 0004:000001b0 00000630H .data$r                 DATA
 0004:000007e0 00000801H .bss                    DATA
 0005:00000000 00003a74H .pdata                  DATA
 0006:00000000 00000948H .idata$5                DATA
 0006:00000948 00000078H .idata$2                DATA
 0006:000009c0 00000018H .idata$3                DATA
 0006:000009d8 00000948H .idata$4                DATA
 0006:00001320 00001f7dH .idata$6                DATA
 0007:00000000 0000013fH .00cfg                  DATA
 0008:00000000 00000170H .rsrc$01                DATA
 0008:00000170 000002e9H .rsrc$02                DATA

  Address         Publics by Value              Rva+Base               Lib:Object

 0000:00000000       __dynamic_value_reloc_table 0000000000000000     <absolute>
 0000:00000000       __guard_longjmp_table      0000000000000000     <absolute>
 0000:00000000       __enclave_config           0000000000000000     <absolute>
 0000:00000000       __guard_fids_table         0000000000000000     <absolute>
 0000:00000000       __hybrid_code_map          0000000000000000     <absolute>
 0000:00000000       ___safe_se_handler_count   0000000000000000     <absolute>
 0000:00000000       __guard_fids_count         0000000000000000     <absolute>
 0000:00000000       __hybrid_code_map_count    0000000000000000     <absolute>
 0000:00000000       __guard_iat_count          0000000000000000     <absolute>
 0000:00000000       __guard_iat_table          0000000000000000     <absolute>
 0000:00000000       ___safe_se_handler_table   0000000000000000     <absolute>
 0000:00000000       __guard_longjmp_count      0000000000000000     <absolute>
 0000:00000000       __hybrid_auxiliary_iat     0000000000000000     <absolute>
 0000:00000100       __guard_flags              0000000000000100     <absolute>
 0000:00000000       __ImageBase                0000000140000000     <linker-defined>
 0001:00000000       __enc$textbss$begin        0000000140001000     <linker-defined>
 0001:000105ad       __enc$textbss$end          00000001400115ad     <linker-defined>
 0002:00003050       ??$?0$$V@?$_Compressed_pair@V?$allocator@D@std@@V?$_String_val@U?$_Simple_types@D@std@@@2@$00@std@@QEAA@U_Zero_then_variadic_args_t@1@@Z 0000000140015050 f i main.obj
 0002:000030c0       ??$?0D@?$allocator@U_Container_proxy@std@@@std@@QEAA@AEBV?$allocator@D@1@@Z 00000001400150c0 f i main.obj
 0002:00003110       ??$?0V?$allocator@D@std@@$$V@?$_Compressed_pair@V?$allocator@D@std@@V?$_String_val@U?$_Simple_types@D@std@@@2@$00@std@@QEAA@U_One_then_variadic_args_t@1@$$QEAV?$allocator@D@1@@Z 0000000140015110 f i main.obj
 0002:00003190       ??$?0V?$allocator@D@std@@X@?$_String_alloc@U?$_String_base_types@DV?$allocator@D@std@@@std@@@std@@QEAA@$$QEAV?$allocator@D@1@@Z 0000000140015190 f i main.obj
 0002:00003230       ??$?5DU?$char_traits@D@std@@V?$allocator@D@1@@std@@YAAEAV?$basic_istream@DU?$char_traits@D@std@@@0@$$QEAV10@AEAV?$basic_string@DU?$char_traits@D@std@@V?$allocator@D@2@@0@@Z 0000000140015230 f i main.obj
 0002:000036d0       ??$?5DU?$char_traits@D@std@@V?$allocator@D@1@@std@@YAAEAV?$basic_istream@DU?$char_traits@D@std@@@0@AEAV10@AEAV?$basic_string@DU?$char_traits@D@std@@V?$allocator@D@2@@0@@Z 00000001400156d0 f i main.obj
 0002:00003740       ??$?6DU?$char_traits@D@std@@V?$allocator@D@1@@std@@YAAEAV?$basic_ostream@DU?$char_traits@D@std@@@0@AEAV10@AEBV?$basic_string@DU?$char_traits@D@std@@V?$allocator@D@2@@0@@Z 0000000140015740 f i main.obj
 0002:000037d0       ??$?6U?$char_traits@D@std@@@std@@YAAEAV?$basic_ostream@DU?$char_traits@D@std@@@0@AEAV10@PEBD@Z 00000001400157d0 f i main.obj
 0002:00003ce0       ??$?8DU?$char_traits@D@std@@V?$allocator@D@1@@std@@YA_NAEBV?$basic_string@DU?$char_traits@D@std@@V?$allocator@D@2@@0@QEBD@Z 0000000140015ce0 f i main.obj
 0002:00003d40       ??$?9DD@std@@YA_NAEBV?$allocator@D@0@0@Z 0000000140015d40 f i main.obj
 0002:00003d90       ??$?9DU?$char_traits@D@std@@V?$allocator@D@1@@std@@YA_NAEBV?$basic_string@DU?$char_traits@D@std@@V?$allocator@D@2@@0@QEBD@Z 0000000140015d90 f i main.obj
 0002:00003e20       ??$?HDU?$char_traits@D@std@@V?$allocator@D@1@@std@@YA?AV?$basic_string@DU?$char_traits@D@std@@V?$allocator@D@2@@0@$$QEAV10@0@Z 0000000140015e20 f i main.obj
 0002:00003fe0       ??$?HDU?$char_traits@D@std@@V?$allocator@D@1@@std@@YA?AV?$basic_string@DU?$char_traits@D@std@@V?$allocator@D@2@@0@$$QEAV10@D@Z 0000000140015fe0 f i main.obj
 0002:00004090       ??$?HDU?$char_traits@D@std@@V?$allocator@D@1@@std@@YA?AV?$basic_string@DU?$char_traits@D@std@@V?$allocator@D@2@@0@$$QEAV10@QEBD@Z 0000000140016090 f i main.obj
 0002:00004140       ??$?HDU?$char_traits@D@std@@V?$allocator@D@1@@std@@YA?AV?$basic_string@DU?$char_traits@D@std@@V?$allocator@D@2@@0@AEBV10@$$QEAV10@@Z 0000000140016140 f i main.obj
 0002:000041f0       ??$?HDU?$char_traits@D@std@@V?$allocator@D@1@@std@@YA?AV?$basic_string@DU?$char_traits@D@std@@V?$allocator@D@2@@0@AEBV10@0@Z 00000001400161f0 f i main.obj
 0002:00004350       ??$?HDU?$char_traits@D@std@@V?$allocator@D@1@@std@@YA?AV?$basic_string@DU?$char_traits@D@std@@V?$allocator@D@2@@0@AEBV10@QEBD@Z 0000000140016350 f i main.obj
 0002:000044c0       ??$?HDU?$char_traits@D@std@@V?$allocator@D@1@@std@@YA?AV?$basic_string@DU?$char_traits@D@std@@V?$allocator@D@2@@0@QEBDAEBV10@@Z 00000001400164c0 f i main.obj
 0002:00004630       ??$?RVrandom_device@std@@@?$uniform_int@H@std@@QEBAHAEAVrandom_device@1@@Z 0000000140016630 f i main.obj
 0002:000046b0       ??$_Convert_size@_K@std@@YA_K_K@Z 00000001400166b0 f i main.obj
 0002:00004700       ??$_Deallocate_plain@V?$allocator@U_Container_proxy@std@@@std@@$0A@@std@@YAXAEAV?$allocator@U_Container_proxy@std@@@0@QEAU_Container_proxy@0@@Z 0000000140016700 f i main.obj
 0002:00004770       ??$_Eval@Vrandom_device@std@@@?$uniform_int@H@std@@AEBAHAEAVrandom_device@1@HH@Z 0000000140016770 f i main.obj
 0002:000048b0       ??$_Fgetc@D@std@@YA_NAEADPEAU_iobuf@@@Z 00000001400168b0 f i main.obj
 0002:00004930       ??$_Fputc@D@std@@YA_NDPEAU_iobuf@@@Z 0000000140016930 f i main.obj
 0002:000049c0       ??$_Insert_string@DU?$char_traits@D@std@@_K@std@@YAAEAV?$basic_ostream@DU?$char_traits@D@std@@@0@AEAV10@QEBD_K@Z 00000001400169c0 f i main.obj
 0002:00004ed0       ??$_Max_value@_K@std@@YAAEB_KAEB_K0@Z 0000000140016ed0 f i main.obj
 0002:00004f70       ??$_Min_value@_K@std@@YAAEB_KAEB_K0@Z 0000000140016f70 f i main.obj
 0002:00005010       ??$_Pocca@V?$allocator@D@std@@@std@@YAXAEAV?$allocator@D@0@AEBV10@@Z 0000000140017010 f i main.obj
 0002:00005090       ??$_Pocca@V?$allocator@D@std@@@std@@YAXAEAV?$allocator@D@0@AEBV10@U?$integral_constant@_N$0A@@0@@Z 0000000140017090 f i main.obj
 0002:000050e0       ??$_Pocma@V?$allocator@D@std@@@std@@YAXAEAV?$allocator@D@0@0@Z 00000001400170e0 f i main.obj
 0002:00005160       ??$_Pocma@V?$allocator@D@std@@@std@@YAXAEAV?$allocator@D@0@0U?$integral_constant@_N$00@0@@Z 0000000140017160 f i main.obj
 0002:00006400       ??$_Refancy@PEAD$0A@@std@@YAPEADPEAD@Z 0000000140018400 f i main.obj
 0002:00006450       ??$_Traits_equal@U?$char_traits@D@std@@@std@@YA_NQEBD_K01@Z 0000000140018450 f i main.obj
 0002:00006510       ??$_Traits_find@U?$char_traits@D@std@@@std@@YA_KQEBD_K101@Z 0000000140018510 f i main.obj
 0002:000066a0       ??$_Unfancy@$$CBD@std@@YAPEBDPEBD@Z 00000001400186a0 f i main.obj
 0002:000066f0       ??$_Unfancy@D@std@@YAPEADPEAD@Z 00000001400186f0 f i main.obj
 0002:00006740       ??$_Unfancy@U_Container_proxy@std@@@std@@YAPEAU_Container_proxy@0@PEAU10@@Z 0000000140018740 f i main.obj
 0002:00006790       ??$_Ungetc@D@std@@YA_NAEBDPEAU_iobuf@@@Z 0000000140018790 f i main.obj
 0002:00006830       ??$addressof@$$CBV?$basic_string@DU?$char_traits@D@std@@V?$allocator@D@2@@std@@@std@@YAPEBV?$basic_string@DU?$char_traits@D@std@@V?$allocator@D@2@@0@AEBV10@@Z 0000000140018830 f i main.obj
 0002:00006880       ??$addressof@D@std@@YAPEADAEAD@Z 0000000140018880 f i main.obj
 0002:000068d0       ??$addressof@PEAD@std@@YAPEAPEADAEAPEAD@Z 00000001400188d0 f i main.obj
 0002:00006920       ??$addressof@V?$_String_val@U?$_Simple_types@D@std@@@std@@@std@@YAPEAV?$_String_val@U?$_Simple_types@D@std@@@0@AEAV10@@Z 0000000140018920 f i main.obj
 0002:00006970       ??$addressof@V?$basic_string@DU?$char_traits@D@std@@V?$allocator@D@2@@std@@@std@@YAPEAV?$basic_string@DU?$char_traits@D@std@@V?$allocator@D@2@@0@AEAV10@@Z 0000000140018970 f i main.obj
 0002:000069c0       ??$construct@PEADAEBQEAD@?$_Default_allocator_traits@V?$allocator@D@std@@@std@@SAXAEAV?$allocator@D@1@QEAPEADAEBQEAD@Z 00000001400189c0 f i main.obj
 0002:00006a50       ??$construct@U_Container_proxy@std@@U12@@?$_Default_allocator_traits@V?$allocator@U_Container_proxy@std@@@std@@@std@@SAXAEAV?$allocator@U_Container_proxy@std@@@1@QEAU_Container_proxy@1@$$QEAU31@@Z 0000000140018a50 f i main.obj
 0002:00006af0       ??$destroy@PEAD@?$_Default_allocator_traits@V?$allocator@D@std@@@std@@SAXAEAV?$allocator@D@1@QEAPEAD@Z 0000000140018af0 f i main.obj
 0002:00006b40       ??$destroy@U_Container_proxy@std@@@?$_Default_allocator_traits@V?$allocator@U_Container_proxy@std@@@std@@@std@@SAXAEAV?$allocator@U_Container_proxy@std@@@1@QEAU_Container_proxy@1@@Z 0000000140018b40 f i main.obj
 0002:00006b90       ??$endl@DU?$char_traits@D@std@@@std@@YAAEAV?$basic_ostream@DU?$char_traits@D@std@@@0@AEAV10@@Z 0000000140018b90 f i main.obj
 0002:00006c30       ??$forward@AEBQEAD@std@@YAAEBQEADAEBQEAD@Z 0000000140018c30 f i main.obj
 0002:00006c80       ??$forward@U_Container_proxy@std@@@std@@YA$$QEAU_Container_proxy@0@AEAU10@@Z 0000000140018c80 f i main.obj
 0002:00006cd0       ??$forward@V?$allocator@D@std@@@std@@YA$$QEAV?$allocator@D@0@AEAV10@@Z 0000000140018cd0 f i main.obj
 0002:00006d20       ??$getline@DU?$char_traits@D@std@@V?$allocator@D@2@@std@@YAAEAV?$basic_istream@DU?$char_traits@D@std@@@0@$$QEAV10@AEAV?$basic_string@DU?$char_traits@D@std@@V?$allocator@D@2@@0@D@Z 0000000140018d20 f i main.obj
 0002:00007080       ??$getline@DU?$char_traits@D@std@@V?$allocator@D@2@@std@@YAAEAV?$basic_istream@DU?$char_traits@D@std@@@0@AEAV10@AEAV?$basic_string@DU?$char_traits@D@std@@V?$allocator@D@2@@0@@Z 0000000140019080 f i main.obj
 0002:00007130       ??$move@AEAV?$allocator@D@std@@@std@@YA$$QEAV?$allocator@D@0@AEAV10@@Z 0000000140019130 f i main.obj
 0002:00007180       ??$move@AEAV?$basic_istream@DU?$char_traits@D@std@@@std@@@std@@YA$$QEAV?$basic_istream@DU?$char_traits@D@std@@@0@AEAV10@@Z 0000000140019180 f i main.obj
 0002:000071d0       ??$move@AEAV?$basic_string@DU?$char_traits@D@std@@V?$allocator@D@2@@std@@@std@@YA$$QEAV?$basic_string@DU?$char_traits@D@std@@V?$allocator@D@2@@0@AEAV10@@Z 00000001400191d0 f i main.obj
 0002:00007220       ??$size@D$0BB@@std@@YA_KAEAY0BB@$$CBD@Z 0000000140019220 f i main.obj
 0002:00007270       ??$size@D$0BE@@std@@YA_KAEAY0BE@$$CBD@Z 0000000140019270 f i main.obj
 0002:000072c0       ??$size@D$0BH@@std@@YA_KAEAY0BH@$$CBD@Z 00000001400192c0 f i main.obj
 0002:00007310       ??$size@D$0BL@@std@@YA_KAEAY0BL@$$CBD@Z 0000000140019310 f i main.obj
 0002:00007360       ??$size@D$0BM@@std@@YA_KAEAY0BM@$$CBD@Z 0000000140019360 f i main.obj
 0002:000073b0       ??$size@D$0BN@@std@@YA_KAEAY0BN@$$CBD@Z 00000001400193b0 f i main.obj
 0002:00007400       ??$size@D$0CA@@std@@YA_KAEAY0CA@$$CBD@Z 0000000140019400 f i main.obj
 0002:00007450       ??$size@D$0CG@@std@@YA_KAEAY0CG@$$CBD@Z 0000000140019450 f i main.obj
 0002:000074a0       ??$size@D$0O@@std@@YA_KAEAY0O@$$CBD@Z 00000001400194a0 f i main.obj
 0002:000074f0       ??$use_facet@V?$codecvt@DDU_Mbstatet@@@std@@@std@@YAAEBV?$codecvt@DDU_Mbstatet@@@0@AEBVlocale@0@@Z 00000001400194f0 f i main.obj
 0002:000076b0       ??$use_facet@V?$ctype@D@std@@@std@@YAAEBV?$ctype@D@0@AEBVlocale@0@@Z 00000001400196b0 f i main.obj
 0002:00007870       ??0?$_Rng_from_urng@IVrandom_device@std@@@std@@QEAA@AEAVrandom_device@1@@Z 0000000140019870 f i main.obj
 0002:00007970       ??0?$_String_alloc@U?$_String_base_types@DV?$allocator@D@std@@@std@@@std@@QEAA@XZ 0000000140019970 f i main.obj
 0002:00007a00       ??0?$_String_const_iterator@V?$_String_val@U?$_Simple_types@D@std@@@std@@@std@@QEAA@PEBDPEBU_Container_base12@1@@Z 0000000140019a00 f i main.obj
 0002:00007aa0       ??0?$_String_iterator@V?$_String_val@U?$_Simple_types@D@std@@@std@@@std@@QEAA@PEADPEBU_Container_base12@1@@Z 0000000140019aa0 f i main.obj
 0002:00007b20       ??0?$_String_val@U?$_Simple_types@D@std@@@std@@QEAA@XZ 0000000140019b20 f i main.obj
 0002:00007bd0       ??0?$allocator@D@std@@QEAA@XZ 0000000140019bd0 f i main.obj
 0002:00007c20       ??0?$basic_filebuf@DU?$char_traits@D@std@@@std@@QEAA@PEAU_iobuf@@@Z 0000000140019c20 f i main.obj
 0002:00007cd0       ??0?$basic_fstream@DU?$char_traits@D@std@@@std@@QEAA@XZ 0000000140019cd0 f i main.obj
 0002:00007e50       ??0?$basic_ifstream@DU?$char_traits@D@std@@@std@@QEAA@XZ 0000000140019e50 f i main.obj
 0002:00007fb0       ??0?$basic_ofstream@DU?$char_traits@D@std@@@std@@QEAA@XZ 0000000140019fb0 f i main.obj
 0002:00008110       ??0?$basic_string@DU?$char_traits@D@std@@V?$allocator@D@2@@std@@QEAA@$$QEAV01@@Z 000000014001a110 f i main.obj
 0002:000081f0       ??0?$basic_string@DU?$char_traits@D@std@@V?$allocator@D@2@@std@@QEAA@AEBV01@@Z 000000014001a1f0 f i main.obj
 0002:000082a0       ??0?$basic_string@DU?$char_traits@D@std@@V?$allocator@D@2@@std@@QEAA@QEBD@Z 000000014001a2a0 f i main.obj
 0002:00008340       ??0?$basic_string@DU?$char_traits@D@std@@V?$allocator@D@2@@std@@QEAA@QEBD_K@Z 000000014001a340 f i main.obj
 0002:000083f0       ??0?$basic_string@DU?$char_traits@D@std@@V?$allocator@D@2@@std@@QEAA@XZ 000000014001a3f0 f i main.obj
 0002:00008470       ??0?$basic_string@DU?$char_traits@D@std@@V?$allocator@D@2@@std@@QEAA@_KD@Z 000000014001a470 f i main.obj
 0002:00008520       ??0?$basic_stringbuf@DU?$char_traits@D@std@@V?$allocator@D@2@@std@@QEAA@H@Z 000000014001a520 f i main.obj
 0002:000085f0       ??0?$basic_stringstream@DU?$char_traits@D@std@@V?$allocator@D@2@@std@@QEAA@H@Z 000000014001a5f0 f i main.obj
 0002:00008770       ??0?$fpos@U_Mbstatet@@@std@@QEAA@U_Mbstatet@@_J@Z 000000014001a770 f i main.obj
 0002:00008810       ??0?$fpos@U_Mbstatet@@@std@@QEAA@_J@Z 000000014001a810 f i main.obj
 0002:000088b0       ??0?$mersenne_twister@_K$0EA@$0BDI@$0JM@$0BP@$0?EKPNJAKFFGJJOGBH@$0BN@$0BB@$0HBNGHPPPONKGAAAA@$0CF@$0?IBBCAAAAAAAAA@$0CL@@std@@QEAA@_K00@Z 000000014001a8b0 f i main.obj
 0002:00008950       ??0?$mersenne_twister_engine@_K$0EA@$0BDI@$0JM@$0BP@$0?EKPNJAKFFGJJOGBH@$0BN@$0FFFFFFFFFFFFFFFF@$0BB@$0HBNGHPPPONKGAAAA@$0CF@$0?IBBCAAAAAAAAA@$0CL@$0FIFBPECNEMJFHPCN@@std@@QEAA@_K@Z 000000014001a950 f i main.obj
 0002:000089d0       ??0?$uniform_int@H@std@@QEAA@HH@Z 000000014001a9d0 f i main.obj
 0002:00008a50       ??0?$uniform_int_distribution@H@std@@QEAA@HH@Z 000000014001aa50 f i main.obj
 0002:00008ad0       ??0_Bxty@?$_String_val@U?$_Simple_types@D@std@@@std@@QEAA@XZ 000000014001aad0 f i main.obj
 0002:00008b20       ??0_Container_base12@std@@QEAA@XZ 000000014001ab20 f i main.obj
 0002:00008b80       ??0_Container_proxy@std@@QEAA@XZ 000000014001ab80 f i main.obj
 0002:00008bf0       ??0_Iterator_base12@std@@QEAA@XZ 000000014001abf0 f i main.obj
 0002:00008c60       ??0_Sentry_base@?$basic_istream@DU?$char_traits@D@std@@@std@@QEAA@AEAV12@@Z 000000014001ac60 f i main.obj
 0002:00008d80       ??0_Sentry_base@?$basic_ostream@DU?$char_traits@D@std@@@std@@QEAA@AEAV12@@Z 000000014001ad80 f i main.obj
 0002:00008ea0       ??0bad_cast@std@@QEAA@AEBV01@@Z 000000014001aea0 f i main.obj
 0002:00008f20       ??0bad_cast@std@@QEAA@XZ   000000014001af20 f i main.obj
 0002:00008fa0       ??0exception@std@@QEAA@AEBV01@@Z 000000014001afa0 f i main.obj
 0002:00009050       ??0exception@std@@QEAA@QEBDH@Z 000000014001b050 f i main.obj
 0002:000090f0       ??0param_type@?$uniform_int@H@std@@QEAA@HH@Z 000000014001b0f0 f i main.obj
 0002:00009170       ??0random_device@std@@QEAA@AEBV?$basic_string@DU?$char_traits@D@std@@V?$allocator@D@2@@1@@Z 000000014001b170 f i main.obj
 0002:000091d0       ??0sentry@?$basic_istream@DU?$char_traits@D@std@@@std@@QEAA@AEAV12@_N@Z 000000014001b1d0 f i main.obj
 0002:00009280       ??0sentry@?$basic_ostream@DU?$char_traits@D@std@@@std@@QEAA@AEAV12@@Z 000000014001b280 f i main.obj
 0002:00009410       ??1?$_Compressed_pair@V?$allocator@D@std@@V?$_String_val@U?$_Simple_types@D@std@@@2@$00@std@@QEAA@XZ 000000014001b410 f i main.obj
 0002:00009470       ??1?$_String_alloc@U?$_String_base_types@DV?$allocator@D@std@@@std@@@std@@QEAA@XZ 000000014001b470 f i main.obj
 0002:000094f0       ??1?$_String_const_iterator@V?$_String_val@U?$_Simple_types@D@std@@@std@@@std@@QEAA@XZ 000000014001b4f0 f i main.obj
 0002:00009540       ??1?$_String_iterator@V?$_String_val@U?$_Simple_types@D@std@@@std@@@std@@QEAA@XZ 000000014001b540 f i main.obj
 0002:00009590       ??1?$_String_val@U?$_Simple_types@D@std@@@std@@QEAA@XZ 000000014001b590 f i main.obj
 0002:00009600       ??1?$basic_filebuf@DU?$char_traits@D@std@@@std@@UEAA@XZ 000000014001b600 f i main.obj
 0002:000096c0       ??1?$basic_fstream@DU?$char_traits@D@std@@@std@@UEAA@XZ 000000014001b6c0 f i main.obj
 0002:000097b0       ??1?$basic_ifstream@DU?$char_traits@D@std@@@std@@UEAA@XZ 000000014001b7b0 f i main.obj
 0002:000098a0       ??1?$basic_ofstream@DU?$char_traits@D@std@@@std@@UEAA@XZ 000000014001b8a0 f i main.obj
 0002:00009990       ??1?$basic_string@DU?$char_traits@D@std@@V?$allocator@D@2@@std@@QEAA@XZ 000000014001b990 f i main.obj
 0002:00009a00       ??1?$basic_stringbuf@DU?$char_traits@D@std@@V?$allocator@D@2@@std@@UEAA@XZ 000000014001ba00 f i main.obj
 0002:00009a90       ??1?$basic_stringstream@DU?$char_traits@D@std@@V?$allocator@D@2@@std@@UEAA@XZ 000000014001ba90 f i main.obj
 0002:00009b80       ??1_Bxty@?$_String_val@U?$_Simple_types@D@std@@@std@@QEAA@XZ 000000014001bb80 f i main.obj
 0002:00009bc0       ??1_Container_base12@std@@QEAA@XZ 000000014001bbc0 f i main.obj
 0002:00009c10       ??1_Iterator_base12@std@@QEAA@XZ 000000014001bc10 f i main.obj
 0002:00009cd0       ??1_Sentry_base@?$basic_istream@DU?$char_traits@D@std@@@std@@QEAA@XZ 000000014001bcd0 f i main.obj
 0002:00009dd0       ??1_Sentry_base@?$basic_ostream@DU?$char_traits@D@std@@@std@@QEAA@XZ 000000014001bdd0 f i main.obj
 0002:00009ed0       ??1bad_cast@std@@UEAA@XZ   000000014001bed0 f i main.obj
 0002:00009f20       ??1exception@std@@UEAA@XZ  000000014001bf20 f i main.obj
 0002:00009f90       ??1locale@std@@QEAA@XZ     000000014001bf90 f i main.obj
 0002:0000a080       ??1sentry@?$basic_istream@DU?$char_traits@D@std@@@std@@QEAA@XZ 000000014001c080 f i main.obj
 0002:0000a0d0       ??1sentry@?$basic_ostream@DU?$char_traits@D@std@@@std@@QEAA@XZ 000000014001c0d0 f i main.obj
 0002:0000a160       ??2@YAPEAX_KPEAX@Z         000000014001c160 f i main.obj
 0002:0000a1b0       ??4?$basic_string@DU?$char_traits@D@std@@V?$allocator@D@2@@std@@QEAAAEAV01@$$QEAV01@@Z 000000014001c1b0 f i main.obj
 0002:0000a2b0       ??4?$basic_string@DU?$char_traits@D@std@@V?$allocator@D@2@@std@@QEAAAEAV01@AEBV01@@Z 000000014001c2b0 f i main.obj
 0002:0000a390       ??4?$basic_string@DU?$char_traits@D@std@@V?$allocator@D@2@@std@@QEAAAEAV01@QEBD@Z 000000014001c390 f i main.obj
 0002:0000a3f0       ??A?$basic_string@DU?$char_traits@D@std@@V?$allocator@D@2@@std@@QEAAAEAD_K@Z 000000014001c3f0 f i main.obj
 0002:0000a4d0       ??A?$basic_string@DU?$char_traits@D@std@@V?$allocator@D@2@@std@@QEBAAEBD_K@Z 000000014001c4d0 f i main.obj
 0002:0000a5b0       ??B?$fpos@U_Mbstatet@@@std@@QEBA_JXZ 000000014001c5b0 f i main.obj
 0002:0000a610       ??Bsentry@?$basic_istream@DU?$char_traits@D@std@@@std@@QEBA_NXZ 000000014001c610 f i main.obj
 0002:0000a660       ??Bsentry@?$basic_ostream@DU?$char_traits@D@std@@@std@@QEBA_NXZ 000000014001c660 f i main.obj
 0002:0000a6b0       ??D?$_String_const_iterator@V?$_String_val@U?$_Simple_types@D@std@@@std@@@std@@QEBAAEBDXZ 000000014001c6b0 f i main.obj
 0002:0000a880       ??D?$_String_iterator@V?$_String_val@U?$_Simple_types@D@std@@@std@@@std@@QEBAAEADXZ 000000014001c880 f i main.obj
 0002:0000aea0       ??R?$_Rng_from_urng@IVrandom_device@std@@@std@@QEAAII@Z 000000014001cea0 f i main.obj
 0002:0000b000       ??Rrandom_device@std@@QEAAIXZ 000000014001d000 f i main.obj
 0002:0000b050       ??Y?$basic_string@DU?$char_traits@D@std@@V?$allocator@D@2@@std@@QEAAAEAV01@AEBV01@@Z 000000014001d050 f i main.obj
 0002:0000b0b0       ??Y?$basic_string@DU?$char_traits@D@std@@V?$allocator@D@2@@std@@QEAAAEAV01@D@Z 000000014001d0b0 f i main.obj
 0002:0000b120       ??Y?$basic_string@DU?$char_traits@D@std@@V?$allocator@D@2@@std@@QEAAAEAV01@QEBD@Z 000000014001d120 f i main.obj
 0002:0000b180       ??_D?$basic_fstream@DU?$char_traits@D@std@@@std@@QEAAXXZ 000000014001d180 f i main.obj
 0002:0000b200       ??_D?$basic_ifstream@DU?$char_traits@D@std@@@std@@QEAAXXZ 000000014001d200 f i main.obj
 0002:0000b280       ??_D?$basic_ofstream@DU?$char_traits@D@std@@@std@@QEAAXXZ 000000014001d280 f i main.obj
 0002:0000b300       ??_D?$basic_stringstream@DU?$char_traits@D@std@@V?$allocator@D@2@@std@@QEAAXXZ 000000014001d300 f i main.obj
 0002:0000b378       ??_E?$basic_fstream@DU?$char_traits@D@std@@@std@@$4PPPPPPPM@A@EAAPEAXI@Z 000000014001d378 f i main.obj
 0002:0000b388       ??_E?$basic_ifstream@DU?$char_traits@D@std@@@std@@$4PPPPPPPM@A@EAAPEAXI@Z 000000014001d388 f i main.obj
 0002:0000b398       ??_E?$basic_ofstream@DU?$char_traits@D@std@@@std@@$4PPPPPPPM@A@EAAPEAXI@Z 000000014001d398 f i main.obj
 0002:0000b3a8       ??_E?$basic_stringstream@DU?$char_traits@D@std@@V?$allocator@D@2@@std@@$4PPPPPPPM@A@EAAPEAXI@Z 000000014001d3a8 f i main.obj
 0002:0000b3c0       ??_E?$basic_filebuf@DU?$char_traits@D@std@@@std@@UEAAPEAXI@Z 000000014001d3c0 f i main.obj
 0002:0000b3c0       ??_G?$basic_filebuf@DU?$char_traits@D@std@@@std@@UEAAPEAXI@Z 000000014001d3c0 f i main.obj
 0002:0000b450       ??_G?$basic_fstream@DU?$char_traits@D@std@@@std@@UEAAPEAXI@Z 000000014001d450 f i main.obj
 0002:0000b450       ??_E?$basic_fstream@DU?$char_traits@D@std@@@std@@UEAAPEAXI@Z 000000014001d450 f i main.obj
 0002:0000b500       ??_G?$basic_ifstream@DU?$char_traits@D@std@@@std@@UEAAPEAXI@Z 000000014001d500 f i main.obj
 0002:0000b500       ??_E?$basic_ifstream@DU?$char_traits@D@std@@@std@@UEAAPEAXI@Z 000000014001d500 f i main.obj
 0002:0000b5b0       ??_E?$basic_ofstream@DU?$char_traits@D@std@@@std@@UEAAPEAXI@Z 000000014001d5b0 f i main.obj
 0002:0000b5b0       ??_G?$basic_ofstream@DU?$char_traits@D@std@@@std@@UEAAPEAXI@Z 000000014001d5b0 f i main.obj
 0002:0000b660       ??_G?$basic_stringbuf@DU?$char_traits@D@std@@V?$allocator@D@2@@std@@UEAAPEAXI@Z 000000014001d660 f i main.obj
 0002:0000b660       ??_E?$basic_stringbuf@DU?$char_traits@D@std@@V?$allocator@D@2@@std@@UEAAPEAXI@Z 000000014001d660 f i main.obj
 0002:0000b6f0       ??_E?$basic_stringstream@DU?$char_traits@D@std@@V?$allocator@D@2@@std@@UEAAPEAXI@Z 000000014001d6f0 f i main.obj
 0002:0000b6f0       ??_G?$basic_stringstream@DU?$char_traits@D@std@@V?$allocator@D@2@@std@@UEAAPEAXI@Z 000000014001d6f0 f i main.obj
 0002:0000b7a0       ??_Ebad_cast@std@@UEAAPEAXI@Z 000000014001d7a0 f i main.obj
 0002:0000b7a0       ??_Gbad_cast@std@@UEAAPEAXI@Z 000000014001d7a0 f i main.obj
 0002:0000b830       ??_Eexception@std@@UEAAPEAXI@Z 000000014001d830 f i main.obj
 0002:0000b830       ??_Gexception@std@@UEAAPEAXI@Z 000000014001d830 f i main.obj
 0002:0000b8c0       ?Change_Col@@YAXAEBH@Z     000000014001d8c0 f   main.obj
 0002:0000b930       ?Czy_Kontynuowaæ@@YA_NAEBH@Z 000000014001d930 f   main.obj
 0002:0000bc20       ?Hide_Cursor@@YAXXZ        000000014001dc20 f   main.obj
 0002:0000bcd0       ?Koniec_gry@@YAXAEAV?$basic_ofstream@DU?$char_traits@D@std@@@std@@AEAV?$basic_fstream@DU?$char_traits@D@std@@@2@AEAH@Z 000000014001dcd0 f   main.obj
 0002:0000c080       ?Obstaw@@YA?AV?$basic_string@DU?$char_traits@D@std@@V?$allocator@D@2@@std@@XZ 000000014001e080 f   main.obj
 0002:0000cac0       ?Odczytaj_liczbê@@YAXAEBHAEBV?$basic_string@DU?$char_traits@D@std@@V?$allocator@D@2@@std@@@Z 000000014001eac0 f   main.obj
 0002:0000d300       ?Og³oœ_wynik@@YAXAEBH0AEAHAEAV?$basic_ofstream@DU?$char_traits@D@std@@@std@@AEAV?$basic_fstream@DU?$char_traits@D@std@@@2@@Z 000000014001f300 f   main.obj
 0002:0000dac0       ?Pêtla_g³ówna@@YAXAEAH00AEAV?$basic_ofstream@DU?$char_traits@D@std@@@std@@AEAV?$basic_fstream@DU?$char_traits@D@std@@@2@AEADAEAV?$basic_string@DU?$char_traits@D@std@@V?$allocator@D@2@@2@0@Z 000000014001fac0 f   main.obj
 0002:0000e290       ?Show_Cursor@@YAXXZ        0000000140020290 f   main.obj
 0002:0000e350       ?SprawdŸ_Pliki@@YAXXZ      0000000140020350 f   main.obj
 0002:00010bc0       ?SprawdŸ_Zak³ad@@YAHAEBHV?$basic_string@DU?$char_traits@D@std@@V?$allocator@D@2@@std@@0@Z 0000000140022bc0 f   main.obj
 0002:00011270       ?SprawdŸ_ustawienia@@YAXXZ 0000000140023270 f   main.obj
 0002:00011d40       ?Ustaw_ustawienia@@YAXAEAV?$basic_string@DU?$char_traits@D@std@@V?$allocator@D@2@@std@@@Z 0000000140023d40 f   main.obj
 0002:00012b30       ?Wczytaj_Kwotê_Zak³adu@@YAXAEAHAEBH@Z 0000000140024b30 f   main.obj
 0002:00012eb0       ?Wczytaj_z_pliku@@YAXAEAV?$basic_ofstream@DU?$char_traits@D@std@@@std@@AEAV?$basic_fstream@DU?$char_traits@D@std@@@2@AEADAEAH33AEAV?$basic_string@DU?$char_traits@D@std@@V?$allocator@D@2@@2@@Z 0000000140024eb0 f   main.obj
 0002:000143e0       ?Wylosuj@@YAHAEBH0@Z       00000001400263e0 f   main.obj
 0002:00014530       ?Zakrêæ_Ruletk¹@@YAHXZ     0000000140026530 f   main.obj
 0002:00014940       ?_Adjust@?$uniform_int@H@std@@CAII@Z 0000000140026940 f i main.obj
 0002:000149a0       ?_Adjust@?$uniform_int@H@std@@CAIIU?$integral_constant@_N$00@2@@Z 00000001400269a0 f i main.obj
 0002:00014a20       ?_Adopt@_Iterator_base12@std@@QEAAXPEBU_Container_base12@2@@Z 0000000140026a20 f i main.obj
 0002:00014b90       ?_Alloc_proxy@?$_String_alloc@U?$_String_base_types@DV?$allocator@D@std@@@std@@@std@@QEAAXXZ 0000000140026b90 f i main.obj
 0002:00014cf0       ?_Allocate@std@@YAPEAX_K0_N@Z 0000000140026cf0 f i main.obj
 0002:00014fd0       ?_Assign_rv_contents@?$basic_string@DU?$char_traits@D@std@@V?$allocator@D@2@@std@@QEAAX$$QEAV12@U?$integral_constant@_N$00@2@@Z 0000000140026fd0 f i main.obj
 0002:00015070       ?_Assign_rv_contents_with_alloc_always_equal@?$basic_string@DU?$char_traits@D@std@@V?$allocator@D@2@@std@@QEAAX$$QEAV12@U?$integral_constant@_N$00@2@@Z 0000000140027070 f i main.obj
 0002:00015170       ?_Become_small@?$basic_string@DU?$char_traits@D@std@@V?$allocator@D@2@@std@@QEAAXXZ 0000000140027170 f i main.obj
 0002:00015290       ?_Calculate_growth@?$basic_string@DU?$char_traits@D@std@@V?$allocator@D@2@@std@@QEBA_K_K@Z 0000000140027290 f i main.obj
 0002:000153f0       ?_Check_offset@?$_String_val@U?$_Simple_types@D@std@@@std@@QEBAX_K@Z 00000001400273f0 f i main.obj
 0002:00015460       ?_Clamp_suffix_size@?$_String_val@U?$_Simple_types@D@std@@@std@@QEBA_K_K0@Z 0000000140027460 f i main.obj
 0002:000154f0       ?_Construct_lv_contents@?$basic_string@DU?$char_traits@D@std@@V?$allocator@D@2@@std@@QEAAXAEBV12@@Z 00000001400274f0 f i main.obj
 0002:00015730       ?_Copy_alloc@?$_String_alloc@U?$_String_base_types@DV?$allocator@D@std@@@std@@@std@@QEAAXAEBV?$allocator@D@2@@Z 0000000140027730 f i main.obj
 0002:000157d0       ?_Deallocate@std@@YAXPEAX_K1@Z 00000001400277d0 f i main.obj
 0002:00015990       ?_Endwrite@?$basic_filebuf@DU?$char_traits@D@std@@@std@@IEAA_NXZ 0000000140027990 f i main.obj
 0002:00015e70       ?_Eos@?$basic_string@DU?$char_traits@D@std@@V?$allocator@D@2@@std@@QEAAX_K@Z 0000000140027e70 f i main.obj
 0002:00015f10       ?_Equal@?$basic_string@DU?$char_traits@D@std@@V?$allocator@D@2@@std@@QEBA_NQEBD@Z 0000000140027f10 f i main.obj
 0002:00015fd0       ?_Free_proxy@?$_String_alloc@U?$_String_base_types@DV?$allocator@D@std@@@std@@@std@@QEAAXXZ 0000000140027fd0 f i main.obj
 0002:000160d0       ?_Get_all_bits@?$_Rng_from_urng@IVrandom_device@std@@@std@@QEAAIXZ 00000001400280d0 f i main.obj
 0002:000161a0       ?_Get_bits@?$_Rng_from_urng@IVrandom_device@std@@@std@@AEAAIXZ 00000001400281a0 f i main.obj
 0002:00016230       ?_Get_data@?$_String_alloc@U?$_String_base_types@DV?$allocator@D@std@@@std@@@std@@QEAAAEAV?$_String_val@U?$_Simple_types@D@std@@@2@XZ 0000000140028230 f i main.obj
 0002:00016290       ?_Get_data@?$_String_alloc@U?$_String_base_types@DV?$allocator@D@std@@@std@@@std@@QEBAAEBV?$_String_val@U?$_Simple_types@D@std@@@2@XZ 0000000140028290 f i main.obj
 0002:000162f0       ?_Get_first@?$_Compressed_pair@V?$allocator@D@std@@V?$_String_val@U?$_Simple_types@D@std@@@2@$00@std@@QEAAAEAV?$allocator@D@2@XZ 00000001400282f0 f i main.obj
 0002:00016340       ?_Get_first@?$_Compressed_pair@V?$allocator@D@std@@V?$_String_val@U?$_Simple_types@D@std@@@2@$00@std@@QEBAAEBV?$allocator@D@2@XZ 0000000140028340 f i main.obj
 0002:00016390       ?_Get_second@?$_Compressed_pair@V?$allocator@D@std@@V?$_String_val@U?$_Simple_types@D@std@@@2@$00@std@@QEAAAEAV?$_String_val@U?$_Simple_types@D@std@@@2@XZ 0000000140028390 f i main.obj
 0002:000163e0       ?_Get_second@?$_Compressed_pair@V?$allocator@D@std@@V?$_String_val@U?$_Simple_types@D@std@@@2@$00@std@@QEBAAEBV?$_String_val@U?$_Simple_types@D@std@@@2@XZ 00000001400283e0 f i main.obj
 0002:00016430       ?_Getal@?$_String_alloc@U?$_String_base_types@DV?$allocator@D@std@@@std@@@std@@QEAAAEAV?$allocator@D@2@XZ 0000000140028430 f i main.obj
 0002:00016490       ?_Getal@?$_String_alloc@U?$_String_base_types@DV?$allocator@D@std@@@std@@@std@@QEBAAEBV?$allocator@D@2@XZ 0000000140028490 f i main.obj
 0002:000164f0       ?_Getcont@_Iterator_base12@std@@QEBAPEBU_Container_base12@2@XZ 00000001400284f0 f i main.obj
 0002:00016570       ?_Getfacet@locale@std@@QEBAPEBVfacet@12@_K@Z 0000000140028570 f i main.obj
 0002:000166b0       ?_Getstate@?$basic_stringbuf@DU?$char_traits@D@std@@V?$allocator@D@2@@std@@AEAAHH@Z 00000001400286b0 f i main.obj
 0002:00016770       ?_Init@?$basic_filebuf@DU?$char_traits@D@std@@@std@@IEAAXPEAU_iobuf@@W4_Initfl@12@@Z 0000000140028770 f i main.obj
 0002:00016940       ?_Init@?$basic_stringbuf@DU?$char_traits@D@std@@V?$allocator@D@2@@std@@IEAAXPEBD_KH@Z 0000000140028940 f i main.obj
 0002:00016b90       ?_Init@param_type@?$uniform_int@H@std@@QEAAXHH@Z 0000000140028b90 f i main.obj
 0002:00016c70       ?_Initcvt@?$basic_filebuf@DU?$char_traits@D@std@@@std@@IEAAXPEBV?$codecvt@DDU_Mbstatet@@@2@@Z 0000000140028c70 f i main.obj
 0002:00016d10       ?_Large_string_engaged@?$_String_val@U?$_Simple_types@D@std@@@std@@QEBA_NXZ 0000000140028d10 f i main.obj
 0002:00016d90       ?_Lock@?$basic_filebuf@DU?$char_traits@D@std@@@std@@UEAAXXZ 0000000140028d90 f i main.obj
 0002:00016e00       ?_Move_alloc@?$_String_alloc@U?$_String_base_types@DV?$allocator@D@std@@@std@@@std@@QEAAXAEAV?$allocator@D@2@@Z 0000000140028e00 f i main.obj
 0002:00016ef0       ?_Myproxy@?$_String_alloc@U?$_String_base_types@DV?$allocator@D@std@@@std@@@std@@QEAAAEAPEAU_Container_proxy@2@XZ 0000000140028ef0 f i main.obj
 0002:00016f40       ?_Myptr@?$_String_val@U?$_Simple_types@D@std@@@std@@QEAAPEADXZ 0000000140028f40 f i main.obj
 0002:00016fd0       ?_Myptr@?$_String_val@U?$_Simple_types@D@std@@@std@@QEBAPEBDXZ 0000000140028fd0 f i main.obj
 0002:00017060       ?_Orphan_all@?$_String_alloc@U?$_String_base_types@DV?$allocator@D@std@@@std@@@std@@QEAAXXZ 0000000140029060 f i main.obj
 0002:000170c0       ?_Orphan_all@_Container_base12@std@@QEAAXXZ 00000001400290c0 f i main.obj
 0002:000171f0       ?_Orphan_me@_Iterator_base12@std@@QEAAXXZ 00000001400291f0 f i main.obj
 0002:00017330       ?_Reset_back@?$basic_filebuf@DU?$char_traits@D@std@@@std@@AEAAXXZ 0000000140029330 f i main.obj
 0002:000173e0       ?_Set_back@?$basic_filebuf@DU?$char_traits@D@std@@@std@@AEAAXXZ 00000001400293e0 f i main.obj
 0002:000174d0       ?_Swap_all@?$_String_alloc@U?$_String_base_types@DV?$allocator@D@std@@@std@@@std@@QEAAXAEAV12@@Z 00000001400294d0 f i main.obj
 0002:00017560       ?_Swap_all@_Container_base12@std@@QEAAXAEAU12@@Z 0000000140029560 f i main.obj
 0002:000176b0       ?_Tidy@?$basic_stringbuf@DU?$char_traits@D@std@@V?$allocator@D@2@@std@@IEAAXXZ 00000001400296b0 f i main.obj
 0002:00017820       ?_Tidy_deallocate@?$basic_string@DU?$char_traits@D@std@@V?$allocator@D@2@@std@@QEAAXXZ 0000000140029820 f i main.obj
 0002:00017950       ?_Tidy_init@?$basic_string@DU?$char_traits@D@std@@V?$allocator@D@2@@std@@QEAAXXZ 0000000140029950 f i main.obj
 0002:00017a00       ?_Unchecked_begin@?$basic_string@DU?$char_traits@D@std@@V?$allocator@D@2@@std@@QEAAPEADXZ 0000000140029a00 f i main.obj
 0002:00017a70       ?_Unchecked_end@?$basic_string@DU?$char_traits@D@std@@V?$allocator@D@2@@std@@QEAAPEADXZ 0000000140029a70 f i main.obj
 0002:00017af0       ?_Unlock@?$basic_filebuf@DU?$char_traits@D@std@@@std@@UEAAXXZ 0000000140029af0 f i main.obj
 0002:00017b60       ?_Xlen@?$basic_string@DU?$char_traits@D@std@@V?$allocator@D@2@@std@@SAXXZ 0000000140029b60 f i main.obj
 0002:00017bb0       ?_Xran@?$_String_val@U?$_Simple_types@D@std@@@std@@SAXXZ 0000000140029bb0 f i main.obj
 0002:00017c00       ?__autoclassinit2@?$basic_fstream@DU?$char_traits@D@std@@@std@@QEAAX_K@Z 0000000140029c00 f i main.obj
 0002:00017c60       ?__autoclassinit2@?$basic_ifstream@DU?$char_traits@D@std@@@std@@QEAAX_K@Z 0000000140029c60 f i main.obj
 0002:00017cc0       ?__autoclassinit2@?$basic_ofstream@DU?$char_traits@D@std@@@std@@QEAAX_K@Z 0000000140029cc0 f i main.obj
 0002:00017d20       ?__autoclassinit2@?$basic_stringstream@DU?$char_traits@D@std@@V?$allocator@D@2@@std@@QEAAX_K@Z 0000000140029d20 f i main.obj
 0002:00017d80       ?__empty_global_delete@@YAXPEAX@Z 0000000140029d80 f i main.obj
 0002:00017dc0       ?__global_delete@@YAXPEAX_K@Z 0000000140029dc0 f i main.obj
 0002:00017dc0       ?__empty_global_delete@@YAXPEAX_K@Z 0000000140029dc0 f i main.obj
 0002:00017e10       ?allocate@?$allocator@D@std@@QEAAPEAD_K@Z 0000000140029e10 f i main.obj
 0002:00017e70       ?allocate@?$allocator@U_Container_proxy@std@@@std@@QEAAPEAU_Container_proxy@2@_K@Z 0000000140029e70 f i main.obj
 0002:00017ed0       ?append@?$basic_string@DU?$char_traits@D@std@@V?$allocator@D@2@@std@@QEAAAEAV12@AEBV12@@Z 0000000140029ed0 f i main.obj
 0002:00017f60       ?append@?$basic_string@DU?$char_traits@D@std@@V?$allocator@D@2@@std@@QEAAAEAV12@QEBD@Z 0000000140029f60 f i main.obj
 0002:00017fe0       ?append@?$basic_string@DU?$char_traits@D@std@@V?$allocator@D@2@@std@@QEAAAEAV12@QEBD_K@Z 0000000140029fe0 f i main.obj
 0002:00018170       ?append@?$basic_string@DU?$char_traits@D@std@@V?$allocator@D@2@@std@@QEAAAEAV12@_KD@Z 000000014002a170 f i main.obj
 0002:00018300       ?assign@?$basic_string@DU?$char_traits@D@std@@V?$allocator@D@2@@std@@QEAAAEAV12@QEBD@Z 000000014002a300 f i main.obj
 0002:00018380       ?assign@?$basic_string@DU?$char_traits@D@std@@V?$allocator@D@2@@std@@QEAAAEAV12@QEBD_K@Z 000000014002a380 f i main.obj
 0002:000184c0       ?assign@?$basic_string@DU?$char_traits@D@std@@V?$allocator@D@2@@std@@QEAAAEAV12@_KD@Z 000000014002a4c0 f i main.obj
 0002:00018600       ?assign@?$char_traits@D@std@@SAPEADQEAD_KD@Z 000000014002a600 f i main.obj
 0002:00018670       ?assign@?$char_traits@D@std@@SAXAEADAEBD@Z 000000014002a670 f i main.obj
 0002:000186d0       ?begin@?$basic_string@DU?$char_traits@D@std@@V?$allocator@D@2@@std@@QEAA?AV?$_String_iterator@V?$_String_val@U?$_Simple_types@D@std@@@std@@@2@XZ 000000014002a6d0 f i main.obj
 0002:00018780       ?c_str@?$basic_string@DU?$char_traits@D@std@@V?$allocator@D@2@@std@@QEBAPEBDXZ 000000014002a780 f i main.obj
 0002:000187f0       ?capacity@?$basic_string@DU?$char_traits@D@std@@V?$allocator@D@2@@std@@QEBA_KXZ 000000014002a7f0 f i main.obj
 0002:00018850       ?close@?$basic_filebuf@DU?$char_traits@D@std@@@std@@QEAAPEAV12@XZ 000000014002a850 f i main.obj
 0002:00018930       ?close@?$basic_fstream@DU?$char_traits@D@std@@@std@@QEAAXXZ 000000014002a930 f i main.obj
 0002:000189d0       ?compare@?$char_traits@D@std@@SAHQEBD0_K@Z 000000014002a9d0 f i main.obj
 0002:00018a40       ?copy@?$char_traits@D@std@@SAPEADQEADQEBD_K@Z 000000014002aa40 f i main.obj
 0002:00018ab0       ?data@?$basic_string@DU?$char_traits@D@std@@V?$allocator@D@2@@std@@QEBAPEBDXZ 000000014002aab0 f i main.obj
 0002:00018b20       ?deallocate@?$_Default_allocator_traits@V?$allocator@U_Container_proxy@std@@@std@@@std@@SAXAEAV?$allocator@U_Container_proxy@std@@@2@QEAU_Container_proxy@2@_K@Z 000000014002ab20 f i main.obj
 0002:00018b90       ?deallocate@?$allocator@D@std@@QEAAXQEAD_K@Z 000000014002ab90 f i main.obj
 0002:00018c00       ?entropy@random_device@std@@QEAANXZ 000000014002ac00 f i main.obj
 0002:00018c50       ?eof@?$char_traits@D@std@@SAHXZ 000000014002ac50 f i main.obj
 0002:00018c90       ?eq@?$char_traits@D@std@@SA_NAEBD0@Z 000000014002ac90 f i main.obj
 0002:00018d20       ?eq_int_type@?$char_traits@D@std@@SA_NAEBH0@Z 000000014002ad20 f i main.obj
 0002:00018db0       ?erase@?$basic_string@DU?$char_traits@D@std@@V?$allocator@D@2@@std@@QEAAAEAV12@_K@Z 000000014002adb0 f i main.obj
 0002:00018e40       ?erase@?$basic_string@DU?$char_traits@D@std@@V?$allocator@D@2@@std@@QEAAAEAV12@_K_K@Z 000000014002ae40 f i main.obj
 0002:00018fa0       ?find@?$basic_string@DU?$char_traits@D@std@@V?$allocator@D@2@@std@@QEBA_KQEBD_K@Z 000000014002afa0 f i main.obj
 0002:00019070       ?find@?$char_traits@D@std@@SAPEBDQEBD_KAEBD@Z 000000014002b070 f i main.obj
 0002:000190f0       ?imbue@?$basic_filebuf@DU?$char_traits@D@std@@@std@@MEAAXAEBVlocale@2@@Z 000000014002b0f0 f i main.obj
 0002:00019160       ?insert@?$basic_string@DU?$char_traits@D@std@@V?$allocator@D@2@@std@@QEAAAEAV12@_KAEBV12@@Z 000000014002b160 f i main.obj
 0002:00019200       ?insert@?$basic_string@DU?$char_traits@D@std@@V?$allocator@D@2@@std@@QEAAAEAV12@_KQEBD0@Z 000000014002b200 f i main.obj
 0002:000194c0       ?length@?$char_traits@D@std@@SA_KQEBD@Z 000000014002b4c0 f i main.obj
 0002:00019510       ?max@?$numeric_limits@_J@std@@SA_JXZ 000000014002b510 f i main.obj
 0002:00019550       ?max@random_device@std@@SAIXZ 000000014002b550 f i main.obj
 0002:00019590       ?max_size@?$_Default_allocator_traits@V?$allocator@D@std@@@std@@SA_KAEBV?$allocator@D@2@@Z 000000014002b590 f i main.obj
 0002:000195e0       ?max_size@?$basic_string@DU?$char_traits@D@std@@V?$allocator@D@2@@std@@QEBA_KXZ 000000014002b5e0 f i main.obj
 0002:000196f0       ?min@random_device@std@@SAIXZ 000000014002b6f0 f i main.obj
 0002:00019730       ?move@?$char_traits@D@std@@SAPEADQEADQEBD_K@Z 000000014002b730 f i main.obj
 0002:000197a0       ?not_eof@?$char_traits@D@std@@SAHAEBH@Z 000000014002b7a0 f i main.obj
 0002:00019850       ?open@?$basic_filebuf@DU?$char_traits@D@std@@@std@@QEAAPEAV12@PEBDHH@Z 000000014002b850 f i main.obj
 0002:00019990       ?open@?$basic_fstream@DU?$char_traits@D@std@@@std@@QEAAXPEBDHH@Z 000000014002b990 f i main.obj
 0002:00019a90       ?open@?$basic_ifstream@DU?$char_traits@D@std@@@std@@QEAAXPEBDHH@Z 000000014002ba90 f i main.obj
 0002:00019b90       ?open@?$basic_ofstream@DU?$char_traits@D@std@@@std@@QEAAXPEBDHH@Z 000000014002bb90 f i main.obj
 0002:00019c90       ?overflow@?$basic_filebuf@DU?$char_traits@D@std@@@std@@MEAAHH@Z 000000014002bc90 f i main.obj
 0002:0001a350       ?overflow@?$basic_stringbuf@DU?$char_traits@D@std@@V?$allocator@D@2@@std@@MEAAHH@Z 000000014002c350 f i main.obj
 0002:0001a990       ?pbackfail@?$basic_filebuf@DU?$char_traits@D@std@@@std@@MEAAHH@Z 000000014002c990 f i main.obj
 0002:0001abf0       ?pbackfail@?$basic_stringbuf@DU?$char_traits@D@std@@V?$allocator@D@2@@std@@MEAAHH@Z 000000014002cbf0 f i main.obj
 0002:0001adb0       ?pointer_to@?$pointer_traits@PEAD@std@@SAPEADAEAD@Z 000000014002cdb0 f i main.obj
 0002:0001ae00       ?push_back@?$basic_string@DU?$char_traits@D@std@@V?$allocator@D@2@@std@@QEAAXD@Z 000000014002ce00 f i main.obj
 0002:0001af40       ?reserve@?$basic_string@DU?$char_traits@D@std@@V?$allocator@D@2@@std@@QEAAX_K@Z 000000014002cf40 f i main.obj
 0002:0001b090       ?seed@?$mersenne_twister@_K$0EA@$0BDI@$0JM@$0BP@$0?EKPNJAKFFGJJOGBH@$0BN@$0BB@$0HBNGHPPPONKGAAAA@$0CF@$0?IBBCAAAAAAAAA@$0CL@@std@@QEAAX_K0@Z 000000014002d090 f i main.obj
 0002:0001b1b0       ?seekoff@?$basic_filebuf@DU?$char_traits@D@std@@@std@@MEAA?AV?$fpos@U_Mbstatet@@@2@_JHH@Z 000000014002d1b0 f i main.obj
 0002:0001b3a0       ?seekoff@?$basic_stringbuf@DU?$char_traits@D@std@@V?$allocator@D@2@@std@@MEAA?AV?$fpos@U_Mbstatet@@@2@_JHH@Z 000000014002d3a0 f i main.obj
 0002:0001b8a0       ?seekpos@?$basic_filebuf@DU?$char_traits@D@std@@@std@@MEAA?AV?$fpos@U_Mbstatet@@@2@V32@H@Z 000000014002d8a0 f i main.obj
 0002:0001baa0       ?seekpos@?$basic_stringbuf@DU?$char_traits@D@std@@V?$allocator@D@2@@std@@MEAA?AV?$fpos@U_Mbstatet@@@2@V32@H@Z 000000014002daa0 f i main.obj
 0002:0001bde0       ?seekpos@?$fpos@U_Mbstatet@@@std@@QEBA_JXZ 000000014002dde0 f i main.obj
 0002:0001be30       ?select_on_container_copy_construction@?$_Default_allocator_traits@V?$allocator@D@std@@@std@@SA?AV?$allocator@D@2@AEBV32@@Z 000000014002de30 f i main.obj
 0002:0001be80       ?setbuf@?$basic_filebuf@DU?$char_traits@D@std@@@std@@MEAAPEAV?$basic_streambuf@DU?$char_traits@D@std@@@2@PEAD_J@Z 000000014002de80 f i main.obj
 0002:0001bf90       ?size@?$basic_string@DU?$char_traits@D@std@@V?$allocator@D@2@@std@@QEBA_KXZ 000000014002df90 f i main.obj
 0002:0001bff0       ?state@?$fpos@U_Mbstatet@@@std@@QEBA?AU_Mbstatet@@XZ 000000014002dff0 f i main.obj
 0002:0001c060       ?str@?$basic_stringbuf@DU?$char_traits@D@std@@V?$allocator@D@2@@std@@QEBA?AV?$basic_string@DU?$char_traits@D@std@@V?$allocator@D@2@@2@XZ 000000014002e060 f i main.obj
 0002:0001c350       ?str@?$basic_stringstream@DU?$char_traits@D@std@@V?$allocator@D@2@@std@@QEBA?AV?$basic_string@DU?$char_traits@D@std@@V?$allocator@D@2@@2@XZ 000000014002e350 f i main.obj
 0002:0001c3e0       ?sync@?$basic_filebuf@DU?$char_traits@D@std@@@std@@MEAAHXZ 000000014002e3e0 f i main.obj
 0002:0001c4e0       ?to_char_type@?$char_traits@D@std@@SADAEBH@Z 000000014002e4e0 f i main.obj
 0002:0001c530       ?to_int_type@?$char_traits@D@std@@SAHAEBD@Z 000000014002e530 f i main.obj
 0002:0001c580       ?uflow@?$basic_filebuf@DU?$char_traits@D@std@@@std@@MEAAHXZ 000000014002e580 f i main.obj
 0002:0001cba0       ?underflow@?$basic_filebuf@DU?$char_traits@D@std@@@std@@MEAAHXZ 000000014002eba0 f i main.obj
 0002:0001cd10       ?underflow@?$basic_stringbuf@DU?$char_traits@D@std@@V?$allocator@D@2@@std@@MEAAHXZ 000000014002ed10 f i main.obj
 0002:0001cf20       ?what@exception@std@@UEBAPEBDXZ 000000014002ef20 f i main.obj
 0002:0001cfb0       main                       000000014002efb0 f   main.obj
 0002:0001d481       PlaySoundA                 000000014002f481 f   winmm:WINMM.dll
 0002:0001d487       GetStdHandle               000000014002f487 f   kernel32:KERNEL32.dll
 0002:0001d48d       CreateDirectoryA           000000014002f48d f   kernel32:KERNEL32.dll
 0002:0001d493       Sleep                      000000014002f493 f   kernel32:KERNEL32.dll
 0002:0001d499       GetSystemTime              000000014002f499 f   kernel32:KERNEL32.dll
 0002:0001d49f       GetConsoleCursorInfo       000000014002f49f f   kernel32:KERNEL32.dll
 0002:0001d4a5       SetConsoleCursorInfo       000000014002f4a5 f   kernel32:KERNEL32.dll
 0002:0001d4ab       SetConsoleTextAttribute    000000014002f4ab f   kernel32:KERNEL32.dll
 0002:0001d4b1       ??0_Lockit@std@@QEAA@H@Z   000000014002f4b1 f   msvcprtd:MSVCP140D.dll
 0002:0001d4b7       ??1_Lockit@std@@QEAA@XZ    000000014002f4b7 f   msvcprtd:MSVCP140D.dll
 0002:0001d4bd       ?uncaught_exception@std@@YA_NXZ 000000014002f4bd f   msvcprtd:MSVCP140D.dll
 0002:0001d4c3       ?_Debug_message@std@@YAXPEB_W0I@Z 000000014002f4c3 f   msvcprtd:MSVCP140D.dll
 0002:0001d4c9       ?_Xbad_alloc@std@@YAXXZ    000000014002f4c9 f   msvcprtd:MSVCP140D.dll
 0002:0001d4cf       ?_Xlength_error@std@@YAXPEBD@Z 000000014002f4cf f   msvcprtd:MSVCP140D.dll
 0002:0001d4d5       ?_Xout_of_range@std@@YAXPEBD@Z 000000014002f4d5 f   msvcprtd:MSVCP140D.dll
 0002:0001d4e0       ??0_Fac_node@std@@QEAA@PEAU01@PEAV_Facet_base@1@@Z 000000014002f4e0 f i msvcprtd:locale0_implib.obj
 0002:0001d520       ??1_Fac_node@std@@QEAA@XZ  000000014002f520 f i msvcprtd:locale0_implib.obj
 0002:0001d5f0       ??1_Fac_tidy_reg_t@std@@QEAA@XZ 000000014002f5f0 f i msvcprtd:locale0_implib.obj
 0002:0001d680       ??2_Fac_node@std@@SAPEAX_K@Z 000000014002f680 f i msvcprtd:locale0_implib.obj
 0002:0001d700       ??3_Fac_node@std@@SAXPEAX@Z 000000014002f700 f i msvcprtd:locale0_implib.obj
 0002:0001d730       ??_G_Fac_node@std@@QEAAPEAXI@Z 000000014002f730 f i msvcprtd:locale0_implib.obj
 0002:0001d7a0       ?_Facet_Register@std@@YAXPEAV_Facet_base@1@@Z 000000014002f7a0 f   msvcprtd:locale0_implib.obj
 0002:0001d824       ??Bid@locale@std@@QEAA_KXZ 000000014002f824 f   msvcprtd:MSVCP140D.dll
 0002:0001d82a       ?_Getgloballocale@locale@std@@CAPEAV_Locimp@12@XZ 000000014002f82a f   msvcprtd:MSVCP140D.dll
 0002:0001d830       ?always_noconv@codecvt_base@std@@QEBA_NXZ 000000014002f830 f   msvcprtd:MSVCP140D.dll
 0002:0001d836       ?is@?$ctype@D@std@@QEBA_NFD@Z 000000014002f836 f   msvcprtd:MSVCP140D.dll
 0002:0001d83c       ?_Getcat@?$ctype@D@std@@SA_KPEAPEBVfacet@locale@2@PEBV42@@Z 000000014002f83c f   msvcprtd:MSVCP140D.dll
 0002:0001d842       ?in@?$codecvt@DDU_Mbstatet@@@std@@QEBAHAEAU_Mbstatet@@PEBD1AEAPEBDPEAD3AEAPEAD@Z 000000014002f842 f   msvcprtd:MSVCP140D.dll
 0002:0001d848       ?out@?$codecvt@DDU_Mbstatet@@@std@@QEBAHAEAU_Mbstatet@@PEBD1AEAPEBDPEAD3AEAPEAD@Z 000000014002f848 f   msvcprtd:MSVCP140D.dll
 0002:0001d84e       ?unshift@?$codecvt@DDU_Mbstatet@@@std@@QEBAHAEAU_Mbstatet@@PEAD1AEAPEAD@Z 000000014002f84e f   msvcprtd:MSVCP140D.dll
 0002:0001d854       ?_Getcat@?$codecvt@DDU_Mbstatet@@@std@@SA_KPEAPEBVfacet@locale@2@PEBV42@@Z 000000014002f854 f   msvcprtd:MSVCP140D.dll
 0002:0001d85a       ?good@ios_base@std@@QEBA_NXZ 000000014002f85a f   msvcprtd:MSVCP140D.dll
 0002:0001d860       ?eof@ios_base@std@@QEBA_NXZ 000000014002f860 f   msvcprtd:MSVCP140D.dll
 0002:0001d866       ?flags@ios_base@std@@QEBAHXZ 000000014002f866 f   msvcprtd:MSVCP140D.dll
 0002:0001d86c       ?width@ios_base@std@@QEBA_JXZ 000000014002f86c f   msvcprtd:MSVCP140D.dll
 0002:0001d872       ?width@ios_base@std@@QEAA_J_J@Z 000000014002f872 f   msvcprtd:MSVCP140D.dll
 0002:0001d878       ?getloc@ios_base@std@@QEBA?AVlocale@2@XZ 000000014002f878 f   msvcprtd:MSVCP140D.dll
 0002:0001d87e       ??0?$basic_streambuf@DU?$char_traits@D@std@@@std@@IEAA@XZ 000000014002f87e f   msvcprtd:MSVCP140D.dll
 0002:0001d884       ??1?$basic_streambuf@DU?$char_traits@D@std@@@std@@UEAA@XZ 000000014002f884 f   msvcprtd:MSVCP140D.dll
 0002:0001d88a       ?getloc@?$basic_streambuf@DU?$char_traits@D@std@@@std@@QEBA?AVlocale@2@XZ 000000014002f88a f   msvcprtd:MSVCP140D.dll
 0002:0001d890       ?sbumpc@?$basic_streambuf@DU?$char_traits@D@std@@@std@@QEAAHXZ 000000014002f890 f   msvcprtd:MSVCP140D.dll
 0002:0001d896       ?sgetc@?$basic_streambuf@DU?$char_traits@D@std@@@std@@QEAAHXZ 000000014002f896 f   msvcprtd:MSVCP140D.dll
 0002:0001d89c       ?snextc@?$basic_streambuf@DU?$char_traits@D@std@@@std@@QEAAHXZ 000000014002f89c f   msvcprtd:MSVCP140D.dll
 0002:0001d8a2       ?sputc@?$basic_streambuf@DU?$char_traits@D@std@@@std@@QEAAHD@Z 000000014002f8a2 f   msvcprtd:MSVCP140D.dll
 0002:0001d8a8       ?sputn@?$basic_streambuf@DU?$char_traits@D@std@@@std@@QEAA_JPEBD_J@Z 000000014002f8a8 f   msvcprtd:MSVCP140D.dll
 0002:0001d8ae       ?eback@?$basic_streambuf@DU?$char_traits@D@std@@@std@@IEBAPEADXZ 000000014002f8ae f   msvcprtd:MSVCP140D.dll
 0002:0001d8b4       ?gptr@?$basic_streambuf@DU?$char_traits@D@std@@@std@@IEBAPEADXZ 000000014002f8b4 f   msvcprtd:MSVCP140D.dll
 0002:0001d8ba       ?pbase@?$basic_streambuf@DU?$char_traits@D@std@@@std@@IEBAPEADXZ 000000014002f8ba f   msvcprtd:MSVCP140D.dll
 0002:0001d8c0       ?pptr@?$basic_streambuf@DU?$char_traits@D@std@@@std@@IEBAPEADXZ 000000014002f8c0 f   msvcprtd:MSVCP140D.dll
 0002:0001d8c6       ?egptr@?$basic_streambuf@DU?$char_traits@D@std@@@std@@IEBAPEADXZ 000000014002f8c6 f   msvcprtd:MSVCP140D.dll
 0002:0001d8cc       ?gbump@?$basic_streambuf@DU?$char_traits@D@std@@@std@@IEAAXH@Z 000000014002f8cc f   msvcprtd:MSVCP140D.dll
 0002:0001d8d2       ?setg@?$basic_streambuf@DU?$char_traits@D@std@@@std@@IEAAXPEAD00@Z 000000014002f8d2 f   msvcprtd:MSVCP140D.dll
 0002:0001d8d8       ?epptr@?$basic_streambuf@DU?$char_traits@D@std@@@std@@IEBAPEADXZ 000000014002f8d8 f   msvcprtd:MSVCP140D.dll
 0002:0001d8de       ?_Gndec@?$basic_streambuf@DU?$char_traits@D@std@@@std@@IEAAPEADXZ 000000014002f8de f   msvcprtd:MSVCP140D.dll
 0002:0001d8e4       ?_Gninc@?$basic_streambuf@DU?$char_traits@D@std@@@std@@IEAAPEADXZ 000000014002f8e4 f   msvcprtd:MSVCP140D.dll
 0002:0001d8ea       ?pbump@?$basic_streambuf@DU?$char_traits@D@std@@@std@@IEAAXH@Z 000000014002f8ea f   msvcprtd:MSVCP140D.dll
 0002:0001d8f0       ?setp@?$basic_streambuf@DU?$char_traits@D@std@@@std@@IEAAXPEAD0@Z 000000014002f8f0 f   msvcprtd:MSVCP140D.dll
 0002:0001d8f6       ?setp@?$basic_streambuf@DU?$char_traits@D@std@@@std@@IEAAXPEAD00@Z 000000014002f8f6 f   msvcprtd:MSVCP140D.dll
 0002:0001d8fc       ?_Pninc@?$basic_streambuf@DU?$char_traits@D@std@@@std@@IEAAPEADXZ 000000014002f8fc f   msvcprtd:MSVCP140D.dll
 0002:0001d902       ?_Init@?$basic_streambuf@DU?$char_traits@D@std@@@std@@IEAAXXZ 000000014002f902 f   msvcprtd:MSVCP140D.dll
 0002:0001d908       ?_Init@?$basic_streambuf@DU?$char_traits@D@std@@@std@@IEAAXPEAPEAD0PEAH001@Z 000000014002f908 f   msvcprtd:MSVCP140D.dll
 0002:0001d90e       ??1?$basic_ios@DU?$char_traits@D@std@@@std@@UEAA@XZ 000000014002f90e f   msvcprtd:MSVCP140D.dll
 0002:0001d914       ?clear@?$basic_ios@DU?$char_traits@D@std@@@std@@QEAAXH_N@Z 000000014002f914 f   msvcprtd:MSVCP140D.dll
 0002:0001d91a       ?setstate@?$basic_ios@DU?$char_traits@D@std@@@std@@QEAAXH_N@Z 000000014002f91a f   msvcprtd:MSVCP140D.dll
 0002:0001d920       ?tie@?$basic_ios@DU?$char_traits@D@std@@@std@@QEBAPEAV?$basic_ostream@DU?$char_traits@D@std@@@2@XZ 000000014002f920 f   msvcprtd:MSVCP140D.dll
 0002:0001d926       ?rdbuf@?$basic_ios@DU?$char_traits@D@std@@@std@@QEBAPEAV?$basic_streambuf@DU?$char_traits@D@std@@@2@XZ 000000014002f926 f   msvcprtd:MSVCP140D.dll
 0002:0001d92c       ?fill@?$basic_ios@DU?$char_traits@D@std@@@std@@QEBADXZ 000000014002f92c f   msvcprtd:MSVCP140D.dll
 0002:0001d932       ?widen@?$basic_ios@DU?$char_traits@D@std@@@std@@QEBADD@Z 000000014002f932 f   msvcprtd:MSVCP140D.dll
 0002:0001d938       ??0?$basic_ios@DU?$char_traits@D@std@@@std@@IEAA@XZ 000000014002f938 f   msvcprtd:MSVCP140D.dll
 0002:0001d93e       ??0?$basic_ostream@DU?$char_traits@D@std@@@std@@QEAA@PEAV?$basic_streambuf@DU?$char_traits@D@std@@@1@_N@Z 000000014002f93e f   msvcprtd:MSVCP140D.dll
 0002:0001d944       ??1?$basic_ostream@DU?$char_traits@D@std@@@std@@UEAA@XZ 000000014002f944 f   msvcprtd:MSVCP140D.dll
 0002:0001d94a       ?_Osfx@?$basic_ostream@DU?$char_traits@D@std@@@std@@QEAAXXZ 000000014002f94a f   msvcprtd:MSVCP140D.dll
 0002:0001d950       ??6?$basic_ostream@DU?$char_traits@D@std@@@std@@QEAAAEAV01@P6AAEAV01@AEAV01@@Z@Z 000000014002f950 f   msvcprtd:MSVCP140D.dll
 0002:0001d956       ??6?$basic_ostream@DU?$char_traits@D@std@@@std@@QEAAAEAV01@G@Z 000000014002f956 f   msvcprtd:MSVCP140D.dll
 0002:0001d95c       ??6?$basic_ostream@DU?$char_traits@D@std@@@std@@QEAAAEAV01@H@Z 000000014002f95c f   msvcprtd:MSVCP140D.dll
 0002:0001d962       ?put@?$basic_ostream@DU?$char_traits@D@std@@@std@@QEAAAEAV12@D@Z 000000014002f962 f   msvcprtd:MSVCP140D.dll
 0002:0001d968       ?flush@?$basic_ostream@DU?$char_traits@D@std@@@std@@QEAAAEAV12@XZ 000000014002f968 f   msvcprtd:MSVCP140D.dll
 0002:0001d96e       ??0?$basic_istream@DU?$char_traits@D@std@@@std@@QEAA@PEAV?$basic_streambuf@DU?$char_traits@D@std@@@1@_N@Z 000000014002f96e f   msvcprtd:MSVCP140D.dll
 0002:0001d974       ??1?$basic_istream@DU?$char_traits@D@std@@@std@@UEAA@XZ 000000014002f974 f   msvcprtd:MSVCP140D.dll
 0002:0001d97a       ?_Ipfx@?$basic_istream@DU?$char_traits@D@std@@@std@@QEAA_N_N@Z 000000014002f97a f   msvcprtd:MSVCP140D.dll
 0002:0001d980       ??0?$basic_iostream@DU?$char_traits@D@std@@@std@@QEAA@PEAV?$basic_streambuf@DU?$char_traits@D@std@@@1@@Z 000000014002f980 f   msvcprtd:MSVCP140D.dll
 0002:0001d986       ??1?$basic_iostream@DU?$char_traits@D@std@@@std@@UEAA@XZ 000000014002f986 f   msvcprtd:MSVCP140D.dll
 0002:0001d98c       ?_Fiopen@std@@YAPEAU_iobuf@@PEBDHH@Z 000000014002f98c f   msvcprtd:MSVCP140D.dll
 0002:0001d992       ?_Random_device@std@@YAIXZ 000000014002f992 f   msvcprtd:MSVCP140D.dll
 0002:0001d998       ?_Lock@?$basic_streambuf@DU?$char_traits@D@std@@@std@@UEAAXXZ 000000014002f998 f   msvcprtd:MSVCP140D.dll
 0002:0001d99e       ?_Unlock@?$basic_streambuf@DU?$char_traits@D@std@@@std@@UEAAXXZ 000000014002f99e f   msvcprtd:MSVCP140D.dll
 0002:0001d9a4       ?imbue@?$basic_streambuf@DU?$char_traits@D@std@@@std@@MEAAXAEBVlocale@2@@Z 000000014002f9a4 f   msvcprtd:MSVCP140D.dll
 0002:0001d9aa       ?setbuf@?$basic_streambuf@DU?$char_traits@D@std@@@std@@MEAAPEAV12@PEAD_J@Z 000000014002f9aa f   msvcprtd:MSVCP140D.dll
 0002:0001d9b0       ?showmanyc@?$basic_streambuf@DU?$char_traits@D@std@@@std@@MEAA_JXZ 000000014002f9b0 f   msvcprtd:MSVCP140D.dll
 0002:0001d9b6       ?sync@?$basic_streambuf@DU?$char_traits@D@std@@@std@@MEAAHXZ 000000014002f9b6 f   msvcprtd:MSVCP140D.dll
 0002:0001d9bc       ?uflow@?$basic_streambuf@DU?$char_traits@D@std@@@std@@MEAAHXZ 000000014002f9bc f   msvcprtd:MSVCP140D.dll
 0002:0001d9c2       ?xsgetn@?$basic_streambuf@DU?$char_traits@D@std@@@std@@MEAA_JPEAD_J@Z 000000014002f9c2 f   msvcprtd:MSVCP140D.dll
 0002:0001d9c8       ?xsputn@?$basic_streambuf@DU?$char_traits@D@std@@@std@@MEAA_JPEBD_J@Z 000000014002f9c8 f   msvcprtd:MSVCP140D.dll
 0002:0001d9ce       URLDownloadToFileA         000000014002f9ce f   urlmon:urlmon.dll
 0002:0001d9e0       ??2@YAPEAX_K@Z             000000014002f9e0 f   MSVCRTD:new_scalar.obj
 0002:0001da50       ??3@YAXPEAX@Z              000000014002fa50 f   MSVCRTD:delete_scalar.obj
 0002:0001da80       ??3@YAXPEAX_K@Z            000000014002fa80 f   MSVCRTD:delete_scalar_size.obj
 0002:0001dab0       ??$__crt_fast_decode_pointer@PEAP6AXXZ@@YAPEAP6AXXZQEAP6AXXZ@Z 000000014002fab0 f i MSVCRTD:utility.obj
 0002:0001db00       ??$__crt_fast_encode_pointer@PEAP6AXXZ@@YAPEAP6AXXZQEAP6AXXZ@Z 000000014002fb00 f i MSVCRTD:utility.obj
 0002:0001db50       ?__crt_rotate_pointer_value@@YA_K_KH@Z 000000014002fb50 f i MSVCRTD:utility.obj
 0002:0001db70       ?configure_argv@__scrt_narrow_argv_policy@@SAHXZ 000000014002fb70 f i MSVCRTD:utility.obj
 0002:0001dc90       ?initialize_environment@__scrt_narrow_environment_policy@@SAHXZ 000000014002fc90 f i MSVCRTD:utility.obj
 0002:0001dd60       NtCurrentTeb               000000014002fd60 f i MSVCRTD:utility.obj
 0002:0001dd70       __scrt_acquire_startup_lock 000000014002fd70 f   MSVCRTD:utility.obj
 0002:0001ddf0       __scrt_dllmain_after_initialize_c 000000014002fdf0 f   MSVCRTD:utility.obj
 0002:0001de30       __scrt_dllmain_before_initialize_c 000000014002fe30 f   MSVCRTD:utility.obj
 0002:0001de60       __scrt_dllmain_crt_thread_attach 000000014002fe60 f   MSVCRTD:utility.obj
 0002:0001dea0       __scrt_dllmain_crt_thread_detach 000000014002fea0 f   MSVCRTD:utility.obj
 0002:0001dec0       __scrt_dllmain_exception_filter 000000014002fec0 f   MSVCRTD:utility.obj
 0002:0001df40       __scrt_dllmain_uninitialize_c 000000014002ff40 f   MSVCRTD:utility.obj
 0002:0001df80       __scrt_dllmain_uninitialize_critical 000000014002ff80 f   MSVCRTD:utility.obj
 0002:0001dfa0       __scrt_initialize_crt      000000014002ffa0 f   MSVCRTD:utility.obj
 0002:0001e000       __scrt_initialize_onexit_tables 0000000140030000 f   MSVCRTD:utility.obj
 0002:0001e150       __scrt_is_nonwritable_in_current_image 0000000140030150 f   MSVCRTD:utility.obj
 0002:0001e200       __scrt_release_startup_lock 0000000140030200 f   MSVCRTD:utility.obj
 0002:0001e240       __scrt_uninitialize_crt    0000000140030240 f   MSVCRTD:utility.obj
 0002:0001e290       _onexit                    0000000140030290 f   MSVCRTD:utility.obj
 0002:0001e340       at_quick_exit              0000000140030340 f   MSVCRTD:utility.obj
 0002:0001e3b0       atexit                     00000001400303b0 f   MSVCRTD:utility.obj
 0002:0001e3f0       _RTC_AllocaHelper          00000001400303f0 f   MSVCRTD:_stack_.obj
 0002:0001e440       _RTC_CheckStackVars        0000000140030440 f   MSVCRTD:_stack_.obj
 0002:0001e4f0       _RTC_CheckStackVars2       00000001400304f0 f   MSVCRTD:_stack_.obj
 0002:0001e640       _CRT_RTC_INIT              0000000140030640 f   MSVCRTD:_init_.obj
 0002:0001e650       _CRT_RTC_INITW             0000000140030650 f   MSVCRTD:_init_.obj
 0002:0001e660       _RTC_InitBase              0000000140030660 f   MSVCRTD:_init_.obj
 0002:0001e6b0       _RTC_Shutdown              00000001400306b0 f   MSVCRTD:_init_.obj
 0002:0001e6e0       __GSHandlerCheck           00000001400306e0 f   MSVCRTD:_gshandler_.obj
 0002:0001e730       __GSHandlerCheckCommon     0000000140030730 f   MSVCRTD:_gshandler_.obj
 0002:0001e870       __GSHandlerCheck_EH        0000000140030870 f   MSVCRTD:gshandlereh.obj
 0002:0001e950       _alloca_probe              0000000140030950 f   MSVCRTD:_chkstk_.obj
 0002:0001e950       __chkstk                   0000000140030950 f   MSVCRTD:_chkstk_.obj
 0002:0001e9d0       __security_check_cookie    00000001400309d0 f   MSVCRTD:_amdsecgs_.obj
 0002:0001ea00       ??1type_info@@UEAA@XZ      0000000140030a00 f   MSVCRTD:std_type_info_static.obj
 0002:0001ea20       ??_Gtype_info@@UEAAPEAXI@Z 0000000140030a20 f i MSVCRTD:std_type_info_static.obj
 0002:0001ea20       ??_Etype_info@@UEAAPEAXI@Z 0000000140030a20 f i MSVCRTD:std_type_info_static.obj
 0002:0001edf0       ?set_app_type@__scrt_main_policy@@SAXXZ 0000000140030df0 f i MSVCRTD:exe_main.obj
 0002:0001ee10       ?set_commode@__scrt_file_policy@@SAXXZ 0000000140030e10 f i MSVCRTD:exe_main.obj
 0002:0001ee40       ?set_fmode@__scrt_file_policy@@SAXXZ 0000000140030e40 f i MSVCRTD:exe_main.obj
 0002:0001ee60       mainCRTStartup             0000000140030e60 f   MSVCRTD:exe_main.obj
 0002:0001ee80       _guard_check_icall         0000000140030e80 f i MSVCRTD:checkcfg.obj
 0002:0001eea0       ??0bad_alloc@std@@AEAA@QEBD@Z 0000000140030ea0 f i MSVCRTD:throw_bad_alloc.obj
 0002:0001eef0       ??0bad_alloc@std@@QEAA@AEBV01@@Z 0000000140030ef0 f i MSVCRTD:throw_bad_alloc.obj
 0002:0001ef40       ??0bad_alloc@std@@QEAA@XZ  0000000140030f40 f i MSVCRTD:throw_bad_alloc.obj
 0002:0001ef90       ??0bad_array_new_length@std@@QEAA@AEBV01@@Z 0000000140030f90 f i MSVCRTD:throw_bad_alloc.obj
 0002:0001efe0       ??0bad_array_new_length@std@@QEAA@XZ 0000000140030fe0 f i MSVCRTD:throw_bad_alloc.obj
 0002:0001f020       ??1bad_alloc@std@@UEAA@XZ  0000000140031020 f i MSVCRTD:throw_bad_alloc.obj
 0002:0001f040       ??1bad_array_new_length@std@@UEAA@XZ 0000000140031040 f i MSVCRTD:throw_bad_alloc.obj
 0002:0001f060       ??_Ebad_alloc@std@@UEAAPEAXI@Z 0000000140031060 f i MSVCRTD:throw_bad_alloc.obj
 0002:0001f060       ??_Gbad_alloc@std@@UEAAPEAXI@Z 0000000140031060 f i MSVCRTD:throw_bad_alloc.obj
 0002:0001f0b0       ??_Gbad_array_new_length@std@@UEAAPEAXI@Z 00000001400310b0 f i MSVCRTD:throw_bad_alloc.obj
 0002:0001f0b0       ??_Ebad_array_new_length@std@@UEAAPEAXI@Z 00000001400310b0 f i MSVCRTD:throw_bad_alloc.obj
 0002:0001f100       ?__scrt_throw_std_bad_alloc@@YAXXZ 0000000140031100 f   MSVCRTD:throw_bad_alloc.obj
 0002:0001f130       ?__scrt_throw_std_bad_array_new_length@@YAXXZ 0000000140031130 f   MSVCRTD:throw_bad_alloc.obj
 0002:0001f160       __isa_available_init       0000000140031160 f   MSVCRTD:_cpu_disp_.obj
 0002:0001f5b0       _get_startup_argv_mode     00000001400315b0 f   MSVCRTD:argv_mode.obj
 0002:0001f5c0       __scrt_is_ucrt_dll_in_use  00000001400315c0 f   MSVCRTD:ucrt_detection.obj
 0002:0001f5f0       __crt_debugger_hook        00000001400315f0 f   MSVCRTD:utility_desktop.obj
 0002:0001f610       __scrt_fastfail            0000000140031610 f   MSVCRTD:utility_desktop.obj
 0002:0001f810       __scrt_get_show_window_mode 0000000140031810 f   MSVCRTD:utility_desktop.obj
 0002:0001f880       __scrt_initialize_winrt    0000000140031880 f   MSVCRTD:utility_desktop.obj
 0002:0001f890       __scrt_is_managed_app      0000000140031890 f   MSVCRTD:utility_desktop.obj
 0002:0001f960       __scrt_set_unhandled_exception_filter 0000000140031960 f   MSVCRTD:utility_desktop.obj
 0002:0001f980       __scrt_unhandled_exception_filter 0000000140031980 f   MSVCRTD:utility_desktop.obj
 0002:0001fa10       ??$__vcrt_va_start_verify_argument_type@QEBD@@YAXXZ 0000000140031a10 f i MSVCRTD:_error_.obj
 0002:0001faf0       ?_RTC_AllocaFailure@@YAXPEAXPEAU_RTC_ALLOCA_NODE@@H@Z 0000000140031af0 f   MSVCRTD:_error_.obj
 0002:0001fca0       ?_RTC_Failure@@YAXPEAXH@Z  0000000140031ca0 f   MSVCRTD:_error_.obj
 0002:0001fd10       ?_RTC_StackFailure@@YAXPEAXPEBD@Z 0000000140031d10 f   MSVCRTD:_error_.obj
 0002:00020230       _RTC_UninitUse             0000000140032230 f   MSVCRTD:_error_.obj
 0002:00020330       __local_stdio_printf_options 0000000140032330 f i MSVCRTD:_error_.obj
 0002:00020340       _vsprintf_s_l              0000000140032340 f i MSVCRTD:_error_.obj
 0002:000203c0       sprintf_s                  00000001400323c0 f i MSVCRTD:_error_.obj
 0002:00020410       ?_RTC_GetErrorFunc@@YAP6AHHPEBDH00ZZPEBX@Z 0000000140032410 f   MSVCRTD:_userapi_.obj
 0002:00020420       ?_RTC_GetErrorFuncW@@YAP6AHHPEB_WH00ZZPEBX@Z 0000000140032420 f   MSVCRTD:_userapi_.obj
 0002:00020430       _RTC_GetErrDesc            0000000140032430 f   MSVCRTD:_userapi_.obj
 0002:00020450       _RTC_NumErrors             0000000140032450 f   MSVCRTD:_userapi_.obj
 0002:00020460       _RTC_SetErrorFunc          0000000140032460 f   MSVCRTD:_userapi_.obj
 0002:00020480       _RTC_SetErrorFuncW         0000000140032480 f   MSVCRTD:_userapi_.obj
 0002:000204a0       _RTC_SetErrorType          00000001400324a0 f   MSVCRTD:_userapi_.obj
 0002:000204d0       __raise_securityfailure    00000001400324d0 f   MSVCRTD:gs_report.obj
 0002:00020520       __report_gsfailure         0000000140032520 f   MSVCRTD:gs_report.obj
 0002:00020630       __report_rangecheckfailure 0000000140032630 f   MSVCRTD:gs_report.obj
 0002:00020650       __report_securityfailure   0000000140032650 f   MSVCRTD:gs_report.obj
 0002:00020720       __report_securityfailureEx 0000000140032720 f   MSVCRTD:gs_report.obj
 0002:00020b00       __security_init_cookie     0000000140032b00 f   MSVCRTD:gs_support.obj
 0002:00020ba0       _matherr                   0000000140032ba0 f   MSVCRTD:matherr.obj
 0002:00020bb0       _get_startup_commit_mode   0000000140032bb0 f   MSVCRTD:commit_mode.obj
 0002:00020bc0       _get_startup_file_mode     0000000140032bc0 f   MSVCRTD:file_mode.obj
 0002:00020bd0       _get_startup_new_mode      0000000140032bd0 f   MSVCRTD:new_mode.obj
 0002:00020be0       _get_startup_thread_locale_mode 0000000140032be0 f   MSVCRTD:thread_locale.obj
 0002:00020bf0       ?__scrt_initialize_type_info@@YAXXZ 0000000140032bf0 f   MSVCRTD:tncleanup.obj
 0002:00020c10       ?__scrt_uninitialize_type_info@@YAXXZ 0000000140032c10 f   MSVCRTD:tncleanup.obj
 0002:00020c30       _should_initialize_environment 0000000140032c30 f   MSVCRTD:env_mode.obj
 0002:00020c40       _initialize_invalid_parameter_handler 0000000140032c40 f   MSVCRTD:invalid_parameter_handler.obj
 0002:00020c50       _initialize_denormal_control 0000000140032c50 f   MSVCRTD:denormal_control.obj
 0002:00020c60       __local_stdio_scanf_options 0000000140032c60 f i MSVCRTD:default_local_stdio_options.obj
 0002:00020c70       __scrt_initialize_default_local_stdio_options 0000000140032c70 f   MSVCRTD:default_local_stdio_options.obj
 0002:00020cd0       __scrt_is_user_matherr_present 0000000140032cd0 f   MSVCRTD:matherr_detection.obj
 0002:00020d00       __scrt_get_dyn_tls_init_callback 0000000140032d00 f   MSVCRTD:dyn_tls_init.obj
 0002:00020d10       __scrt_get_dyn_tls_dtor_callback 0000000140032d10 f   MSVCRTD:dyn_tls_dtor.obj
 0002:00020d20       _RTC_Initialize            0000000140032d20 f   MSVCRTD:_initsect_.obj
 0002:00020d80       _RTC_Terminate             0000000140032d80 f   MSVCRTD:_initsect_.obj
 0002:00020de0       _guard_check_icall_nop     0000000140032de0 f i MSVCRTD:guard_support.obj
 0002:00020df0       ReadNoFence64              0000000140032df0 f i MSVCRTD:guard_support.obj
 0002:00020e20       ReadPointerNoFence         0000000140032e20 f i MSVCRTD:guard_support.obj
 0002:00020e40       __guard_ss_common_verify_stub 0000000140032e40 f i MSVCRTD:guard_support.obj
 0002:00020e50       _guard_icall_checks_enforced 0000000140032e50 f i MSVCRTD:guard_support.obj
 0002:00020ea0       _guard_rf_checks_enforced  0000000140032ea0 f i MSVCRTD:guard_support.obj
 0002:00021510       ?_RTC_GetSrcLine@@YAHPEAEPEA_WKPEAH1K@Z 0000000140033510 f   MSVCRTD:_pdblkup_.obj
 0002:00021aa0       memchr                     0000000140033aa0 f   vcruntimed:VCRUNTIME140D.dll
 0002:00021aa6       memcmp                     0000000140033aa6 f   vcruntimed:VCRUNTIME140D.dll
 0002:00021aac       memcpy                     0000000140033aac f   vcruntimed:VCRUNTIME140D.dll
 0002:00021ab2       memmove                    0000000140033ab2 f   vcruntimed:VCRUNTIME140D.dll
 0002:00021ab8       memset                     0000000140033ab8 f   vcruntimed:VCRUNTIME140D.dll
 0002:00021abe       __std_exception_copy       0000000140033abe f   vcruntimed:VCRUNTIME140D.dll
 0002:00021ac4       __std_exception_destroy    0000000140033ac4 f   vcruntimed:VCRUNTIME140D.dll
 0002:00021aca       _CxxThrowException         0000000140033aca f   vcruntimed:VCRUNTIME140D.dll
 0002:00021ad0       __CxxFrameHandler3         0000000140033ad0 f   vcruntimed:VCRUNTIME140D.dll
 0002:00021ad6       __C_specific_handler       0000000140033ad6 f   vcruntimed:VCRUNTIME140D.dll
 0002:00021adc       __std_type_info_destroy_list 0000000140033adc f   vcruntimed:VCRUNTIME140D.dll
 0002:00021ae2       __vcrt_GetModuleFileNameW  0000000140033ae2 f   vcruntimed:VCRUNTIME140D.dll
 0002:00021ae8       __vcrt_GetModuleHandleW    0000000140033ae8 f   vcruntimed:VCRUNTIME140D.dll
 0002:00021aee       __vcrt_LoadLibraryExW      0000000140033aee f   vcruntimed:VCRUNTIME140D.dll
 0002:00021af4       _invalid_parameter         0000000140033af4 f   ucrtd:ucrtbased.dll
 0002:00021afa       _invalid_parameter_noinfo  0000000140033afa f   ucrtd:ucrtbased.dll
 0002:00021b00       _time64                    0000000140033b00 f   ucrtd:ucrtbased.dll
 0002:00021b06       _errno                     0000000140033b06 f   ucrtd:ucrtbased.dll
 0002:00021b0c       srand                      0000000140033b0c f   ucrtd:ucrtbased.dll
 0002:00021b12       rand                       0000000140033b12 f   ucrtd:ucrtbased.dll
 0002:00021b18       atoi                       0000000140033b18 f   ucrtd:ucrtbased.dll
 0002:00021b1e       system                     0000000140033b1e f   ucrtd:ucrtbased.dll
 0002:00021b24       _get_stream_buffer_pointers 0000000140033b24 f   ucrtd:ucrtbased.dll
 0002:00021b2a       fclose                     0000000140033b2a f   ucrtd:ucrtbased.dll
 0002:00021b30       fflush                     0000000140033b30 f   ucrtd:ucrtbased.dll
 0002:00021b36       fgetc                      0000000140033b36 f   ucrtd:ucrtbased.dll
 0002:00021b3c       fgetpos                    0000000140033b3c f   ucrtd:ucrtbased.dll
 0002:00021b42       fputc                      0000000140033b42 f   ucrtd:ucrtbased.dll
 0002:00021b48       fsetpos                    0000000140033b48 f   ucrtd:ucrtbased.dll
 0002:00021b4e       _fseeki64                  0000000140033b4e f   ucrtd:ucrtbased.dll
 0002:00021b54       fwrite                     0000000140033b54 f   ucrtd:ucrtbased.dll
 0002:00021b5a       remove                     0000000140033b5a f   ucrtd:ucrtbased.dll
 0002:00021b60       setvbuf                    0000000140033b60 f   ucrtd:ucrtbased.dll
 0002:00021b66       ungetc                     0000000140033b66 f   ucrtd:ucrtbased.dll
 0002:00021b6c       _lock_file                 0000000140033b6c f   ucrtd:ucrtbased.dll
 0002:00021b72       _unlock_file               0000000140033b72 f   ucrtd:ucrtbased.dll
 0002:00021b78       strlen                     0000000140033b78 f   ucrtd:ucrtbased.dll
 0002:00021b7e       _CrtDbgReportW             0000000140033b7e f   ucrtd:ucrtbased.dll
 0002:00021b84       setlocale                  0000000140033b84 f   ucrtd:ucrtbased.dll
 0002:00021b8a       _access                    0000000140033b8a f   ucrtd:ucrtbased.dll
 0002:00021b90       _free_dbg                  0000000140033b90 f   ucrtd:ucrtbased.dll
 0002:00021b96       _malloc_dbg                0000000140033b96 f   ucrtd:ucrtbased.dll
 0002:00021b9c       _callnewh                  0000000140033b9c f   ucrtd:ucrtbased.dll
 0002:00021ba2       malloc                     0000000140033ba2 f   ucrtd:ucrtbased.dll
 0002:00021ba8       _seh_filter_dll            0000000140033ba8 f   ucrtd:ucrtbased.dll
 0002:00021bae       _configure_narrow_argv     0000000140033bae f   ucrtd:ucrtbased.dll
 0002:00021bb4       _initialize_narrow_environment 0000000140033bb4 f   ucrtd:ucrtbased.dll
 0002:00021bba       _initialize_onexit_table   0000000140033bba f   ucrtd:ucrtbased.dll
 0002:00021bc0       _register_onexit_function  0000000140033bc0 f   ucrtd:ucrtbased.dll
 0002:00021bc6       _execute_onexit_table      0000000140033bc6 f   ucrtd:ucrtbased.dll
 0002:00021bcc       _crt_atexit                0000000140033bcc f   ucrtd:ucrtbased.dll
 0002:00021bd2       _crt_at_quick_exit         0000000140033bd2 f   ucrtd:ucrtbased.dll
 0002:00021bd8       _cexit                     0000000140033bd8 f   ucrtd:ucrtbased.dll
 0002:00021bde       _CrtDbgReport              0000000140033bde f   ucrtd:ucrtbased.dll
 0002:00021be4       _seh_filter_exe            0000000140033be4 f   ucrtd:ucrtbased.dll
 0002:00021bea       _set_app_type              0000000140033bea f   ucrtd:ucrtbased.dll
 0002:00021bf0       __setusermatherr           0000000140033bf0 f   ucrtd:ucrtbased.dll
 0002:00021bf6       _get_initial_narrow_environment 0000000140033bf6 f   ucrtd:ucrtbased.dll
 0002:00021bfc       _initterm                  0000000140033bfc f   ucrtd:ucrtbased.dll
 0002:00021c02       _initterm_e                0000000140033c02 f   ucrtd:ucrtbased.dll
 0002:00021c08       exit                       0000000140033c08 f   ucrtd:ucrtbased.dll
 0002:00021c0e       _exit                      0000000140033c0e f   ucrtd:ucrtbased.dll
 0002:00021c14       _set_fmode                 0000000140033c14 f   ucrtd:ucrtbased.dll
 0002:00021c1a       __p___argc                 0000000140033c1a f   ucrtd:ucrtbased.dll
 0002:00021c20       __p___argv                 0000000140033c20 f   ucrtd:ucrtbased.dll
 0002:00021c26       _c_exit                    0000000140033c26 f   ucrtd:ucrtbased.dll
 0002:00021c2c       _register_thread_local_exe_atexit_callback 0000000140033c2c f   ucrtd:ucrtbased.dll
 0002:00021c32       _configthreadlocale        0000000140033c32 f   ucrtd:ucrtbased.dll
 0002:00021c38       _set_new_mode              0000000140033c38 f   ucrtd:ucrtbased.dll
 0002:00021c3e       __p__commode               0000000140033c3e f   ucrtd:ucrtbased.dll
 0002:00021c44       terminate                  0000000140033c44 f   ucrtd:ucrtbased.dll
 0002:00021c4a       strcpy_s                   0000000140033c4a f   ucrtd:ucrtbased.dll
 0002:00021c50       strcat_s                   0000000140033c50 f   ucrtd:ucrtbased.dll
 0002:00021c56       __stdio_common_vsprintf_s  0000000140033c56 f   ucrtd:ucrtbased.dll
 0002:00021c5c       _wmakepath_s               0000000140033c5c f   ucrtd:ucrtbased.dll
 0002:00021c62       _wsplitpath_s              0000000140033c62 f   ucrtd:ucrtbased.dll
 0002:00021c68       wcscpy_s                   0000000140033c68 f   ucrtd:ucrtbased.dll
 0002:00021c6e       RtlCaptureContext          0000000140033c6e f   kernel32:KERNEL32.dll
 0002:00021c74       RtlLookupFunctionEntry     0000000140033c74 f   kernel32:KERNEL32.dll
 0002:00021c7a       RtlVirtualUnwind           0000000140033c7a f   kernel32:KERNEL32.dll
 0002:00021c80       IsDebuggerPresent          0000000140033c80 f   kernel32:KERNEL32.dll
 0002:00021c86       UnhandledExceptionFilter   0000000140033c86 f   kernel32:KERNEL32.dll
 0002:00021c8c       SetUnhandledExceptionFilter 0000000140033c8c f   kernel32:KERNEL32.dll
 0002:00021c92       GetStartupInfoW            0000000140033c92 f   kernel32:KERNEL32.dll
 0002:00021c98       IsProcessorFeaturePresent  0000000140033c98 f   kernel32:KERNEL32.dll
 0002:00021c9e       GetModuleHandleW           0000000140033c9e f   kernel32:KERNEL32.dll
 0002:00021ca4       RaiseException             0000000140033ca4 f   kernel32:KERNEL32.dll
 0002:00021caa       MultiByteToWideChar        0000000140033caa f   kernel32:KERNEL32.dll
 0002:00021cb0       WideCharToMultiByte        0000000140033cb0 f   kernel32:KERNEL32.dll
 0002:00021cb6       GetCurrentProcess          0000000140033cb6 f   kernel32:KERNEL32.dll
 0002:00021cbc       TerminateProcess           0000000140033cbc f   kernel32:KERNEL32.dll
 0002:00021cc2       QueryPerformanceCounter    0000000140033cc2 f   kernel32:KERNEL32.dll
 0002:00021cc8       GetCurrentProcessId        0000000140033cc8 f   kernel32:KERNEL32.dll
 0002:00021cce       GetCurrentThreadId         0000000140033cce f   kernel32:KERNEL32.dll
 0002:00021cd4       GetSystemTimeAsFileTime    0000000140033cd4 f   kernel32:KERNEL32.dll
 0002:00021cda       InitializeSListHead        0000000140033cda f   kernel32:KERNEL32.dll
 0002:00021ce0       GetLastError               0000000140033ce0 f   kernel32:KERNEL32.dll
 0002:00021ce6       HeapAlloc                  0000000140033ce6 f   kernel32:KERNEL32.dll
 0002:00021cec       HeapFree                   0000000140033cec f   kernel32:KERNEL32.dll
 0002:00021cf2       GetProcessHeap             0000000140033cf2 f   kernel32:KERNEL32.dll
 0002:00021cf8       VirtualQuery               0000000140033cf8 f   kernel32:KERNEL32.dll
 0002:00021cfe       FreeLibrary                0000000140033cfe f   kernel32:KERNEL32.dll
 0002:00021d04       GetProcAddress             0000000140033d04 f   kernel32:KERNEL32.dll
 0002:00021d10       __scrt_stub_for_acrt_initialize 0000000140033d10 f   MSVCRTD:ucrt_stubs.obj
 0002:00021d10       __acrt_initialize          0000000140033d10 f   MSVCRTD:ucrt_stubs.obj
 0002:00021d10       __vcrt_initialize          0000000140033d10 f   MSVCRTD:ucrt_stubs.obj
 0002:00021d20       __vcrt_thread_attach       0000000140033d20 f   MSVCRTD:ucrt_stubs.obj
 0002:00021d20       __acrt_thread_attach       0000000140033d20 f   MSVCRTD:ucrt_stubs.obj
 0002:00021d20       __scrt_stub_for_acrt_thread_attach 0000000140033d20 f   MSVCRTD:ucrt_stubs.obj
 0002:00021d30       __acrt_thread_detach       0000000140033d30 f   MSVCRTD:ucrt_stubs.obj
 0002:00021d30       __scrt_stub_for_acrt_thread_detach 0000000140033d30 f   MSVCRTD:ucrt_stubs.obj
 0002:00021d30       __vcrt_thread_detach       0000000140033d30 f   MSVCRTD:ucrt_stubs.obj
 0002:00021d40       __vcrt_uninitialize        0000000140033d40 f   MSVCRTD:ucrt_stubs.obj
 0002:00021d40       __scrt_stub_for_acrt_uninitialize 0000000140033d40 f   MSVCRTD:ucrt_stubs.obj
 0002:00021d40       __acrt_uninitialize        0000000140033d40 f   MSVCRTD:ucrt_stubs.obj
 0002:00021d50       __vcrt_uninitialize_critical 0000000140033d50 f   MSVCRTD:ucrt_stubs.obj
 0002:00021d50       __acrt_uninitialize_critical 0000000140033d50 f   MSVCRTD:ucrt_stubs.obj
 0002:00021d50       __scrt_stub_for_acrt_uninitialize_critical 0000000140033d50 f   MSVCRTD:ucrt_stubs.obj
 0002:00021d60       __scrt_stub_for_is_c_termination_complete 0000000140033d60 f   MSVCRTD:ucrt_stubs.obj
 0002:00021d60       _is_c_termination_complete 0000000140033d60 f   MSVCRTD:ucrt_stubs.obj
 0002:00023290       _guard_dispatch_icall_nop  0000000140035290 f   MSVCRTD:_guard_dispatch_.obj
 0002:000232b0       __guard_ss_verify_failure  00000001400352b0 f   MSVCRTD:_rfgfailure_.obj
 0002:000232bb       __guard_ss_verify_failure_rcx 00000001400352bb     MSVCRTD:_rfgfailure_.obj
 0002:000232c1       __guard_ss_verify_failure_rdx 00000001400352c1     MSVCRTD:_rfgfailure_.obj
 0002:000232c7       __guard_ss_verify_failure_r8 00000001400352c7     MSVCRTD:_rfgfailure_.obj
 0002:000232cd       __guard_ss_verify_failure_r9 00000001400352cd     MSVCRTD:_rfgfailure_.obj
 0002:000232d3       __guard_ss_verify_failure_r10 00000001400352d3     MSVCRTD:_rfgfailure_.obj
 0002:000232e0       __guard_ss_verify_failure_default 00000001400352e0 f   MSVCRTD:_rfgfailure_.obj
 0002:00023340       __guard_ss_verify_sp       0000000140035340 f   MSVCRTD:_rfgfailure_.obj
 0002:00023350       __guard_ss_verify_sp_default 0000000140035350 f   MSVCRTD:_rfgfailure_.obj
 0003:00000000       __xc_a                     000000014003b000     MSVCRTD:initializers.obj
 0003:00000440       __xc_z                     000000014003b440     MSVCRTD:initializers.obj
 0003:00000550       __xi_a                     000000014003b550     MSVCRTD:initializers.obj
 0003:00000880       __xi_z                     000000014003b880     MSVCRTD:initializers.obj
 0003:00000990       __xp_a                     000000014003b990     MSVCRTD:initializers.obj
 0003:00000aa0       __xp_z                     000000014003baa0     MSVCRTD:initializers.obj
 0003:00000bb0       __xt_a                     000000014003bbb0     MSVCRTD:initializers.obj
 0003:00000cc0       __xt_z                     000000014003bcc0     MSVCRTD:initializers.obj
 0003:00000f24       ??_C@_05GFDBGFDH@d?4wav?$AA@ 000000014003bf24     main.obj
 0003:00000f2c       ??_C@_05KFCKMKOB@Jacek?$AA@ 000000014003bf2c     main.obj
 0003:00000f34       ??_C@_04CDICBAGM@Maja?$AA@ 000000014003bf34     main.obj
 0003:00000f3c       ??_C@_05NKPCGME@Agata?$AA@ 000000014003bf3c     main.obj
 0003:00000f44       ??_C@_01EPMOAMKG@$?$AA@    000000014003bf44     main.obj
[...]
 0006:000000e8       __imp_HeapFree             000000014004e0e8     kernel32:KERNEL32.dll
 0006:000000f0       __imp_GetProcessHeap       000000014004e0f0     kernel32:KERNEL32.dll
 0006:000000f8       __imp_VirtualQuery         000000014004e0f8     kernel32:KERNEL32.dll
 0006:00000100       __imp_RtlCaptureContext    000000014004e100     kernel32:KERNEL32.dll
 0006:00000108       \177KERNEL32_NULL_THUNK_DATA 000000014004e108     kernel32:KERNEL32.dll
 0006:00000190       __imp_?getloc@?$basic_streambuf@DU?$char_traits@D@std@@@std@@QEBA?AVlocale@2@XZ 000000014004e190     msvcprtd:MSVCP140D.dll
 0006:00000198       __imp_?sbumpc@?$basic_streambuf@DU?$char_traits@D@std@@@std@@QEAAHXZ 000000014004e198     msvcprtd:MSVCP140D.dll
 0006:000001a0       __imp_?sgetc@?$basic_streambuf@DU?$char_traits@D@std@@@std@@QEAAHXZ 000000014004e1a0     msvcprtd:MSVCP140D.dll
 0006:000001a8       __imp_?snextc@?$basic_streambuf@DU?$char_traits@D@std@@@std@@QEAAHXZ 000000014004e1a8     msvcprtd:MSVCP140D.dll
 0006:000001b0       __imp_?sputc@?$basic_streambuf@DU?$char_traits@D@std@@@std@@QEAAHD@Z 000000014004e1b0     msvcprtd:MSVCP140D.dll
 0006:000001b8       __imp_?sputn@?$basic_streambuf@DU?$char_traits@D@std@@@std@@QEAA_JPEBD_J@Z 000000014004e1b8     msvcprtd:MSVCP140D.dll
 0006:000001c0       __imp_?eback@?$basic_streambuf@DU?$char_traits@D@std@@@std@@IEBAPEADXZ 000000014004e1c0     msvcprtd:MSVCP140D.dll
 0006:000001c8       __imp_?gptr@?$basic_streambuf@DU?$char_traits@D@std@@@std@@IEBAPEADXZ 000000014004e1c8     msvcprtd:MSVCP140D.dll
 0006:000001d0       __imp_?pbase@?$basic_streambuf@DU?$char_traits@D@std@@@std@@IEBAPEADXZ 000000014004e1d0     msvcprtd:MSVCP140D.dll
 0006:000001d8       __imp_?pptr@?$basic_streambuf@DU?$char_traits@D@std@@@std@@IEBAPEADXZ 000000014004e1d8     msvcprtd:MSVCP140D.dll
 0006:000001e0       __imp_?egptr@?$basic_streambuf@DU?$char_traits@D@std@@@std@@IEBAPEADXZ 000000014004e1e0     msvcprtd:MSVCP140D.dll
 0006:000001e8       __imp_?gbump@?$basic_streambuf@DU?$char_traits@D@std@@@std@@IEAAXH@Z 000000014004e1e8     msvcprtd:MSVCP140D.dll
 0006:000001f0       __imp_?setg@?$basic_streambuf@DU?$char_traits@D@std@@@std@@IEAAXPEAD00@Z 000000014004e1f0     msvcprtd:MSVCP140D.dll
 0006:000001f8       __imp_?epptr@?$basic_streambuf@DU?$char_traits@D@std@@@std@@IEBAPEADXZ 000000014004e1f8     msvcprtd:MSVCP140D.dll
 0006:00000200       __imp_?_Gndec@?$basic_streambuf@DU?$char_traits@D@std@@@std@@IEAAPEADXZ 000000014004e200     msvcprtd:MSVCP140D.dll
 0006:00000208       __imp_?_Gninc@?$basic_streambuf@DU?$char_traits@D@std@@@std@@IEAAPEADXZ 000000014004e208     msvcprtd:MSVCP140D.dll
 0006:00000210       __imp_?pbump@?$basic_streambuf@DU?$char_traits@D@std@@@std@@IEAAXH@Z 000000014004e210     msvcprtd:MSVCP140D.dll
 0006:00000218       __imp_?setp@?$basic_streambuf@DU?$char_traits@D@std@@@std@@IEAAXPEAD0@Z 000000014004e218     msvcprtd:MSVCP140D.dll
 0006:00000220       __imp_?setp@?$basic_streambuf@DU?$char_traits@D@std@@@std@@IEAAXPEAD00@Z 000000014004e220     msvcprtd:MSVCP140D.dll
 0006:00000228       __imp_?_Pninc@?$basic_streambuf@DU?$char_traits@D@std@@@std@@IEAAPEADXZ 000000014004e228     msvcprtd:MSVCP140D.dll
 0006:00000230       __imp_?_Init@?$basic_streambuf@DU?$char_traits@D@std@@@std@@IEAAXXZ 000000014004e230     msvcprtd:MSVCP140D.dll
 0006:00000238       __imp_?_Init@?$basic_streambuf@DU?$char_traits@D@std@@@std@@IEAAXPEAPEAD0PEAH001@Z 000000014004e238     msvcprtd:MSVCP140D.dll
 0006:00000240       __imp_??1?$basic_ios@DU?$char_traits@D@std@@@std@@UEAA@XZ 000000014004e240     msvcprtd:MSVCP140D.dll
 0006:00000248       __imp_?clear@?$basic_ios@DU?$char_traits@D@std@@@std@@QEAAXH_N@Z 000000014004e248     msvcprtd:MSVCP140D.dll
 0006:00000250       __imp_?setstate@?$basic_ios@DU?$char_traits@D@std@@@std@@QEAAXH_N@Z 000000014004e250     msvcprtd:MSVCP140D.dll
 0006:00000258       __imp_?tie@?$basic_ios@DU?$char_traits@D@std@@@std@@QEBAPEAV?$basic_ostream@DU?$char_traits@D@std@@@2@XZ 000000014004e258     msvcprtd:MSVCP140D.dll
 0006:00000260       __imp_?rdbuf@?$basic_ios@DU?$char_traits@D@std@@@std@@QEBAPEAV?$basic_streambuf@DU?$char_traits@D@std@@@2@XZ 000000014004e260     msvcprtd:MSVCP140D.dll
 0006:00000268       __imp_?fill@?$basic_ios@DU?$char_traits@D@std@@@std@@QEBADXZ 000000014004e268     msvcprtd:MSVCP140D.dll
 0006:00000270       __imp_?widen@?$basic_ios@DU?$char_traits@D@std@@@std@@QEBADD@Z 000000014004e270     msvcprtd:MSVCP140D.dll
 0006:00000278       __imp_??0?$basic_ios@DU?$char_traits@D@std@@@std@@IEAA@XZ 000000014004e278     msvcprtd:MSVCP140D.dll
 0006:00000280       __imp_??0?$basic_ostream@DU?$char_traits@D@std@@@std@@QEAA@PEAV?$basic_streambuf@DU?$char_traits@D@std@@@1@_N@Z 000000014004e280     msvcprtd:MSVCP140D.dll
 0006:00000288       __imp_??1?$basic_ostream@DU?$char_traits@D@std@@@std@@UEAA@XZ 000000014004e288     msvcprtd:MSVCP140D.dll
 0006:00000290       __imp_??0?$basic_streambuf@DU?$char_traits@D@std@@@std@@IEAA@XZ 000000014004e290     msvcprtd:MSVCP140D.dll
 0006:00000298       __imp_??6?$basic_ostream@DU?$char_traits@D@std@@@std@@QEAAAEAV01@P6AAEAV01@AEAV01@@Z@Z 000000014004e298     msvcprtd:MSVCP140D.dll
 0006:000002a0       __imp_??6?$basic_ostream@DU?$char_traits@D@std@@@std@@QEAAAEAV01@G@Z 000000014004e2a0     msvcprtd:MSVCP140D.dll
 0006:000002a8       __imp_??6?$basic_ostream@DU?$char_traits@D@std@@@std@@QEAAAEAV01@H@Z 000000014004e2a8     msvcprtd:MSVCP140D.dll
 0006:000002b0       __imp_?put@?$basic_ostream@DU?$char_traits@D@std@@@std@@QEAAAEAV12@D@Z 000000014004e2b0     msvcprtd:MSVCP140D.dll
 0006:000002b8       __imp_?flush@?$basic_ostream@DU?$char_traits@D@std@@@std@@QEAAAEAV12@XZ 000000014004e2b8     msvcprtd:MSVCP140D.dll
 0006:000002c0       __imp_??0?$basic_istream@DU?$char_traits@D@std@@@std@@QEAA@PEAV?$basic_streambuf@DU?$char_traits@D@std@@@1@_N@Z 000000014004e2c0     msvcprtd:MSVCP140D.dll
 0006:000002c8       __imp_??1?$basic_istream@DU?$char_traits@D@std@@@std@@UEAA@XZ 000000014004e2c8     msvcprtd:MSVCP140D.dll
 0006:000002d0       __imp_?_Ipfx@?$basic_istream@DU?$char_traits@D@std@@@std@@QEAA_N_N@Z 000000014004e2d0     msvcprtd:MSVCP140D.dll
 0006:000002d8       __imp_??0?$basic_iostream@DU?$char_traits@D@std@@@std@@QEAA@PEAV?$basic_streambuf@DU?$char_traits@D@std@@@1@@Z 000000014004e2d8     msvcprtd:MSVCP140D.dll
 0006:000002e0       __imp_??1?$basic_iostream@DU?$char_traits@D@std@@@std@@UEAA@XZ 000000014004e2e0     msvcprtd:MSVCP140D.dll
 0006:000002e8       __imp_?_Fiopen@std@@YAPEAU_iobuf@@PEBDHH@Z 000000014004e2e8     msvcprtd:MSVCP140D.dll
 0006:000002f0       __imp_?_Random_device@std@@YAIXZ 000000014004e2f0     msvcprtd:MSVCP140D.dll
 0006:000002f8       __imp_?_Lock@?$basic_streambuf@DU?$char_traits@D@std@@@std@@UEAAXXZ 000000014004e2f8     msvcprtd:MSVCP140D.dll
 0006:00000300       __imp_?_Unlock@?$basic_streambuf@DU?$char_traits@D@std@@@std@@UEAAXXZ 000000014004e300     msvcprtd:MSVCP140D.dll
 0006:00000308       __imp_?imbue@?$basic_streambuf@DU?$char_traits@D@std@@@std@@MEAAXAEBVlocale@2@@Z 000000014004e308     msvcprtd:MSVCP140D.dll
 0006:00000310       __imp_?setbuf@?$basic_streambuf@DU?$char_traits@D@std@@@std@@MEAAPEAV12@PEAD_J@Z 000000014004e310     msvcprtd:MSVCP140D.dll
 0006:00000318       __imp_?showmanyc@?$basic_streambuf@DU?$char_traits@D@std@@@std@@MEAA_JXZ 000000014004e318     msvcprtd:MSVCP140D.dll
 0006:00000320       __imp_?sync@?$basic_streambuf@DU?$char_traits@D@std@@@std@@MEAAHXZ 000000014004e320     msvcprtd:MSVCP140D.dll
 0006:00000328       __imp_?uflow@?$basic_streambuf@DU?$char_traits@D@std@@@std@@MEAAHXZ 000000014004e328     msvcprtd:MSVCP140D.dll
 0006:00000330       __imp_?xsgetn@?$basic_streambuf@DU?$char_traits@D@std@@@std@@MEAA_JPEAD_J@Z 000000014004e330     msvcprtd:MSVCP140D.dll
 0006:00000338       __imp_?xsputn@?$basic_streambuf@DU?$char_traits@D@std@@@std@@MEAA_JPEBD_J@Z 000000014004e338     msvcprtd:MSVCP140D.dll
 0006:00000340       __imp_?_BADOFF@std@@3_JB   000000014004e340     msvcprtd:MSVCP140D.dll
 0006:00000348       __imp_?id@?$ctype@D@std@@2V0locale@2@A 000000014004e348     msvcprtd:MSVCP140D.dll
 0006:00000350       __imp_?id@?$codecvt@DDU_Mbstatet@@@std@@2V0locale@2@A 000000014004e350     msvcprtd:MSVCP140D.dll
 0006:00000358       __imp_?cin@std@@3V?$basic_istream@DU?$char_traits@D@std@@@1@A 000000014004e358     msvcprtd:MSVCP140D.dll
 0006:00000360       __imp_?cout@std@@3V?$basic_ostream@DU?$char_traits@D@std@@@1@A 000000014004e360     msvcprtd:MSVCP140D.dll
 0006:00000368       __imp_??1?$basic_streambuf@DU?$char_traits@D@std@@@std@@UEAA@XZ 000000014004e368     msvcprtd:MSVCP140D.dll
 0006:00000370       __imp_?getloc@ios_base@std@@QEBA?AVlocale@2@XZ 000000014004e370     msvcprtd:MSVCP140D.dll
 0006:00000378       __imp_?width@ios_base@std@@QEAA_J_J@Z 000000014004e378     msvcprtd:MSVCP140D.dll
 0006:00000380       __imp_??0_Lockit@std@@QEAA@H@Z 000000014004e380     msvcprtd:MSVCP140D.dll
 0006:00000388       __imp_??1_Lockit@std@@QEAA@XZ 000000014004e388     msvcprtd:MSVCP140D.dll
 0006:00000390       __imp_?uncaught_exception@std@@YA_NXZ 000000014004e390     msvcprtd:MSVCP140D.dll
 0006:00000398       __imp_?_Debug_message@std@@YAXPEB_W0I@Z 000000014004e398     msvcprtd:MSVCP140D.dll
 0006:000003a0       __imp_?_Xbad_alloc@std@@YAXXZ 000000014004e3a0     msvcprtd:MSVCP140D.dll
 0006:000003a8       __imp_?_Xlength_error@std@@YAXPEBD@Z 000000014004e3a8     msvcprtd:MSVCP140D.dll
 0006:000003b0       __imp_?_Xout_of_range@std@@YAXPEBD@Z 000000014004e3b0     msvcprtd:MSVCP140D.dll
 0006:000003b8       __imp_??Bid@locale@std@@QEAA_KXZ 000000014004e3b8     msvcprtd:MSVCP140D.dll
 0006:000003c0       __imp_?_Getgloballocale@locale@std@@CAPEAV_Locimp@12@XZ 000000014004e3c0     msvcprtd:MSVCP140D.dll
 0006:000003c8       __imp_?always_noconv@codecvt_base@std@@QEBA_NXZ 000000014004e3c8     msvcprtd:MSVCP140D.dll
 0006:000003d0       __imp_?is@?$ctype@D@std@@QEBA_NFD@Z 000000014004e3d0     msvcprtd:MSVCP140D.dll
 0006:000003d8       __imp_?_Getcat@?$ctype@D@std@@SA_KPEAPEBVfacet@locale@2@PEBV42@@Z 000000014004e3d8     msvcprtd:MSVCP140D.dll
 0006:000003e0       __imp_?in@?$codecvt@DDU_Mbstatet@@@std@@QEBAHAEAU_Mbstatet@@PEBD1AEAPEBDPEAD3AEAPEAD@Z 000000014004e3e0     msvcprtd:MSVCP140D.dll
 0006:000003e8       __imp_?out@?$codecvt@DDU_Mbstatet@@@std@@QEBAHAEAU_Mbstatet@@PEBD1AEAPEBDPEAD3AEAPEAD@Z 000000014004e3e8     msvcprtd:MSVCP140D.dll
 0006:000003f0       __imp_?width@ios_base@std@@QEBA_JXZ 000000014004e3f0     msvcprtd:MSVCP140D.dll
 0006:000003f8       __imp_?flags@ios_base@std@@QEBAHXZ 000000014004e3f8     msvcprtd:MSVCP140D.dll
 0006:00000400       __imp_?eof@ios_base@std@@QEBA_NXZ 000000014004e400     msvcprtd:MSVCP140D.dll
 0006:00000408       __imp_?good@ios_base@std@@QEBA_NXZ 000000014004e408     msvcprtd:MSVCP140D.dll
 0006:00000410       __imp_?_Getcat@?$codecvt@DDU_Mbstatet@@@std@@SA_KPEAPEBVfacet@locale@2@PEBV42@@Z 000000014004e410     msvcprtd:MSVCP140D.dll
 0006:00000418       __imp_?unshift@?$codecvt@DDU_Mbstatet@@@std@@QEBAHAEAU_Mbstatet@@PEAD1AEAPEAD@Z 000000014004e418     msvcprtd:MSVCP140D.dll
 0006:00000420       __imp_?_Osfx@?$basic_ostream@DU?$char_traits@D@std@@@std@@QEAAXXZ 000000014004e420     msvcprtd:MSVCP140D.dll
 0006:00000428       \177MSVCP140D_NULL_THUNK_DATA 000000014004e428     msvcprtd:MSVCP140D.dll
 0006:00000500       __imp___vcrt_GetModuleFileNameW 000000014004e500     vcruntimed:VCRUNTIME140D.dll
 0006:00000508       __imp___std_type_info_destroy_list 000000014004e508     vcruntimed:VCRUNTIME140D.dll
 0006:00000510       __imp___C_specific_handler 000000014004e510     vcruntimed:VCRUNTIME140D.dll
 0006:00000518       __imp___CxxFrameHandler3   000000014004e518     vcruntimed:VCRUNTIME140D.dll
 0006:00000520       __imp__CxxThrowException   000000014004e520     vcruntimed:VCRUNTIME140D.dll
 0006:00000528       __imp___vcrt_GetModuleHandleW 000000014004e528     vcruntimed:VCRUNTIME140D.dll
 0006:00000530       __imp___std_exception_copy 000000014004e530     vcruntimed:VCRUNTIME140D.dll
 0006:00000538       __imp_memset               000000014004e538     vcruntimed:VCRUNTIME140D.dll
 0006:00000540       __imp_memmove              000000014004e540     vcruntimed:VCRUNTIME140D.dll
 0006:00000548       __imp_memcpy               000000014004e548     vcruntimed:VCRUNTIME140D.dll
 0006:00000550       __imp_memcmp               000000014004e550     vcruntimed:VCRUNTIME140D.dll
 0006:00000558       __imp_memchr               000000014004e558     vcruntimed:VCRUNTIME140D.dll
 0006:00000560       __imp___std_exception_destroy 000000014004e560     vcruntimed:VCRUNTIME140D.dll
 0006:00000568       __imp___vcrt_LoadLibraryExW 000000014004e568     vcruntimed:VCRUNTIME140D.dll
 0006:00000570       \177VCRUNTIME140D_NULL_THUNK_DATA 000000014004e570     vcruntimed:VCRUNTIME140D.dll
 0006:000005d8       __imp_PlaySoundA           000000014004e5d8     winmm:WINMM.dll
 0006:000005e0       \177WINMM_NULL_THUNK_DATA  000000014004e5e0     winmm:WINMM.dll
 0006:00000638       __imp_setlocale            000000014004e638     ucrtd:ucrtbased.dll
 0006:00000640       __imp__access              000000014004e640     ucrtd:ucrtbased.dll
 0006:00000648       __imp__free_dbg            000000014004e648     ucrtd:ucrtbased.dll
 0006:00000650       __imp__malloc_dbg          000000014004e650     ucrtd:ucrtbased.dll
 0006:00000658       __imp__callnewh            000000014004e658     ucrtd:ucrtbased.dll
 0006:00000660       __imp_malloc               000000014004e660     ucrtd:ucrtbased.dll
 0006:00000668       __imp__seh_filter_dll      000000014004e668     ucrtd:ucrtbased.dll
 0006:00000670       __imp__configure_narrow_argv 000000014004e670     ucrtd:ucrtbased.dll
 0006:00000678       __imp__initialize_narrow_environment 000000014004e678     ucrtd:ucrtbased.dll
 0006:00000680       __imp__initialize_onexit_table 000000014004e680     ucrtd:ucrtbased.dll
 0006:00000688       __imp__register_onexit_function 000000014004e688     ucrtd:ucrtbased.dll
 0006:00000690       __imp__execute_onexit_table 000000014004e690     ucrtd:ucrtbased.dll
 0006:00000698       __imp__crt_atexit          000000014004e698     ucrtd:ucrtbased.dll
 0006:000006a0       __imp__crt_at_quick_exit   000000014004e6a0     ucrtd:ucrtbased.dll
 0006:000006a8       __imp__cexit               000000014004e6a8     ucrtd:ucrtbased.dll
 0006:000006b0       __imp__CrtDbgReport        000000014004e6b0     ucrtd:ucrtbased.dll
 0006:000006b8       __imp__seh_filter_exe      000000014004e6b8     ucrtd:ucrtbased.dll
 0006:000006c0       __imp__set_app_type        000000014004e6c0     ucrtd:ucrtbased.dll
 0006:000006c8       __imp___setusermatherr     000000014004e6c8     ucrtd:ucrtbased.dll
 0006:000006d0       __imp__get_initial_narrow_environment 000000014004e6d0     ucrtd:ucrtbased.dll
 0006:000006d8       __imp__initterm            000000014004e6d8     ucrtd:ucrtbased.dll
 0006:000006e0       __imp__initterm_e          000000014004e6e0     ucrtd:ucrtbased.dll
 0006:000006e8       __imp_exit                 000000014004e6e8     ucrtd:ucrtbased.dll
 0006:000006f0       __imp__exit                000000014004e6f0     ucrtd:ucrtbased.dll
 0006:000006f8       __imp__set_fmode           000000014004e6f8     ucrtd:ucrtbased.dll
 0006:00000700       __imp___p___argc           000000014004e700     ucrtd:ucrtbased.dll
 0006:00000708       __imp___p___argv           000000014004e708     ucrtd:ucrtbased.dll
 0006:00000710       __imp__c_exit              000000014004e710     ucrtd:ucrtbased.dll
 0006:00000718       __imp__register_thread_local_exe_atexit_callback 000000014004e718     ucrtd:ucrtbased.dll
 0006:00000720       __imp_strlen               000000014004e720     ucrtd:ucrtbased.dll
 0006:00000728       __imp__set_new_mode        000000014004e728     ucrtd:ucrtbased.dll
 0006:00000730       __imp___p__commode         000000014004e730     ucrtd:ucrtbased.dll
 0006:00000738       __imp_terminate            000000014004e738     ucrtd:ucrtbased.dll
 0006:00000740       __imp_strcpy_s             000000014004e740     ucrtd:ucrtbased.dll
 0006:00000748       __imp_strcat_s             000000014004e748     ucrtd:ucrtbased.dll
 0006:00000750       __imp___stdio_common_vsprintf_s 000000014004e750     ucrtd:ucrtbased.dll
 0006:00000758       __imp__wmakepath_s         000000014004e758     ucrtd:ucrtbased.dll
 0006:00000760       __imp__wsplitpath_s        000000014004e760     ucrtd:ucrtbased.dll
 0006:00000768       __imp_wcscpy_s             000000014004e768     ucrtd:ucrtbased.dll
 0006:00000770       __imp__CrtDbgReportW       000000014004e770     ucrtd:ucrtbased.dll
 0006:00000778       __imp__lock_file           000000014004e778     ucrtd:ucrtbased.dll
 0006:00000780       __imp_ungetc               000000014004e780     ucrtd:ucrtbased.dll
 0006:00000788       __imp_setvbuf              000000014004e788     ucrtd:ucrtbased.dll
 0006:00000790       __imp_remove               000000014004e790     ucrtd:ucrtbased.dll
 0006:00000798       __imp_fwrite               000000014004e798     ucrtd:ucrtbased.dll
 0006:000007a0       __imp__fseeki64            000000014004e7a0     ucrtd:ucrtbased.dll
 0006:000007a8       __imp_fsetpos              000000014004e7a8     ucrtd:ucrtbased.dll
 0006:000007b0       __imp_fputc                000000014004e7b0     ucrtd:ucrtbased.dll
 0006:000007b8       __imp_fgetpos              000000014004e7b8     ucrtd:ucrtbased.dll
 0006:000007c0       __imp_fgetc                000000014004e7c0     ucrtd:ucrtbased.dll
 0006:000007c8       __imp_fflush               000000014004e7c8     ucrtd:ucrtbased.dll
 0006:000007d0       __imp_fclose               000000014004e7d0     ucrtd:ucrtbased.dll
 0006:000007d8       __imp__get_stream_buffer_pointers 000000014004e7d8     ucrtd:ucrtbased.dll
 0006:000007e0       __imp_system               000000014004e7e0     ucrtd:ucrtbased.dll
 0006:000007e8       __imp_atoi                 000000014004e7e8     ucrtd:ucrtbased.dll
 0006:000007f0       __imp_rand                 000000014004e7f0     ucrtd:ucrtbased.dll
 0006:000007f8       __imp_srand                000000014004e7f8     ucrtd:ucrtbased.dll
 0006:00000800       __imp__errno               000000014004e800     ucrtd:ucrtbased.dll
 0006:00000808       __imp__time64              000000014004e808     ucrtd:ucrtbased.dll
 0006:00000810       __imp__invalid_parameter_noinfo 000000014004e810     ucrtd:ucrtbased.dll
 0006:00000818       __imp__invalid_parameter   000000014004e818     ucrtd:ucrtbased.dll
 0006:00000820       __imp__configthreadlocale  000000014004e820     ucrtd:ucrtbased.dll
 0006:00000828       __imp__unlock_file         000000014004e828     ucrtd:ucrtbased.dll
 0006:00000830       \177ucrtbased_NULL_THUNK_DATA 000000014004e830     ucrtd:ucrtbased.dll
 0006:000008e8       __imp_URLDownloadToFileA   000000014004e8e8     urlmon:urlmon.dll
 0006:000008f0       \177urlmon_NULL_THUNK_DATA 000000014004e8f0     urlmon:urlmon.dll
 0006:00000948       __IMPORT_DESCRIPTOR_WINMM  000000014004e948     winmm:WINMM.dll
 0006:0000095c       __IMPORT_DESCRIPTOR_KERNEL32 000000014004e95c     kernel32:KERNEL32.dll
 0006:00000970       __IMPORT_DESCRIPTOR_MSVCP140D 000000014004e970     msvcprtd:MSVCP140D.dll
 0006:00000984       __IMPORT_DESCRIPTOR_urlmon 000000014004e984     urlmon:urlmon.dll
 0006:00000998       __IMPORT_DESCRIPTOR_VCRUNTIME140D 000000014004e998     vcruntimed:VCRUNTIME140D.dll
 0006:000009ac       __IMPORT_DESCRIPTOR_ucrtbased 000000014004e9ac     ucrtd:ucrtbased.dll
 0006:000009c0       __NULL_IMPORT_DESCRIPTOR   000000014004e9c0     winmm:WINMM.dll
 0007:00000000       __guard_check_icall_fptr   0000000140052000     MSVCRTD:guard_support.obj
 0007:00000010       __guard_dispatch_icall_fptr 0000000140052010     MSVCRTD:guard_support.obj
 0007:00000020       __guard_ss_verify_failure_fptr 0000000140052020     MSVCRTD:guard_support.obj
 0007:00000030       __guard_ss_verify_sp_fptr  0000000140052030     MSVCRTD:guard_support.obj
