 Ruletka

 Timestamp is 5a27062b (Tue Dec  5 21:48:43 2017)

 Preferred load address is 0000000140000000

 Start         Length     Name                   Class
 0001:00000000 00010000H .textbss                DATA
 0002:00000000 00003010H .text$di                CODE
 0002:00003010 0001e140H .text$mn                CODE
 0002:00021150 00001110H .text$mn$00             CODE
 0002:00022260 000023b0H .text$x                 CODE
 0002:00024610 0000106eH .text$yd                CODE
 0003:00000000 00000110H .CRT$XCA                DATA
 0003:00000110 00000110H .CRT$XCAA               DATA
 0003:00000220 00000110H .CRT$XCL                DATA
 0003:00000330 00000110H .CRT$XCU                DATA
 0003:00000440 00000110H .CRT$XCZ                DATA
 0003:00000550 00000110H .CRT$XIA                DATA
 0003:00000660 00000110H .CRT$XIAA               DATA
 0003:00000770 00000110H .CRT$XIAC               DATA
 0003:00000880 00000110H .CRT$XIZ                DATA
 0003:00000990 00000110H .CRT$XPA                DATA
 0003:00000aa0 00000110H .CRT$XPZ                DATA
 0003:00000bb0 00000110H .CRT$XTA                DATA
 0003:00000cc0 00000110H .CRT$XTZ                DATA
 0003:00000dd0 000060f0H .rdata                  DATA
 0003:00006ec0 00000c58H .rdata$r                DATA
 0003:00007b18 000001b8H .rdata$zzzdbg           DATA
 0003:00007cd0 00000110H .rtc$IAA                DATA
 0003:00007de0 00000110H .rtc$IMZ                DATA
 0003:00007ef0 00000110H .rtc$IZZ                DATA
 0003:00008000 00000110H .rtc$TAA                DATA
 0003:00008110 00000110H .rtc$TMZ                DATA
 0003:00008220 00000110H .rtc$TZZ                DATA
 0003:00008330 00003bb0H .xdata                  DATA
 0003:0000bee0 00000275H .xdata$x                DATA
 0003:0000c155 00000000H .edata                  DATA
 0004:00000000 000001a0H .data                   DATA
 0004:000001a0 00000630H .data$r                 DATA
 0004:000007d0 00000801H .bss                    DATA
 0005:00000000 000037ecH .pdata                  DATA
 0006:00000000 000008e0H .idata$5                DATA
 0006:000008e0 00000064H .idata$2                DATA
 0006:00000944 00000014H .idata$3                DATA
 0006:00000958 000008e0H .idata$4                DATA
 0006:00001238 00001f42H .idata$6                DATA
 0007:00000000 0000013fH .00cfg                  DATA
 0008:00000000 00000170H .rsrc$01                DATA
 0008:00000170 000002ccH .rsrc$02                DATA

  Address         Publics by Value              Rva+Base               Lib:Object

 0000:00000000       __guard_longjmp_count      0000000000000000     <absolute>
 0000:00000000       __hybrid_code_map          0000000000000000     <absolute>
 0000:00000000       __guard_fids_count         0000000000000000     <absolute>
 0000:00000000       __enclave_config           0000000000000000     <absolute>
 0000:00000000       __guard_iat_count          0000000000000000     <absolute>
 0000:00000000       ___safe_se_handler_table   0000000000000000     <absolute>
 0000:00000000       __hybrid_code_map_count    0000000000000000     <absolute>
 0000:00000000       __hybrid_auxiliary_iat     0000000000000000     <absolute>
 0000:00000000       ___safe_se_handler_count   0000000000000000     <absolute>
 0000:00000000       __guard_iat_table          0000000000000000     <absolute>
 0000:00000000       __guard_longjmp_table      0000000000000000     <absolute>
 0000:00000000       __guard_fids_table         0000000000000000     <absolute>
 0000:00000000       __dynamic_value_reloc_table 0000000000000000     <absolute>
 0000:00000100       __guard_flags              0000000000000100     <absolute>
 0000:00000000       __ImageBase                0000000140000000     <linker-defined>
 0001:00000000       __enc$textbss$begin        0000000140001000     <linker-defined>
 0001:00010000       __enc$textbss$end          0000000140011000     <linker-defined>
 0002:00003010       ??$?0$$V@?$_Compressed_pair@V?$allocator@D@std@@V?$_String_val@U?$_Simple_types@D@std@@@2@$00@std@@QEAA@U_Zero_then_variadic_args_t@1@@Z 0000000140014010 f i main.obj
 0002:00003080       ??$?0D@?$allocator@U_Container_proxy@std@@@std@@QEAA@AEBV?$allocator@D@1@@Z 0000000140014080 f i main.obj
 0002:000030d0       ??$?0V?$allocator@D@std@@$$V@?$_Compressed_pair@V?$allocator@D@std@@V?$_String_val@U?$_Simple_types@D@std@@@2@$00@std@@QEAA@U_One_then_variadic_args_t@1@$$QEAV?$allocator@D@1@@Z 00000001400140d0 f i main.obj
 0002:00003150       ??$?0V?$allocator@D@std@@X@?$_String_alloc@U?$_String_base_types@DV?$allocator@D@std@@@std@@@std@@QEAA@$$QEAV?$allocator@D@1@@Z 0000000140014150 f i main.obj
 0002:000031f0       ??$?5DU?$char_traits@D@std@@V?$allocator@D@1@@std@@YAAEAV?$basic_istream@DU?$char_traits@D@std@@@0@$$QEAV10@AEAV?$basic_string@DU?$char_traits@D@std@@V?$allocator@D@2@@0@@Z 00000001400141f0 f i main.obj
 0002:00003690       ??$?5DU?$char_traits@D@std@@V?$allocator@D@1@@std@@YAAEAV?$basic_istream@DU?$char_traits@D@std@@@0@AEAV10@AEAV?$basic_string@DU?$char_traits@D@std@@V?$allocator@D@2@@0@@Z 0000000140014690 f i main.obj
 0002:00003700       ??$?6DU?$char_traits@D@std@@V?$allocator@D@1@@std@@YAAEAV?$basic_ostream@DU?$char_traits@D@std@@@0@AEAV10@AEBV?$basic_string@DU?$char_traits@D@std@@V?$allocator@D@2@@0@@Z 0000000140014700 f i main.obj
 0002:00003790       ??$?6U?$char_traits@D@std@@@std@@YAAEAV?$basic_ostream@DU?$char_traits@D@std@@@0@AEAV10@PEBD@Z 0000000140014790 f i main.obj
 0002:00003ca0       ??$?8DU?$char_traits@D@std@@V?$allocator@D@1@@std@@YA_NAEBV?$basic_string@DU?$char_traits@D@std@@V?$allocator@D@2@@0@QEBD@Z 0000000140014ca0 f i main.obj
 0002:00003d00       ??$?9DD@std@@YA_NAEBV?$allocator@D@0@0@Z 0000000140014d00 f i main.obj
 0002:00003d50       ??$?9DU?$char_traits@D@std@@V?$allocator@D@1@@std@@YA_NAEBV?$basic_string@DU?$char_traits@D@std@@V?$allocator@D@2@@0@QEBD@Z 0000000140014d50 f i main.obj
 0002:00003de0       ??$?HDU?$char_traits@D@std@@V?$allocator@D@1@@std@@YA?AV?$basic_string@DU?$char_traits@D@std@@V?$allocator@D@2@@0@$$QEAV10@0@Z 0000000140014de0 f i main.obj
 0002:00003fa0       ??$?HDU?$char_traits@D@std@@V?$allocator@D@1@@std@@YA?AV?$basic_string@DU?$char_traits@D@std@@V?$allocator@D@2@@0@$$QEAV10@D@Z 0000000140014fa0 f i main.obj
 0002:00004050       ??$?HDU?$char_traits@D@std@@V?$allocator@D@1@@std@@YA?AV?$basic_string@DU?$char_traits@D@std@@V?$allocator@D@2@@0@$$QEAV10@QEBD@Z 0000000140015050 f i main.obj
 0002:00004100       ??$?HDU?$char_traits@D@std@@V?$allocator@D@1@@std@@YA?AV?$basic_string@DU?$char_traits@D@std@@V?$allocator@D@2@@0@AEBV10@$$QEAV10@@Z 0000000140015100 f i main.obj
 0002:000041b0       ??$?HDU?$char_traits@D@std@@V?$allocator@D@1@@std@@YA?AV?$basic_string@DU?$char_traits@D@std@@V?$allocator@D@2@@0@AEBV10@QEBD@Z 00000001400151b0 f i main.obj
 0002:00004320       ??$?RVrandom_device@std@@@?$uniform_int@H@std@@QEBAHAEAVrandom_device@1@@Z 0000000140015320 f i main.obj
 0002:000043a0       ??$_Convert_size@_K@std@@YA_K_K@Z 00000001400153a0 f i main.obj
 0002:000043f0       ??$_Deallocate_plain@V?$allocator@U_Container_proxy@std@@@std@@$0A@@std@@YAXAEAV?$allocator@U_Container_proxy@std@@@0@QEAU_Container_proxy@0@@Z 00000001400153f0 f i main.obj
 0002:00004460       ??$_Eval@Vrandom_device@std@@@?$uniform_int@H@std@@AEBAHAEAVrandom_device@1@HH@Z 0000000140015460 f i main.obj
 0002:000045a0       ??$_Fgetc@D@std@@YA_NAEADPEAU_iobuf@@@Z 00000001400155a0 f i main.obj
 0002:00004620       ??$_Fputc@D@std@@YA_NDPEAU_iobuf@@@Z 0000000140015620 f i main.obj
 0002:000046b0       ??$_Insert_string@DU?$char_traits@D@std@@_K@std@@YAAEAV?$basic_ostream@DU?$char_traits@D@std@@@0@AEAV10@QEBD_K@Z 00000001400156b0 f i main.obj
 0002:00004bc0       ??$_Max_value@_K@std@@YAAEB_KAEB_K0@Z 0000000140015bc0 f i main.obj
 0002:00004c60       ??$_Min_value@_K@std@@YAAEB_KAEB_K0@Z 0000000140015c60 f i main.obj
 0002:00004d00       ??$_Pocca@V?$allocator@D@std@@@std@@YAXAEAV?$allocator@D@0@AEBV10@@Z 0000000140015d00 f i main.obj
 0002:00004d80       ??$_Pocca@V?$allocator@D@std@@@std@@YAXAEAV?$allocator@D@0@AEBV10@U?$integral_constant@_N$0A@@0@@Z 0000000140015d80 f i main.obj
 0002:00004dd0       ??$_Pocma@V?$allocator@D@std@@@std@@YAXAEAV?$allocator@D@0@0@Z 0000000140015dd0 f i main.obj
 0002:00004e50       ??$_Pocma@V?$allocator@D@std@@@std@@YAXAEAV?$allocator@D@0@0U?$integral_constant@_N$00@0@@Z 0000000140015e50 f i main.obj
 0002:000060f0       ??$_Refancy@PEAD$0A@@std@@YAPEADPEAD@Z 00000001400170f0 f i main.obj
 0002:00006140       ??$_Traits_equal@U?$char_traits@D@std@@@std@@YA_NQEBD_K01@Z 0000000140017140 f i main.obj
 0002:00006200       ??$_Traits_find@U?$char_traits@D@std@@@std@@YA_KQEBD_K101@Z 0000000140017200 f i main.obj
 0002:00006390       ??$_Unfancy@$$CBD@std@@YAPEBDPEBD@Z 0000000140017390 f i main.obj
 0002:000063e0       ??$_Unfancy@D@std@@YAPEADPEAD@Z 00000001400173e0 f i main.obj
 0002:00006430       ??$_Unfancy@U_Container_proxy@std@@@std@@YAPEAU_Container_proxy@0@PEAU10@@Z 0000000140017430 f i main.obj
 0002:00006480       ??$_Ungetc@D@std@@YA_NAEBDPEAU_iobuf@@@Z 0000000140017480 f i main.obj
 0002:00006520       ??$addressof@$$CBV?$basic_string@DU?$char_traits@D@std@@V?$allocator@D@2@@std@@@std@@YAPEBV?$basic_string@DU?$char_traits@D@std@@V?$allocator@D@2@@0@AEBV10@@Z 0000000140017520 f i main.obj
 0002:00006570       ??$addressof@D@std@@YAPEADAEAD@Z 0000000140017570 f i main.obj
 0002:000065c0       ??$addressof@PEAD@std@@YAPEAPEADAEAPEAD@Z 00000001400175c0 f i main.obj
 0002:00006610       ??$addressof@V?$_String_val@U?$_Simple_types@D@std@@@std@@@std@@YAPEAV?$_String_val@U?$_Simple_types@D@std@@@0@AEAV10@@Z 0000000140017610 f i main.obj
 0002:00006660       ??$addressof@V?$basic_string@DU?$char_traits@D@std@@V?$allocator@D@2@@std@@@std@@YAPEAV?$basic_string@DU?$char_traits@D@std@@V?$allocator@D@2@@0@AEAV10@@Z 0000000140017660 f i main.obj
 0002:000066b0       ??$construct@PEADAEBQEAD@?$_Default_allocator_traits@V?$allocator@D@std@@@std@@SAXAEAV?$allocator@D@1@QEAPEADAEBQEAD@Z 00000001400176b0 f i main.obj
 0002:00006740       ??$construct@U_Container_proxy@std@@U12@@?$_Default_allocator_traits@V?$allocator@U_Container_proxy@std@@@std@@@std@@SAXAEAV?$allocator@U_Container_proxy@std@@@1@QEAU_Container_proxy@1@$$QEAU31@@Z 0000000140017740 f i main.obj
 0002:000067e0       ??$destroy@PEAD@?$_Default_allocator_traits@V?$allocator@D@std@@@std@@SAXAEAV?$allocator@D@1@QEAPEAD@Z 00000001400177e0 f i main.obj
 0002:00006830       ??$destroy@U_Container_proxy@std@@@?$_Default_allocator_traits@V?$allocator@U_Container_proxy@std@@@std@@@std@@SAXAEAV?$allocator@U_Container_proxy@std@@@1@QEAU_Container_proxy@1@@Z 0000000140017830 f i main.obj
 0002:00006880       ??$endl@DU?$char_traits@D@std@@@std@@YAAEAV?$basic_ostream@DU?$char_traits@D@std@@@0@AEAV10@@Z 0000000140017880 f i main.obj
 0002:00006920       ??$forward@AEBQEAD@std@@YAAEBQEADAEBQEAD@Z 0000000140017920 f i main.obj
 0002:00006970       ??$forward@U_Container_proxy@std@@@std@@YA$$QEAU_Container_proxy@0@AEAU10@@Z 0000000140017970 f i main.obj
 0002:000069c0       ??$forward@V?$allocator@D@std@@@std@@YA$$QEAV?$allocator@D@0@AEAV10@@Z 00000001400179c0 f i main.obj
 0002:00006a10       ??$getline@DU?$char_traits@D@std@@V?$allocator@D@2@@std@@YAAEAV?$basic_istream@DU?$char_traits@D@std@@@0@$$QEAV10@AEAV?$basic_string@DU?$char_traits@D@std@@V?$allocator@D@2@@0@D@Z 0000000140017a10 f i main.obj
 0002:00006d70       ??$getline@DU?$char_traits@D@std@@V?$allocator@D@2@@std@@YAAEAV?$basic_istream@DU?$char_traits@D@std@@@0@AEAV10@AEAV?$basic_string@DU?$char_traits@D@std@@V?$allocator@D@2@@0@@Z 0000000140017d70 f i main.obj
 0002:00006e20       ??$move@AEAV?$allocator@D@std@@@std@@YA$$QEAV?$allocator@D@0@AEAV10@@Z 0000000140017e20 f i main.obj
 0002:00006e70       ??$move@AEAV?$basic_istream@DU?$char_traits@D@std@@@std@@@std@@YA$$QEAV?$basic_istream@DU?$char_traits@D@std@@@0@AEAV10@@Z 0000000140017e70 f i main.obj
 0002:00006ec0       ??$move@AEAV?$basic_string@DU?$char_traits@D@std@@V?$allocator@D@2@@std@@@std@@YA$$QEAV?$basic_string@DU?$char_traits@D@std@@V?$allocator@D@2@@0@AEAV10@@Z 0000000140017ec0 f i main.obj
 0002:00006f10       ??$size@D$0BB@@std@@YA_KAEAY0BB@$$CBD@Z 0000000140017f10 f i main.obj
 0002:00006f60       ??$size@D$0BE@@std@@YA_KAEAY0BE@$$CBD@Z 0000000140017f60 f i main.obj
 0002:00006fb0       ??$size@D$0BH@@std@@YA_KAEAY0BH@$$CBD@Z 0000000140017fb0 f i main.obj
 0002:00007000       ??$size@D$0BL@@std@@YA_KAEAY0BL@$$CBD@Z 0000000140018000 f i main.obj
 0002:00007050       ??$size@D$0BM@@std@@YA_KAEAY0BM@$$CBD@Z 0000000140018050 f i main.obj
 0002:000070a0       ??$size@D$0BN@@std@@YA_KAEAY0BN@$$CBD@Z 00000001400180a0 f i main.obj
 0002:000070f0       ??$size@D$0CA@@std@@YA_KAEAY0CA@$$CBD@Z 00000001400180f0 f i main.obj
 0002:00007140       ??$size@D$0CG@@std@@YA_KAEAY0CG@$$CBD@Z 0000000140018140 f i main.obj
 0002:00007190       ??$size@D$0O@@std@@YA_KAEAY0O@$$CBD@Z 0000000140018190 f i main.obj
 0002:000071e0       ??$use_facet@V?$codecvt@DDU_Mbstatet@@@std@@@std@@YAAEBV?$codecvt@DDU_Mbstatet@@@0@AEBVlocale@0@@Z 00000001400181e0 f i main.obj
 0002:000073a0       ??$use_facet@V?$ctype@D@std@@@std@@YAAEBV?$ctype@D@0@AEBVlocale@0@@Z 00000001400183a0 f i main.obj
 0002:00007560       ??0?$_Rng_from_urng@IVrandom_device@std@@@std@@QEAA@AEAVrandom_device@1@@Z 0000000140018560 f i main.obj
 0002:00007660       ??0?$_String_alloc@U?$_String_base_types@DV?$allocator@D@std@@@std@@@std@@QEAA@XZ 0000000140018660 f i main.obj
 0002:000076f0       ??0?$_String_const_iterator@V?$_String_val@U?$_Simple_types@D@std@@@std@@@std@@QEAA@PEBDPEBU_Container_base12@1@@Z 00000001400186f0 f i main.obj
 0002:00007790       ??0?$_String_iterator@V?$_String_val@U?$_Simple_types@D@std@@@std@@@std@@QEAA@PEADPEBU_Container_base12@1@@Z 0000000140018790 f i main.obj
 0002:00007810       ??0?$_String_val@U?$_Simple_types@D@std@@@std@@QEAA@XZ 0000000140018810 f i main.obj
 0002:000078c0       ??0?$allocator@D@std@@QEAA@XZ 00000001400188c0 f i main.obj
 0002:00007910       ??0?$basic_filebuf@DU?$char_traits@D@std@@@std@@QEAA@PEAU_iobuf@@@Z 0000000140018910 f i main.obj
 0002:000079c0       ??0?$basic_fstream@DU?$char_traits@D@std@@@std@@QEAA@XZ 00000001400189c0 f i main.obj
 0002:00007b40       ??0?$basic_ifstream@DU?$char_traits@D@std@@@std@@QEAA@XZ 0000000140018b40 f i main.obj
 0002:00007ca0       ??0?$basic_ofstream@DU?$char_traits@D@std@@@std@@QEAA@XZ 0000000140018ca0 f i main.obj
 0002:00007e00       ??0?$basic_string@DU?$char_traits@D@std@@V?$allocator@D@2@@std@@QEAA@$$QEAV01@@Z 0000000140018e00 f i main.obj
 0002:00007ee0       ??0?$basic_string@DU?$char_traits@D@std@@V?$allocator@D@2@@std@@QEAA@AEBV01@@Z 0000000140018ee0 f i main.obj
 0002:00007f90       ??0?$basic_string@DU?$char_traits@D@std@@V?$allocator@D@2@@std@@QEAA@QEBD@Z 0000000140018f90 f i main.obj
 0002:00008030       ??0?$basic_string@DU?$char_traits@D@std@@V?$allocator@D@2@@std@@QEAA@QEBD_K@Z 0000000140019030 f i main.obj
 0002:000080e0       ??0?$basic_string@DU?$char_traits@D@std@@V?$allocator@D@2@@std@@QEAA@XZ 00000001400190e0 f i main.obj
 0002:00008160       ??0?$basic_string@DU?$char_traits@D@std@@V?$allocator@D@2@@std@@QEAA@_KD@Z 0000000140019160 f i main.obj
 0002:00008210       ??0?$basic_stringbuf@DU?$char_traits@D@std@@V?$allocator@D@2@@std@@QEAA@H@Z 0000000140019210 f i main.obj
 0002:000082e0       ??0?$basic_stringstream@DU?$char_traits@D@std@@V?$allocator@D@2@@std@@QEAA@H@Z 00000001400192e0 f i main.obj
 0002:00008460       ??0?$fpos@U_Mbstatet@@@std@@QEAA@U_Mbstatet@@_J@Z 0000000140019460 f i main.obj
 0002:00008500       ??0?$fpos@U_Mbstatet@@@std@@QEAA@_J@Z 0000000140019500 f i main.obj
 0002:000085a0       ??0?$mersenne_twister@_K$0EA@$0BDI@$0JM@$0BP@$0?EKPNJAKFFGJJOGBH@$0BN@$0BB@$0HBNGHPPPONKGAAAA@$0CF@$0?IBBCAAAAAAAAA@$0CL@@std@@QEAA@_K00@Z 00000001400195a0 f i main.obj
 0002:00008640       ??0?$mersenne_twister_engine@_K$0EA@$0BDI@$0JM@$0BP@$0?EKPNJAKFFGJJOGBH@$0BN@$0FFFFFFFFFFFFFFFF@$0BB@$0HBNGHPPPONKGAAAA@$0CF@$0?IBBCAAAAAAAAA@$0CL@$0FIFBPECNEMJFHPCN@@std@@QEAA@_K@Z 0000000140019640 f i main.obj
 0002:000086c0       ??0?$uniform_int@H@std@@QEAA@HH@Z 00000001400196c0 f i main.obj
 0002:00008740       ??0?$uniform_int_distribution@H@std@@QEAA@HH@Z 0000000140019740 f i main.obj
 0002:000087c0       ??0_Bxty@?$_String_val@U?$_Simple_types@D@std@@@std@@QEAA@XZ 00000001400197c0 f i main.obj
 0002:00008810       ??0_Container_base12@std@@QEAA@XZ 0000000140019810 f i main.obj
 0002:00008870       ??0_Container_proxy@std@@QEAA@XZ 0000000140019870 f i main.obj
 0002:000088e0       ??0_Iterator_base12@std@@QEAA@XZ 00000001400198e0 f i main.obj
 0002:00008950       ??0_Sentry_base@?$basic_istream@DU?$char_traits@D@std@@@std@@QEAA@AEAV12@@Z 0000000140019950 f i main.obj
 0002:00008a70       ??0_Sentry_base@?$basic_ostream@DU?$char_traits@D@std@@@std@@QEAA@AEAV12@@Z 0000000140019a70 f i main.obj
 0002:00008b90       ??0bad_cast@std@@QEAA@AEBV01@@Z 0000000140019b90 f i main.obj
 0002:00008c10       ??0bad_cast@std@@QEAA@XZ   0000000140019c10 f i main.obj
 0002:00008c90       ??0exception@std@@QEAA@AEBV01@@Z 0000000140019c90 f i main.obj
 0002:00008d40       ??0exception@std@@QEAA@QEBDH@Z 0000000140019d40 f i main.obj
 0002:00008de0       ??0param_type@?$uniform_int@H@std@@QEAA@HH@Z 0000000140019de0 f i main.obj
 0002:00008e60       ??0random_device@std@@QEAA@AEBV?$basic_string@DU?$char_traits@D@std@@V?$allocator@D@2@@1@@Z 0000000140019e60 f i main.obj
 0002:00008ec0       ??0sentry@?$basic_istream@DU?$char_traits@D@std@@@std@@QEAA@AEAV12@_N@Z 0000000140019ec0 f i main.obj
 0002:00008f70       ??0sentry@?$basic_ostream@DU?$char_traits@D@std@@@std@@QEAA@AEAV12@@Z 0000000140019f70 f i main.obj
 0002:00009100       ??1?$_Compressed_pair@V?$allocator@D@std@@V?$_String_val@U?$_Simple_types@D@std@@@2@$00@std@@QEAA@XZ 000000014001a100 f i main.obj
 0002:00009160       ??1?$_String_alloc@U?$_String_base_types@DV?$allocator@D@std@@@std@@@std@@QEAA@XZ 000000014001a160 f i main.obj
 0002:000091e0       ??1?$_String_const_iterator@V?$_String_val@U?$_Simple_types@D@std@@@std@@@std@@QEAA@XZ 000000014001a1e0 f i main.obj
 0002:00009230       ??1?$_String_iterator@V?$_String_val@U?$_Simple_types@D@std@@@std@@@std@@QEAA@XZ 000000014001a230 f i main.obj
 0002:00009280       ??1?$_String_val@U?$_Simple_types@D@std@@@std@@QEAA@XZ 000000014001a280 f i main.obj
 0002:000092f0       ??1?$basic_filebuf@DU?$char_traits@D@std@@@std@@UEAA@XZ 000000014001a2f0 f i main.obj
 0002:000093b0       ??1?$basic_fstream@DU?$char_traits@D@std@@@std@@UEAA@XZ 000000014001a3b0 f i main.obj
 0002:000094a0       ??1?$basic_ifstream@DU?$char_traits@D@std@@@std@@UEAA@XZ 000000014001a4a0 f i main.obj
 0002:00009590       ??1?$basic_ofstream@DU?$char_traits@D@std@@@std@@UEAA@XZ 000000014001a590 f i main.obj
 0002:00009680       ??1?$basic_string@DU?$char_traits@D@std@@V?$allocator@D@2@@std@@QEAA@XZ 000000014001a680 f i main.obj
 0002:000096f0       ??1?$basic_stringbuf@DU?$char_traits@D@std@@V?$allocator@D@2@@std@@UEAA@XZ 000000014001a6f0 f i main.obj
 0002:00009780       ??1?$basic_stringstream@DU?$char_traits@D@std@@V?$allocator@D@2@@std@@UEAA@XZ 000000014001a780 f i main.obj
 0002:00009870       ??1_Bxty@?$_String_val@U?$_Simple_types@D@std@@@std@@QEAA@XZ 000000014001a870 f i main.obj
 0002:000098b0       ??1_Container_base12@std@@QEAA@XZ 000000014001a8b0 f i main.obj
 0002:00009900       ??1_Iterator_base12@std@@QEAA@XZ 000000014001a900 f i main.obj
 0002:000099c0       ??1_Sentry_base@?$basic_istream@DU?$char_traits@D@std@@@std@@QEAA@XZ 000000014001a9c0 f i main.obj
 0002:00009ac0       ??1_Sentry_base@?$basic_ostream@DU?$char_traits@D@std@@@std@@QEAA@XZ 000000014001aac0 f i main.obj
 0002:00009bc0       ??1bad_cast@std@@UEAA@XZ   000000014001abc0 f i main.obj
 0002:00009c10       ??1exception@std@@UEAA@XZ  000000014001ac10 f i main.obj
 0002:00009c80       ??1locale@std@@QEAA@XZ     000000014001ac80 f i main.obj
 0002:00009d70       ??1sentry@?$basic_istream@DU?$char_traits@D@std@@@std@@QEAA@XZ 000000014001ad70 f i main.obj
 0002:00009dc0       ??1sentry@?$basic_ostream@DU?$char_traits@D@std@@@std@@QEAA@XZ 000000014001adc0 f i main.obj
 0002:00009e50       ??2@YAPEAX_KPEAX@Z         000000014001ae50 f i main.obj
 0002:00009ea0       ??4?$basic_string@DU?$char_traits@D@std@@V?$allocator@D@2@@std@@QEAAAEAV01@$$QEAV01@@Z 000000014001aea0 f i main.obj
 0002:00009fa0       ??4?$basic_string@DU?$char_traits@D@std@@V?$allocator@D@2@@std@@QEAAAEAV01@AEBV01@@Z 000000014001afa0 f i main.obj
 0002:0000a080       ??4?$basic_string@DU?$char_traits@D@std@@V?$allocator@D@2@@std@@QEAAAEAV01@QEBD@Z 000000014001b080 f i main.obj
 0002:0000a0e0       ??A?$basic_string@DU?$char_traits@D@std@@V?$allocator@D@2@@std@@QEAAAEAD_K@Z 000000014001b0e0 f i main.obj
 0002:0000a1c0       ??A?$basic_string@DU?$char_traits@D@std@@V?$allocator@D@2@@std@@QEBAAEBD_K@Z 000000014001b1c0 f i main.obj
 0002:0000a2a0       ??B?$fpos@U_Mbstatet@@@std@@QEBA_JXZ 000000014001b2a0 f i main.obj
 0002:0000a300       ??Bsentry@?$basic_istream@DU?$char_traits@D@std@@@std@@QEBA_NXZ 000000014001b300 f i main.obj
 0002:0000a350       ??Bsentry@?$basic_ostream@DU?$char_traits@D@std@@@std@@QEBA_NXZ 000000014001b350 f i main.obj
 0002:0000a3a0       ??D?$_String_const_iterator@V?$_String_val@U?$_Simple_types@D@std@@@std@@@std@@QEBAAEBDXZ 000000014001b3a0 f i main.obj
 0002:0000a570       ??D?$_String_iterator@V?$_String_val@U?$_Simple_types@D@std@@@std@@@std@@QEBAAEADXZ 000000014001b570 f i main.obj
 0002:0000ab90       ??R?$_Rng_from_urng@IVrandom_device@std@@@std@@QEAAII@Z 000000014001bb90 f i main.obj
 0002:0000acf0       ??Rrandom_device@std@@QEAAIXZ 000000014001bcf0 f i main.obj
 0002:0000ad40       ??Y?$basic_string@DU?$char_traits@D@std@@V?$allocator@D@2@@std@@QEAAAEAV01@AEBV01@@Z 000000014001bd40 f i main.obj
 0002:0000ada0       ??Y?$basic_string@DU?$char_traits@D@std@@V?$allocator@D@2@@std@@QEAAAEAV01@D@Z 000000014001bda0 f i main.obj
 0002:0000ae10       ??Y?$basic_string@DU?$char_traits@D@std@@V?$allocator@D@2@@std@@QEAAAEAV01@QEBD@Z 000000014001be10 f i main.obj
 0002:0000ae70       ??_D?$basic_fstream@DU?$char_traits@D@std@@@std@@QEAAXXZ 000000014001be70 f i main.obj
 0002:0000aef0       ??_D?$basic_ifstream@DU?$char_traits@D@std@@@std@@QEAAXXZ 000000014001bef0 f i main.obj
 0002:0000af70       ??_D?$basic_ofstream@DU?$char_traits@D@std@@@std@@QEAAXXZ 000000014001bf70 f i main.obj
 0002:0000aff0       ??_D?$basic_stringstream@DU?$char_traits@D@std@@V?$allocator@D@2@@std@@QEAAXXZ 000000014001bff0 f i main.obj
 0002:0000b068       ??_E?$basic_fstream@DU?$char_traits@D@std@@@std@@$4PPPPPPPM@A@EAAPEAXI@Z 000000014001c068 f i main.obj
 0002:0000b078       ??_E?$basic_ifstream@DU?$char_traits@D@std@@@std@@$4PPPPPPPM@A@EAAPEAXI@Z 000000014001c078 f i main.obj
 0002:0000b088       ??_E?$basic_ofstream@DU?$char_traits@D@std@@@std@@$4PPPPPPPM@A@EAAPEAXI@Z 000000014001c088 f i main.obj
 0002:0000b098       ??_E?$basic_stringstream@DU?$char_traits@D@std@@V?$allocator@D@2@@std@@$4PPPPPPPM@A@EAAPEAXI@Z 000000014001c098 f i main.obj
 0002:0000b0b0       ??_G?$basic_filebuf@DU?$char_traits@D@std@@@std@@UEAAPEAXI@Z 000000014001c0b0 f i main.obj
 0002:0000b0b0       ??_E?$basic_filebuf@DU?$char_traits@D@std@@@std@@UEAAPEAXI@Z 000000014001c0b0 f i main.obj
 0002:0000b140       ??_G?$basic_fstream@DU?$char_traits@D@std@@@std@@UEAAPEAXI@Z 000000014001c140 f i main.obj
 0002:0000b140       ??_E?$basic_fstream@DU?$char_traits@D@std@@@std@@UEAAPEAXI@Z 000000014001c140 f i main.obj
 0002:0000b1f0       ??_E?$basic_ifstream@DU?$char_traits@D@std@@@std@@UEAAPEAXI@Z 000000014001c1f0 f i main.obj
 0002:0000b1f0       ??_G?$basic_ifstream@DU?$char_traits@D@std@@@std@@UEAAPEAXI@Z 000000014001c1f0 f i main.obj
 0002:0000b2a0       ??_G?$basic_ofstream@DU?$char_traits@D@std@@@std@@UEAAPEAXI@Z 000000014001c2a0 f i main.obj
 0002:0000b2a0       ??_E?$basic_ofstream@DU?$char_traits@D@std@@@std@@UEAAPEAXI@Z 000000014001c2a0 f i main.obj
 0002:0000b350       ??_E?$basic_stringbuf@DU?$char_traits@D@std@@V?$allocator@D@2@@std@@UEAAPEAXI@Z 000000014001c350 f i main.obj
 0002:0000b350       ??_G?$basic_stringbuf@DU?$char_traits@D@std@@V?$allocator@D@2@@std@@UEAAPEAXI@Z 000000014001c350 f i main.obj
 0002:0000b3e0       ??_E?$basic_stringstream@DU?$char_traits@D@std@@V?$allocator@D@2@@std@@UEAAPEAXI@Z 000000014001c3e0 f i main.obj
 0002:0000b3e0       ??_G?$basic_stringstream@DU?$char_traits@D@std@@V?$allocator@D@2@@std@@UEAAPEAXI@Z 000000014001c3e0 f i main.obj
 0002:0000b490       ??_Gbad_cast@std@@UEAAPEAXI@Z 000000014001c490 f i main.obj
 0002:0000b490       ??_Ebad_cast@std@@UEAAPEAXI@Z 000000014001c490 f i main.obj
 0002:0000b520       ??_Eexception@std@@UEAAPEAXI@Z 000000014001c520 f i main.obj
 0002:0000b520       ??_Gexception@std@@UEAAPEAXI@Z 000000014001c520 f i main.obj
 0002:0000b5b0       ?Change_Col@@YAXAEBH@Z     000000014001c5b0 f   main.obj
 0002:0000b620       ?Czy_Kontynuowaæ@@YA_NAEBH@Z 000000014001c620 f   main.obj
 0002:0000b910       ?Hide_Cursor@@YAXXZ        000000014001c910 f   main.obj
 0002:0000b9c0       ?Koniec_gry@@YAXAEAV?$basic_ofstream@DU?$char_traits@D@std@@@std@@AEAV?$basic_fstream@DU?$char_traits@D@std@@@2@AEAH@Z 000000014001c9c0 f   main.obj
 0002:0000bd70       ?Obstaw@@YA?AV?$basic_string@DU?$char_traits@D@std@@V?$allocator@D@2@@std@@XZ 000000014001cd70 f   main.obj
 0002:0000c7b0       ?Odczytaj_liczbê@@YAXAEBHAEBV?$basic_string@DU?$char_traits@D@std@@V?$allocator@D@2@@std@@@Z 000000014001d7b0 f   main.obj
 0002:0000cff0       ?Og³oœ_wynik@@YAXAEBH0AEAHAEAV?$basic_ofstream@DU?$char_traits@D@std@@@std@@AEAV?$basic_fstream@DU?$char_traits@D@std@@@2@@Z 000000014001dff0 f   main.obj
 0002:0000d7b0       ?Pêtla_g³ówna@@YAXAEAH00AEAV?$basic_ofstream@DU?$char_traits@D@std@@@std@@AEAV?$basic_fstream@DU?$char_traits@D@std@@@2@AEADAEAV?$basic_string@DU?$char_traits@D@std@@V?$allocator@D@2@@2@0@Z 000000014001e7b0 f   main.obj
 0002:0000df80       ?Show_Cursor@@YAXXZ        000000014001ef80 f   main.obj
 0002:0000e040       ?SprawdŸ_Pliki@@YAXXZ      000000014001f040 f   main.obj
 0002:0000eda0       ?SprawdŸ_Zak³ad@@YAHAEBHV?$basic_string@DU?$char_traits@D@std@@V?$allocator@D@2@@std@@0@Z 000000014001fda0 f   main.obj
 0002:0000f450       ?SprawdŸ_ustawienia@@YAXXZ 0000000140020450 f   main.obj
 0002:0000fd70       ?Ustaw_ustawienia@@YAXAEAV?$basic_string@DU?$char_traits@D@std@@V?$allocator@D@2@@std@@@Z 0000000140020d70 f   main.obj
 0002:00010a10       ?Wczytaj_Kwotê_Zak³adu@@YAXAEAHAEBH@Z 0000000140021a10 f   main.obj
 0002:00010d90       ?Wczytaj_z_pliku@@YAXAEAV?$basic_ofstream@DU?$char_traits@D@std@@@std@@AEAV?$basic_fstream@DU?$char_traits@D@std@@@2@AEADAEAH33AEAV?$basic_string@DU?$char_traits@D@std@@V?$allocator@D@2@@2@@Z 0000000140021d90 f   main.obj
 0002:000122c0       ?Wylosuj@@YAHAEBH0@Z       00000001400232c0 f   main.obj
 0002:00012410       ?Zakrêæ_Ruletk¹@@YAHXZ     0000000140023410 f   main.obj
 0002:00012820       ?_Adjust@?$uniform_int@H@std@@CAII@Z 0000000140023820 f i main.obj
 0002:00012880       ?_Adjust@?$uniform_int@H@std@@CAIIU?$integral_constant@_N$00@2@@Z 0000000140023880 f i main.obj
 0002:00012900       ?_Adopt@_Iterator_base12@std@@QEAAXPEBU_Container_base12@2@@Z 0000000140023900 f i main.obj
 0002:00012a70       ?_Alloc_proxy@?$_String_alloc@U?$_String_base_types@DV?$allocator@D@std@@@std@@@std@@QEAAXXZ 0000000140023a70 f i main.obj
 0002:00012bd0       ?_Allocate@std@@YAPEAX_K0_N@Z 0000000140023bd0 f i main.obj
 0002:00012eb0       ?_Assign_rv_contents@?$basic_string@DU?$char_traits@D@std@@V?$allocator@D@2@@std@@QEAAX$$QEAV12@U?$integral_constant@_N$00@2@@Z 0000000140023eb0 f i main.obj
 0002:00012f50       ?_Assign_rv_contents_with_alloc_always_equal@?$basic_string@DU?$char_traits@D@std@@V?$allocator@D@2@@std@@QEAAX$$QEAV12@U?$integral_constant@_N$00@2@@Z 0000000140023f50 f i main.obj
 0002:00013050       ?_Become_small@?$basic_string@DU?$char_traits@D@std@@V?$allocator@D@2@@std@@QEAAXXZ 0000000140024050 f i main.obj
 0002:00013170       ?_Calculate_growth@?$basic_string@DU?$char_traits@D@std@@V?$allocator@D@2@@std@@QEBA_K_K@Z 0000000140024170 f i main.obj
 0002:000132d0       ?_Check_offset@?$_String_val@U?$_Simple_types@D@std@@@std@@QEBAX_K@Z 00000001400242d0 f i main.obj
 0002:00013340       ?_Clamp_suffix_size@?$_String_val@U?$_Simple_types@D@std@@@std@@QEBA_K_K0@Z 0000000140024340 f i main.obj
 0002:000133d0       ?_Construct_lv_contents@?$basic_string@DU?$char_traits@D@std@@V?$allocator@D@2@@std@@QEAAXAEBV12@@Z 00000001400243d0 f i main.obj
 0002:00013610       ?_Copy_alloc@?$_String_alloc@U?$_String_base_types@DV?$allocator@D@std@@@std@@@std@@QEAAXAEBV?$allocator@D@2@@Z 0000000140024610 f i main.obj
 0002:000136b0       ?_Deallocate@std@@YAXPEAX_K1@Z 00000001400246b0 f i main.obj
 0002:00013870       ?_Endwrite@?$basic_filebuf@DU?$char_traits@D@std@@@std@@IEAA_NXZ 0000000140024870 f i main.obj
 0002:00013d50       ?_Eos@?$basic_string@DU?$char_traits@D@std@@V?$allocator@D@2@@std@@QEAAX_K@Z 0000000140024d50 f i main.obj
 0002:00013df0       ?_Equal@?$basic_string@DU?$char_traits@D@std@@V?$allocator@D@2@@std@@QEBA_NQEBD@Z 0000000140024df0 f i main.obj
 0002:00013eb0       ?_Free_proxy@?$_String_alloc@U?$_String_base_types@DV?$allocator@D@std@@@std@@@std@@QEAAXXZ 0000000140024eb0 f i main.obj
 0002:00013fb0       ?_Get_all_bits@?$_Rng_from_urng@IVrandom_device@std@@@std@@QEAAIXZ 0000000140024fb0 f i main.obj
 0002:00014080       ?_Get_bits@?$_Rng_from_urng@IVrandom_device@std@@@std@@AEAAIXZ 0000000140025080 f i main.obj
 0002:00014110       ?_Get_data@?$_String_alloc@U?$_String_base_types@DV?$allocator@D@std@@@std@@@std@@QEAAAEAV?$_String_val@U?$_Simple_types@D@std@@@2@XZ 0000000140025110 f i main.obj
 0002:00014170       ?_Get_data@?$_String_alloc@U?$_String_base_types@DV?$allocator@D@std@@@std@@@std@@QEBAAEBV?$_String_val@U?$_Simple_types@D@std@@@2@XZ 0000000140025170 f i main.obj
 0002:000141d0       ?_Get_first@?$_Compressed_pair@V?$allocator@D@std@@V?$_String_val@U?$_Simple_types@D@std@@@2@$00@std@@QEAAAEAV?$allocator@D@2@XZ 00000001400251d0 f i main.obj
 0002:00014220       ?_Get_first@?$_Compressed_pair@V?$allocator@D@std@@V?$_String_val@U?$_Simple_types@D@std@@@2@$00@std@@QEBAAEBV?$allocator@D@2@XZ 0000000140025220 f i main.obj
 0002:00014270       ?_Get_second@?$_Compressed_pair@V?$allocator@D@std@@V?$_String_val@U?$_Simple_types@D@std@@@2@$00@std@@QEAAAEAV?$_String_val@U?$_Simple_types@D@std@@@2@XZ 0000000140025270 f i main.obj
 0002:000142c0       ?_Get_second@?$_Compressed_pair@V?$allocator@D@std@@V?$_String_val@U?$_Simple_types@D@std@@@2@$00@std@@QEBAAEBV?$_String_val@U?$_Simple_types@D@std@@@2@XZ 00000001400252c0 f i main.obj
 0002:00014310       ?_Getal@?$_String_alloc@U?$_String_base_types@DV?$allocator@D@std@@@std@@@std@@QEAAAEAV?$allocator@D@2@XZ 0000000140025310 f i main.obj
 0002:00014370       ?_Getal@?$_String_alloc@U?$_String_base_types@DV?$allocator@D@std@@@std@@@std@@QEBAAEBV?$allocator@D@2@XZ 0000000140025370 f i main.obj
 0002:000143d0       ?_Getcont@_Iterator_base12@std@@QEBAPEBU_Container_base12@2@XZ 00000001400253d0 f i main.obj
 0002:00014450       ?_Getfacet@locale@std@@QEBAPEBVfacet@12@_K@Z 0000000140025450 f i main.obj
 0002:00014590       ?_Getstate@?$basic_stringbuf@DU?$char_traits@D@std@@V?$allocator@D@2@@std@@AEAAHH@Z 0000000140025590 f i main.obj
 0002:00014650       ?_Init@?$basic_filebuf@DU?$char_traits@D@std@@@std@@IEAAXPEAU_iobuf@@W4_Initfl@12@@Z 0000000140025650 f i main.obj
 0002:00014820       ?_Init@?$basic_stringbuf@DU?$char_traits@D@std@@V?$allocator@D@2@@std@@IEAAXPEBD_KH@Z 0000000140025820 f i main.obj
 0002:00014a70       ?_Init@param_type@?$uniform_int@H@std@@QEAAXHH@Z 0000000140025a70 f i main.obj
 0002:00014b50       ?_Initcvt@?$basic_filebuf@DU?$char_traits@D@std@@@std@@IEAAXPEBV?$codecvt@DDU_Mbstatet@@@2@@Z 0000000140025b50 f i main.obj
 0002:00014bf0       ?_Large_string_engaged@?$_String_val@U?$_Simple_types@D@std@@@std@@QEBA_NXZ 0000000140025bf0 f i main.obj
 0002:00014c70       ?_Lock@?$basic_filebuf@DU?$char_traits@D@std@@@std@@UEAAXXZ 0000000140025c70 f i main.obj
 0002:00014ce0       ?_Move_alloc@?$_String_alloc@U?$_String_base_types@DV?$allocator@D@std@@@std@@@std@@QEAAXAEAV?$allocator@D@2@@Z 0000000140025ce0 f i main.obj
 0002:00014dd0       ?_Myproxy@?$_String_alloc@U?$_String_base_types@DV?$allocator@D@std@@@std@@@std@@QEAAAEAPEAU_Container_proxy@2@XZ 0000000140025dd0 f i main.obj
 0002:00014e20       ?_Myptr@?$_String_val@U?$_Simple_types@D@std@@@std@@QEAAPEADXZ 0000000140025e20 f i main.obj
 0002:00014eb0       ?_Myptr@?$_String_val@U?$_Simple_types@D@std@@@std@@QEBAPEBDXZ 0000000140025eb0 f i main.obj
 0002:00014f40       ?_Orphan_all@?$_String_alloc@U?$_String_base_types@DV?$allocator@D@std@@@std@@@std@@QEAAXXZ 0000000140025f40 f i main.obj
 0002:00014fa0       ?_Orphan_all@_Container_base12@std@@QEAAXXZ 0000000140025fa0 f i main.obj
 0002:000150d0       ?_Orphan_me@_Iterator_base12@std@@QEAAXXZ 00000001400260d0 f i main.obj
 0002:00015210       ?_Reset_back@?$basic_filebuf@DU?$char_traits@D@std@@@std@@AEAAXXZ 0000000140026210 f i main.obj
 0002:000152c0       ?_Set_back@?$basic_filebuf@DU?$char_traits@D@std@@@std@@AEAAXXZ 00000001400262c0 f i main.obj
 0002:000153b0       ?_Swap_all@?$_String_alloc@U?$_String_base_types@DV?$allocator@D@std@@@std@@@std@@QEAAXAEAV12@@Z 00000001400263b0 f i main.obj
 0002:00015440       ?_Swap_all@_Container_base12@std@@QEAAXAEAU12@@Z 0000000140026440 f i main.obj
 0002:00015590       ?_Tidy@?$basic_stringbuf@DU?$char_traits@D@std@@V?$allocator@D@2@@std@@IEAAXXZ 0000000140026590 f i main.obj
 0002:00015700       ?_Tidy_deallocate@?$basic_string@DU?$char_traits@D@std@@V?$allocator@D@2@@std@@QEAAXXZ 0000000140026700 f i main.obj
 0002:00015830       ?_Tidy_init@?$basic_string@DU?$char_traits@D@std@@V?$allocator@D@2@@std@@QEAAXXZ 0000000140026830 f i main.obj
 0002:000158e0       ?_Unchecked_begin@?$basic_string@DU?$char_traits@D@std@@V?$allocator@D@2@@std@@QEAAPEADXZ 00000001400268e0 f i main.obj
 0002:00015950       ?_Unchecked_end@?$basic_string@DU?$char_traits@D@std@@V?$allocator@D@2@@std@@QEAAPEADXZ 0000000140026950 f i main.obj
 0002:000159d0       ?_Unlock@?$basic_filebuf@DU?$char_traits@D@std@@@std@@UEAAXXZ 00000001400269d0 f i main.obj
 0002:00015a40       ?_Xlen@?$basic_string@DU?$char_traits@D@std@@V?$allocator@D@2@@std@@SAXXZ 0000000140026a40 f i main.obj
 0002:00015a90       ?_Xran@?$_String_val@U?$_Simple_types@D@std@@@std@@SAXXZ 0000000140026a90 f i main.obj
 0002:00015ae0       ?__autoclassinit2@?$basic_fstream@DU?$char_traits@D@std@@@std@@QEAAX_K@Z 0000000140026ae0 f i main.obj
 0002:00015b40       ?__autoclassinit2@?$basic_ifstream@DU?$char_traits@D@std@@@std@@QEAAX_K@Z 0000000140026b40 f i main.obj
 0002:00015ba0       ?__autoclassinit2@?$basic_ofstream@DU?$char_traits@D@std@@@std@@QEAAX_K@Z 0000000140026ba0 f i main.obj
 0002:00015c00       ?__autoclassinit2@?$basic_stringstream@DU?$char_traits@D@std@@V?$allocator@D@2@@std@@QEAAX_K@Z 0000000140026c00 f i main.obj
 0002:00015c60       ?__empty_global_delete@@YAXPEAX@Z 0000000140026c60 f i main.obj
 0002:00015ca0       ?__empty_global_delete@@YAXPEAX_K@Z 0000000140026ca0 f i main.obj
 0002:00015ca0       ?__global_delete@@YAXPEAX_K@Z 0000000140026ca0 f i main.obj
 0002:00015cf0       ?allocate@?$allocator@D@std@@QEAAPEAD_K@Z 0000000140026cf0 f i main.obj
 0002:00015d50       ?allocate@?$allocator@U_Container_proxy@std@@@std@@QEAAPEAU_Container_proxy@2@_K@Z 0000000140026d50 f i main.obj
 0002:00015db0       ?append@?$basic_string@DU?$char_traits@D@std@@V?$allocator@D@2@@std@@QEAAAEAV12@AEBV12@@Z 0000000140026db0 f i main.obj
 0002:00015e40       ?append@?$basic_string@DU?$char_traits@D@std@@V?$allocator@D@2@@std@@QEAAAEAV12@QEBD@Z 0000000140026e40 f i main.obj
 0002:00015ec0       ?append@?$basic_string@DU?$char_traits@D@std@@V?$allocator@D@2@@std@@QEAAAEAV12@QEBD_K@Z 0000000140026ec0 f i main.obj
 0002:00016050       ?append@?$basic_string@DU?$char_traits@D@std@@V?$allocator@D@2@@std@@QEAAAEAV12@_KD@Z 0000000140027050 f i main.obj
 0002:000161e0       ?assign@?$basic_string@DU?$char_traits@D@std@@V?$allocator@D@2@@std@@QEAAAEAV12@QEBD@Z 00000001400271e0 f i main.obj
 0002:00016260       ?assign@?$basic_string@DU?$char_traits@D@std@@V?$allocator@D@2@@std@@QEAAAEAV12@QEBD_K@Z 0000000140027260 f i main.obj
 0002:000163a0       ?assign@?$basic_string@DU?$char_traits@D@std@@V?$allocator@D@2@@std@@QEAAAEAV12@_KD@Z 00000001400273a0 f i main.obj
 0002:000164e0       ?assign@?$char_traits@D@std@@SAPEADQEAD_KD@Z 00000001400274e0 f i main.obj
 0002:00016550       ?assign@?$char_traits@D@std@@SAXAEADAEBD@Z 0000000140027550 f i main.obj
 0002:000165b0       ?begin@?$basic_string@DU?$char_traits@D@std@@V?$allocator@D@2@@std@@QEAA?AV?$_String_iterator@V?$_String_val@U?$_Simple_types@D@std@@@std@@@2@XZ 00000001400275b0 f i main.obj
 0002:00016660       ?c_str@?$basic_string@DU?$char_traits@D@std@@V?$allocator@D@2@@std@@QEBAPEBDXZ 0000000140027660 f i main.obj
 0002:000166d0       ?capacity@?$basic_string@DU?$char_traits@D@std@@V?$allocator@D@2@@std@@QEBA_KXZ 00000001400276d0 f i main.obj
 0002:00016730       ?close@?$basic_filebuf@DU?$char_traits@D@std@@@std@@QEAAPEAV12@XZ 0000000140027730 f i main.obj
 0002:00016810       ?close@?$basic_fstream@DU?$char_traits@D@std@@@std@@QEAAXXZ 0000000140027810 f i main.obj
 0002:000168b0       ?compare@?$char_traits@D@std@@SAHQEBD0_K@Z 00000001400278b0 f i main.obj
 0002:00016920       ?copy@?$char_traits@D@std@@SAPEADQEADQEBD_K@Z 0000000140027920 f i main.obj
 0002:00016990       ?data@?$basic_string@DU?$char_traits@D@std@@V?$allocator@D@2@@std@@QEBAPEBDXZ 0000000140027990 f i main.obj
 0002:00016a00       ?deallocate@?$_Default_allocator_traits@V?$allocator@U_Container_proxy@std@@@std@@@std@@SAXAEAV?$allocator@U_Container_proxy@std@@@2@QEAU_Container_proxy@2@_K@Z 0000000140027a00 f i main.obj
 0002:00016a70       ?deallocate@?$allocator@D@std@@QEAAXQEAD_K@Z 0000000140027a70 f i main.obj
 0002:00016ae0       ?entropy@random_device@std@@QEAANXZ 0000000140027ae0 f i main.obj
 0002:00016b30       ?eof@?$char_traits@D@std@@SAHXZ 0000000140027b30 f i main.obj
 0002:00016b70       ?eq@?$char_traits@D@std@@SA_NAEBD0@Z 0000000140027b70 f i main.obj
 0002:00016c00       ?eq_int_type@?$char_traits@D@std@@SA_NAEBH0@Z 0000000140027c00 f i main.obj
 0002:00016c90       ?erase@?$basic_string@DU?$char_traits@D@std@@V?$allocator@D@2@@std@@QEAAAEAV12@_K@Z 0000000140027c90 f i main.obj
 0002:00016d20       ?erase@?$basic_string@DU?$char_traits@D@std@@V?$allocator@D@2@@std@@QEAAAEAV12@_K_K@Z 0000000140027d20 f i main.obj
 0002:00016e80       ?find@?$basic_string@DU?$char_traits@D@std@@V?$allocator@D@2@@std@@QEBA_KQEBD_K@Z 0000000140027e80 f i main.obj
 0002:00016f50       ?find@?$char_traits@D@std@@SAPEBDQEBD_KAEBD@Z 0000000140027f50 f i main.obj
 0002:00016fd0       ?imbue@?$basic_filebuf@DU?$char_traits@D@std@@@std@@MEAAXAEBVlocale@2@@Z 0000000140027fd0 f i main.obj
 0002:00017040       ?insert@?$basic_string@DU?$char_traits@D@std@@V?$allocator@D@2@@std@@QEAAAEAV12@_KAEBV12@@Z 0000000140028040 f i main.obj
 0002:000170e0       ?insert@?$basic_string@DU?$char_traits@D@std@@V?$allocator@D@2@@std@@QEAAAEAV12@_KQEBD0@Z 00000001400280e0 f i main.obj
 0002:000173a0       ?length@?$char_traits@D@std@@SA_KQEBD@Z 00000001400283a0 f i main.obj
 0002:000173f0       ?max@?$numeric_limits@_J@std@@SA_JXZ 00000001400283f0 f i main.obj
 0002:00017430       ?max@random_device@std@@SAIXZ 0000000140028430 f i main.obj
 0002:00017470       ?max_size@?$_Default_allocator_traits@V?$allocator@D@std@@@std@@SA_KAEBV?$allocator@D@2@@Z 0000000140028470 f i main.obj
 0002:000174c0       ?max_size@?$basic_string@DU?$char_traits@D@std@@V?$allocator@D@2@@std@@QEBA_KXZ 00000001400284c0 f i main.obj
 0002:000175d0       ?min@random_device@std@@SAIXZ 00000001400285d0 f i main.obj
 0002:00017610       ?move@?$char_traits@D@std@@SAPEADQEADQEBD_K@Z 0000000140028610 f i main.obj
 0002:00017680       ?not_eof@?$char_traits@D@std@@SAHAEBH@Z 0000000140028680 f i main.obj
 0002:00017730       ?open@?$basic_filebuf@DU?$char_traits@D@std@@@std@@QEAAPEAV12@PEBDHH@Z 0000000140028730 f i main.obj
 0002:00017870       ?open@?$basic_fstream@DU?$char_traits@D@std@@@std@@QEAAXPEBDHH@Z 0000000140028870 f i main.obj
 0002:00017970       ?open@?$basic_ifstream@DU?$char_traits@D@std@@@std@@QEAAXPEBDHH@Z 0000000140028970 f i main.obj
 0002:00017a70       ?open@?$basic_ofstream@DU?$char_traits@D@std@@@std@@QEAAXPEBDHH@Z 0000000140028a70 f i main.obj
 0002:00017b70       ?overflow@?$basic_filebuf@DU?$char_traits@D@std@@@std@@MEAAHH@Z 0000000140028b70 f i main.obj
 0002:00018230       ?overflow@?$basic_stringbuf@DU?$char_traits@D@std@@V?$allocator@D@2@@std@@MEAAHH@Z 0000000140029230 f i main.obj
 0002:00018870       ?pbackfail@?$basic_filebuf@DU?$char_traits@D@std@@@std@@MEAAHH@Z 0000000140029870 f i main.obj
 0002:00018ad0       ?pbackfail@?$basic_stringbuf@DU?$char_traits@D@std@@V?$allocator@D@2@@std@@MEAAHH@Z 0000000140029ad0 f i main.obj
 0002:00018c90       ?pointer_to@?$pointer_traits@PEAD@std@@SAPEADAEAD@Z 0000000140029c90 f i main.obj
 0002:00018ce0       ?push_back@?$basic_string@DU?$char_traits@D@std@@V?$allocator@D@2@@std@@QEAAXD@Z 0000000140029ce0 f i main.obj
 0002:00018e20       ?reserve@?$basic_string@DU?$char_traits@D@std@@V?$allocator@D@2@@std@@QEAAX_K@Z 0000000140029e20 f i main.obj
 0002:00018f70       ?seed@?$mersenne_twister@_K$0EA@$0BDI@$0JM@$0BP@$0?EKPNJAKFFGJJOGBH@$0BN@$0BB@$0HBNGHPPPONKGAAAA@$0CF@$0?IBBCAAAAAAAAA@$0CL@@std@@QEAAX_K0@Z 0000000140029f70 f i main.obj
 0002:00019090       ?seekoff@?$basic_filebuf@DU?$char_traits@D@std@@@std@@MEAA?AV?$fpos@U_Mbstatet@@@2@_JHH@Z 000000014002a090 f i main.obj
 0002:00019280       ?seekoff@?$basic_stringbuf@DU?$char_traits@D@std@@V?$allocator@D@2@@std@@MEAA?AV?$fpos@U_Mbstatet@@@2@_JHH@Z 000000014002a280 f i main.obj
 0002:00019780       ?seekpos@?$basic_filebuf@DU?$char_traits@D@std@@@std@@MEAA?AV?$fpos@U_Mbstatet@@@2@V32@H@Z 000000014002a780 f i main.obj
 0002:00019980       ?seekpos@?$basic_stringbuf@DU?$char_traits@D@std@@V?$allocator@D@2@@std@@MEAA?AV?$fpos@U_Mbstatet@@@2@V32@H@Z 000000014002a980 f i main.obj
 0002:00019cc0       ?seekpos@?$fpos@U_Mbstatet@@@std@@QEBA_JXZ 000000014002acc0 f i main.obj
 0002:00019d10       ?select_on_container_copy_construction@?$_Default_allocator_traits@V?$allocator@D@std@@@std@@SA?AV?$allocator@D@2@AEBV32@@Z 000000014002ad10 f i main.obj
 0002:00019d60       ?setbuf@?$basic_filebuf@DU?$char_traits@D@std@@@std@@MEAAPEAV?$basic_streambuf@DU?$char_traits@D@std@@@2@PEAD_J@Z 000000014002ad60 f i main.obj
 0002:00019e70       ?size@?$basic_string@DU?$char_traits@D@std@@V?$allocator@D@2@@std@@QEBA_KXZ 000000014002ae70 f i main.obj
 0002:00019ed0       ?state@?$fpos@U_Mbstatet@@@std@@QEBA?AU_Mbstatet@@XZ 000000014002aed0 f i main.obj
 0002:00019f40       ?str@?$basic_stringbuf@DU?$char_traits@D@std@@V?$allocator@D@2@@std@@QEBA?AV?$basic_string@DU?$char_traits@D@std@@V?$allocator@D@2@@2@XZ 000000014002af40 f i main.obj
 0002:0001a230       ?str@?$basic_stringstream@DU?$char_traits@D@std@@V?$allocator@D@2@@std@@QEBA?AV?$basic_string@DU?$char_traits@D@std@@V?$allocator@D@2@@2@XZ 000000014002b230 f i main.obj
 0002:0001a2c0       ?sync@?$basic_filebuf@DU?$char_traits@D@std@@@std@@MEAAHXZ 000000014002b2c0 f i main.obj
 0002:0001a3c0       ?to_char_type@?$char_traits@D@std@@SADAEBH@Z 000000014002b3c0 f i main.obj
 0002:0001a410       ?to_int_type@?$char_traits@D@std@@SAHAEBD@Z 000000014002b410 f i main.obj
 0002:0001a460       ?uflow@?$basic_filebuf@DU?$char_traits@D@std@@@std@@MEAAHXZ 000000014002b460 f i main.obj
 0002:0001aa80       ?underflow@?$basic_filebuf@DU?$char_traits@D@std@@@std@@MEAAHXZ 000000014002ba80 f i main.obj
 0002:0001abf0       ?underflow@?$basic_stringbuf@DU?$char_traits@D@std@@V?$allocator@D@2@@std@@MEAAHXZ 000000014002bbf0 f i main.obj
 0002:0001ae00       ?what@exception@std@@UEBAPEBDXZ 000000014002be00 f i main.obj
 0002:0001ae90       main                       000000014002be90 f   main.obj
 0002:0001b361       PlaySoundA                 000000014002c361 f   winmm:WINMM.dll
 0002:0001b367       GetStdHandle               000000014002c367 f   kernel32:KERNEL32.dll
 0002:0001b36d       Sleep                      000000014002c36d f   kernel32:KERNEL32.dll
 0002:0001b373       GetSystemTime              000000014002c373 f   kernel32:KERNEL32.dll
 0002:0001b379       GetConsoleCursorInfo       000000014002c379 f   kernel32:KERNEL32.dll
 0002:0001b37f       SetConsoleCursorInfo       000000014002c37f f   kernel32:KERNEL32.dll
 0002:0001b385       SetConsoleTextAttribute    000000014002c385 f   kernel32:KERNEL32.dll
 0002:0001b38b       ??0_Lockit@std@@QEAA@H@Z   000000014002c38b f   msvcprtd:MSVCP140D.dll
 0002:0001b391       ??1_Lockit@std@@QEAA@XZ    000000014002c391 f   msvcprtd:MSVCP140D.dll
 0002:0001b397       ?uncaught_exception@std@@YA_NXZ 000000014002c397 f   msvcprtd:MSVCP140D.dll
 0002:0001b39d       ?_Debug_message@std@@YAXPEB_W0I@Z 000000014002c39d f   msvcprtd:MSVCP140D.dll
 0002:0001b3a3       ?_Xbad_alloc@std@@YAXXZ    000000014002c3a3 f   msvcprtd:MSVCP140D.dll
 0002:0001b3a9       ?_Xlength_error@std@@YAXPEBD@Z 000000014002c3a9 f   msvcprtd:MSVCP140D.dll
 0002:0001b3af       ?_Xout_of_range@std@@YAXPEBD@Z 000000014002c3af f   msvcprtd:MSVCP140D.dll
 0002:0001b3c0       ??0_Fac_node@std@@QEAA@PEAU01@PEAV_Facet_base@1@@Z 000000014002c3c0 f i msvcprtd:locale0_implib.obj
 0002:0001b400       ??1_Fac_node@std@@QEAA@XZ  000000014002c400 f i msvcprtd:locale0_implib.obj
 0002:0001b4d0       ??1_Fac_tidy_reg_t@std@@QEAA@XZ 000000014002c4d0 f i msvcprtd:locale0_implib.obj
 0002:0001b560       ??2_Fac_node@std@@SAPEAX_K@Z 000000014002c560 f i msvcprtd:locale0_implib.obj
 0002:0001b5e0       ??3_Fac_node@std@@SAXPEAX@Z 000000014002c5e0 f i msvcprtd:locale0_implib.obj
 0002:0001b610       ??_G_Fac_node@std@@QEAAPEAXI@Z 000000014002c610 f i msvcprtd:locale0_implib.obj
 0002:0001b680       ?_Facet_Register@std@@YAXPEAV_Facet_base@1@@Z 000000014002c680 f   msvcprtd:locale0_implib.obj
 0002:0001b704       ??Bid@locale@std@@QEAA_KXZ 000000014002c704 f   msvcprtd:MSVCP140D.dll
 0002:0001b70a       ?_Getgloballocale@locale@std@@CAPEAV_Locimp@12@XZ 000000014002c70a f   msvcprtd:MSVCP140D.dll
 0002:0001b710       ?always_noconv@codecvt_base@std@@QEBA_NXZ 000000014002c710 f   msvcprtd:MSVCP140D.dll
 0002:0001b716       ?is@?$ctype@D@std@@QEBA_NFD@Z 000000014002c716 f   msvcprtd:MSVCP140D.dll
 0002:0001b71c       ?_Getcat@?$ctype@D@std@@SA_KPEAPEBVfacet@locale@2@PEBV42@@Z 000000014002c71c f   msvcprtd:MSVCP140D.dll
 0002:0001b722       ?in@?$codecvt@DDU_Mbstatet@@@std@@QEBAHAEAU_Mbstatet@@PEBD1AEAPEBDPEAD3AEAPEAD@Z 000000014002c722 f   msvcprtd:MSVCP140D.dll
 0002:0001b728       ?out@?$codecvt@DDU_Mbstatet@@@std@@QEBAHAEAU_Mbstatet@@PEBD1AEAPEBDPEAD3AEAPEAD@Z 000000014002c728 f   msvcprtd:MSVCP140D.dll
 0002:0001b72e       ?unshift@?$codecvt@DDU_Mbstatet@@@std@@QEBAHAEAU_Mbstatet@@PEAD1AEAPEAD@Z 000000014002c72e f   msvcprtd:MSVCP140D.dll
 0002:0001b734       ?_Getcat@?$codecvt@DDU_Mbstatet@@@std@@SA_KPEAPEBVfacet@locale@2@PEBV42@@Z 000000014002c734 f   msvcprtd:MSVCP140D.dll
 0002:0001b73a       ?good@ios_base@std@@QEBA_NXZ 000000014002c73a f   msvcprtd:MSVCP140D.dll
 0002:0001b740       ?eof@ios_base@std@@QEBA_NXZ 000000014002c740 f   msvcprtd:MSVCP140D.dll
 0002:0001b746       ?flags@ios_base@std@@QEBAHXZ 000000014002c746 f   msvcprtd:MSVCP140D.dll
 0002:0001b74c       ?width@ios_base@std@@QEBA_JXZ 000000014002c74c f   msvcprtd:MSVCP140D.dll
 0002:0001b752       ?width@ios_base@std@@QEAA_J_J@Z 000000014002c752 f   msvcprtd:MSVCP140D.dll
 0002:0001b758       ?getloc@ios_base@std@@QEBA?AVlocale@2@XZ 000000014002c758 f   msvcprtd:MSVCP140D.dll
 0002:0001b75e       ??0?$basic_streambuf@DU?$char_traits@D@std@@@std@@IEAA@XZ 000000014002c75e f   msvcprtd:MSVCP140D.dll
 0002:0001b764       ??1?$basic_streambuf@DU?$char_traits@D@std@@@std@@UEAA@XZ 000000014002c764 f   msvcprtd:MSVCP140D.dll
 0002:0001b76a       ?getloc@?$basic_streambuf@DU?$char_traits@D@std@@@std@@QEBA?AVlocale@2@XZ 000000014002c76a f   msvcprtd:MSVCP140D.dll
 0002:0001b770       ?sbumpc@?$basic_streambuf@DU?$char_traits@D@std@@@std@@QEAAHXZ 000000014002c770 f   msvcprtd:MSVCP140D.dll
 0002:0001b776       ?sgetc@?$basic_streambuf@DU?$char_traits@D@std@@@std@@QEAAHXZ 000000014002c776 f   msvcprtd:MSVCP140D.dll
 0002:0001b77c       ?snextc@?$basic_streambuf@DU?$char_traits@D@std@@@std@@QEAAHXZ 000000014002c77c f   msvcprtd:MSVCP140D.dll
 0002:0001b782       ?sputc@?$basic_streambuf@DU?$char_traits@D@std@@@std@@QEAAHD@Z 000000014002c782 f   msvcprtd:MSVCP140D.dll
 0002:0001b788       ?sputn@?$basic_streambuf@DU?$char_traits@D@std@@@std@@QEAA_JPEBD_J@Z 000000014002c788 f   msvcprtd:MSVCP140D.dll
 0002:0001b78e       ?eback@?$basic_streambuf@DU?$char_traits@D@std@@@std@@IEBAPEADXZ 000000014002c78e f   msvcprtd:MSVCP140D.dll
 0002:0001b794       ?gptr@?$basic_streambuf@DU?$char_traits@D@std@@@std@@IEBAPEADXZ 000000014002c794 f   msvcprtd:MSVCP140D.dll
 0002:0001b79a       ?pbase@?$basic_streambuf@DU?$char_traits@D@std@@@std@@IEBAPEADXZ 000000014002c79a f   msvcprtd:MSVCP140D.dll
 0002:0001b7a0       ?pptr@?$basic_streambuf@DU?$char_traits@D@std@@@std@@IEBAPEADXZ 000000014002c7a0 f   msvcprtd:MSVCP140D.dll
 0002:0001b7a6       ?egptr@?$basic_streambuf@DU?$char_traits@D@std@@@std@@IEBAPEADXZ 000000014002c7a6 f   msvcprtd:MSVCP140D.dll
 0002:0001b7ac       ?gbump@?$basic_streambuf@DU?$char_traits@D@std@@@std@@IEAAXH@Z 000000014002c7ac f   msvcprtd:MSVCP140D.dll
 0002:0001b7b2       ?setg@?$basic_streambuf@DU?$char_traits@D@std@@@std@@IEAAXPEAD00@Z 000000014002c7b2 f   msvcprtd:MSVCP140D.dll
 0002:0001b7b8       ?epptr@?$basic_streambuf@DU?$char_traits@D@std@@@std@@IEBAPEADXZ 000000014002c7b8 f   msvcprtd:MSVCP140D.dll
 0002:0001b7be       ?_Gndec@?$basic_streambuf@DU?$char_traits@D@std@@@std@@IEAAPEADXZ 000000014002c7be f   msvcprtd:MSVCP140D.dll
 0002:0001b7c4       ?_Gninc@?$basic_streambuf@DU?$char_traits@D@std@@@std@@IEAAPEADXZ 000000014002c7c4 f   msvcprtd:MSVCP140D.dll
 0002:0001b7ca       ?pbump@?$basic_streambuf@DU?$char_traits@D@std@@@std@@IEAAXH@Z 000000014002c7ca f   msvcprtd:MSVCP140D.dll
 0002:0001b7d0       ?setp@?$basic_streambuf@DU?$char_traits@D@std@@@std@@IEAAXPEAD0@Z 000000014002c7d0 f   msvcprtd:MSVCP140D.dll
 0002:0001b7d6       ?setp@?$basic_streambuf@DU?$char_traits@D@std@@@std@@IEAAXPEAD00@Z 000000014002c7d6 f   msvcprtd:MSVCP140D.dll
 0002:0001b7dc       ?_Pninc@?$basic_streambuf@DU?$char_traits@D@std@@@std@@IEAAPEADXZ 000000014002c7dc f   msvcprtd:MSVCP140D.dll
 0002:0001b7e2       ?_Init@?$basic_streambuf@DU?$char_traits@D@std@@@std@@IEAAXXZ 000000014002c7e2 f   msvcprtd:MSVCP140D.dll
 0002:0001b7e8       ?_Init@?$basic_streambuf@DU?$char_traits@D@std@@@std@@IEAAXPEAPEAD0PEAH001@Z 000000014002c7e8 f   msvcprtd:MSVCP140D.dll
 0002:0001b7ee       ??1?$basic_ios@DU?$char_traits@D@std@@@std@@UEAA@XZ 000000014002c7ee f   msvcprtd:MSVCP140D.dll
 0002:0001b7f4       ?clear@?$basic_ios@DU?$char_traits@D@std@@@std@@QEAAXH_N@Z 000000014002c7f4 f   msvcprtd:MSVCP140D.dll
 0002:0001b7fa       ?setstate@?$basic_ios@DU?$char_traits@D@std@@@std@@QEAAXH_N@Z 000000014002c7fa f   msvcprtd:MSVCP140D.dll
 0002:0001b800       ?tie@?$basic_ios@DU?$char_traits@D@std@@@std@@QEBAPEAV?$basic_ostream@DU?$char_traits@D@std@@@2@XZ 000000014002c800 f   msvcprtd:MSVCP140D.dll
 0002:0001b806       ?rdbuf@?$basic_ios@DU?$char_traits@D@std@@@std@@QEBAPEAV?$basic_streambuf@DU?$char_traits@D@std@@@2@XZ 000000014002c806 f   msvcprtd:MSVCP140D.dll
 0002:0001b80c       ?fill@?$basic_ios@DU?$char_traits@D@std@@@std@@QEBADXZ 000000014002c80c f   msvcprtd:MSVCP140D.dll
 0002:0001b812       ?widen@?$basic_ios@DU?$char_traits@D@std@@@std@@QEBADD@Z 000000014002c812 f   msvcprtd:MSVCP140D.dll
 0002:0001b818       ??0?$basic_ios@DU?$char_traits@D@std@@@std@@IEAA@XZ 000000014002c818 f   msvcprtd:MSVCP140D.dll
 0002:0001b81e       ??0?$basic_ostream@DU?$char_traits@D@std@@@std@@QEAA@PEAV?$basic_streambuf@DU?$char_traits@D@std@@@1@_N@Z 000000014002c81e f   msvcprtd:MSVCP140D.dll
 0002:0001b824       ??1?$basic_ostream@DU?$char_traits@D@std@@@std@@UEAA@XZ 000000014002c824 f   msvcprtd:MSVCP140D.dll
 0002:0001b82a       ?_Osfx@?$basic_ostream@DU?$char_traits@D@std@@@std@@QEAAXXZ 000000014002c82a f   msvcprtd:MSVCP140D.dll
 0002:0001b830       ??6?$basic_ostream@DU?$char_traits@D@std@@@std@@QEAAAEAV01@P6AAEAV01@AEAV01@@Z@Z 000000014002c830 f   msvcprtd:MSVCP140D.dll
 0002:0001b836       ??6?$basic_ostream@DU?$char_traits@D@std@@@std@@QEAAAEAV01@G@Z 000000014002c836 f   msvcprtd:MSVCP140D.dll
 0002:0001b83c       ??6?$basic_ostream@DU?$char_traits@D@std@@@std@@QEAAAEAV01@H@Z 000000014002c83c f   msvcprtd:MSVCP140D.dll
 0002:0001b842       ?put@?$basic_ostream@DU?$char_traits@D@std@@@std@@QEAAAEAV12@D@Z 000000014002c842 f   msvcprtd:MSVCP140D.dll
 0002:0001b848       ?flush@?$basic_ostream@DU?$char_traits@D@std@@@std@@QEAAAEAV12@XZ 000000014002c848 f   msvcprtd:MSVCP140D.dll
 0002:0001b84e       ??0?$basic_istream@DU?$char_traits@D@std@@@std@@QEAA@PEAV?$basic_streambuf@DU?$char_traits@D@std@@@1@_N@Z 000000014002c84e f   msvcprtd:MSVCP140D.dll
 0002:0001b854       ??1?$basic_istream@DU?$char_traits@D@std@@@std@@UEAA@XZ 000000014002c854 f   msvcprtd:MSVCP140D.dll
 0002:0001b85a       ?_Ipfx@?$basic_istream@DU?$char_traits@D@std@@@std@@QEAA_N_N@Z 000000014002c85a f   msvcprtd:MSVCP140D.dll
 0002:0001b860       ??0?$basic_iostream@DU?$char_traits@D@std@@@std@@QEAA@PEAV?$basic_streambuf@DU?$char_traits@D@std@@@1@@Z 000000014002c860 f   msvcprtd:MSVCP140D.dll
 0002:0001b866       ??1?$basic_iostream@DU?$char_traits@D@std@@@std@@UEAA@XZ 000000014002c866 f   msvcprtd:MSVCP140D.dll
 0002:0001b86c       ?_Fiopen@std@@YAPEAU_iobuf@@PEBDHH@Z 000000014002c86c f   msvcprtd:MSVCP140D.dll
 0002:0001b872       ?_Random_device@std@@YAIXZ 000000014002c872 f   msvcprtd:MSVCP140D.dll
 0002:0001b878       ?_Lock@?$basic_streambuf@DU?$char_traits@D@std@@@std@@UEAAXXZ 000000014002c878 f   msvcprtd:MSVCP140D.dll
 0002:0001b87e       ?_Unlock@?$basic_streambuf@DU?$char_traits@D@std@@@std@@UEAAXXZ 000000014002c87e f   msvcprtd:MSVCP140D.dll
 0002:0001b884       ?imbue@?$basic_streambuf@DU?$char_traits@D@std@@@std@@MEAAXAEBVlocale@2@@Z 000000014002c884 f   msvcprtd:MSVCP140D.dll
 0002:0001b88a       ?setbuf@?$basic_streambuf@DU?$char_traits@D@std@@@std@@MEAAPEAV12@PEAD_J@Z 000000014002c88a f   msvcprtd:MSVCP140D.dll
 0002:0001b890       ?showmanyc@?$basic_streambuf@DU?$char_traits@D@std@@@std@@MEAA_JXZ 000000014002c890 f   msvcprtd:MSVCP140D.dll
 0002:0001b896       ?sync@?$basic_streambuf@DU?$char_traits@D@std@@@std@@MEAAHXZ 000000014002c896 f   msvcprtd:MSVCP140D.dll
 0002:0001b89c       ?uflow@?$basic_streambuf@DU?$char_traits@D@std@@@std@@MEAAHXZ 000000014002c89c f   msvcprtd:MSVCP140D.dll
 0002:0001b8a2       ?xsgetn@?$basic_streambuf@DU?$char_traits@D@std@@@std@@MEAA_JPEAD_J@Z 000000014002c8a2 f   msvcprtd:MSVCP140D.dll
 0002:0001b8a8       ?xsputn@?$basic_streambuf@DU?$char_traits@D@std@@@std@@MEAA_JPEBD_J@Z 000000014002c8a8 f   msvcprtd:MSVCP140D.dll
 0002:0001b8b0       ??2@YAPEAX_K@Z             000000014002c8b0 f   MSVCRTD:new_scalar.obj
 0002:0001b920       ??3@YAXPEAX@Z              000000014002c920 f   MSVCRTD:delete_scalar.obj
 0002:0001b950       ??3@YAXPEAX_K@Z            000000014002c950 f   MSVCRTD:delete_scalar_size.obj
 0002:0001b980       ??$__crt_fast_decode_pointer@PEAP6AXXZ@@YAPEAP6AXXZQEAP6AXXZ@Z 000000014002c980 f i MSVCRTD:utility.obj
 0002:0001b9d0       ??$__crt_fast_encode_pointer@PEAP6AXXZ@@YAPEAP6AXXZQEAP6AXXZ@Z 000000014002c9d0 f i MSVCRTD:utility.obj
 0002:0001ba20       ?__crt_rotate_pointer_value@@YA_K_KH@Z 000000014002ca20 f i MSVCRTD:utility.obj
 0002:0001ba40       ?configure_argv@__scrt_narrow_argv_policy@@SAHXZ 000000014002ca40 f i MSVCRTD:utility.obj
 0002:0001bb60       ?initialize_environment@__scrt_narrow_environment_policy@@SAHXZ 000000014002cb60 f i MSVCRTD:utility.obj
 0002:0001bc30       NtCurrentTeb               000000014002cc30 f i MSVCRTD:utility.obj
 0002:0001bc40       __scrt_acquire_startup_lock 000000014002cc40 f   MSVCRTD:utility.obj
 0002:0001bcc0       __scrt_dllmain_after_initialize_c 000000014002ccc0 f   MSVCRTD:utility.obj
 0002:0001bd00       __scrt_dllmain_before_initialize_c 000000014002cd00 f   MSVCRTD:utility.obj
 0002:0001bd30       __scrt_dllmain_crt_thread_attach 000000014002cd30 f   MSVCRTD:utility.obj
 0002:0001bd70       __scrt_dllmain_crt_thread_detach 000000014002cd70 f   MSVCRTD:utility.obj
 0002:0001bd90       __scrt_dllmain_exception_filter 000000014002cd90 f   MSVCRTD:utility.obj
 0002:0001be10       __scrt_dllmain_uninitialize_c 000000014002ce10 f   MSVCRTD:utility.obj
 0002:0001be50       __scrt_dllmain_uninitialize_critical 000000014002ce50 f   MSVCRTD:utility.obj
 0002:0001be70       __scrt_initialize_crt      000000014002ce70 f   MSVCRTD:utility.obj
 0002:0001bed0       __scrt_initialize_onexit_tables 000000014002ced0 f   MSVCRTD:utility.obj
 0002:0001c020       __scrt_is_nonwritable_in_current_image 000000014002d020 f   MSVCRTD:utility.obj
 0002:0001c0d0       __scrt_release_startup_lock 000000014002d0d0 f   MSVCRTD:utility.obj
 0002:0001c110       __scrt_uninitialize_crt    000000014002d110 f   MSVCRTD:utility.obj
 0002:0001c160       _onexit                    000000014002d160 f   MSVCRTD:utility.obj
 0002:0001c210       at_quick_exit              000000014002d210 f   MSVCRTD:utility.obj
 0002:0001c280       atexit                     000000014002d280 f   MSVCRTD:utility.obj
 0002:0001c2c0       _RTC_AllocaHelper          000000014002d2c0 f   MSVCRTD:_stack_.obj
 0002:0001c310       _RTC_CheckStackVars        000000014002d310 f   MSVCRTD:_stack_.obj
 0002:0001c3c0       _RTC_CheckStackVars2       000000014002d3c0 f   MSVCRTD:_stack_.obj
 0002:0001c510       _CRT_RTC_INIT              000000014002d510 f   MSVCRTD:_init_.obj
 0002:0001c520       _CRT_RTC_INITW             000000014002d520 f   MSVCRTD:_init_.obj
 0002:0001c530       _RTC_InitBase              000000014002d530 f   MSVCRTD:_init_.obj
 0002:0001c580       _RTC_Shutdown              000000014002d580 f   MSVCRTD:_init_.obj
 0002:0001c5b0       __GSHandlerCheck           000000014002d5b0 f   MSVCRTD:_gshandler_.obj
 0002:0001c600       __GSHandlerCheckCommon     000000014002d600 f   MSVCRTD:_gshandler_.obj
 0002:0001c740       __GSHandlerCheck_EH        000000014002d740 f   MSVCRTD:gshandlereh.obj
 0002:0001c820       _alloca_probe              000000014002d820 f   MSVCRTD:_chkstk_.obj
 0002:0001c820       __chkstk                   000000014002d820 f   MSVCRTD:_chkstk_.obj
 0002:0001c8a0       __security_check_cookie    000000014002d8a0 f   MSVCRTD:_amdsecgs_.obj
 0002:0001c8d0       ??1type_info@@UEAA@XZ      000000014002d8d0 f   MSVCRTD:std_type_info_static.obj
 0002:0001c8f0       ??_Gtype_info@@UEAAPEAXI@Z 000000014002d8f0 f i MSVCRTD:std_type_info_static.obj
 0002:0001c8f0       ??_Etype_info@@UEAAPEAXI@Z 000000014002d8f0 f i MSVCRTD:std_type_info_static.obj
 0002:0001ccc0       ?set_app_type@__scrt_main_policy@@SAXXZ 000000014002dcc0 f i MSVCRTD:exe_main.obj
 0002:0001cce0       ?set_commode@__scrt_file_policy@@SAXXZ 000000014002dce0 f i MSVCRTD:exe_main.obj
 0002:0001cd10       ?set_fmode@__scrt_file_policy@@SAXXZ 000000014002dd10 f i MSVCRTD:exe_main.obj
 0002:0001cd30       mainCRTStartup             000000014002dd30 f   MSVCRTD:exe_main.obj
 0002:0001cd50       _guard_check_icall         000000014002dd50 f i MSVCRTD:checkcfg.obj
 0002:0001cd70       ??0bad_alloc@std@@AEAA@QEBD@Z 000000014002dd70 f i MSVCRTD:throw_bad_alloc.obj
 0002:0001cdc0       ??0bad_alloc@std@@QEAA@AEBV01@@Z 000000014002ddc0 f i MSVCRTD:throw_bad_alloc.obj
 0002:0001ce10       ??0bad_alloc@std@@QEAA@XZ  000000014002de10 f i MSVCRTD:throw_bad_alloc.obj
 0002:0001ce60       ??0bad_array_new_length@std@@QEAA@AEBV01@@Z 000000014002de60 f i MSVCRTD:throw_bad_alloc.obj
 0002:0001ceb0       ??0bad_array_new_length@std@@QEAA@XZ 000000014002deb0 f i MSVCRTD:throw_bad_alloc.obj
 0002:0001cef0       ??1bad_alloc@std@@UEAA@XZ  000000014002def0 f i MSVCRTD:throw_bad_alloc.obj
 0002:0001cf10       ??1bad_array_new_length@std@@UEAA@XZ 000000014002df10 f i MSVCRTD:throw_bad_alloc.obj
 0002:0001cf30       ??_Ebad_alloc@std@@UEAAPEAXI@Z 000000014002df30 f i MSVCRTD:throw_bad_alloc.obj
 0002:0001cf30       ??_Gbad_alloc@std@@UEAAPEAXI@Z 000000014002df30 f i MSVCRTD:throw_bad_alloc.obj
 0002:0001cf80       ??_Ebad_array_new_length@std@@UEAAPEAXI@Z 000000014002df80 f i MSVCRTD:throw_bad_alloc.obj
 0002:0001cf80       ??_Gbad_array_new_length@std@@UEAAPEAXI@Z 000000014002df80 f i MSVCRTD:throw_bad_alloc.obj
 0002:0001cfd0       ?__scrt_throw_std_bad_alloc@@YAXXZ 000000014002dfd0 f   MSVCRTD:throw_bad_alloc.obj
 0002:0001d000       ?__scrt_throw_std_bad_array_new_length@@YAXXZ 000000014002e000 f   MSVCRTD:throw_bad_alloc.obj
 0002:0001d030       __isa_available_init       000000014002e030 f   MSVCRTD:_cpu_disp_.obj
 0002:0001d480       _get_startup_argv_mode     000000014002e480 f   MSVCRTD:argv_mode.obj
 0002:0001d490       __scrt_is_ucrt_dll_in_use  000000014002e490 f   MSVCRTD:ucrt_detection.obj
 0002:0001d4c0       __crt_debugger_hook        000000014002e4c0 f   MSVCRTD:utility_desktop.obj
 0002:0001d4e0       __scrt_fastfail            000000014002e4e0 f   MSVCRTD:utility_desktop.obj
 0002:0001d6e0       __scrt_get_show_window_mode 000000014002e6e0 f   MSVCRTD:utility_desktop.obj
 0002:0001d750       __scrt_initialize_winrt    000000014002e750 f   MSVCRTD:utility_desktop.obj
 0002:0001d760       __scrt_is_managed_app      000000014002e760 f   MSVCRTD:utility_desktop.obj
 0002:0001d830       __scrt_set_unhandled_exception_filter 000000014002e830 f   MSVCRTD:utility_desktop.obj
 0002:0001d850       __scrt_unhandled_exception_filter 000000014002e850 f   MSVCRTD:utility_desktop.obj
 0002:0001d8e0       ??$__vcrt_va_start_verify_argument_type@QEBD@@YAXXZ 000000014002e8e0 f i MSVCRTD:_error_.obj
 0002:0001d9c0       ?_RTC_AllocaFailure@@YAXPEAXPEAU_RTC_ALLOCA_NODE@@H@Z 000000014002e9c0 f   MSVCRTD:_error_.obj
 0002:0001db70       ?_RTC_Failure@@YAXPEAXH@Z  000000014002eb70 f   MSVCRTD:_error_.obj
 0002:0001dbe0       ?_RTC_StackFailure@@YAXPEAXPEBD@Z 000000014002ebe0 f   MSVCRTD:_error_.obj
 0002:0001e100       _RTC_UninitUse             000000014002f100 f   MSVCRTD:_error_.obj
 0002:0001e200       __local_stdio_printf_options 000000014002f200 f i MSVCRTD:_error_.obj
 0002:0001e210       _vsprintf_s_l              000000014002f210 f i MSVCRTD:_error_.obj
 0002:0001e290       sprintf_s                  000000014002f290 f i MSVCRTD:_error_.obj
 0002:0001e2e0       ?_RTC_GetErrorFunc@@YAP6AHHPEBDH00ZZPEBX@Z 000000014002f2e0 f   MSVCRTD:_userapi_.obj
 0002:0001e2f0       ?_RTC_GetErrorFuncW@@YAP6AHHPEB_WH00ZZPEBX@Z 000000014002f2f0 f   MSVCRTD:_userapi_.obj
 0002:0001e300       _RTC_GetErrDesc            000000014002f300 f   MSVCRTD:_userapi_.obj
 0002:0001e320       _RTC_NumErrors             000000014002f320 f   MSVCRTD:_userapi_.obj
 0002:0001e330       _RTC_SetErrorFunc          000000014002f330 f   MSVCRTD:_userapi_.obj
 0002:0001e350       _RTC_SetErrorFuncW         000000014002f350 f   MSVCRTD:_userapi_.obj
 0002:0001e370       _RTC_SetErrorType          000000014002f370 f   MSVCRTD:_userapi_.obj
 0002:0001e3a0       __raise_securityfailure    000000014002f3a0 f   MSVCRTD:gs_report.obj
 0002:0001e3f0       __report_gsfailure         000000014002f3f0 f   MSVCRTD:gs_report.obj
 0002:0001e500       __report_rangecheckfailure 000000014002f500 f   MSVCRTD:gs_report.obj
 0002:0001e520       __report_securityfailure   000000014002f520 f   MSVCRTD:gs_report.obj
 0002:0001e5f0       __report_securityfailureEx 000000014002f5f0 f   MSVCRTD:gs_report.obj
 0002:0001e9d0       __security_init_cookie     000000014002f9d0 f   MSVCRTD:gs_support.obj
 0002:0001ea70       _matherr                   000000014002fa70 f   MSVCRTD:matherr.obj
 0002:0001ea80       _get_startup_commit_mode   000000014002fa80 f   MSVCRTD:commit_mode.obj
 0002:0001ea90       _get_startup_file_mode     000000014002fa90 f   MSVCRTD:file_mode.obj
 0002:0001eaa0       _get_startup_new_mode      000000014002faa0 f   MSVCRTD:new_mode.obj
 0002:0001eab0       _get_startup_thread_locale_mode 000000014002fab0 f   MSVCRTD:thread_locale.obj
 0002:0001eac0       ?__scrt_initialize_type_info@@YAXXZ 000000014002fac0 f   MSVCRTD:tncleanup.obj
 0002:0001eae0       ?__scrt_uninitialize_type_info@@YAXXZ 000000014002fae0 f   MSVCRTD:tncleanup.obj
 0002:0001eb00       _should_initialize_environment 000000014002fb00 f   MSVCRTD:env_mode.obj
 0002:0001eb10       _initialize_invalid_parameter_handler 000000014002fb10 f   MSVCRTD:invalid_parameter_handler.obj
 0002:0001eb20       _initialize_denormal_control 000000014002fb20 f   MSVCRTD:denormal_control.obj
 0002:0001eb30       __local_stdio_scanf_options 000000014002fb30 f i MSVCRTD:default_local_stdio_options.obj
 0002:0001eb40       __scrt_initialize_default_local_stdio_options 000000014002fb40 f   MSVCRTD:default_local_stdio_options.obj
 0002:0001eba0       __scrt_is_user_matherr_present 000000014002fba0 f   MSVCRTD:matherr_detection.obj
 0002:0001ebd0       __scrt_get_dyn_tls_init_callback 000000014002fbd0 f   MSVCRTD:dyn_tls_init.obj
 0002:0001ebe0       __scrt_get_dyn_tls_dtor_callback 000000014002fbe0 f   MSVCRTD:dyn_tls_dtor.obj
 0002:0001ebf0       _RTC_Initialize            000000014002fbf0 f   MSVCRTD:_initsect_.obj
 0002:0001ec50       _RTC_Terminate             000000014002fc50 f   MSVCRTD:_initsect_.obj
 0002:0001ecb0       _guard_check_icall_nop     000000014002fcb0 f i MSVCRTD:guard_support.obj
 0002:0001ecc0       ReadNoFence64              000000014002fcc0 f i MSVCRTD:guard_support.obj
 0002:0001ecf0       ReadPointerNoFence         000000014002fcf0 f i MSVCRTD:guard_support.obj
 0002:0001ed10       __guard_ss_common_verify_stub 000000014002fd10 f i MSVCRTD:guard_support.obj
 0002:0001ed20       _guard_icall_checks_enforced 000000014002fd20 f i MSVCRTD:guard_support.obj
 0002:0001ed70       _guard_rf_checks_enforced  000000014002fd70 f i MSVCRTD:guard_support.obj
 0002:0001f3e0       ?_RTC_GetSrcLine@@YAHPEAEPEA_WKPEAH1K@Z 00000001400303e0 f   MSVCRTD:_pdblkup_.obj
 0002:0001f970       memchr                     0000000140030970 f   vcruntimed:VCRUNTIME140D.dll
 0002:0001f976       memcmp                     0000000140030976 f   vcruntimed:VCRUNTIME140D.dll
 0002:0001f97c       memcpy                     000000014003097c f   vcruntimed:VCRUNTIME140D.dll
 0002:0001f982       memmove                    0000000140030982 f   vcruntimed:VCRUNTIME140D.dll
 0002:0001f988       memset                     0000000140030988 f   vcruntimed:VCRUNTIME140D.dll
 0002:0001f98e       __std_exception_copy       000000014003098e f   vcruntimed:VCRUNTIME140D.dll
 0002:0001f994       __std_exception_destroy    0000000140030994 f   vcruntimed:VCRUNTIME140D.dll
 0002:0001f99a       _CxxThrowException         000000014003099a f   vcruntimed:VCRUNTIME140D.dll
 0002:0001f9a0       __CxxFrameHandler3         00000001400309a0 f   vcruntimed:VCRUNTIME140D.dll
 0002:0001f9a6       __C_specific_handler       00000001400309a6 f   vcruntimed:VCRUNTIME140D.dll
 0002:0001f9ac       __std_type_info_destroy_list 00000001400309ac f   vcruntimed:VCRUNTIME140D.dll
 0002:0001f9b2       __vcrt_GetModuleFileNameW  00000001400309b2 f   vcruntimed:VCRUNTIME140D.dll
 0002:0001f9b8       __vcrt_GetModuleHandleW    00000001400309b8 f   vcruntimed:VCRUNTIME140D.dll
 0002:0001f9be       __vcrt_LoadLibraryExW      00000001400309be f   vcruntimed:VCRUNTIME140D.dll
 0002:0001f9c4       _invalid_parameter         00000001400309c4 f   ucrtd:ucrtbased.dll
 0002:0001f9ca       _invalid_parameter_noinfo  00000001400309ca f   ucrtd:ucrtbased.dll
 0002:0001f9d0       _time64                    00000001400309d0 f   ucrtd:ucrtbased.dll
 0002:0001f9d6       _errno                     00000001400309d6 f   ucrtd:ucrtbased.dll
 0002:0001f9dc       srand                      00000001400309dc f   ucrtd:ucrtbased.dll
 0002:0001f9e2       rand                       00000001400309e2 f   ucrtd:ucrtbased.dll
 0002:0001f9e8       atoi                       00000001400309e8 f   ucrtd:ucrtbased.dll
 0002:0001f9ee       system                     00000001400309ee f   ucrtd:ucrtbased.dll
 0002:0001f9f4       _get_stream_buffer_pointers 00000001400309f4 f   ucrtd:ucrtbased.dll
 0002:0001f9fa       fclose                     00000001400309fa f   ucrtd:ucrtbased.dll
 0002:0001fa00       fflush                     0000000140030a00 f   ucrtd:ucrtbased.dll
 0002:0001fa06       fgetc                      0000000140030a06 f   ucrtd:ucrtbased.dll
 0002:0001fa0c       fgetpos                    0000000140030a0c f   ucrtd:ucrtbased.dll
 0002:0001fa12       fputc                      0000000140030a12 f   ucrtd:ucrtbased.dll
 0002:0001fa18       fsetpos                    0000000140030a18 f   ucrtd:ucrtbased.dll
 0002:0001fa1e       _fseeki64                  0000000140030a1e f   ucrtd:ucrtbased.dll
 0002:0001fa24       fwrite                     0000000140030a24 f   ucrtd:ucrtbased.dll
 0002:0001fa2a       remove                     0000000140030a2a f   ucrtd:ucrtbased.dll
 0002:0001fa30       setvbuf                    0000000140030a30 f   ucrtd:ucrtbased.dll
 0002:0001fa36       ungetc                     0000000140030a36 f   ucrtd:ucrtbased.dll
 0002:0001fa3c       _lock_file                 0000000140030a3c f   ucrtd:ucrtbased.dll
 0002:0001fa42       _unlock_file               0000000140030a42 f   ucrtd:ucrtbased.dll
 0002:0001fa48       strlen                     0000000140030a48 f   ucrtd:ucrtbased.dll
 0002:0001fa4e       _CrtDbgReportW             0000000140030a4e f   ucrtd:ucrtbased.dll
 0002:0001fa54       setlocale                  0000000140030a54 f   ucrtd:ucrtbased.dll
 0002:0001fa5a       _access                    0000000140030a5a f   ucrtd:ucrtbased.dll
 0002:0001fa60       _free_dbg                  0000000140030a60 f   ucrtd:ucrtbased.dll
 0002:0001fa66       _malloc_dbg                0000000140030a66 f   ucrtd:ucrtbased.dll
 0002:0001fa6c       _callnewh                  0000000140030a6c f   ucrtd:ucrtbased.dll
 0002:0001fa72       malloc                     0000000140030a72 f   ucrtd:ucrtbased.dll
 0002:0001fa78       _seh_filter_dll            0000000140030a78 f   ucrtd:ucrtbased.dll
 0002:0001fa7e       _configure_narrow_argv     0000000140030a7e f   ucrtd:ucrtbased.dll
 0002:0001fa84       _initialize_narrow_environment 0000000140030a84 f   ucrtd:ucrtbased.dll
 0002:0001fa8a       _initialize_onexit_table   0000000140030a8a f   ucrtd:ucrtbased.dll
 0002:0001fa90       _register_onexit_function  0000000140030a90 f   ucrtd:ucrtbased.dll
 0002:0001fa96       _execute_onexit_table      0000000140030a96 f   ucrtd:ucrtbased.dll
 0002:0001fa9c       _crt_atexit                0000000140030a9c f   ucrtd:ucrtbased.dll
 0002:0001faa2       _crt_at_quick_exit         0000000140030aa2 f   ucrtd:ucrtbased.dll
 0002:0001faa8       _cexit                     0000000140030aa8 f   ucrtd:ucrtbased.dll
 0002:0001faae       _CrtDbgReport              0000000140030aae f   ucrtd:ucrtbased.dll
 0002:0001fab4       _seh_filter_exe            0000000140030ab4 f   ucrtd:ucrtbased.dll
 0002:0001faba       _set_app_type              0000000140030aba f   ucrtd:ucrtbased.dll
 0002:0001fac0       __setusermatherr           0000000140030ac0 f   ucrtd:ucrtbased.dll
 0002:0001fac6       _get_initial_narrow_environment 0000000140030ac6 f   ucrtd:ucrtbased.dll
 0002:0001facc       _initterm                  0000000140030acc f   ucrtd:ucrtbased.dll
 0002:0001fad2       _initterm_e                0000000140030ad2 f   ucrtd:ucrtbased.dll
 0002:0001fad8       exit                       0000000140030ad8 f   ucrtd:ucrtbased.dll
 0002:0001fade       _exit                      0000000140030ade f   ucrtd:ucrtbased.dll
 0002:0001fae4       _set_fmode                 0000000140030ae4 f   ucrtd:ucrtbased.dll
 0002:0001faea       __p___argc                 0000000140030aea f   ucrtd:ucrtbased.dll
 0002:0001faf0       __p___argv                 0000000140030af0 f   ucrtd:ucrtbased.dll
 0002:0001faf6       _c_exit                    0000000140030af6 f   ucrtd:ucrtbased.dll
 0002:0001fafc       _register_thread_local_exe_atexit_callback 0000000140030afc f   ucrtd:ucrtbased.dll
 0002:0001fb02       _configthreadlocale        0000000140030b02 f   ucrtd:ucrtbased.dll
 0002:0001fb08       _set_new_mode              0000000140030b08 f   ucrtd:ucrtbased.dll
 0002:0001fb0e       __p__commode               0000000140030b0e f   ucrtd:ucrtbased.dll
 0002:0001fb14       terminate                  0000000140030b14 f   ucrtd:ucrtbased.dll
 0002:0001fb1a       strcpy_s                   0000000140030b1a f   ucrtd:ucrtbased.dll
 0002:0001fb20       strcat_s                   0000000140030b20 f   ucrtd:ucrtbased.dll
 0002:0001fb26       __stdio_common_vsprintf_s  0000000140030b26 f   ucrtd:ucrtbased.dll
 0002:0001fb2c       _wmakepath_s               0000000140030b2c f   ucrtd:ucrtbased.dll
 0002:0001fb32       _wsplitpath_s              0000000140030b32 f   ucrtd:ucrtbased.dll
 0002:0001fb38       wcscpy_s                   0000000140030b38 f   ucrtd:ucrtbased.dll
 0002:0001fb3e       RtlCaptureContext          0000000140030b3e f   kernel32:KERNEL32.dll
 0002:0001fb44       RtlLookupFunctionEntry     0000000140030b44 f   kernel32:KERNEL32.dll
 0002:0001fb4a       RtlVirtualUnwind           0000000140030b4a f   kernel32:KERNEL32.dll
 0002:0001fb50       IsDebuggerPresent          0000000140030b50 f   kernel32:KERNEL32.dll
 0002:0001fb56       UnhandledExceptionFilter   0000000140030b56 f   kernel32:KERNEL32.dll
 0002:0001fb5c       SetUnhandledExceptionFilter 0000000140030b5c f   kernel32:KERNEL32.dll
 0002:0001fb62       GetStartupInfoW            0000000140030b62 f   kernel32:KERNEL32.dll
 0002:0001fb68       IsProcessorFeaturePresent  0000000140030b68 f   kernel32:KERNEL32.dll
 0002:0001fb6e       GetModuleHandleW           0000000140030b6e f   kernel32:KERNEL32.dll
 0002:0001fb74       RaiseException             0000000140030b74 f   kernel32:KERNEL32.dll
 0002:0001fb7a       MultiByteToWideChar        0000000140030b7a f   kernel32:KERNEL32.dll
 0002:0001fb80       WideCharToMultiByte        0000000140030b80 f   kernel32:KERNEL32.dll
 0002:0001fb86       GetCurrentProcess          0000000140030b86 f   kernel32:KERNEL32.dll
 0002:0001fb8c       TerminateProcess           0000000140030b8c f   kernel32:KERNEL32.dll
 0002:0001fb92       QueryPerformanceCounter    0000000140030b92 f   kernel32:KERNEL32.dll
 0002:0001fb98       GetCurrentProcessId        0000000140030b98 f   kernel32:KERNEL32.dll
 0002:0001fb9e       GetCurrentThreadId         0000000140030b9e f   kernel32:KERNEL32.dll
 0002:0001fba4       GetSystemTimeAsFileTime    0000000140030ba4 f   kernel32:KERNEL32.dll
 0002:0001fbaa       InitializeSListHead        0000000140030baa f   kernel32:KERNEL32.dll
 0002:0001fbb0       GetLastError               0000000140030bb0 f   kernel32:KERNEL32.dll
 0002:0001fbb6       HeapAlloc                  0000000140030bb6 f   kernel32:KERNEL32.dll
 0002:0001fbbc       HeapFree                   0000000140030bbc f   kernel32:KERNEL32.dll
 0002:0001fbc2       GetProcessHeap             0000000140030bc2 f   kernel32:KERNEL32.dll
 0002:0001fbc8       VirtualQuery               0000000140030bc8 f   kernel32:KERNEL32.dll
 0002:0001fbce       FreeLibrary                0000000140030bce f   kernel32:KERNEL32.dll
 0002:0001fbd4       GetProcAddress             0000000140030bd4 f   kernel32:KERNEL32.dll
 0002:0001fbe0       __vcrt_initialize          0000000140030be0 f   MSVCRTD:ucrt_stubs.obj
 0002:0001fbe0       __acrt_initialize          0000000140030be0 f   MSVCRTD:ucrt_stubs.obj
 0002:0001fbe0       __scrt_stub_for_acrt_initialize 0000000140030be0 f   MSVCRTD:ucrt_stubs.obj
 0002:0001fbf0       __vcrt_thread_attach       0000000140030bf0 f   MSVCRTD:ucrt_stubs.obj
 0002:0001fbf0       __acrt_thread_attach       0000000140030bf0 f   MSVCRTD:ucrt_stubs.obj
 0002:0001fbf0       __scrt_stub_for_acrt_thread_attach 0000000140030bf0 f   MSVCRTD:ucrt_stubs.obj
 0002:0001fc00       __vcrt_thread_detach       0000000140030c00 f   MSVCRTD:ucrt_stubs.obj
 0002:0001fc00       __scrt_stub_for_acrt_thread_detach 0000000140030c00 f   MSVCRTD:ucrt_stubs.obj
 0002:0001fc00       __acrt_thread_detach       0000000140030c00 f   MSVCRTD:ucrt_stubs.obj
 0002:0001fc10       __scrt_stub_for_acrt_uninitialize 0000000140030c10 f   MSVCRTD:ucrt_stubs.obj
 0002:0001fc10       __acrt_uninitialize        0000000140030c10 f   MSVCRTD:ucrt_stubs.obj
 0002:0001fc10       __vcrt_uninitialize        0000000140030c10 f   MSVCRTD:ucrt_stubs.obj
 0002:0001fc20       __acrt_uninitialize_critical 0000000140030c20 f   MSVCRTD:ucrt_stubs.obj
 0002:0001fc20       __vcrt_uninitialize_critical 0000000140030c20 f   MSVCRTD:ucrt_stubs.obj
 0002:0001fc20       __scrt_stub_for_acrt_uninitialize_critical 0000000140030c20 f   MSVCRTD:ucrt_stubs.obj
 0002:0001fc30       _is_c_termination_complete 0000000140030c30 f   MSVCRTD:ucrt_stubs.obj
 0002:0001fc30       __scrt_stub_for_is_c_termination_complete 0000000140030c30 f   MSVCRTD:ucrt_stubs.obj
 0002:00021160       _guard_dispatch_icall_nop  0000000140032160 f   MSVCRTD:_guard_dispatch_.obj
 0002:00021180       __guard_ss_verify_failure  0000000140032180 f   MSVCRTD:_rfgfailure_.obj
 0002:0002118b       __guard_ss_verify_failure_rcx 000000014003218b     MSVCRTD:_rfgfailure_.obj
 0002:00021191       __guard_ss_verify_failure_rdx 0000000140032191     MSVCRTD:_rfgfailure_.obj
 0002:00021197       __guard_ss_verify_failure_r8 0000000140032197     MSVCRTD:_rfgfailure_.obj
 0002:0002119d       __guard_ss_verify_failure_r9 000000014003219d     MSVCRTD:_rfgfailure_.obj
 0002:000211a3       __guard_ss_verify_failure_r10 00000001400321a3     MSVCRTD:_rfgfailure_.obj
 0002:000211b0       __guard_ss_verify_failure_default 00000001400321b0 f   MSVCRTD:_rfgfailure_.obj
 0002:00021210       __guard_ss_verify_sp       0000000140032210 f   MSVCRTD:_rfgfailure_.obj
 0002:00021220       __guard_ss_verify_sp_default 0000000140032220 f   MSVCRTD:_rfgfailure_.obj
 0003:00000000       __xc_a                     0000000140037000     MSVCRTD:initializers.obj
 0003:00000440       __xc_z                     0000000140037440     MSVCRTD:initializers.obj
 0003:00000550       __xi_a                     0000000140037550     MSVCRTD:initializers.obj
 0003:00000880       __xi_z                     0000000140037880     MSVCRTD:initializers.obj
 0003:00000990       __xp_a                     0000000140037990     MSVCRTD:initializers.obj
 0003:00000aa0       __xp_z                     0000000140037aa0     MSVCRTD:initializers.obj
 0003:00000bb0       __xt_a                     0000000140037bb0     MSVCRTD:initializers.obj
 0003:00000cc0       __xt_z                     0000000140037cc0     MSVCRTD:initializers.obj
 0003:00003d20       ??_7exception@std@@6B@     000000014003ad20     main.obj
 0003:00003d38       ??_C@_0BC@EOODALEL@Unknown?5exception?$AA@ 000000014003ad38     main.obj
 0003:00003d50       ??_C@_1NE@JCGKDBDB@?$AAf?$AA?3?$AA?2?$AAp?$AAr?$AAo?$AAg?$AAr?$AAa?$AAm?$AA?5?$AAf?$AAi?$AAl?$AAe?$AAs?$AA?5?$AA?$CI?$AAx?$AA8?$AA6?$AA?$CJ?$AA?2?$AAm?$AAi?$AAc?$AAr?$AAo?$AAs?$AAo?$AAf?$AAt@ 000000014003ad50     main.obj
 0003:00003e50       ??_C@_1DC@POOIKBAO@?$AAI?$AAT?$AAE?$AAR?$AAA?$AAT?$AAO?$AAR?$AA?5?$AAL?$AAI?$AAS?$AAT?$AA?5?$AAC?$AAO?$AAR?$AAR?$AAU?$AAP?$AAT?$AAE?$AAD?$AA?$CB?$AA?$AA@ 000000014003ae50     main.obj
 0003:00003e90       ??_C@_1EE@KLDMFDFL@?$AAs?$AAt?$AAd?$AA?3?$AA?3?$AA_?$AAI?$AAt?$AAe?$AAr?$AAa?$AAt?$AAo?$AAr?$AA_?$AAb?$AAa?$AAs?$AAe?$AA1?$AA2?$AA?3?$AA?3?$AA_?$AAO?$AAr?$AAp?$AAh?$AAa?$AAn?$AA_?$AAm@ 000000014003ae90     main.obj
 0003:00003ee8       ??_C@_1DG@PLBPCAEM@?$AA?$CC?$AAI?$AAT?$AAE?$AAR?$AAA?$AAT?$AAO?$AAR?$AA?5?$AAL?$AAI?$AAS?$AAT?$AA?5?$AAC?$AAO?$AAR?$AAR?$AAU?$AAP?$AAT?$AAE?$AAD?$AA?$CB?$AA?$CC?$AA?$AA@ 000000014003aee8     main.obj
[...]
 0006:000000c8       __imp_InitializeSListHead  00000001400490c8     kernel32:KERNEL32.dll
 0006:000000d0       __imp_GetLastError         00000001400490d0     kernel32:KERNEL32.dll
 0006:000000d8       __imp_HeapAlloc            00000001400490d8     kernel32:KERNEL32.dll
 0006:000000e0       __imp_HeapFree             00000001400490e0     kernel32:KERNEL32.dll
 0006:000000e8       __imp_GetProcessHeap       00000001400490e8     kernel32:KERNEL32.dll
 0006:000000f0       __imp_VirtualQuery         00000001400490f0     kernel32:KERNEL32.dll
 0006:000000f8       __imp_RtlCaptureContext    00000001400490f8     kernel32:KERNEL32.dll
 0006:00000100       \177KERNEL32_NULL_THUNK_DATA 0000000140049100     kernel32:KERNEL32.dll
 0006:00000188       __imp_?getloc@?$basic_streambuf@DU?$char_traits@D@std@@@std@@QEBA?AVlocale@2@XZ 0000000140049188     msvcprtd:MSVCP140D.dll
 0006:00000190       __imp_?sbumpc@?$basic_streambuf@DU?$char_traits@D@std@@@std@@QEAAHXZ 0000000140049190     msvcprtd:MSVCP140D.dll
 0006:00000198       __imp_?sgetc@?$basic_streambuf@DU?$char_traits@D@std@@@std@@QEAAHXZ 0000000140049198     msvcprtd:MSVCP140D.dll
 0006:000001a0       __imp_?snextc@?$basic_streambuf@DU?$char_traits@D@std@@@std@@QEAAHXZ 00000001400491a0     msvcprtd:MSVCP140D.dll
 0006:000001a8       __imp_?sputc@?$basic_streambuf@DU?$char_traits@D@std@@@std@@QEAAHD@Z 00000001400491a8     msvcprtd:MSVCP140D.dll
 0006:000001b0       __imp_?sputn@?$basic_streambuf@DU?$char_traits@D@std@@@std@@QEAA_JPEBD_J@Z 00000001400491b0     msvcprtd:MSVCP140D.dll
 0006:000001b8       __imp_?eback@?$basic_streambuf@DU?$char_traits@D@std@@@std@@IEBAPEADXZ 00000001400491b8     msvcprtd:MSVCP140D.dll
 0006:000001c0       __imp_?gptr@?$basic_streambuf@DU?$char_traits@D@std@@@std@@IEBAPEADXZ 00000001400491c0     msvcprtd:MSVCP140D.dll
 0006:000001c8       __imp_?pbase@?$basic_streambuf@DU?$char_traits@D@std@@@std@@IEBAPEADXZ 00000001400491c8     msvcprtd:MSVCP140D.dll
 0006:000001d0       __imp_?pptr@?$basic_streambuf@DU?$char_traits@D@std@@@std@@IEBAPEADXZ 00000001400491d0     msvcprtd:MSVCP140D.dll
 0006:000001d8       __imp_?egptr@?$basic_streambuf@DU?$char_traits@D@std@@@std@@IEBAPEADXZ 00000001400491d8     msvcprtd:MSVCP140D.dll
 0006:000001e0       __imp_?gbump@?$basic_streambuf@DU?$char_traits@D@std@@@std@@IEAAXH@Z 00000001400491e0     msvcprtd:MSVCP140D.dll
 0006:000001e8       __imp_?setg@?$basic_streambuf@DU?$char_traits@D@std@@@std@@IEAAXPEAD00@Z 00000001400491e8     msvcprtd:MSVCP140D.dll
 0006:000001f0       __imp_?epptr@?$basic_streambuf@DU?$char_traits@D@std@@@std@@IEBAPEADXZ 00000001400491f0     msvcprtd:MSVCP140D.dll
 0006:000001f8       __imp_?_Gndec@?$basic_streambuf@DU?$char_traits@D@std@@@std@@IEAAPEADXZ 00000001400491f8     msvcprtd:MSVCP140D.dll
 0006:00000200       __imp_?_Gninc@?$basic_streambuf@DU?$char_traits@D@std@@@std@@IEAAPEADXZ 0000000140049200     msvcprtd:MSVCP140D.dll
 0006:00000208       __imp_?pbump@?$basic_streambuf@DU?$char_traits@D@std@@@std@@IEAAXH@Z 0000000140049208     msvcprtd:MSVCP140D.dll
 0006:00000210       __imp_?setp@?$basic_streambuf@DU?$char_traits@D@std@@@std@@IEAAXPEAD0@Z 0000000140049210     msvcprtd:MSVCP140D.dll
 0006:00000218       __imp_?setp@?$basic_streambuf@DU?$char_traits@D@std@@@std@@IEAAXPEAD00@Z 0000000140049218     msvcprtd:MSVCP140D.dll
 0006:00000220       __imp_?_Pninc@?$basic_streambuf@DU?$char_traits@D@std@@@std@@IEAAPEADXZ 0000000140049220     msvcprtd:MSVCP140D.dll
 0006:00000228       __imp_?_Init@?$basic_streambuf@DU?$char_traits@D@std@@@std@@IEAAXXZ 0000000140049228     msvcprtd:MSVCP140D.dll
 0006:00000230       __imp_?_Init@?$basic_streambuf@DU?$char_traits@D@std@@@std@@IEAAXPEAPEAD0PEAH001@Z 0000000140049230     msvcprtd:MSVCP140D.dll
 0006:00000238       __imp_??1?$basic_ios@DU?$char_traits@D@std@@@std@@UEAA@XZ 0000000140049238     msvcprtd:MSVCP140D.dll
 0006:00000240       __imp_?clear@?$basic_ios@DU?$char_traits@D@std@@@std@@QEAAXH_N@Z 0000000140049240     msvcprtd:MSVCP140D.dll
 0006:00000248       __imp_?setstate@?$basic_ios@DU?$char_traits@D@std@@@std@@QEAAXH_N@Z 0000000140049248     msvcprtd:MSVCP140D.dll
 0006:00000250       __imp_?tie@?$basic_ios@DU?$char_traits@D@std@@@std@@QEBAPEAV?$basic_ostream@DU?$char_traits@D@std@@@2@XZ 0000000140049250     msvcprtd:MSVCP140D.dll
 0006:00000258       __imp_?rdbuf@?$basic_ios@DU?$char_traits@D@std@@@std@@QEBAPEAV?$basic_streambuf@DU?$char_traits@D@std@@@2@XZ 0000000140049258     msvcprtd:MSVCP140D.dll
 0006:00000260       __imp_?fill@?$basic_ios@DU?$char_traits@D@std@@@std@@QEBADXZ 0000000140049260     msvcprtd:MSVCP140D.dll
 0006:00000268       __imp_?widen@?$basic_ios@DU?$char_traits@D@std@@@std@@QEBADD@Z 0000000140049268     msvcprtd:MSVCP140D.dll
 0006:00000270       __imp_??0?$basic_ios@DU?$char_traits@D@std@@@std@@IEAA@XZ 0000000140049270     msvcprtd:MSVCP140D.dll
 0006:00000278       __imp_??0?$basic_ostream@DU?$char_traits@D@std@@@std@@QEAA@PEAV?$basic_streambuf@DU?$char_traits@D@std@@@1@_N@Z 0000000140049278     msvcprtd:MSVCP140D.dll
 0006:00000280       __imp_??1?$basic_ostream@DU?$char_traits@D@std@@@std@@UEAA@XZ 0000000140049280     msvcprtd:MSVCP140D.dll
 0006:00000288       __imp_??0?$basic_streambuf@DU?$char_traits@D@std@@@std@@IEAA@XZ 0000000140049288     msvcprtd:MSVCP140D.dll
 0006:00000290       __imp_??6?$basic_ostream@DU?$char_traits@D@std@@@std@@QEAAAEAV01@P6AAEAV01@AEAV01@@Z@Z 0000000140049290     msvcprtd:MSVCP140D.dll
 0006:00000298       __imp_??6?$basic_ostream@DU?$char_traits@D@std@@@std@@QEAAAEAV01@G@Z 0000000140049298     msvcprtd:MSVCP140D.dll
 0006:000002a0       __imp_??6?$basic_ostream@DU?$char_traits@D@std@@@std@@QEAAAEAV01@H@Z 00000001400492a0     msvcprtd:MSVCP140D.dll
 0006:000002a8       __imp_?put@?$basic_ostream@DU?$char_traits@D@std@@@std@@QEAAAEAV12@D@Z 00000001400492a8     msvcprtd:MSVCP140D.dll
 0006:000002b0       __imp_?flush@?$basic_ostream@DU?$char_traits@D@std@@@std@@QEAAAEAV12@XZ 00000001400492b0     msvcprtd:MSVCP140D.dll
 0006:000002b8       __imp_??0?$basic_istream@DU?$char_traits@D@std@@@std@@QEAA@PEAV?$basic_streambuf@DU?$char_traits@D@std@@@1@_N@Z 00000001400492b8     msvcprtd:MSVCP140D.dll
 0006:000002c0       __imp_??1?$basic_istream@DU?$char_traits@D@std@@@std@@UEAA@XZ 00000001400492c0     msvcprtd:MSVCP140D.dll
 0006:000002c8       __imp_?_Ipfx@?$basic_istream@DU?$char_traits@D@std@@@std@@QEAA_N_N@Z 00000001400492c8     msvcprtd:MSVCP140D.dll
 0006:000002d0       __imp_??0?$basic_iostream@DU?$char_traits@D@std@@@std@@QEAA@PEAV?$basic_streambuf@DU?$char_traits@D@std@@@1@@Z 00000001400492d0     msvcprtd:MSVCP140D.dll
 0006:000002d8       __imp_??1?$basic_iostream@DU?$char_traits@D@std@@@std@@UEAA@XZ 00000001400492d8     msvcprtd:MSVCP140D.dll
 0006:000002e0       __imp_?_Fiopen@std@@YAPEAU_iobuf@@PEBDHH@Z 00000001400492e0     msvcprtd:MSVCP140D.dll
 0006:000002e8       __imp_?_Random_device@std@@YAIXZ 00000001400492e8     msvcprtd:MSVCP140D.dll
 0006:000002f0       __imp_?_Lock@?$basic_streambuf@DU?$char_traits@D@std@@@std@@UEAAXXZ 00000001400492f0     msvcprtd:MSVCP140D.dll
 0006:000002f8       __imp_?_Unlock@?$basic_streambuf@DU?$char_traits@D@std@@@std@@UEAAXXZ 00000001400492f8     msvcprtd:MSVCP140D.dll
 0006:00000300       __imp_?imbue@?$basic_streambuf@DU?$char_traits@D@std@@@std@@MEAAXAEBVlocale@2@@Z 0000000140049300     msvcprtd:MSVCP140D.dll
 0006:00000308       __imp_?setbuf@?$basic_streambuf@DU?$char_traits@D@std@@@std@@MEAAPEAV12@PEAD_J@Z 0000000140049308     msvcprtd:MSVCP140D.dll
 0006:00000310       __imp_?showmanyc@?$basic_streambuf@DU?$char_traits@D@std@@@std@@MEAA_JXZ 0000000140049310     msvcprtd:MSVCP140D.dll
 0006:00000318       __imp_?sync@?$basic_streambuf@DU?$char_traits@D@std@@@std@@MEAAHXZ 0000000140049318     msvcprtd:MSVCP140D.dll
 0006:00000320       __imp_?uflow@?$basic_streambuf@DU?$char_traits@D@std@@@std@@MEAAHXZ 0000000140049320     msvcprtd:MSVCP140D.dll
 0006:00000328       __imp_?xsgetn@?$basic_streambuf@DU?$char_traits@D@std@@@std@@MEAA_JPEAD_J@Z 0000000140049328     msvcprtd:MSVCP140D.dll
 0006:00000330       __imp_?xsputn@?$basic_streambuf@DU?$char_traits@D@std@@@std@@MEAA_JPEBD_J@Z 0000000140049330     msvcprtd:MSVCP140D.dll
 0006:00000338       __imp_?_BADOFF@std@@3_JB   0000000140049338     msvcprtd:MSVCP140D.dll
 0006:00000340       __imp_?id@?$ctype@D@std@@2V0locale@2@A 0000000140049340     msvcprtd:MSVCP140D.dll
 0006:00000348       __imp_?id@?$codecvt@DDU_Mbstatet@@@std@@2V0locale@2@A 0000000140049348     msvcprtd:MSVCP140D.dll
 0006:00000350       __imp_?cin@std@@3V?$basic_istream@DU?$char_traits@D@std@@@1@A 0000000140049350     msvcprtd:MSVCP140D.dll
 0006:00000358       __imp_?cout@std@@3V?$basic_ostream@DU?$char_traits@D@std@@@1@A 0000000140049358     msvcprtd:MSVCP140D.dll
 0006:00000360       __imp_??1?$basic_streambuf@DU?$char_traits@D@std@@@std@@UEAA@XZ 0000000140049360     msvcprtd:MSVCP140D.dll
 0006:00000368       __imp_??0_Lockit@std@@QEAA@H@Z 0000000140049368     msvcprtd:MSVCP140D.dll
 0006:00000370       __imp_??1_Lockit@std@@QEAA@XZ 0000000140049370     msvcprtd:MSVCP140D.dll
 0006:00000378       __imp_?uncaught_exception@std@@YA_NXZ 0000000140049378     msvcprtd:MSVCP140D.dll
 0006:00000380       __imp_?_Debug_message@std@@YAXPEB_W0I@Z 0000000140049380     msvcprtd:MSVCP140D.dll
 0006:00000388       __imp_?_Xbad_alloc@std@@YAXXZ 0000000140049388     msvcprtd:MSVCP140D.dll
 0006:00000390       __imp_?_Xlength_error@std@@YAXPEBD@Z 0000000140049390     msvcprtd:MSVCP140D.dll
 0006:00000398       __imp_?_Xout_of_range@std@@YAXPEBD@Z 0000000140049398     msvcprtd:MSVCP140D.dll
 0006:000003a0       __imp_??Bid@locale@std@@QEAA_KXZ 00000001400493a0     msvcprtd:MSVCP140D.dll
 0006:000003a8       __imp_?_Getgloballocale@locale@std@@CAPEAV_Locimp@12@XZ 00000001400493a8     msvcprtd:MSVCP140D.dll
 0006:000003b0       __imp_?always_noconv@codecvt_base@std@@QEBA_NXZ 00000001400493b0     msvcprtd:MSVCP140D.dll
 0006:000003b8       __imp_?is@?$ctype@D@std@@QEBA_NFD@Z 00000001400493b8     msvcprtd:MSVCP140D.dll
 0006:000003c0       __imp_?_Getcat@?$ctype@D@std@@SA_KPEAPEBVfacet@locale@2@PEBV42@@Z 00000001400493c0     msvcprtd:MSVCP140D.dll
 0006:000003c8       __imp_?in@?$codecvt@DDU_Mbstatet@@@std@@QEBAHAEAU_Mbstatet@@PEBD1AEAPEBDPEAD3AEAPEAD@Z 00000001400493c8     msvcprtd:MSVCP140D.dll
 0006:000003d0       __imp_?out@?$codecvt@DDU_Mbstatet@@@std@@QEBAHAEAU_Mbstatet@@PEBD1AEAPEBDPEAD3AEAPEAD@Z 00000001400493d0     msvcprtd:MSVCP140D.dll
 0006:000003d8       __imp_?getloc@ios_base@std@@QEBA?AVlocale@2@XZ 00000001400493d8     msvcprtd:MSVCP140D.dll
 0006:000003e0       __imp_?width@ios_base@std@@QEAA_J_J@Z 00000001400493e0     msvcprtd:MSVCP140D.dll
 0006:000003e8       __imp_?width@ios_base@std@@QEBA_JXZ 00000001400493e8     msvcprtd:MSVCP140D.dll
 0006:000003f0       __imp_?flags@ios_base@std@@QEBAHXZ 00000001400493f0     msvcprtd:MSVCP140D.dll
 0006:000003f8       __imp_?eof@ios_base@std@@QEBA_NXZ 00000001400493f8     msvcprtd:MSVCP140D.dll
 0006:00000400       __imp_?good@ios_base@std@@QEBA_NXZ 0000000140049400     msvcprtd:MSVCP140D.dll
 0006:00000408       __imp_?_Getcat@?$codecvt@DDU_Mbstatet@@@std@@SA_KPEAPEBVfacet@locale@2@PEBV42@@Z 0000000140049408     msvcprtd:MSVCP140D.dll
 0006:00000410       __imp_?unshift@?$codecvt@DDU_Mbstatet@@@std@@QEBAHAEAU_Mbstatet@@PEAD1AEAPEAD@Z 0000000140049410     msvcprtd:MSVCP140D.dll
 0006:00000418       __imp_?_Osfx@?$basic_ostream@DU?$char_traits@D@std@@@std@@QEAAXXZ 0000000140049418     msvcprtd:MSVCP140D.dll
 0006:00000420       \177MSVCP140D_NULL_THUNK_DATA 0000000140049420     msvcprtd:MSVCP140D.dll
 0006:000004f8       __imp___vcrt_GetModuleFileNameW 00000001400494f8     vcruntimed:VCRUNTIME140D.dll
 0006:00000500       __imp___std_type_info_destroy_list 0000000140049500     vcruntimed:VCRUNTIME140D.dll
 0006:00000508       __imp___C_specific_handler 0000000140049508     vcruntimed:VCRUNTIME140D.dll
 0006:00000510       __imp___CxxFrameHandler3   0000000140049510     vcruntimed:VCRUNTIME140D.dll
 0006:00000518       __imp__CxxThrowException   0000000140049518     vcruntimed:VCRUNTIME140D.dll
 0006:00000520       __imp___vcrt_GetModuleHandleW 0000000140049520     vcruntimed:VCRUNTIME140D.dll
 0006:00000528       __imp___std_exception_copy 0000000140049528     vcruntimed:VCRUNTIME140D.dll
 0006:00000530       __imp_memset               0000000140049530     vcruntimed:VCRUNTIME140D.dll
 0006:00000538       __imp_memmove              0000000140049538     vcruntimed:VCRUNTIME140D.dll
 0006:00000540       __imp_memcpy               0000000140049540     vcruntimed:VCRUNTIME140D.dll
 0006:00000548       __imp_memcmp               0000000140049548     vcruntimed:VCRUNTIME140D.dll
 0006:00000550       __imp_memchr               0000000140049550     vcruntimed:VCRUNTIME140D.dll
 0006:00000558       __imp___std_exception_destroy 0000000140049558     vcruntimed:VCRUNTIME140D.dll
 0006:00000560       __imp___vcrt_LoadLibraryExW 0000000140049560     vcruntimed:VCRUNTIME140D.dll
 0006:00000568       \177VCRUNTIME140D_NULL_THUNK_DATA 0000000140049568     vcruntimed:VCRUNTIME140D.dll
 0006:000005d0       __imp_PlaySoundA           00000001400495d0     winmm:WINMM.dll
 0006:000005d8       \177WINMM_NULL_THUNK_DATA  00000001400495d8     winmm:WINMM.dll
 0006:00000630       __imp__free_dbg            0000000140049630     ucrtd:ucrtbased.dll
 0006:00000638       __imp__malloc_dbg          0000000140049638     ucrtd:ucrtbased.dll
 0006:00000640       __imp__callnewh            0000000140049640     ucrtd:ucrtbased.dll
 0006:00000648       __imp_malloc               0000000140049648     ucrtd:ucrtbased.dll
 0006:00000650       __imp__seh_filter_dll      0000000140049650     ucrtd:ucrtbased.dll
 0006:00000658       __imp__configure_narrow_argv 0000000140049658     ucrtd:ucrtbased.dll
 0006:00000660       __imp__initialize_narrow_environment 0000000140049660     ucrtd:ucrtbased.dll
 0006:00000668       __imp__initialize_onexit_table 0000000140049668     ucrtd:ucrtbased.dll
 0006:00000670       __imp__register_onexit_function 0000000140049670     ucrtd:ucrtbased.dll
 0006:00000678       __imp__execute_onexit_table 0000000140049678     ucrtd:ucrtbased.dll
 0006:00000680       __imp__crt_atexit          0000000140049680     ucrtd:ucrtbased.dll
 0006:00000688       __imp__crt_at_quick_exit   0000000140049688     ucrtd:ucrtbased.dll
 0006:00000690       __imp__cexit               0000000140049690     ucrtd:ucrtbased.dll
 0006:00000698       __imp__CrtDbgReport        0000000140049698     ucrtd:ucrtbased.dll
 0006:000006a0       __imp__seh_filter_exe      00000001400496a0     ucrtd:ucrtbased.dll
 0006:000006a8       __imp__set_app_type        00000001400496a8     ucrtd:ucrtbased.dll
 0006:000006b0       __imp___setusermatherr     00000001400496b0     ucrtd:ucrtbased.dll
 0006:000006b8       __imp__get_initial_narrow_environment 00000001400496b8     ucrtd:ucrtbased.dll
 0006:000006c0       __imp__initterm            00000001400496c0     ucrtd:ucrtbased.dll
 0006:000006c8       __imp__initterm_e          00000001400496c8     ucrtd:ucrtbased.dll
 0006:000006d0       __imp_exit                 00000001400496d0     ucrtd:ucrtbased.dll
 0006:000006d8       __imp__exit                00000001400496d8     ucrtd:ucrtbased.dll
 0006:000006e0       __imp__set_fmode           00000001400496e0     ucrtd:ucrtbased.dll
 0006:000006e8       __imp___p___argc           00000001400496e8     ucrtd:ucrtbased.dll
 0006:000006f0       __imp___p___argv           00000001400496f0     ucrtd:ucrtbased.dll
 0006:000006f8       __imp__c_exit              00000001400496f8     ucrtd:ucrtbased.dll
 0006:00000700       __imp__register_thread_local_exe_atexit_callback 0000000140049700     ucrtd:ucrtbased.dll
 0006:00000708       __imp__configthreadlocale  0000000140049708     ucrtd:ucrtbased.dll
 0006:00000710       __imp__set_new_mode        0000000140049710     ucrtd:ucrtbased.dll
 0006:00000718       __imp_setlocale            0000000140049718     ucrtd:ucrtbased.dll
 0006:00000720       __imp_terminate            0000000140049720     ucrtd:ucrtbased.dll
 0006:00000728       __imp_strcpy_s             0000000140049728     ucrtd:ucrtbased.dll
 0006:00000730       __imp_strcat_s             0000000140049730     ucrtd:ucrtbased.dll
 0006:00000738       __imp___stdio_common_vsprintf_s 0000000140049738     ucrtd:ucrtbased.dll
 0006:00000740       __imp__wmakepath_s         0000000140049740     ucrtd:ucrtbased.dll
 0006:00000748       __imp__wsplitpath_s        0000000140049748     ucrtd:ucrtbased.dll
 0006:00000750       __imp_wcscpy_s             0000000140049750     ucrtd:ucrtbased.dll
 0006:00000758       __imp__access              0000000140049758     ucrtd:ucrtbased.dll
 0006:00000760       __imp_strlen               0000000140049760     ucrtd:ucrtbased.dll
 0006:00000768       __imp__unlock_file         0000000140049768     ucrtd:ucrtbased.dll
 0006:00000770       __imp__lock_file           0000000140049770     ucrtd:ucrtbased.dll
 0006:00000778       __imp_ungetc               0000000140049778     ucrtd:ucrtbased.dll
 0006:00000780       __imp_setvbuf              0000000140049780     ucrtd:ucrtbased.dll
 0006:00000788       __imp_remove               0000000140049788     ucrtd:ucrtbased.dll
 0006:00000790       __imp_fwrite               0000000140049790     ucrtd:ucrtbased.dll
 0006:00000798       __imp__fseeki64            0000000140049798     ucrtd:ucrtbased.dll
 0006:000007a0       __imp_fsetpos              00000001400497a0     ucrtd:ucrtbased.dll
 0006:000007a8       __imp_fputc                00000001400497a8     ucrtd:ucrtbased.dll
 0006:000007b0       __imp_fgetpos              00000001400497b0     ucrtd:ucrtbased.dll
 0006:000007b8       __imp_fgetc                00000001400497b8     ucrtd:ucrtbased.dll
 0006:000007c0       __imp_fflush               00000001400497c0     ucrtd:ucrtbased.dll
 0006:000007c8       __imp_fclose               00000001400497c8     ucrtd:ucrtbased.dll
 0006:000007d0       __imp__get_stream_buffer_pointers 00000001400497d0     ucrtd:ucrtbased.dll
 0006:000007d8       __imp_system               00000001400497d8     ucrtd:ucrtbased.dll
 0006:000007e0       __imp_atoi                 00000001400497e0     ucrtd:ucrtbased.dll
 0006:000007e8       __imp_rand                 00000001400497e8     ucrtd:ucrtbased.dll
 0006:000007f0       __imp_srand                00000001400497f0     ucrtd:ucrtbased.dll
 0006:000007f8       __imp__errno               00000001400497f8     ucrtd:ucrtbased.dll
 0006:00000800       __imp__time64              0000000140049800     ucrtd:ucrtbased.dll
 0006:00000808       __imp__invalid_parameter_noinfo 0000000140049808     ucrtd:ucrtbased.dll
 0006:00000810       __imp__invalid_parameter   0000000140049810     ucrtd:ucrtbased.dll
 0006:00000818       __imp___p__commode         0000000140049818     ucrtd:ucrtbased.dll
 0006:00000820       __imp__CrtDbgReportW       0000000140049820     ucrtd:ucrtbased.dll
 0006:00000828       \177ucrtbased_NULL_THUNK_DATA 0000000140049828     ucrtd:ucrtbased.dll
 0006:000008e0       __IMPORT_DESCRIPTOR_WINMM  00000001400498e0     winmm:WINMM.dll
 0006:000008f4       __IMPORT_DESCRIPTOR_KERNEL32 00000001400498f4     kernel32:KERNEL32.dll
 0006:00000908       __IMPORT_DESCRIPTOR_MSVCP140D 0000000140049908     msvcprtd:MSVCP140D.dll
 0006:0000091c       __IMPORT_DESCRIPTOR_VCRUNTIME140D 000000014004991c     vcruntimed:VCRUNTIME140D.dll
 0006:00000930       __IMPORT_DESCRIPTOR_ucrtbased 0000000140049930     ucrtd:ucrtbased.dll
 0006:00000944       __NULL_IMPORT_DESCRIPTOR   0000000140049944     winmm:WINMM.dll
 0007:00000000       __guard_check_icall_fptr   000000014004d000     MSVCRTD:guard_support.obj
 0007:00000010       __guard_dispatch_icall_fptr 000000014004d010     MSVCRTD:guard_support.obj
 0007:00000020       __guard_ss_verify_failure_fptr 000000014004d020     MSVCRTD:guard_support.obj
 0007:00000030       __guard_ss_verify_sp_fptr  000000014004d030     MSVCRTD:guard_support.obj
