 Ruletka

 Timestamp is 5a27cc66 (Wed Dec  6 11:54:30 2017)

 Preferred load address is 0000000140000000

 Start         Length     Name                   Class
 0001:00000000 00010495H .textbss                DATA
 0002:00000000 00003050H .text$di                CODE
 0002:00003050 0001ffa0H .text$mn                CODE
 0002:00022ff0 00001110H .text$mn$00             CODE
 0002:00024100 00002d00H .text$x                 CODE
 0002:00026e00 0000106eH .text$yd                CODE
 0003:00000000 00000110H .CRT$XCA                DATA
 0003:00000110 00000110H .CRT$XCAA               DATA
 0003:00000220 00000110H .CRT$XCL                DATA
 0003:00000330 00000110H .CRT$XCU                DATA
 0003:00000440 00000110H .CRT$XCZ                DATA
 0003:00000550 00000110H .CRT$XIA                DATA
 0003:00000660 00000110H .CRT$XIAA               DATA
 0003:00000770 00000110H .CRT$XIAC               DATA
 0003:00000880 00000110H .CRT$XIZ                DATA
 0003:00000990 00000110H .CRT$XPA                DATA
 0003:00000aa0 00000110H .CRT$XPZ                DATA
 0003:00000bb0 00000110H .CRT$XTA                DATA
 0003:00000cc0 00000110H .CRT$XTZ                DATA
 0003:00000dd0 000067c0H .rdata                  DATA
 0003:00007590 00000c58H .rdata$r                DATA
 0003:000081e8 000001b8H .rdata$zzzdbg           DATA
 0003:000083a0 00000110H .rtc$IAA                DATA
 0003:000084b0 00000110H .rtc$IMZ                DATA
 0003:000085c0 00000110H .rtc$IZZ                DATA
 0003:000086d0 00000110H .rtc$TAA                DATA
 0003:000087e0 00000110H .rtc$TMZ                DATA
 0003:000088f0 00000110H .rtc$TZZ                DATA
 0003:00008a00 000044f0H .xdata                  DATA
 0003:0000cef0 00000275H .xdata$x                DATA
 0003:0000d165 00000000H .edata                  DATA
 0004:00000000 000001b0H .data                   DATA
 0004:000001b0 00000630H .data$r                 DATA
 0004:000007e0 00000801H .bss                    DATA
 0005:00000000 00003a8cH .pdata                  DATA
 0006:00000000 00000948H .idata$5                DATA
 0006:00000948 00000078H .idata$2                DATA
 0006:000009c0 00000018H .idata$3                DATA
 0006:000009d8 00000948H .idata$4                DATA
 0006:00001320 00001f7dH .idata$6                DATA
 0007:00000000 0000013fH .00cfg                  DATA
 0008:00000000 00000170H .rsrc$01                DATA
 0008:00000170 000002ccH .rsrc$02                DATA

  Address         Publics by Value              Rva+Base               Lib:Object

 0000:00000000       __hybrid_auxiliary_iat     0000000000000000     <absolute>
 0000:00000000       __hybrid_code_map          0000000000000000     <absolute>
 0000:00000000       __enclave_config           0000000000000000     <absolute>
 0000:00000000       ___safe_se_handler_count   0000000000000000     <absolute>
 0000:00000000       __guard_longjmp_table      0000000000000000     <absolute>
 0000:00000000       __guard_iat_count          0000000000000000     <absolute>
 0000:00000000       __guard_fids_count         0000000000000000     <absolute>
 0000:00000000       __guard_iat_table          0000000000000000     <absolute>
 0000:00000000       __dynamic_value_reloc_table 0000000000000000     <absolute>
 0000:00000000       __hybrid_code_map_count    0000000000000000     <absolute>
 0000:00000000       __guard_longjmp_count      0000000000000000     <absolute>
 0000:00000000       ___safe_se_handler_table   0000000000000000     <absolute>
 0000:00000000       __guard_fids_table         0000000000000000     <absolute>
 0000:00000100       __guard_flags              0000000000000100     <absolute>
 0000:00000000       __ImageBase                0000000140000000     <linker-defined>
 0001:00000000       __enc$textbss$begin        0000000140001000     <linker-defined>
 0001:00010495       __enc$textbss$end          0000000140011495     <linker-defined>
 0002:00003050       ??$?0$$V@?$_Compressed_pair@V?$allocator@D@std@@V?$_String_val@U?$_Simple_types@D@std@@@2@$00@std@@QEAA@U_Zero_then_variadic_args_t@1@@Z 0000000140015050 f i main.obj
 0002:000030c0       ??$?0D@?$allocator@U_Container_proxy@std@@@std@@QEAA@AEBV?$allocator@D@1@@Z 00000001400150c0 f i main.obj
 0002:00003110       ??$?0V?$allocator@D@std@@$$V@?$_Compressed_pair@V?$allocator@D@std@@V?$_String_val@U?$_Simple_types@D@std@@@2@$00@std@@QEAA@U_One_then_variadic_args_t@1@$$QEAV?$allocator@D@1@@Z 0000000140015110 f i main.obj
 0002:00003190       ??$?0V?$allocator@D@std@@X@?$_String_alloc@U?$_String_base_types@DV?$allocator@D@std@@@std@@@std@@QEAA@$$QEAV?$allocator@D@1@@Z 0000000140015190 f i main.obj
 0002:00003230       ??$?5DU?$char_traits@D@std@@V?$allocator@D@1@@std@@YAAEAV?$basic_istream@DU?$char_traits@D@std@@@0@$$QEAV10@AEAV?$basic_string@DU?$char_traits@D@std@@V?$allocator@D@2@@0@@Z 0000000140015230 f i main.obj
 0002:000036d0       ??$?5DU?$char_traits@D@std@@V?$allocator@D@1@@std@@YAAEAV?$basic_istream@DU?$char_traits@D@std@@@0@AEAV10@AEAV?$basic_string@DU?$char_traits@D@std@@V?$allocator@D@2@@0@@Z 00000001400156d0 f i main.obj
 0002:00003740       ??$?6DU?$char_traits@D@std@@V?$allocator@D@1@@std@@YAAEAV?$basic_ostream@DU?$char_traits@D@std@@@0@AEAV10@AEBV?$basic_string@DU?$char_traits@D@std@@V?$allocator@D@2@@0@@Z 0000000140015740 f i main.obj
 0002:000037d0       ??$?6U?$char_traits@D@std@@@std@@YAAEAV?$basic_ostream@DU?$char_traits@D@std@@@0@AEAV10@PEBD@Z 00000001400157d0 f i main.obj
 0002:00003ce0       ??$?8DU?$char_traits@D@std@@V?$allocator@D@1@@std@@YA_NAEBV?$basic_string@DU?$char_traits@D@std@@V?$allocator@D@2@@0@QEBD@Z 0000000140015ce0 f i main.obj
 0002:00003d40       ??$?9DD@std@@YA_NAEBV?$allocator@D@0@0@Z 0000000140015d40 f i main.obj
 0002:00003d90       ??$?9DU?$char_traits@D@std@@V?$allocator@D@1@@std@@YA_NAEBV?$basic_string@DU?$char_traits@D@std@@V?$allocator@D@2@@0@QEBD@Z 0000000140015d90 f i main.obj
 0002:00003e20       ??$?HDU?$char_traits@D@std@@V?$allocator@D@1@@std@@YA?AV?$basic_string@DU?$char_traits@D@std@@V?$allocator@D@2@@0@$$QEAV10@0@Z 0000000140015e20 f i main.obj
 0002:00003fe0       ??$?HDU?$char_traits@D@std@@V?$allocator@D@1@@std@@YA?AV?$basic_string@DU?$char_traits@D@std@@V?$allocator@D@2@@0@$$QEAV10@D@Z 0000000140015fe0 f i main.obj
 0002:00004090       ??$?HDU?$char_traits@D@std@@V?$allocator@D@1@@std@@YA?AV?$basic_string@DU?$char_traits@D@std@@V?$allocator@D@2@@0@$$QEAV10@QEBD@Z 0000000140016090 f i main.obj
 0002:00004140       ??$?HDU?$char_traits@D@std@@V?$allocator@D@1@@std@@YA?AV?$basic_string@DU?$char_traits@D@std@@V?$allocator@D@2@@0@AEBV10@$$QEAV10@@Z 0000000140016140 f i main.obj
 0002:000041f0       ??$?HDU?$char_traits@D@std@@V?$allocator@D@1@@std@@YA?AV?$basic_string@DU?$char_traits@D@std@@V?$allocator@D@2@@0@AEBV10@0@Z 00000001400161f0 f i main.obj
 0002:00004350       ??$?HDU?$char_traits@D@std@@V?$allocator@D@1@@std@@YA?AV?$basic_string@DU?$char_traits@D@std@@V?$allocator@D@2@@0@AEBV10@QEBD@Z 0000000140016350 f i main.obj
 0002:000044c0       ??$?HDU?$char_traits@D@std@@V?$allocator@D@1@@std@@YA?AV?$basic_string@DU?$char_traits@D@std@@V?$allocator@D@2@@0@QEBDAEBV10@@Z 00000001400164c0 f i main.obj
 0002:00004630       ??$?RVrandom_device@std@@@?$uniform_int@H@std@@QEBAHAEAVrandom_device@1@@Z 0000000140016630 f i main.obj
 0002:000046b0       ??$_Convert_size@_K@std@@YA_K_K@Z 00000001400166b0 f i main.obj
 0002:00004700       ??$_Deallocate_plain@V?$allocator@U_Container_proxy@std@@@std@@$0A@@std@@YAXAEAV?$allocator@U_Container_proxy@std@@@0@QEAU_Container_proxy@0@@Z 0000000140016700 f i main.obj
 0002:00004770       ??$_Eval@Vrandom_device@std@@@?$uniform_int@H@std@@AEBAHAEAVrandom_device@1@HH@Z 0000000140016770 f i main.obj
 0002:000048b0       ??$_Fgetc@D@std@@YA_NAEADPEAU_iobuf@@@Z 00000001400168b0 f i main.obj
 0002:00004930       ??$_Fputc@D@std@@YA_NDPEAU_iobuf@@@Z 0000000140016930 f i main.obj
 0002:000049c0       ??$_Insert_string@DU?$char_traits@D@std@@_K@std@@YAAEAV?$basic_ostream@DU?$char_traits@D@std@@@0@AEAV10@QEBD_K@Z 00000001400169c0 f i main.obj
 0002:00004ed0       ??$_Max_value@_K@std@@YAAEB_KAEB_K0@Z 0000000140016ed0 f i main.obj
 0002:00004f70       ??$_Min_value@_K@std@@YAAEB_KAEB_K0@Z 0000000140016f70 f i main.obj
 0002:00005010       ??$_Pocca@V?$allocator@D@std@@@std@@YAXAEAV?$allocator@D@0@AEBV10@@Z 0000000140017010 f i main.obj
 0002:00005090       ??$_Pocca@V?$allocator@D@std@@@std@@YAXAEAV?$allocator@D@0@AEBV10@U?$integral_constant@_N$0A@@0@@Z 0000000140017090 f i main.obj
 0002:000050e0       ??$_Pocma@V?$allocator@D@std@@@std@@YAXAEAV?$allocator@D@0@0@Z 00000001400170e0 f i main.obj
 0002:00005160       ??$_Pocma@V?$allocator@D@std@@@std@@YAXAEAV?$allocator@D@0@0U?$integral_constant@_N$00@0@@Z 0000000140017160 f i main.obj
 0002:00006400       ??$_Refancy@PEAD$0A@@std@@YAPEADPEAD@Z 0000000140018400 f i main.obj
 0002:00006450       ??$_Traits_equal@U?$char_traits@D@std@@@std@@YA_NQEBD_K01@Z 0000000140018450 f i main.obj
 0002:00006510       ??$_Traits_find@U?$char_traits@D@std@@@std@@YA_KQEBD_K101@Z 0000000140018510 f i main.obj
 0002:000066a0       ??$_Unfancy@$$CBD@std@@YAPEBDPEBD@Z 00000001400186a0 f i main.obj
 0002:000066f0       ??$_Unfancy@D@std@@YAPEADPEAD@Z 00000001400186f0 f i main.obj
 0002:00006740       ??$_Unfancy@U_Container_proxy@std@@@std@@YAPEAU_Container_proxy@0@PEAU10@@Z 0000000140018740 f i main.obj
 0002:00006790       ??$_Ungetc@D@std@@YA_NAEBDPEAU_iobuf@@@Z 0000000140018790 f i main.obj
 0002:00006830       ??$addressof@$$CBV?$basic_string@DU?$char_traits@D@std@@V?$allocator@D@2@@std@@@std@@YAPEBV?$basic_string@DU?$char_traits@D@std@@V?$allocator@D@2@@0@AEBV10@@Z 0000000140018830 f i main.obj
 0002:00006880       ??$addressof@D@std@@YAPEADAEAD@Z 0000000140018880 f i main.obj
 0002:000068d0       ??$addressof@PEAD@std@@YAPEAPEADAEAPEAD@Z 00000001400188d0 f i main.obj
 0002:00006920       ??$addressof@V?$_String_val@U?$_Simple_types@D@std@@@std@@@std@@YAPEAV?$_String_val@U?$_Simple_types@D@std@@@0@AEAV10@@Z 0000000140018920 f i main.obj
 0002:00006970       ??$addressof@V?$basic_string@DU?$char_traits@D@std@@V?$allocator@D@2@@std@@@std@@YAPEAV?$basic_string@DU?$char_traits@D@std@@V?$allocator@D@2@@0@AEAV10@@Z 0000000140018970 f i main.obj
 0002:000069c0       ??$construct@PEADAEBQEAD@?$_Default_allocator_traits@V?$allocator@D@std@@@std@@SAXAEAV?$allocator@D@1@QEAPEADAEBQEAD@Z 00000001400189c0 f i main.obj
 0002:00006a50       ??$construct@U_Container_proxy@std@@U12@@?$_Default_allocator_traits@V?$allocator@U_Container_proxy@std@@@std@@@std@@SAXAEAV?$allocator@U_Container_proxy@std@@@1@QEAU_Container_proxy@1@$$QEAU31@@Z 0000000140018a50 f i main.obj
 0002:00006af0       ??$destroy@PEAD@?$_Default_allocator_traits@V?$allocator@D@std@@@std@@SAXAEAV?$allocator@D@1@QEAPEAD@Z 0000000140018af0 f i main.obj
 0002:00006b40       ??$destroy@U_Container_proxy@std@@@?$_Default_allocator_traits@V?$allocator@U_Container_proxy@std@@@std@@@std@@SAXAEAV?$allocator@U_Container_proxy@std@@@1@QEAU_Container_proxy@1@@Z 0000000140018b40 f i main.obj
 0002:00006b90       ??$endl@DU?$char_traits@D@std@@@std@@YAAEAV?$basic_ostream@DU?$char_traits@D@std@@@0@AEAV10@@Z 0000000140018b90 f i main.obj
 0002:00006c30       ??$forward@AEBQEAD@std@@YAAEBQEADAEBQEAD@Z 0000000140018c30 f i main.obj
 0002:00006c80       ??$forward@U_Container_proxy@std@@@std@@YA$$QEAU_Container_proxy@0@AEAU10@@Z 0000000140018c80 f i main.obj
 0002:00006cd0       ??$forward@V?$allocator@D@std@@@std@@YA$$QEAV?$allocator@D@0@AEAV10@@Z 0000000140018cd0 f i main.obj
 0002:00006d20       ??$getline@DU?$char_traits@D@std@@V?$allocator@D@2@@std@@YAAEAV?$basic_istream@DU?$char_traits@D@std@@@0@$$QEAV10@AEAV?$basic_string@DU?$char_traits@D@std@@V?$allocator@D@2@@0@D@Z 0000000140018d20 f i main.obj
 0002:00007080       ??$getline@DU?$char_traits@D@std@@V?$allocator@D@2@@std@@YAAEAV?$basic_istream@DU?$char_traits@D@std@@@0@AEAV10@AEAV?$basic_string@DU?$char_traits@D@std@@V?$allocator@D@2@@0@@Z 0000000140019080 f i main.obj
 0002:00007130       ??$move@AEAV?$allocator@D@std@@@std@@YA$$QEAV?$allocator@D@0@AEAV10@@Z 0000000140019130 f i main.obj
 0002:00007180       ??$move@AEAV?$basic_istream@DU?$char_traits@D@std@@@std@@@std@@YA$$QEAV?$basic_istream@DU?$char_traits@D@std@@@0@AEAV10@@Z 0000000140019180 f i main.obj
 0002:000071d0       ??$move@AEAV?$basic_string@DU?$char_traits@D@std@@V?$allocator@D@2@@std@@@std@@YA$$QEAV?$basic_string@DU?$char_traits@D@std@@V?$allocator@D@2@@0@AEAV10@@Z 00000001400191d0 f i main.obj
 0002:00007220       ??$size@D$0BB@@std@@YA_KAEAY0BB@$$CBD@Z 0000000140019220 f i main.obj
 0002:00007270       ??$size@D$0BE@@std@@YA_KAEAY0BE@$$CBD@Z 0000000140019270 f i main.obj
 0002:000072c0       ??$size@D$0BH@@std@@YA_KAEAY0BH@$$CBD@Z 00000001400192c0 f i main.obj
 0002:00007310       ??$size@D$0BL@@std@@YA_KAEAY0BL@$$CBD@Z 0000000140019310 f i main.obj
 0002:00007360       ??$size@D$0BM@@std@@YA_KAEAY0BM@$$CBD@Z 0000000140019360 f i main.obj
 0002:000073b0       ??$size@D$0BN@@std@@YA_KAEAY0BN@$$CBD@Z 00000001400193b0 f i main.obj
 0002:00007400       ??$size@D$0CA@@std@@YA_KAEAY0CA@$$CBD@Z 0000000140019400 f i main.obj
 0002:00007450       ??$size@D$0CG@@std@@YA_KAEAY0CG@$$CBD@Z 0000000140019450 f i main.obj
 0002:000074a0       ??$size@D$0O@@std@@YA_KAEAY0O@$$CBD@Z 00000001400194a0 f i main.obj
 0002:000074f0       ??$use_facet@V?$codecvt@DDU_Mbstatet@@@std@@@std@@YAAEBV?$codecvt@DDU_Mbstatet@@@0@AEBVlocale@0@@Z 00000001400194f0 f i main.obj
 0002:000076b0       ??$use_facet@V?$ctype@D@std@@@std@@YAAEBV?$ctype@D@0@AEBVlocale@0@@Z 00000001400196b0 f i main.obj
 0002:00007870       ??0?$_Rng_from_urng@IVrandom_device@std@@@std@@QEAA@AEAVrandom_device@1@@Z 0000000140019870 f i main.obj
 0002:00007970       ??0?$_String_alloc@U?$_String_base_types@DV?$allocator@D@std@@@std@@@std@@QEAA@XZ 0000000140019970 f i main.obj
 0002:00007a00       ??0?$_String_const_iterator@V?$_String_val@U?$_Simple_types@D@std@@@std@@@std@@QEAA@PEBDPEBU_Container_base12@1@@Z 0000000140019a00 f i main.obj
 0002:00007aa0       ??0?$_String_iterator@V?$_String_val@U?$_Simple_types@D@std@@@std@@@std@@QEAA@PEADPEBU_Container_base12@1@@Z 0000000140019aa0 f i main.obj
 0002:00007b20       ??0?$_String_val@U?$_Simple_types@D@std@@@std@@QEAA@XZ 0000000140019b20 f i main.obj
 0002:00007bd0       ??0?$allocator@D@std@@QEAA@XZ 0000000140019bd0 f i main.obj
 0002:00007c20       ??0?$basic_filebuf@DU?$char_traits@D@std@@@std@@QEAA@PEAU_iobuf@@@Z 0000000140019c20 f i main.obj
 0002:00007cd0       ??0?$basic_fstream@DU?$char_traits@D@std@@@std@@QEAA@XZ 0000000140019cd0 f i main.obj
 0002:00007e50       ??0?$basic_ifstream@DU?$char_traits@D@std@@@std@@QEAA@XZ 0000000140019e50 f i main.obj
 0002:00007fb0       ??0?$basic_ofstream@DU?$char_traits@D@std@@@std@@QEAA@XZ 0000000140019fb0 f i main.obj
 0002:00008110       ??0?$basic_string@DU?$char_traits@D@std@@V?$allocator@D@2@@std@@QEAA@$$QEAV01@@Z 000000014001a110 f i main.obj
 0002:000081f0       ??0?$basic_string@DU?$char_traits@D@std@@V?$allocator@D@2@@std@@QEAA@AEBV01@@Z 000000014001a1f0 f i main.obj
 0002:000082a0       ??0?$basic_string@DU?$char_traits@D@std@@V?$allocator@D@2@@std@@QEAA@QEBD@Z 000000014001a2a0 f i main.obj
 0002:00008340       ??0?$basic_string@DU?$char_traits@D@std@@V?$allocator@D@2@@std@@QEAA@QEBD_K@Z 000000014001a340 f i main.obj
 0002:000083f0       ??0?$basic_string@DU?$char_traits@D@std@@V?$allocator@D@2@@std@@QEAA@XZ 000000014001a3f0 f i main.obj
 0002:00008470       ??0?$basic_string@DU?$char_traits@D@std@@V?$allocator@D@2@@std@@QEAA@_KD@Z 000000014001a470 f i main.obj
 0002:00008520       ??0?$basic_stringbuf@DU?$char_traits@D@std@@V?$allocator@D@2@@std@@QEAA@H@Z 000000014001a520 f i main.obj
 0002:000085f0       ??0?$basic_stringstream@DU?$char_traits@D@std@@V?$allocator@D@2@@std@@QEAA@H@Z 000000014001a5f0 f i main.obj
 0002:00008770       ??0?$fpos@U_Mbstatet@@@std@@QEAA@U_Mbstatet@@_J@Z 000000014001a770 f i main.obj
 0002:00008810       ??0?$fpos@U_Mbstatet@@@std@@QEAA@_J@Z 000000014001a810 f i main.obj
 0002:000088b0       ??0?$mersenne_twister@_K$0EA@$0BDI@$0JM@$0BP@$0?EKPNJAKFFGJJOGBH@$0BN@$0BB@$0HBNGHPPPONKGAAAA@$0CF@$0?IBBCAAAAAAAAA@$0CL@@std@@QEAA@_K00@Z 000000014001a8b0 f i main.obj
 0002:00008950       ??0?$mersenne_twister_engine@_K$0EA@$0BDI@$0JM@$0BP@$0?EKPNJAKFFGJJOGBH@$0BN@$0FFFFFFFFFFFFFFFF@$0BB@$0HBNGHPPPONKGAAAA@$0CF@$0?IBBCAAAAAAAAA@$0CL@$0FIFBPECNEMJFHPCN@@std@@QEAA@_K@Z 000000014001a950 f i main.obj
 0002:000089d0       ??0?$uniform_int@H@std@@QEAA@HH@Z 000000014001a9d0 f i main.obj
 0002:00008a50       ??0?$uniform_int_distribution@H@std@@QEAA@HH@Z 000000014001aa50 f i main.obj
 0002:00008ad0       ??0_Bxty@?$_String_val@U?$_Simple_types@D@std@@@std@@QEAA@XZ 000000014001aad0 f i main.obj
 0002:00008b20       ??0_Container_base12@std@@QEAA@XZ 000000014001ab20 f i main.obj
 0002:00008b80       ??0_Container_proxy@std@@QEAA@XZ 000000014001ab80 f i main.obj
 0002:00008bf0       ??0_Iterator_base12@std@@QEAA@XZ 000000014001abf0 f i main.obj
 0002:00008c60       ??0_Sentry_base@?$basic_istream@DU?$char_traits@D@std@@@std@@QEAA@AEAV12@@Z 000000014001ac60 f i main.obj
 0002:00008d80       ??0_Sentry_base@?$basic_ostream@DU?$char_traits@D@std@@@std@@QEAA@AEAV12@@Z 000000014001ad80 f i main.obj
 0002:00008ea0       ??0bad_cast@std@@QEAA@AEBV01@@Z 000000014001aea0 f i main.obj
 0002:00008f20       ??0bad_cast@std@@QEAA@XZ   000000014001af20 f i main.obj
 0002:00008fa0       ??0exception@std@@QEAA@AEBV01@@Z 000000014001afa0 f i main.obj
 0002:00009050       ??0exception@std@@QEAA@QEBDH@Z 000000014001b050 f i main.obj
 0002:000090f0       ??0param_type@?$uniform_int@H@std@@QEAA@HH@Z 000000014001b0f0 f i main.obj
 0002:00009170       ??0random_device@std@@QEAA@AEBV?$basic_string@DU?$char_traits@D@std@@V?$allocator@D@2@@1@@Z 000000014001b170 f i main.obj
 0002:000091d0       ??0sentry@?$basic_istream@DU?$char_traits@D@std@@@std@@QEAA@AEAV12@_N@Z 000000014001b1d0 f i main.obj
 0002:00009280       ??0sentry@?$basic_ostream@DU?$char_traits@D@std@@@std@@QEAA@AEAV12@@Z 000000014001b280 f i main.obj
 0002:00009410       ??1?$_Compressed_pair@V?$allocator@D@std@@V?$_String_val@U?$_Simple_types@D@std@@@2@$00@std@@QEAA@XZ 000000014001b410 f i main.obj
 0002:00009470       ??1?$_String_alloc@U?$_String_base_types@DV?$allocator@D@std@@@std@@@std@@QEAA@XZ 000000014001b470 f i main.obj
 0002:000094f0       ??1?$_String_const_iterator@V?$_String_val@U?$_Simple_types@D@std@@@std@@@std@@QEAA@XZ 000000014001b4f0 f i main.obj
 0002:00009540       ??1?$_String_iterator@V?$_String_val@U?$_Simple_types@D@std@@@std@@@std@@QEAA@XZ 000000014001b540 f i main.obj
 0002:00009590       ??1?$_String_val@U?$_Simple_types@D@std@@@std@@QEAA@XZ 000000014001b590 f i main.obj
 0002:00009600       ??1?$basic_filebuf@DU?$char_traits@D@std@@@std@@UEAA@XZ 000000014001b600 f i main.obj
 0002:000096c0       ??1?$basic_fstream@DU?$char_traits@D@std@@@std@@UEAA@XZ 000000014001b6c0 f i main.obj
 0002:000097b0       ??1?$basic_ifstream@DU?$char_traits@D@std@@@std@@UEAA@XZ 000000014001b7b0 f i main.obj
 0002:000098a0       ??1?$basic_ofstream@DU?$char_traits@D@std@@@std@@UEAA@XZ 000000014001b8a0 f i main.obj
 0002:00009990       ??1?$basic_string@DU?$char_traits@D@std@@V?$allocator@D@2@@std@@QEAA@XZ 000000014001b990 f i main.obj
 0002:00009a00       ??1?$basic_stringbuf@DU?$char_traits@D@std@@V?$allocator@D@2@@std@@UEAA@XZ 000000014001ba00 f i main.obj
 0002:00009a90       ??1?$basic_stringstream@DU?$char_traits@D@std@@V?$allocator@D@2@@std@@UEAA@XZ 000000014001ba90 f i main.obj
 0002:00009b80       ??1_Bxty@?$_String_val@U?$_Simple_types@D@std@@@std@@QEAA@XZ 000000014001bb80 f i main.obj
 0002:00009bc0       ??1_Container_base12@std@@QEAA@XZ 000000014001bbc0 f i main.obj
 0002:00009c10       ??1_Iterator_base12@std@@QEAA@XZ 000000014001bc10 f i main.obj
 0002:00009cd0       ??1_Sentry_base@?$basic_istream@DU?$char_traits@D@std@@@std@@QEAA@XZ 000000014001bcd0 f i main.obj
 0002:00009dd0       ??1_Sentry_base@?$basic_ostream@DU?$char_traits@D@std@@@std@@QEAA@XZ 000000014001bdd0 f i main.obj
 0002:00009ed0       ??1bad_cast@std@@UEAA@XZ   000000014001bed0 f i main.obj
 0002:00009f20       ??1exception@std@@UEAA@XZ  000000014001bf20 f i main.obj
 0002:00009f90       ??1locale@std@@QEAA@XZ     000000014001bf90 f i main.obj
 0002:0000a080       ??1sentry@?$basic_istream@DU?$char_traits@D@std@@@std@@QEAA@XZ 000000014001c080 f i main.obj
 0002:0000a0d0       ??1sentry@?$basic_ostream@DU?$char_traits@D@std@@@std@@QEAA@XZ 000000014001c0d0 f i main.obj
 0002:0000a160       ??2@YAPEAX_KPEAX@Z         000000014001c160 f i main.obj
 0002:0000a1b0       ??4?$basic_string@DU?$char_traits@D@std@@V?$allocator@D@2@@std@@QEAAAEAV01@$$QEAV01@@Z 000000014001c1b0 f i main.obj
 0002:0000a2b0       ??4?$basic_string@DU?$char_traits@D@std@@V?$allocator@D@2@@std@@QEAAAEAV01@AEBV01@@Z 000000014001c2b0 f i main.obj
 0002:0000a390       ??4?$basic_string@DU?$char_traits@D@std@@V?$allocator@D@2@@std@@QEAAAEAV01@QEBD@Z 000000014001c390 f i main.obj
 0002:0000a3f0       ??A?$basic_string@DU?$char_traits@D@std@@V?$allocator@D@2@@std@@QEAAAEAD_K@Z 000000014001c3f0 f i main.obj
 0002:0000a4d0       ??A?$basic_string@DU?$char_traits@D@std@@V?$allocator@D@2@@std@@QEBAAEBD_K@Z 000000014001c4d0 f i main.obj
 0002:0000a5b0       ??B?$fpos@U_Mbstatet@@@std@@QEBA_JXZ 000000014001c5b0 f i main.obj
 0002:0000a610       ??Bsentry@?$basic_istream@DU?$char_traits@D@std@@@std@@QEBA_NXZ 000000014001c610 f i main.obj
 0002:0000a660       ??Bsentry@?$basic_ostream@DU?$char_traits@D@std@@@std@@QEBA_NXZ 000000014001c660 f i main.obj
 0002:0000a6b0       ??D?$_String_const_iterator@V?$_String_val@U?$_Simple_types@D@std@@@std@@@std@@QEBAAEBDXZ 000000014001c6b0 f i main.obj
 0002:0000a880       ??D?$_String_iterator@V?$_String_val@U?$_Simple_types@D@std@@@std@@@std@@QEBAAEADXZ 000000014001c880 f i main.obj
 0002:0000aea0       ??R?$_Rng_from_urng@IVrandom_device@std@@@std@@QEAAII@Z 000000014001cea0 f i main.obj
 0002:0000b000       ??Rrandom_device@std@@QEAAIXZ 000000014001d000 f i main.obj
 0002:0000b050       ??Y?$basic_string@DU?$char_traits@D@std@@V?$allocator@D@2@@std@@QEAAAEAV01@AEBV01@@Z 000000014001d050 f i main.obj
 0002:0000b0b0       ??Y?$basic_string@DU?$char_traits@D@std@@V?$allocator@D@2@@std@@QEAAAEAV01@D@Z 000000014001d0b0 f i main.obj
 0002:0000b120       ??Y?$basic_string@DU?$char_traits@D@std@@V?$allocator@D@2@@std@@QEAAAEAV01@QEBD@Z 000000014001d120 f i main.obj
 0002:0000b180       ??_D?$basic_fstream@DU?$char_traits@D@std@@@std@@QEAAXXZ 000000014001d180 f i main.obj
 0002:0000b200       ??_D?$basic_ifstream@DU?$char_traits@D@std@@@std@@QEAAXXZ 000000014001d200 f i main.obj
 0002:0000b280       ??_D?$basic_ofstream@DU?$char_traits@D@std@@@std@@QEAAXXZ 000000014001d280 f i main.obj
 0002:0000b300       ??_D?$basic_stringstream@DU?$char_traits@D@std@@V?$allocator@D@2@@std@@QEAAXXZ 000000014001d300 f i main.obj
 0002:0000b378       ??_E?$basic_fstream@DU?$char_traits@D@std@@@std@@$4PPPPPPPM@A@EAAPEAXI@Z 000000014001d378 f i main.obj
 0002:0000b388       ??_E?$basic_ifstream@DU?$char_traits@D@std@@@std@@$4PPPPPPPM@A@EAAPEAXI@Z 000000014001d388 f i main.obj
 0002:0000b398       ??_E?$basic_ofstream@DU?$char_traits@D@std@@@std@@$4PPPPPPPM@A@EAAPEAXI@Z 000000014001d398 f i main.obj
 0002:0000b3a8       ??_E?$basic_stringstream@DU?$char_traits@D@std@@V?$allocator@D@2@@std@@$4PPPPPPPM@A@EAAPEAXI@Z 000000014001d3a8 f i main.obj
 0002:0000b3c0       ??_E?$basic_filebuf@DU?$char_traits@D@std@@@std@@UEAAPEAXI@Z 000000014001d3c0 f i main.obj
 0002:0000b3c0       ??_G?$basic_filebuf@DU?$char_traits@D@std@@@std@@UEAAPEAXI@Z 000000014001d3c0 f i main.obj
 0002:0000b450       ??_E?$basic_fstream@DU?$char_traits@D@std@@@std@@UEAAPEAXI@Z 000000014001d450 f i main.obj
 0002:0000b450       ??_G?$basic_fstream@DU?$char_traits@D@std@@@std@@UEAAPEAXI@Z 000000014001d450 f i main.obj
 0002:0000b500       ??_G?$basic_ifstream@DU?$char_traits@D@std@@@std@@UEAAPEAXI@Z 000000014001d500 f i main.obj
 0002:0000b500       ??_E?$basic_ifstream@DU?$char_traits@D@std@@@std@@UEAAPEAXI@Z 000000014001d500 f i main.obj
 0002:0000b5b0       ??_E?$basic_ofstream@DU?$char_traits@D@std@@@std@@UEAAPEAXI@Z 000000014001d5b0 f i main.obj
 0002:0000b5b0       ??_G?$basic_ofstream@DU?$char_traits@D@std@@@std@@UEAAPEAXI@Z 000000014001d5b0 f i main.obj
 0002:0000b660       ??_G?$basic_stringbuf@DU?$char_traits@D@std@@V?$allocator@D@2@@std@@UEAAPEAXI@Z 000000014001d660 f i main.obj
 0002:0000b660       ??_E?$basic_stringbuf@DU?$char_traits@D@std@@V?$allocator@D@2@@std@@UEAAPEAXI@Z 000000014001d660 f i main.obj
 0002:0000b6f0       ??_G?$basic_stringstream@DU?$char_traits@D@std@@V?$allocator@D@2@@std@@UEAAPEAXI@Z 000000014001d6f0 f i main.obj
 0002:0000b6f0       ??_E?$basic_stringstream@DU?$char_traits@D@std@@V?$allocator@D@2@@std@@UEAAPEAXI@Z 000000014001d6f0 f i main.obj
 0002:0000b7a0       ??_Gbad_cast@std@@UEAAPEAXI@Z 000000014001d7a0 f i main.obj
 0002:0000b7a0       ??_Ebad_cast@std@@UEAAPEAXI@Z 000000014001d7a0 f i main.obj
 0002:0000b830       ??_Eexception@std@@UEAAPEAXI@Z 000000014001d830 f i main.obj
 0002:0000b830       ??_Gexception@std@@UEAAPEAXI@Z 000000014001d830 f i main.obj
 0002:0000b8c0       ?Change_Col@@YAXAEBH@Z     000000014001d8c0 f   main.obj
 0002:0000b930       ?Czy_Kontynuowaæ@@YA_NAEBH@Z 000000014001d930 f   main.obj
 0002:0000bc20       ?Hide_Cursor@@YAXXZ        000000014001dc20 f   main.obj
 0002:0000bcd0       ?Koniec_gry@@YAXAEAV?$basic_ofstream@DU?$char_traits@D@std@@@std@@AEAV?$basic_fstream@DU?$char_traits@D@std@@@2@AEAH@Z 000000014001dcd0 f   main.obj
 0002:0000c080       ?Obstaw@@YA?AV?$basic_string@DU?$char_traits@D@std@@V?$allocator@D@2@@std@@XZ 000000014001e080 f   main.obj
 0002:0000cac0       ?Odczytaj_liczbê@@YAXAEBHAEBV?$basic_string@DU?$char_traits@D@std@@V?$allocator@D@2@@std@@@Z 000000014001eac0 f   main.obj
 0002:0000d300       ?Og³oœ_wynik@@YAXAEBH0AEAHAEAV?$basic_ofstream@DU?$char_traits@D@std@@@std@@AEAV?$basic_fstream@DU?$char_traits@D@std@@@2@@Z 000000014001f300 f   main.obj
 0002:0000dac0       ?Pêtla_g³ówna@@YAXAEAH00AEAV?$basic_ofstream@DU?$char_traits@D@std@@@std@@AEAV?$basic_fstream@DU?$char_traits@D@std@@@2@AEADAEAV?$basic_string@DU?$char_traits@D@std@@V?$allocator@D@2@@2@0@Z 000000014001fac0 f   main.obj
 0002:0000e290       ?Show_Cursor@@YAXXZ        0000000140020290 f   main.obj
 0002:0000e350       ?SprawdŸ_Pliki@@YAXXZ      0000000140020350 f   main.obj
 0002:000108d0       ?SprawdŸ_Zak³ad@@YAHAEBHV?$basic_string@DU?$char_traits@D@std@@V?$allocator@D@2@@std@@0@Z 00000001400228d0 f   main.obj
 0002:00010f80       ?SprawdŸ_ustawienia@@YAXXZ 0000000140022f80 f   main.obj
 0002:00011a50       ?Ustaw_ustawienia@@YAXAEAV?$basic_string@DU?$char_traits@D@std@@V?$allocator@D@2@@std@@@Z 0000000140023a50 f   main.obj
 0002:00012840       ?Wczytaj_Kwotê_Zak³adu@@YAXAEAHAEBH@Z 0000000140024840 f   main.obj
 0002:00012bc0       ?Wczytaj_z_pliku@@YAXAEAV?$basic_ofstream@DU?$char_traits@D@std@@@std@@AEAV?$basic_fstream@DU?$char_traits@D@std@@@2@AEADAEAH33AEAV?$basic_string@DU?$char_traits@D@std@@V?$allocator@D@2@@2@@Z 0000000140024bc0 f   main.obj
 0002:000140f0       ?Wylosuj@@YAHAEBH0@Z       00000001400260f0 f   main.obj
 0002:00014240       ?Zakrêæ_Ruletk¹@@YAHXZ     0000000140026240 f   main.obj
 0002:00014650       ?_Adjust@?$uniform_int@H@std@@CAII@Z 0000000140026650 f i main.obj
 0002:000146b0       ?_Adjust@?$uniform_int@H@std@@CAIIU?$integral_constant@_N$00@2@@Z 00000001400266b0 f i main.obj
 0002:00014730       ?_Adopt@_Iterator_base12@std@@QEAAXPEBU_Container_base12@2@@Z 0000000140026730 f i main.obj
 0002:000148a0       ?_Alloc_proxy@?$_String_alloc@U?$_String_base_types@DV?$allocator@D@std@@@std@@@std@@QEAAXXZ 00000001400268a0 f i main.obj
 0002:00014a00       ?_Allocate@std@@YAPEAX_K0_N@Z 0000000140026a00 f i main.obj
 0002:00014ce0       ?_Assign_rv_contents@?$basic_string@DU?$char_traits@D@std@@V?$allocator@D@2@@std@@QEAAX$$QEAV12@U?$integral_constant@_N$00@2@@Z 0000000140026ce0 f i main.obj
 0002:00014d80       ?_Assign_rv_contents_with_alloc_always_equal@?$basic_string@DU?$char_traits@D@std@@V?$allocator@D@2@@std@@QEAAX$$QEAV12@U?$integral_constant@_N$00@2@@Z 0000000140026d80 f i main.obj
 0002:00014e80       ?_Become_small@?$basic_string@DU?$char_traits@D@std@@V?$allocator@D@2@@std@@QEAAXXZ 0000000140026e80 f i main.obj
 0002:00014fa0       ?_Calculate_growth@?$basic_string@DU?$char_traits@D@std@@V?$allocator@D@2@@std@@QEBA_K_K@Z 0000000140026fa0 f i main.obj
 0002:00015100       ?_Check_offset@?$_String_val@U?$_Simple_types@D@std@@@std@@QEBAX_K@Z 0000000140027100 f i main.obj
 0002:00015170       ?_Clamp_suffix_size@?$_String_val@U?$_Simple_types@D@std@@@std@@QEBA_K_K0@Z 0000000140027170 f i main.obj
 0002:00015200       ?_Construct_lv_contents@?$basic_string@DU?$char_traits@D@std@@V?$allocator@D@2@@std@@QEAAXAEBV12@@Z 0000000140027200 f i main.obj
 0002:00015440       ?_Copy_alloc@?$_String_alloc@U?$_String_base_types@DV?$allocator@D@std@@@std@@@std@@QEAAXAEBV?$allocator@D@2@@Z 0000000140027440 f i main.obj
 0002:000154e0       ?_Deallocate@std@@YAXPEAX_K1@Z 00000001400274e0 f i main.obj
 0002:000156a0       ?_Endwrite@?$basic_filebuf@DU?$char_traits@D@std@@@std@@IEAA_NXZ 00000001400276a0 f i main.obj
 0002:00015b80       ?_Eos@?$basic_string@DU?$char_traits@D@std@@V?$allocator@D@2@@std@@QEAAX_K@Z 0000000140027b80 f i main.obj
 0002:00015c20       ?_Equal@?$basic_string@DU?$char_traits@D@std@@V?$allocator@D@2@@std@@QEBA_NQEBD@Z 0000000140027c20 f i main.obj
 0002:00015ce0       ?_Free_proxy@?$_String_alloc@U?$_String_base_types@DV?$allocator@D@std@@@std@@@std@@QEAAXXZ 0000000140027ce0 f i main.obj
 0002:00015de0       ?_Get_all_bits@?$_Rng_from_urng@IVrandom_device@std@@@std@@QEAAIXZ 0000000140027de0 f i main.obj
 0002:00015eb0       ?_Get_bits@?$_Rng_from_urng@IVrandom_device@std@@@std@@AEAAIXZ 0000000140027eb0 f i main.obj
 0002:00015f40       ?_Get_data@?$_String_alloc@U?$_String_base_types@DV?$allocator@D@std@@@std@@@std@@QEAAAEAV?$_String_val@U?$_Simple_types@D@std@@@2@XZ 0000000140027f40 f i main.obj
 0002:00015fa0       ?_Get_data@?$_String_alloc@U?$_String_base_types@DV?$allocator@D@std@@@std@@@std@@QEBAAEBV?$_String_val@U?$_Simple_types@D@std@@@2@XZ 0000000140027fa0 f i main.obj
 0002:00016000       ?_Get_first@?$_Compressed_pair@V?$allocator@D@std@@V?$_String_val@U?$_Simple_types@D@std@@@2@$00@std@@QEAAAEAV?$allocator@D@2@XZ 0000000140028000 f i main.obj
 0002:00016050       ?_Get_first@?$_Compressed_pair@V?$allocator@D@std@@V?$_String_val@U?$_Simple_types@D@std@@@2@$00@std@@QEBAAEBV?$allocator@D@2@XZ 0000000140028050 f i main.obj
 0002:000160a0       ?_Get_second@?$_Compressed_pair@V?$allocator@D@std@@V?$_String_val@U?$_Simple_types@D@std@@@2@$00@std@@QEAAAEAV?$_String_val@U?$_Simple_types@D@std@@@2@XZ 00000001400280a0 f i main.obj
 0002:000160f0       ?_Get_second@?$_Compressed_pair@V?$allocator@D@std@@V?$_String_val@U?$_Simple_types@D@std@@@2@$00@std@@QEBAAEBV?$_String_val@U?$_Simple_types@D@std@@@2@XZ 00000001400280f0 f i main.obj
 0002:00016140       ?_Getal@?$_String_alloc@U?$_String_base_types@DV?$allocator@D@std@@@std@@@std@@QEAAAEAV?$allocator@D@2@XZ 0000000140028140 f i main.obj
 0002:000161a0       ?_Getal@?$_String_alloc@U?$_String_base_types@DV?$allocator@D@std@@@std@@@std@@QEBAAEBV?$allocator@D@2@XZ 00000001400281a0 f i main.obj
 0002:00016200       ?_Getcont@_Iterator_base12@std@@QEBAPEBU_Container_base12@2@XZ 0000000140028200 f i main.obj
 0002:00016280       ?_Getfacet@locale@std@@QEBAPEBVfacet@12@_K@Z 0000000140028280 f i main.obj
 0002:000163c0       ?_Getstate@?$basic_stringbuf@DU?$char_traits@D@std@@V?$allocator@D@2@@std@@AEAAHH@Z 00000001400283c0 f i main.obj
 0002:00016480       ?_Init@?$basic_filebuf@DU?$char_traits@D@std@@@std@@IEAAXPEAU_iobuf@@W4_Initfl@12@@Z 0000000140028480 f i main.obj
 0002:00016650       ?_Init@?$basic_stringbuf@DU?$char_traits@D@std@@V?$allocator@D@2@@std@@IEAAXPEBD_KH@Z 0000000140028650 f i main.obj
 0002:000168a0       ?_Init@param_type@?$uniform_int@H@std@@QEAAXHH@Z 00000001400288a0 f i main.obj
 0002:00016980       ?_Initcvt@?$basic_filebuf@DU?$char_traits@D@std@@@std@@IEAAXPEBV?$codecvt@DDU_Mbstatet@@@2@@Z 0000000140028980 f i main.obj
 0002:00016a20       ?_Large_string_engaged@?$_String_val@U?$_Simple_types@D@std@@@std@@QEBA_NXZ 0000000140028a20 f i main.obj
 0002:00016aa0       ?_Lock@?$basic_filebuf@DU?$char_traits@D@std@@@std@@UEAAXXZ 0000000140028aa0 f i main.obj
 0002:00016b10       ?_Move_alloc@?$_String_alloc@U?$_String_base_types@DV?$allocator@D@std@@@std@@@std@@QEAAXAEAV?$allocator@D@2@@Z 0000000140028b10 f i main.obj
 0002:00016c00       ?_Myproxy@?$_String_alloc@U?$_String_base_types@DV?$allocator@D@std@@@std@@@std@@QEAAAEAPEAU_Container_proxy@2@XZ 0000000140028c00 f i main.obj
 0002:00016c50       ?_Myptr@?$_String_val@U?$_Simple_types@D@std@@@std@@QEAAPEADXZ 0000000140028c50 f i main.obj
 0002:00016ce0       ?_Myptr@?$_String_val@U?$_Simple_types@D@std@@@std@@QEBAPEBDXZ 0000000140028ce0 f i main.obj
 0002:00016d70       ?_Orphan_all@?$_String_alloc@U?$_String_base_types@DV?$allocator@D@std@@@std@@@std@@QEAAXXZ 0000000140028d70 f i main.obj
 0002:00016dd0       ?_Orphan_all@_Container_base12@std@@QEAAXXZ 0000000140028dd0 f i main.obj
 0002:00016f00       ?_Orphan_me@_Iterator_base12@std@@QEAAXXZ 0000000140028f00 f i main.obj
 0002:00017040       ?_Reset_back@?$basic_filebuf@DU?$char_traits@D@std@@@std@@AEAAXXZ 0000000140029040 f i main.obj
 0002:000170f0       ?_Set_back@?$basic_filebuf@DU?$char_traits@D@std@@@std@@AEAAXXZ 00000001400290f0 f i main.obj
 0002:000171e0       ?_Swap_all@?$_String_alloc@U?$_String_base_types@DV?$allocator@D@std@@@std@@@std@@QEAAXAEAV12@@Z 00000001400291e0 f i main.obj
 0002:00017270       ?_Swap_all@_Container_base12@std@@QEAAXAEAU12@@Z 0000000140029270 f i main.obj
 0002:000173c0       ?_Tidy@?$basic_stringbuf@DU?$char_traits@D@std@@V?$allocator@D@2@@std@@IEAAXXZ 00000001400293c0 f i main.obj
 0002:00017530       ?_Tidy_deallocate@?$basic_string@DU?$char_traits@D@std@@V?$allocator@D@2@@std@@QEAAXXZ 0000000140029530 f i main.obj
 0002:00017660       ?_Tidy_init@?$basic_string@DU?$char_traits@D@std@@V?$allocator@D@2@@std@@QEAAXXZ 0000000140029660 f i main.obj
 0002:00017710       ?_Unchecked_begin@?$basic_string@DU?$char_traits@D@std@@V?$allocator@D@2@@std@@QEAAPEADXZ 0000000140029710 f i main.obj
 0002:00017780       ?_Unchecked_end@?$basic_string@DU?$char_traits@D@std@@V?$allocator@D@2@@std@@QEAAPEADXZ 0000000140029780 f i main.obj
 0002:00017800       ?_Unlock@?$basic_filebuf@DU?$char_traits@D@std@@@std@@UEAAXXZ 0000000140029800 f i main.obj
 0002:00017870       ?_Xlen@?$basic_string@DU?$char_traits@D@std@@V?$allocator@D@2@@std@@SAXXZ 0000000140029870 f i main.obj
 0002:000178c0       ?_Xran@?$_String_val@U?$_Simple_types@D@std@@@std@@SAXXZ 00000001400298c0 f i main.obj
 0002:00017910       ?__autoclassinit2@?$basic_fstream@DU?$char_traits@D@std@@@std@@QEAAX_K@Z 0000000140029910 f i main.obj
 0002:00017970       ?__autoclassinit2@?$basic_ifstream@DU?$char_traits@D@std@@@std@@QEAAX_K@Z 0000000140029970 f i main.obj
 0002:000179d0       ?__autoclassinit2@?$basic_ofstream@DU?$char_traits@D@std@@@std@@QEAAX_K@Z 00000001400299d0 f i main.obj
 0002:00017a30       ?__autoclassinit2@?$basic_stringstream@DU?$char_traits@D@std@@V?$allocator@D@2@@std@@QEAAX_K@Z 0000000140029a30 f i main.obj
 0002:00017a90       ?__empty_global_delete@@YAXPEAX@Z 0000000140029a90 f i main.obj
 0002:00017ad0       ?__empty_global_delete@@YAXPEAX_K@Z 0000000140029ad0 f i main.obj
 0002:00017ad0       ?__global_delete@@YAXPEAX_K@Z 0000000140029ad0 f i main.obj
 0002:00017b20       ?allocate@?$allocator@D@std@@QEAAPEAD_K@Z 0000000140029b20 f i main.obj
 0002:00017b80       ?allocate@?$allocator@U_Container_proxy@std@@@std@@QEAAPEAU_Container_proxy@2@_K@Z 0000000140029b80 f i main.obj
 0002:00017be0       ?append@?$basic_string@DU?$char_traits@D@std@@V?$allocator@D@2@@std@@QEAAAEAV12@AEBV12@@Z 0000000140029be0 f i main.obj
 0002:00017c70       ?append@?$basic_string@DU?$char_traits@D@std@@V?$allocator@D@2@@std@@QEAAAEAV12@QEBD@Z 0000000140029c70 f i main.obj
 0002:00017cf0       ?append@?$basic_string@DU?$char_traits@D@std@@V?$allocator@D@2@@std@@QEAAAEAV12@QEBD_K@Z 0000000140029cf0 f i main.obj
 0002:00017e80       ?append@?$basic_string@DU?$char_traits@D@std@@V?$allocator@D@2@@std@@QEAAAEAV12@_KD@Z 0000000140029e80 f i main.obj
 0002:00018010       ?assign@?$basic_string@DU?$char_traits@D@std@@V?$allocator@D@2@@std@@QEAAAEAV12@QEBD@Z 000000014002a010 f i main.obj
 0002:00018090       ?assign@?$basic_string@DU?$char_traits@D@std@@V?$allocator@D@2@@std@@QEAAAEAV12@QEBD_K@Z 000000014002a090 f i main.obj
 0002:000181d0       ?assign@?$basic_string@DU?$char_traits@D@std@@V?$allocator@D@2@@std@@QEAAAEAV12@_KD@Z 000000014002a1d0 f i main.obj
 0002:00018310       ?assign@?$char_traits@D@std@@SAPEADQEAD_KD@Z 000000014002a310 f i main.obj
 0002:00018380       ?assign@?$char_traits@D@std@@SAXAEADAEBD@Z 000000014002a380 f i main.obj
 0002:000183e0       ?begin@?$basic_string@DU?$char_traits@D@std@@V?$allocator@D@2@@std@@QEAA?AV?$_String_iterator@V?$_String_val@U?$_Simple_types@D@std@@@std@@@2@XZ 000000014002a3e0 f i main.obj
 0002:00018490       ?c_str@?$basic_string@DU?$char_traits@D@std@@V?$allocator@D@2@@std@@QEBAPEBDXZ 000000014002a490 f i main.obj
 0002:00018500       ?capacity@?$basic_string@DU?$char_traits@D@std@@V?$allocator@D@2@@std@@QEBA_KXZ 000000014002a500 f i main.obj
 0002:00018560       ?close@?$basic_filebuf@DU?$char_traits@D@std@@@std@@QEAAPEAV12@XZ 000000014002a560 f i main.obj
 0002:00018640       ?close@?$basic_fstream@DU?$char_traits@D@std@@@std@@QEAAXXZ 000000014002a640 f i main.obj
 0002:000186e0       ?compare@?$char_traits@D@std@@SAHQEBD0_K@Z 000000014002a6e0 f i main.obj
 0002:00018750       ?copy@?$char_traits@D@std@@SAPEADQEADQEBD_K@Z 000000014002a750 f i main.obj
 0002:000187c0       ?data@?$basic_string@DU?$char_traits@D@std@@V?$allocator@D@2@@std@@QEBAPEBDXZ 000000014002a7c0 f i main.obj
 0002:00018830       ?deallocate@?$_Default_allocator_traits@V?$allocator@U_Container_proxy@std@@@std@@@std@@SAXAEAV?$allocator@U_Container_proxy@std@@@2@QEAU_Container_proxy@2@_K@Z 000000014002a830 f i main.obj
 0002:000188a0       ?deallocate@?$allocator@D@std@@QEAAXQEAD_K@Z 000000014002a8a0 f i main.obj
 0002:00018910       ?entropy@random_device@std@@QEAANXZ 000000014002a910 f i main.obj
 0002:00018960       ?eof@?$char_traits@D@std@@SAHXZ 000000014002a960 f i main.obj
 0002:000189a0       ?eq@?$char_traits@D@std@@SA_NAEBD0@Z 000000014002a9a0 f i main.obj
 0002:00018a30       ?eq_int_type@?$char_traits@D@std@@SA_NAEBH0@Z 000000014002aa30 f i main.obj
 0002:00018ac0       ?erase@?$basic_string@DU?$char_traits@D@std@@V?$allocator@D@2@@std@@QEAAAEAV12@_K@Z 000000014002aac0 f i main.obj
 0002:00018b50       ?erase@?$basic_string@DU?$char_traits@D@std@@V?$allocator@D@2@@std@@QEAAAEAV12@_K_K@Z 000000014002ab50 f i main.obj
 0002:00018cb0       ?find@?$basic_string@DU?$char_traits@D@std@@V?$allocator@D@2@@std@@QEBA_KQEBD_K@Z 000000014002acb0 f i main.obj
 0002:00018d80       ?find@?$char_traits@D@std@@SAPEBDQEBD_KAEBD@Z 000000014002ad80 f i main.obj
 0002:00018e00       ?imbue@?$basic_filebuf@DU?$char_traits@D@std@@@std@@MEAAXAEBVlocale@2@@Z 000000014002ae00 f i main.obj
 0002:00018e70       ?insert@?$basic_string@DU?$char_traits@D@std@@V?$allocator@D@2@@std@@QEAAAEAV12@_KAEBV12@@Z 000000014002ae70 f i main.obj
 0002:00018f10       ?insert@?$basic_string@DU?$char_traits@D@std@@V?$allocator@D@2@@std@@QEAAAEAV12@_KQEBD0@Z 000000014002af10 f i main.obj
 0002:000191d0       ?length@?$char_traits@D@std@@SA_KQEBD@Z 000000014002b1d0 f i main.obj
 0002:00019220       ?max@?$numeric_limits@_J@std@@SA_JXZ 000000014002b220 f i main.obj
 0002:00019260       ?max@random_device@std@@SAIXZ 000000014002b260 f i main.obj
 0002:000192a0       ?max_size@?$_Default_allocator_traits@V?$allocator@D@std@@@std@@SA_KAEBV?$allocator@D@2@@Z 000000014002b2a0 f i main.obj
 0002:000192f0       ?max_size@?$basic_string@DU?$char_traits@D@std@@V?$allocator@D@2@@std@@QEBA_KXZ 000000014002b2f0 f i main.obj
 0002:00019400       ?min@random_device@std@@SAIXZ 000000014002b400 f i main.obj
 0002:00019440       ?move@?$char_traits@D@std@@SAPEADQEADQEBD_K@Z 000000014002b440 f i main.obj
 0002:000194b0       ?not_eof@?$char_traits@D@std@@SAHAEBH@Z 000000014002b4b0 f i main.obj
 0002:00019560       ?open@?$basic_filebuf@DU?$char_traits@D@std@@@std@@QEAAPEAV12@PEBDHH@Z 000000014002b560 f i main.obj
 0002:000196a0       ?open@?$basic_fstream@DU?$char_traits@D@std@@@std@@QEAAXPEBDHH@Z 000000014002b6a0 f i main.obj
 0002:000197a0       ?open@?$basic_ifstream@DU?$char_traits@D@std@@@std@@QEAAXPEBDHH@Z 000000014002b7a0 f i main.obj
 0002:000198a0       ?open@?$basic_ofstream@DU?$char_traits@D@std@@@std@@QEAAXPEBDHH@Z 000000014002b8a0 f i main.obj
 0002:000199a0       ?overflow@?$basic_filebuf@DU?$char_traits@D@std@@@std@@MEAAHH@Z 000000014002b9a0 f i main.obj
 0002:0001a060       ?overflow@?$basic_stringbuf@DU?$char_traits@D@std@@V?$allocator@D@2@@std@@MEAAHH@Z 000000014002c060 f i main.obj
 0002:0001a6a0       ?pbackfail@?$basic_filebuf@DU?$char_traits@D@std@@@std@@MEAAHH@Z 000000014002c6a0 f i main.obj
 0002:0001a900       ?pbackfail@?$basic_stringbuf@DU?$char_traits@D@std@@V?$allocator@D@2@@std@@MEAAHH@Z 000000014002c900 f i main.obj
 0002:0001aac0       ?pointer_to@?$pointer_traits@PEAD@std@@SAPEADAEAD@Z 000000014002cac0 f i main.obj
 0002:0001ab10       ?push_back@?$basic_string@DU?$char_traits@D@std@@V?$allocator@D@2@@std@@QEAAXD@Z 000000014002cb10 f i main.obj
 0002:0001ac50       ?reserve@?$basic_string@DU?$char_traits@D@std@@V?$allocator@D@2@@std@@QEAAX_K@Z 000000014002cc50 f i main.obj
 0002:0001ada0       ?seed@?$mersenne_twister@_K$0EA@$0BDI@$0JM@$0BP@$0?EKPNJAKFFGJJOGBH@$0BN@$0BB@$0HBNGHPPPONKGAAAA@$0CF@$0?IBBCAAAAAAAAA@$0CL@@std@@QEAAX_K0@Z 000000014002cda0 f i main.obj
 0002:0001aec0       ?seekoff@?$basic_filebuf@DU?$char_traits@D@std@@@std@@MEAA?AV?$fpos@U_Mbstatet@@@2@_JHH@Z 000000014002cec0 f i main.obj
 0002:0001b0b0       ?seekoff@?$basic_stringbuf@DU?$char_traits@D@std@@V?$allocator@D@2@@std@@MEAA?AV?$fpos@U_Mbstatet@@@2@_JHH@Z 000000014002d0b0 f i main.obj
 0002:0001b5b0       ?seekpos@?$basic_filebuf@DU?$char_traits@D@std@@@std@@MEAA?AV?$fpos@U_Mbstatet@@@2@V32@H@Z 000000014002d5b0 f i main.obj
 0002:0001b7b0       ?seekpos@?$basic_stringbuf@DU?$char_traits@D@std@@V?$allocator@D@2@@std@@MEAA?AV?$fpos@U_Mbstatet@@@2@V32@H@Z 000000014002d7b0 f i main.obj
 0002:0001baf0       ?seekpos@?$fpos@U_Mbstatet@@@std@@QEBA_JXZ 000000014002daf0 f i main.obj
 0002:0001bb40       ?select_on_container_copy_construction@?$_Default_allocator_traits@V?$allocator@D@std@@@std@@SA?AV?$allocator@D@2@AEBV32@@Z 000000014002db40 f i main.obj
 0002:0001bb90       ?setbuf@?$basic_filebuf@DU?$char_traits@D@std@@@std@@MEAAPEAV?$basic_streambuf@DU?$char_traits@D@std@@@2@PEAD_J@Z 000000014002db90 f i main.obj
 0002:0001bca0       ?size@?$basic_string@DU?$char_traits@D@std@@V?$allocator@D@2@@std@@QEBA_KXZ 000000014002dca0 f i main.obj
 0002:0001bd00       ?state@?$fpos@U_Mbstatet@@@std@@QEBA?AU_Mbstatet@@XZ 000000014002dd00 f i main.obj
 0002:0001bd70       ?str@?$basic_stringbuf@DU?$char_traits@D@std@@V?$allocator@D@2@@std@@QEBA?AV?$basic_string@DU?$char_traits@D@std@@V?$allocator@D@2@@2@XZ 000000014002dd70 f i main.obj
 0002:0001c060       ?str@?$basic_stringstream@DU?$char_traits@D@std@@V?$allocator@D@2@@std@@QEBA?AV?$basic_string@DU?$char_traits@D@std@@V?$allocator@D@2@@2@XZ 000000014002e060 f i main.obj
 0002:0001c0f0       ?sync@?$basic_filebuf@DU?$char_traits@D@std@@@std@@MEAAHXZ 000000014002e0f0 f i main.obj
 0002:0001c1f0       ?to_char_type@?$char_traits@D@std@@SADAEBH@Z 000000014002e1f0 f i main.obj
 0002:0001c240       ?to_int_type@?$char_traits@D@std@@SAHAEBD@Z 000000014002e240 f i main.obj
 0002:0001c290       ?uflow@?$basic_filebuf@DU?$char_traits@D@std@@@std@@MEAAHXZ 000000014002e290 f i main.obj
 0002:0001c8b0       ?underflow@?$basic_filebuf@DU?$char_traits@D@std@@@std@@MEAAHXZ 000000014002e8b0 f i main.obj
 0002:0001ca20       ?underflow@?$basic_stringbuf@DU?$char_traits@D@std@@V?$allocator@D@2@@std@@MEAAHXZ 000000014002ea20 f i main.obj
 0002:0001cc30       ?what@exception@std@@UEBAPEBDXZ 000000014002ec30 f i main.obj
 0002:0001ccc0       main                       000000014002ecc0 f   main.obj
 0002:0001d1f1       PlaySoundA                 000000014002f1f1 f   winmm:WINMM.dll
 0002:0001d1f7       GetStdHandle               000000014002f1f7 f   kernel32:KERNEL32.dll
 0002:0001d1fd       CreateDirectoryA           000000014002f1fd f   kernel32:KERNEL32.dll
 0002:0001d203       Sleep                      000000014002f203 f   kernel32:KERNEL32.dll
 0002:0001d209       GetSystemTime              000000014002f209 f   kernel32:KERNEL32.dll
 0002:0001d20f       GetConsoleCursorInfo       000000014002f20f f   kernel32:KERNEL32.dll
 0002:0001d215       SetConsoleCursorInfo       000000014002f215 f   kernel32:KERNEL32.dll
 0002:0001d21b       SetConsoleTextAttribute    000000014002f21b f   kernel32:KERNEL32.dll
 0002:0001d221       ??0_Lockit@std@@QEAA@H@Z   000000014002f221 f   msvcprtd:MSVCP140D.dll
 0002:0001d227       ??1_Lockit@std@@QEAA@XZ    000000014002f227 f   msvcprtd:MSVCP140D.dll
 0002:0001d22d       ?uncaught_exception@std@@YA_NXZ 000000014002f22d f   msvcprtd:MSVCP140D.dll
 0002:0001d233       ?_Debug_message@std@@YAXPEB_W0I@Z 000000014002f233 f   msvcprtd:MSVCP140D.dll
 0002:0001d239       ?_Xbad_alloc@std@@YAXXZ    000000014002f239 f   msvcprtd:MSVCP140D.dll
 0002:0001d23f       ?_Xlength_error@std@@YAXPEBD@Z 000000014002f23f f   msvcprtd:MSVCP140D.dll
 0002:0001d245       ?_Xout_of_range@std@@YAXPEBD@Z 000000014002f245 f   msvcprtd:MSVCP140D.dll
 0002:0001d250       ??0_Fac_node@std@@QEAA@PEAU01@PEAV_Facet_base@1@@Z 000000014002f250 f i msvcprtd:locale0_implib.obj
 0002:0001d290       ??1_Fac_node@std@@QEAA@XZ  000000014002f290 f i msvcprtd:locale0_implib.obj
 0002:0001d360       ??1_Fac_tidy_reg_t@std@@QEAA@XZ 000000014002f360 f i msvcprtd:locale0_implib.obj
 0002:0001d3f0       ??2_Fac_node@std@@SAPEAX_K@Z 000000014002f3f0 f i msvcprtd:locale0_implib.obj
 0002:0001d470       ??3_Fac_node@std@@SAXPEAX@Z 000000014002f470 f i msvcprtd:locale0_implib.obj
 0002:0001d4a0       ??_G_Fac_node@std@@QEAAPEAXI@Z 000000014002f4a0 f i msvcprtd:locale0_implib.obj
 0002:0001d510       ?_Facet_Register@std@@YAXPEAV_Facet_base@1@@Z 000000014002f510 f   msvcprtd:locale0_implib.obj
 0002:0001d594       ??Bid@locale@std@@QEAA_KXZ 000000014002f594 f   msvcprtd:MSVCP140D.dll
 0002:0001d59a       ?_Getgloballocale@locale@std@@CAPEAV_Locimp@12@XZ 000000014002f59a f   msvcprtd:MSVCP140D.dll
 0002:0001d5a0       ?always_noconv@codecvt_base@std@@QEBA_NXZ 000000014002f5a0 f   msvcprtd:MSVCP140D.dll
 0002:0001d5a6       ?is@?$ctype@D@std@@QEBA_NFD@Z 000000014002f5a6 f   msvcprtd:MSVCP140D.dll
 0002:0001d5ac       ?_Getcat@?$ctype@D@std@@SA_KPEAPEBVfacet@locale@2@PEBV42@@Z 000000014002f5ac f   msvcprtd:MSVCP140D.dll
 0002:0001d5b2       ?in@?$codecvt@DDU_Mbstatet@@@std@@QEBAHAEAU_Mbstatet@@PEBD1AEAPEBDPEAD3AEAPEAD@Z 000000014002f5b2 f   msvcprtd:MSVCP140D.dll
 0002:0001d5b8       ?out@?$codecvt@DDU_Mbstatet@@@std@@QEBAHAEAU_Mbstatet@@PEBD1AEAPEBDPEAD3AEAPEAD@Z 000000014002f5b8 f   msvcprtd:MSVCP140D.dll
 0002:0001d5be       ?unshift@?$codecvt@DDU_Mbstatet@@@std@@QEBAHAEAU_Mbstatet@@PEAD1AEAPEAD@Z 000000014002f5be f   msvcprtd:MSVCP140D.dll
 0002:0001d5c4       ?_Getcat@?$codecvt@DDU_Mbstatet@@@std@@SA_KPEAPEBVfacet@locale@2@PEBV42@@Z 000000014002f5c4 f   msvcprtd:MSVCP140D.dll
 0002:0001d5ca       ?good@ios_base@std@@QEBA_NXZ 000000014002f5ca f   msvcprtd:MSVCP140D.dll
 0002:0001d5d0       ?eof@ios_base@std@@QEBA_NXZ 000000014002f5d0 f   msvcprtd:MSVCP140D.dll
 0002:0001d5d6       ?flags@ios_base@std@@QEBAHXZ 000000014002f5d6 f   msvcprtd:MSVCP140D.dll
 0002:0001d5dc       ?width@ios_base@std@@QEBA_JXZ 000000014002f5dc f   msvcprtd:MSVCP140D.dll
 0002:0001d5e2       ?width@ios_base@std@@QEAA_J_J@Z 000000014002f5e2 f   msvcprtd:MSVCP140D.dll
 0002:0001d5e8       ?getloc@ios_base@std@@QEBA?AVlocale@2@XZ 000000014002f5e8 f   msvcprtd:MSVCP140D.dll
 0002:0001d5ee       ??0?$basic_streambuf@DU?$char_traits@D@std@@@std@@IEAA@XZ 000000014002f5ee f   msvcprtd:MSVCP140D.dll
 0002:0001d5f4       ??1?$basic_streambuf@DU?$char_traits@D@std@@@std@@UEAA@XZ 000000014002f5f4 f   msvcprtd:MSVCP140D.dll
 0002:0001d5fa       ?getloc@?$basic_streambuf@DU?$char_traits@D@std@@@std@@QEBA?AVlocale@2@XZ 000000014002f5fa f   msvcprtd:MSVCP140D.dll
 0002:0001d600       ?sbumpc@?$basic_streambuf@DU?$char_traits@D@std@@@std@@QEAAHXZ 000000014002f600 f   msvcprtd:MSVCP140D.dll
 0002:0001d606       ?sgetc@?$basic_streambuf@DU?$char_traits@D@std@@@std@@QEAAHXZ 000000014002f606 f   msvcprtd:MSVCP140D.dll
 0002:0001d60c       ?snextc@?$basic_streambuf@DU?$char_traits@D@std@@@std@@QEAAHXZ 000000014002f60c f   msvcprtd:MSVCP140D.dll
 0002:0001d612       ?sputc@?$basic_streambuf@DU?$char_traits@D@std@@@std@@QEAAHD@Z 000000014002f612 f   msvcprtd:MSVCP140D.dll
 0002:0001d618       ?sputn@?$basic_streambuf@DU?$char_traits@D@std@@@std@@QEAA_JPEBD_J@Z 000000014002f618 f   msvcprtd:MSVCP140D.dll
 0002:0001d61e       ?eback@?$basic_streambuf@DU?$char_traits@D@std@@@std@@IEBAPEADXZ 000000014002f61e f   msvcprtd:MSVCP140D.dll
 0002:0001d624       ?gptr@?$basic_streambuf@DU?$char_traits@D@std@@@std@@IEBAPEADXZ 000000014002f624 f   msvcprtd:MSVCP140D.dll
 0002:0001d62a       ?pbase@?$basic_streambuf@DU?$char_traits@D@std@@@std@@IEBAPEADXZ 000000014002f62a f   msvcprtd:MSVCP140D.dll
 0002:0001d630       ?pptr@?$basic_streambuf@DU?$char_traits@D@std@@@std@@IEBAPEADXZ 000000014002f630 f   msvcprtd:MSVCP140D.dll
 0002:0001d636       ?egptr@?$basic_streambuf@DU?$char_traits@D@std@@@std@@IEBAPEADXZ 000000014002f636 f   msvcprtd:MSVCP140D.dll
 0002:0001d63c       ?gbump@?$basic_streambuf@DU?$char_traits@D@std@@@std@@IEAAXH@Z 000000014002f63c f   msvcprtd:MSVCP140D.dll
 0002:0001d642       ?setg@?$basic_streambuf@DU?$char_traits@D@std@@@std@@IEAAXPEAD00@Z 000000014002f642 f   msvcprtd:MSVCP140D.dll
 0002:0001d648       ?epptr@?$basic_streambuf@DU?$char_traits@D@std@@@std@@IEBAPEADXZ 000000014002f648 f   msvcprtd:MSVCP140D.dll
 0002:0001d64e       ?_Gndec@?$basic_streambuf@DU?$char_traits@D@std@@@std@@IEAAPEADXZ 000000014002f64e f   msvcprtd:MSVCP140D.dll
 0002:0001d654       ?_Gninc@?$basic_streambuf@DU?$char_traits@D@std@@@std@@IEAAPEADXZ 000000014002f654 f   msvcprtd:MSVCP140D.dll
 0002:0001d65a       ?pbump@?$basic_streambuf@DU?$char_traits@D@std@@@std@@IEAAXH@Z 000000014002f65a f   msvcprtd:MSVCP140D.dll
 0002:0001d660       ?setp@?$basic_streambuf@DU?$char_traits@D@std@@@std@@IEAAXPEAD0@Z 000000014002f660 f   msvcprtd:MSVCP140D.dll
 0002:0001d666       ?setp@?$basic_streambuf@DU?$char_traits@D@std@@@std@@IEAAXPEAD00@Z 000000014002f666 f   msvcprtd:MSVCP140D.dll
 0002:0001d66c       ?_Pninc@?$basic_streambuf@DU?$char_traits@D@std@@@std@@IEAAPEADXZ 000000014002f66c f   msvcprtd:MSVCP140D.dll
 0002:0001d672       ?_Init@?$basic_streambuf@DU?$char_traits@D@std@@@std@@IEAAXXZ 000000014002f672 f   msvcprtd:MSVCP140D.dll
 0002:0001d678       ?_Init@?$basic_streambuf@DU?$char_traits@D@std@@@std@@IEAAXPEAPEAD0PEAH001@Z 000000014002f678 f   msvcprtd:MSVCP140D.dll
 0002:0001d67e       ??1?$basic_ios@DU?$char_traits@D@std@@@std@@UEAA@XZ 000000014002f67e f   msvcprtd:MSVCP140D.dll
 0002:0001d684       ?clear@?$basic_ios@DU?$char_traits@D@std@@@std@@QEAAXH_N@Z 000000014002f684 f   msvcprtd:MSVCP140D.dll
 0002:0001d68a       ?setstate@?$basic_ios@DU?$char_traits@D@std@@@std@@QEAAXH_N@Z 000000014002f68a f   msvcprtd:MSVCP140D.dll
 0002:0001d690       ?tie@?$basic_ios@DU?$char_traits@D@std@@@std@@QEBAPEAV?$basic_ostream@DU?$char_traits@D@std@@@2@XZ 000000014002f690 f   msvcprtd:MSVCP140D.dll
 0002:0001d696       ?rdbuf@?$basic_ios@DU?$char_traits@D@std@@@std@@QEBAPEAV?$basic_streambuf@DU?$char_traits@D@std@@@2@XZ 000000014002f696 f   msvcprtd:MSVCP140D.dll
 0002:0001d69c       ?fill@?$basic_ios@DU?$char_traits@D@std@@@std@@QEBADXZ 000000014002f69c f   msvcprtd:MSVCP140D.dll
 0002:0001d6a2       ?widen@?$basic_ios@DU?$char_traits@D@std@@@std@@QEBADD@Z 000000014002f6a2 f   msvcprtd:MSVCP140D.dll
 0002:0001d6a8       ??0?$basic_ios@DU?$char_traits@D@std@@@std@@IEAA@XZ 000000014002f6a8 f   msvcprtd:MSVCP140D.dll
 0002:0001d6ae       ??0?$basic_ostream@DU?$char_traits@D@std@@@std@@QEAA@PEAV?$basic_streambuf@DU?$char_traits@D@std@@@1@_N@Z 000000014002f6ae f   msvcprtd:MSVCP140D.dll
 0002:0001d6b4       ??1?$basic_ostream@DU?$char_traits@D@std@@@std@@UEAA@XZ 000000014002f6b4 f   msvcprtd:MSVCP140D.dll
 0002:0001d6ba       ?_Osfx@?$basic_ostream@DU?$char_traits@D@std@@@std@@QEAAXXZ 000000014002f6ba f   msvcprtd:MSVCP140D.dll
 0002:0001d6c0       ??6?$basic_ostream@DU?$char_traits@D@std@@@std@@QEAAAEAV01@P6AAEAV01@AEAV01@@Z@Z 000000014002f6c0 f   msvcprtd:MSVCP140D.dll
 0002:0001d6c6       ??6?$basic_ostream@DU?$char_traits@D@std@@@std@@QEAAAEAV01@G@Z 000000014002f6c6 f   msvcprtd:MSVCP140D.dll
 0002:0001d6cc       ??6?$basic_ostream@DU?$char_traits@D@std@@@std@@QEAAAEAV01@H@Z 000000014002f6cc f   msvcprtd:MSVCP140D.dll
 0002:0001d6d2       ?put@?$basic_ostream@DU?$char_traits@D@std@@@std@@QEAAAEAV12@D@Z 000000014002f6d2 f   msvcprtd:MSVCP140D.dll
 0002:0001d6d8       ?flush@?$basic_ostream@DU?$char_traits@D@std@@@std@@QEAAAEAV12@XZ 000000014002f6d8 f   msvcprtd:MSVCP140D.dll
 0002:0001d6de       ??0?$basic_istream@DU?$char_traits@D@std@@@std@@QEAA@PEAV?$basic_streambuf@DU?$char_traits@D@std@@@1@_N@Z 000000014002f6de f   msvcprtd:MSVCP140D.dll
 0002:0001d6e4       ??1?$basic_istream@DU?$char_traits@D@std@@@std@@UEAA@XZ 000000014002f6e4 f   msvcprtd:MSVCP140D.dll
 0002:0001d6ea       ?_Ipfx@?$basic_istream@DU?$char_traits@D@std@@@std@@QEAA_N_N@Z 000000014002f6ea f   msvcprtd:MSVCP140D.dll
 0002:0001d6f0       ??0?$basic_iostream@DU?$char_traits@D@std@@@std@@QEAA@PEAV?$basic_streambuf@DU?$char_traits@D@std@@@1@@Z 000000014002f6f0 f   msvcprtd:MSVCP140D.dll
 0002:0001d6f6       ??1?$basic_iostream@DU?$char_traits@D@std@@@std@@UEAA@XZ 000000014002f6f6 f   msvcprtd:MSVCP140D.dll
 0002:0001d6fc       ?_Fiopen@std@@YAPEAU_iobuf@@PEBDHH@Z 000000014002f6fc f   msvcprtd:MSVCP140D.dll
 0002:0001d702       ?_Random_device@std@@YAIXZ 000000014002f702 f   msvcprtd:MSVCP140D.dll
 0002:0001d708       ?_Lock@?$basic_streambuf@DU?$char_traits@D@std@@@std@@UEAAXXZ 000000014002f708 f   msvcprtd:MSVCP140D.dll
 0002:0001d70e       ?_Unlock@?$basic_streambuf@DU?$char_traits@D@std@@@std@@UEAAXXZ 000000014002f70e f   msvcprtd:MSVCP140D.dll
 0002:0001d714       ?imbue@?$basic_streambuf@DU?$char_traits@D@std@@@std@@MEAAXAEBVlocale@2@@Z 000000014002f714 f   msvcprtd:MSVCP140D.dll
 0002:0001d71a       ?setbuf@?$basic_streambuf@DU?$char_traits@D@std@@@std@@MEAAPEAV12@PEAD_J@Z 000000014002f71a f   msvcprtd:MSVCP140D.dll
 0002:0001d720       ?showmanyc@?$basic_streambuf@DU?$char_traits@D@std@@@std@@MEAA_JXZ 000000014002f720 f   msvcprtd:MSVCP140D.dll
 0002:0001d726       ?sync@?$basic_streambuf@DU?$char_traits@D@std@@@std@@MEAAHXZ 000000014002f726 f   msvcprtd:MSVCP140D.dll
 0002:0001d72c       ?uflow@?$basic_streambuf@DU?$char_traits@D@std@@@std@@MEAAHXZ 000000014002f72c f   msvcprtd:MSVCP140D.dll
 0002:0001d732       ?xsgetn@?$basic_streambuf@DU?$char_traits@D@std@@@std@@MEAA_JPEAD_J@Z 000000014002f732 f   msvcprtd:MSVCP140D.dll
 0002:0001d738       ?xsputn@?$basic_streambuf@DU?$char_traits@D@std@@@std@@MEAA_JPEBD_J@Z 000000014002f738 f   msvcprtd:MSVCP140D.dll
 0002:0001d73e       URLDownloadToFileA         000000014002f73e f   urlmon:urlmon.dll
 0002:0001d750       ??2@YAPEAX_K@Z             000000014002f750 f   MSVCRTD:new_scalar.obj
 0002:0001d7c0       ??3@YAXPEAX@Z              000000014002f7c0 f   MSVCRTD:delete_scalar.obj
 0002:0001d7f0       ??3@YAXPEAX_K@Z            000000014002f7f0 f   MSVCRTD:delete_scalar_size.obj
 0002:0001d820       ??$__crt_fast_decode_pointer@PEAP6AXXZ@@YAPEAP6AXXZQEAP6AXXZ@Z 000000014002f820 f i MSVCRTD:utility.obj
 0002:0001d870       ??$__crt_fast_encode_pointer@PEAP6AXXZ@@YAPEAP6AXXZQEAP6AXXZ@Z 000000014002f870 f i MSVCRTD:utility.obj
 0002:0001d8c0       ?__crt_rotate_pointer_value@@YA_K_KH@Z 000000014002f8c0 f i MSVCRTD:utility.obj
 0002:0001d8e0       ?configure_argv@__scrt_narrow_argv_policy@@SAHXZ 000000014002f8e0 f i MSVCRTD:utility.obj
 0002:0001da00       ?initialize_environment@__scrt_narrow_environment_policy@@SAHXZ 000000014002fa00 f i MSVCRTD:utility.obj
 0002:0001dad0       NtCurrentTeb               000000014002fad0 f i MSVCRTD:utility.obj
 0002:0001dae0       __scrt_acquire_startup_lock 000000014002fae0 f   MSVCRTD:utility.obj
 0002:0001db60       __scrt_dllmain_after_initialize_c 000000014002fb60 f   MSVCRTD:utility.obj
 0002:0001dba0       __scrt_dllmain_before_initialize_c 000000014002fba0 f   MSVCRTD:utility.obj
 0002:0001dbd0       __scrt_dllmain_crt_thread_attach 000000014002fbd0 f   MSVCRTD:utility.obj
 0002:0001dc10       __scrt_dllmain_crt_thread_detach 000000014002fc10 f   MSVCRTD:utility.obj
 0002:0001dc30       __scrt_dllmain_exception_filter 000000014002fc30 f   MSVCRTD:utility.obj
 0002:0001dcb0       __scrt_dllmain_uninitialize_c 000000014002fcb0 f   MSVCRTD:utility.obj
 0002:0001dcf0       __scrt_dllmain_uninitialize_critical 000000014002fcf0 f   MSVCRTD:utility.obj
 0002:0001dd10       __scrt_initialize_crt      000000014002fd10 f   MSVCRTD:utility.obj
 0002:0001dd70       __scrt_initialize_onexit_tables 000000014002fd70 f   MSVCRTD:utility.obj
 0002:0001dec0       __scrt_is_nonwritable_in_current_image 000000014002fec0 f   MSVCRTD:utility.obj
 0002:0001df70       __scrt_release_startup_lock 000000014002ff70 f   MSVCRTD:utility.obj
 0002:0001dfb0       __scrt_uninitialize_crt    000000014002ffb0 f   MSVCRTD:utility.obj
 0002:0001e000       _onexit                    0000000140030000 f   MSVCRTD:utility.obj
 0002:0001e0b0       at_quick_exit              00000001400300b0 f   MSVCRTD:utility.obj
 0002:0001e120       atexit                     0000000140030120 f   MSVCRTD:utility.obj
 0002:0001e160       _RTC_AllocaHelper          0000000140030160 f   MSVCRTD:_stack_.obj
 0002:0001e1b0       _RTC_CheckStackVars        00000001400301b0 f   MSVCRTD:_stack_.obj
 0002:0001e260       _RTC_CheckStackVars2       0000000140030260 f   MSVCRTD:_stack_.obj
 0002:0001e3b0       _CRT_RTC_INIT              00000001400303b0 f   MSVCRTD:_init_.obj
 0002:0001e3c0       _CRT_RTC_INITW             00000001400303c0 f   MSVCRTD:_init_.obj
 0002:0001e3d0       _RTC_InitBase              00000001400303d0 f   MSVCRTD:_init_.obj
 0002:0001e420       _RTC_Shutdown              0000000140030420 f   MSVCRTD:_init_.obj
 0002:0001e450       __GSHandlerCheck           0000000140030450 f   MSVCRTD:_gshandler_.obj
 0002:0001e4a0       __GSHandlerCheckCommon     00000001400304a0 f   MSVCRTD:_gshandler_.obj
 0002:0001e5e0       __GSHandlerCheck_EH        00000001400305e0 f   MSVCRTD:gshandlereh.obj
 0002:0001e6c0       __chkstk                   00000001400306c0 f   MSVCRTD:_chkstk_.obj
 0002:0001e6c0       _alloca_probe              00000001400306c0 f   MSVCRTD:_chkstk_.obj
 0002:0001e740       __security_check_cookie    0000000140030740 f   MSVCRTD:_amdsecgs_.obj
 0002:0001e770       ??1type_info@@UEAA@XZ      0000000140030770 f   MSVCRTD:std_type_info_static.obj
 0002:0001e790       ??_Gtype_info@@UEAAPEAXI@Z 0000000140030790 f i MSVCRTD:std_type_info_static.obj
 0002:0001e790       ??_Etype_info@@UEAAPEAXI@Z 0000000140030790 f i MSVCRTD:std_type_info_static.obj
 0002:0001eb60       ?set_app_type@__scrt_main_policy@@SAXXZ 0000000140030b60 f i MSVCRTD:exe_main.obj
 0002:0001eb80       ?set_commode@__scrt_file_policy@@SAXXZ 0000000140030b80 f i MSVCRTD:exe_main.obj
 0002:0001ebb0       ?set_fmode@__scrt_file_policy@@SAXXZ 0000000140030bb0 f i MSVCRTD:exe_main.obj
 0002:0001ebd0       mainCRTStartup             0000000140030bd0 f   MSVCRTD:exe_main.obj
 0002:0001ebf0       _guard_check_icall         0000000140030bf0 f i MSVCRTD:checkcfg.obj
 0002:0001ec10       ??0bad_alloc@std@@AEAA@QEBD@Z 0000000140030c10 f i MSVCRTD:throw_bad_alloc.obj
 0002:0001ec60       ??0bad_alloc@std@@QEAA@AEBV01@@Z 0000000140030c60 f i MSVCRTD:throw_bad_alloc.obj
 0002:0001ecb0       ??0bad_alloc@std@@QEAA@XZ  0000000140030cb0 f i MSVCRTD:throw_bad_alloc.obj
 0002:0001ed00       ??0bad_array_new_length@std@@QEAA@AEBV01@@Z 0000000140030d00 f i MSVCRTD:throw_bad_alloc.obj
 0002:0001ed50       ??0bad_array_new_length@std@@QEAA@XZ 0000000140030d50 f i MSVCRTD:throw_bad_alloc.obj
 0002:0001ed90       ??1bad_alloc@std@@UEAA@XZ  0000000140030d90 f i MSVCRTD:throw_bad_alloc.obj
 0002:0001edb0       ??1bad_array_new_length@std@@UEAA@XZ 0000000140030db0 f i MSVCRTD:throw_bad_alloc.obj
 0002:0001edd0       ??_Ebad_alloc@std@@UEAAPEAXI@Z 0000000140030dd0 f i MSVCRTD:throw_bad_alloc.obj
 0002:0001edd0       ??_Gbad_alloc@std@@UEAAPEAXI@Z 0000000140030dd0 f i MSVCRTD:throw_bad_alloc.obj
 0002:0001ee20       ??_Ebad_array_new_length@std@@UEAAPEAXI@Z 0000000140030e20 f i MSVCRTD:throw_bad_alloc.obj
 0002:0001ee20       ??_Gbad_array_new_length@std@@UEAAPEAXI@Z 0000000140030e20 f i MSVCRTD:throw_bad_alloc.obj
 0002:0001ee70       ?__scrt_throw_std_bad_alloc@@YAXXZ 0000000140030e70 f   MSVCRTD:throw_bad_alloc.obj
 0002:0001eea0       ?__scrt_throw_std_bad_array_new_length@@YAXXZ 0000000140030ea0 f   MSVCRTD:throw_bad_alloc.obj
 0002:0001eed0       __isa_available_init       0000000140030ed0 f   MSVCRTD:_cpu_disp_.obj
 0002:0001f320       _get_startup_argv_mode     0000000140031320 f   MSVCRTD:argv_mode.obj
 0002:0001f330       __scrt_is_ucrt_dll_in_use  0000000140031330 f   MSVCRTD:ucrt_detection.obj
 0002:0001f360       __crt_debugger_hook        0000000140031360 f   MSVCRTD:utility_desktop.obj
 0002:0001f380       __scrt_fastfail            0000000140031380 f   MSVCRTD:utility_desktop.obj
 0002:0001f580       __scrt_get_show_window_mode 0000000140031580 f   MSVCRTD:utility_desktop.obj
 0002:0001f5f0       __scrt_initialize_winrt    00000001400315f0 f   MSVCRTD:utility_desktop.obj
 0002:0001f600       __scrt_is_managed_app      0000000140031600 f   MSVCRTD:utility_desktop.obj
 0002:0001f6d0       __scrt_set_unhandled_exception_filter 00000001400316d0 f   MSVCRTD:utility_desktop.obj
 0002:0001f6f0       __scrt_unhandled_exception_filter 00000001400316f0 f   MSVCRTD:utility_desktop.obj
 0002:0001f780       ??$__vcrt_va_start_verify_argument_type@QEBD@@YAXXZ 0000000140031780 f i MSVCRTD:_error_.obj
 0002:0001f860       ?_RTC_AllocaFailure@@YAXPEAXPEAU_RTC_ALLOCA_NODE@@H@Z 0000000140031860 f   MSVCRTD:_error_.obj
 0002:0001fa10       ?_RTC_Failure@@YAXPEAXH@Z  0000000140031a10 f   MSVCRTD:_error_.obj
 0002:0001fa80       ?_RTC_StackFailure@@YAXPEAXPEBD@Z 0000000140031a80 f   MSVCRTD:_error_.obj
 0002:0001ffa0       _RTC_UninitUse             0000000140031fa0 f   MSVCRTD:_error_.obj
 0002:000200a0       __local_stdio_printf_options 00000001400320a0 f i MSVCRTD:_error_.obj
 0002:000200b0       _vsprintf_s_l              00000001400320b0 f i MSVCRTD:_error_.obj
 0002:00020130       sprintf_s                  0000000140032130 f i MSVCRTD:_error_.obj
 0002:00020180       ?_RTC_GetErrorFunc@@YAP6AHHPEBDH00ZZPEBX@Z 0000000140032180 f   MSVCRTD:_userapi_.obj
 0002:00020190       ?_RTC_GetErrorFuncW@@YAP6AHHPEB_WH00ZZPEBX@Z 0000000140032190 f   MSVCRTD:_userapi_.obj
 0002:000201a0       _RTC_GetErrDesc            00000001400321a0 f   MSVCRTD:_userapi_.obj
 0002:000201c0       _RTC_NumErrors             00000001400321c0 f   MSVCRTD:_userapi_.obj
 0002:000201d0       _RTC_SetErrorFunc          00000001400321d0 f   MSVCRTD:_userapi_.obj
 0002:000201f0       _RTC_SetErrorFuncW         00000001400321f0 f   MSVCRTD:_userapi_.obj
 0002:00020210       _RTC_SetErrorType          0000000140032210 f   MSVCRTD:_userapi_.obj
 0002:00020240       __raise_securityfailure    0000000140032240 f   MSVCRTD:gs_report.obj
 0002:00020290       __report_gsfailure         0000000140032290 f   MSVCRTD:gs_report.obj
 0002:000203a0       __report_rangecheckfailure 00000001400323a0 f   MSVCRTD:gs_report.obj
 0002:000203c0       __report_securityfailure   00000001400323c0 f   MSVCRTD:gs_report.obj
 0002:00020490       __report_securityfailureEx 0000000140032490 f   MSVCRTD:gs_report.obj
 0002:00020870       __security_init_cookie     0000000140032870 f   MSVCRTD:gs_support.obj
 0002:00020910       _matherr                   0000000140032910 f   MSVCRTD:matherr.obj
 0002:00020920       _get_startup_commit_mode   0000000140032920 f   MSVCRTD:commit_mode.obj
 0002:00020930       _get_startup_file_mode     0000000140032930 f   MSVCRTD:file_mode.obj
 0002:00020940       _get_startup_new_mode      0000000140032940 f   MSVCRTD:new_mode.obj
 0002:00020950       _get_startup_thread_locale_mode 0000000140032950 f   MSVCRTD:thread_locale.obj
 0002:00020960       ?__scrt_initialize_type_info@@YAXXZ 0000000140032960 f   MSVCRTD:tncleanup.obj
 0002:00020980       ?__scrt_uninitialize_type_info@@YAXXZ 0000000140032980 f   MSVCRTD:tncleanup.obj
 0002:000209a0       _should_initialize_environment 00000001400329a0 f   MSVCRTD:env_mode.obj
 0002:000209b0       _initialize_invalid_parameter_handler 00000001400329b0 f   MSVCRTD:invalid_parameter_handler.obj
 0002:000209c0       _initialize_denormal_control 00000001400329c0 f   MSVCRTD:denormal_control.obj
 0002:000209d0       __local_stdio_scanf_options 00000001400329d0 f i MSVCRTD:default_local_stdio_options.obj
 0002:000209e0       __scrt_initialize_default_local_stdio_options 00000001400329e0 f   MSVCRTD:default_local_stdio_options.obj
 0002:00020a40       __scrt_is_user_matherr_present 0000000140032a40 f   MSVCRTD:matherr_detection.obj
 0002:00020a70       __scrt_get_dyn_tls_init_callback 0000000140032a70 f   MSVCRTD:dyn_tls_init.obj
 0002:00020a80       __scrt_get_dyn_tls_dtor_callback 0000000140032a80 f   MSVCRTD:dyn_tls_dtor.obj
 0002:00020a90       _RTC_Initialize            0000000140032a90 f   MSVCRTD:_initsect_.obj
 0002:00020af0       _RTC_Terminate             0000000140032af0 f   MSVCRTD:_initsect_.obj
 0002:00020b50       _guard_check_icall_nop     0000000140032b50 f i MSVCRTD:guard_support.obj
 0002:00020b60       ReadNoFence64              0000000140032b60 f i MSVCRTD:guard_support.obj
 0002:00020b90       ReadPointerNoFence         0000000140032b90 f i MSVCRTD:guard_support.obj
 0002:00020bb0       __guard_ss_common_verify_stub 0000000140032bb0 f i MSVCRTD:guard_support.obj
 0002:00020bc0       _guard_icall_checks_enforced 0000000140032bc0 f i MSVCRTD:guard_support.obj
 0002:00020c10       _guard_rf_checks_enforced  0000000140032c10 f i MSVCRTD:guard_support.obj
 0002:00021280       ?_RTC_GetSrcLine@@YAHPEAEPEA_WKPEAH1K@Z 0000000140033280 f   MSVCRTD:_pdblkup_.obj
 0002:00021810       memchr                     0000000140033810 f   vcruntimed:VCRUNTIME140D.dll
 0002:00021816       memcmp                     0000000140033816 f   vcruntimed:VCRUNTIME140D.dll
 0002:0002181c       memcpy                     000000014003381c f   vcruntimed:VCRUNTIME140D.dll
 0002:00021822       memmove                    0000000140033822 f   vcruntimed:VCRUNTIME140D.dll
 0002:00021828       memset                     0000000140033828 f   vcruntimed:VCRUNTIME140D.dll
 0002:0002182e       __std_exception_copy       000000014003382e f   vcruntimed:VCRUNTIME140D.dll
 0002:00021834       __std_exception_destroy    0000000140033834 f   vcruntimed:VCRUNTIME140D.dll
 0002:0002183a       _CxxThrowException         000000014003383a f   vcruntimed:VCRUNTIME140D.dll
 0002:00021840       __CxxFrameHandler3         0000000140033840 f   vcruntimed:VCRUNTIME140D.dll
 0002:00021846       __C_specific_handler       0000000140033846 f   vcruntimed:VCRUNTIME140D.dll
 0002:0002184c       __std_type_info_destroy_list 000000014003384c f   vcruntimed:VCRUNTIME140D.dll
 0002:00021852       __vcrt_GetModuleFileNameW  0000000140033852 f   vcruntimed:VCRUNTIME140D.dll
 0002:00021858       __vcrt_GetModuleHandleW    0000000140033858 f   vcruntimed:VCRUNTIME140D.dll
 0002:0002185e       __vcrt_LoadLibraryExW      000000014003385e f   vcruntimed:VCRUNTIME140D.dll
 0002:00021864       _invalid_parameter         0000000140033864 f   ucrtd:ucrtbased.dll
 0002:0002186a       _invalid_parameter_noinfo  000000014003386a f   ucrtd:ucrtbased.dll
 0002:00021870       _time64                    0000000140033870 f   ucrtd:ucrtbased.dll
 0002:00021876       _errno                     0000000140033876 f   ucrtd:ucrtbased.dll
 0002:0002187c       srand                      000000014003387c f   ucrtd:ucrtbased.dll
 0002:00021882       rand                       0000000140033882 f   ucrtd:ucrtbased.dll
 0002:00021888       atoi                       0000000140033888 f   ucrtd:ucrtbased.dll
 0002:0002188e       system                     000000014003388e f   ucrtd:ucrtbased.dll
 0002:00021894       _get_stream_buffer_pointers 0000000140033894 f   ucrtd:ucrtbased.dll
 0002:0002189a       fclose                     000000014003389a f   ucrtd:ucrtbased.dll
 0002:000218a0       fflush                     00000001400338a0 f   ucrtd:ucrtbased.dll
 0002:000218a6       fgetc                      00000001400338a6 f   ucrtd:ucrtbased.dll
 0002:000218ac       fgetpos                    00000001400338ac f   ucrtd:ucrtbased.dll
 0002:000218b2       fputc                      00000001400338b2 f   ucrtd:ucrtbased.dll
 0002:000218b8       fsetpos                    00000001400338b8 f   ucrtd:ucrtbased.dll
 0002:000218be       _fseeki64                  00000001400338be f   ucrtd:ucrtbased.dll
 0002:000218c4       fwrite                     00000001400338c4 f   ucrtd:ucrtbased.dll
 0002:000218ca       remove                     00000001400338ca f   ucrtd:ucrtbased.dll
 0002:000218d0       setvbuf                    00000001400338d0 f   ucrtd:ucrtbased.dll
 0002:000218d6       ungetc                     00000001400338d6 f   ucrtd:ucrtbased.dll
 0002:000218dc       _lock_file                 00000001400338dc f   ucrtd:ucrtbased.dll
 0002:000218e2       _unlock_file               00000001400338e2 f   ucrtd:ucrtbased.dll
 0002:000218e8       strlen                     00000001400338e8 f   ucrtd:ucrtbased.dll
 0002:000218ee       _CrtDbgReportW             00000001400338ee f   ucrtd:ucrtbased.dll
 0002:000218f4       setlocale                  00000001400338f4 f   ucrtd:ucrtbased.dll
 0002:000218fa       _access                    00000001400338fa f   ucrtd:ucrtbased.dll
 0002:00021900       _free_dbg                  0000000140033900 f   ucrtd:ucrtbased.dll
 0002:00021906       _malloc_dbg                0000000140033906 f   ucrtd:ucrtbased.dll
 0002:0002190c       _callnewh                  000000014003390c f   ucrtd:ucrtbased.dll
 0002:00021912       malloc                     0000000140033912 f   ucrtd:ucrtbased.dll
 0002:00021918       _seh_filter_dll            0000000140033918 f   ucrtd:ucrtbased.dll
 0002:0002191e       _configure_narrow_argv     000000014003391e f   ucrtd:ucrtbased.dll
 0002:00021924       _initialize_narrow_environment 0000000140033924 f   ucrtd:ucrtbased.dll
 0002:0002192a       _initialize_onexit_table   000000014003392a f   ucrtd:ucrtbased.dll
 0002:00021930       _register_onexit_function  0000000140033930 f   ucrtd:ucrtbased.dll
 0002:00021936       _execute_onexit_table      0000000140033936 f   ucrtd:ucrtbased.dll
 0002:0002193c       _crt_atexit                000000014003393c f   ucrtd:ucrtbased.dll
 0002:00021942       _crt_at_quick_exit         0000000140033942 f   ucrtd:ucrtbased.dll
 0002:00021948       _cexit                     0000000140033948 f   ucrtd:ucrtbased.dll
 0002:0002194e       _CrtDbgReport              000000014003394e f   ucrtd:ucrtbased.dll
 0002:00021954       _seh_filter_exe            0000000140033954 f   ucrtd:ucrtbased.dll
 0002:0002195a       _set_app_type              000000014003395a f   ucrtd:ucrtbased.dll
 0002:00021960       __setusermatherr           0000000140033960 f   ucrtd:ucrtbased.dll
 0002:00021966       _get_initial_narrow_environment 0000000140033966 f   ucrtd:ucrtbased.dll
 0002:0002196c       _initterm                  000000014003396c f   ucrtd:ucrtbased.dll
 0002:00021972       _initterm_e                0000000140033972 f   ucrtd:ucrtbased.dll
 0002:00021978       exit                       0000000140033978 f   ucrtd:ucrtbased.dll
 0002:0002197e       _exit                      000000014003397e f   ucrtd:ucrtbased.dll
 0002:00021984       _set_fmode                 0000000140033984 f   ucrtd:ucrtbased.dll
 0002:0002198a       __p___argc                 000000014003398a f   ucrtd:ucrtbased.dll
 0002:00021990       __p___argv                 0000000140033990 f   ucrtd:ucrtbased.dll
 0002:00021996       _c_exit                    0000000140033996 f   ucrtd:ucrtbased.dll
 0002:0002199c       _register_thread_local_exe_atexit_callback 000000014003399c f   ucrtd:ucrtbased.dll
 0002:000219a2       _configthreadlocale        00000001400339a2 f   ucrtd:ucrtbased.dll
 0002:000219a8       _set_new_mode              00000001400339a8 f   ucrtd:ucrtbased.dll
 0002:000219ae       __p__commode               00000001400339ae f   ucrtd:ucrtbased.dll
 0002:000219b4       terminate                  00000001400339b4 f   ucrtd:ucrtbased.dll
 0002:000219ba       strcpy_s                   00000001400339ba f   ucrtd:ucrtbased.dll
 0002:000219c0       strcat_s                   00000001400339c0 f   ucrtd:ucrtbased.dll
 0002:000219c6       __stdio_common_vsprintf_s  00000001400339c6 f   ucrtd:ucrtbased.dll
 0002:000219cc       _wmakepath_s               00000001400339cc f   ucrtd:ucrtbased.dll
 0002:000219d2       _wsplitpath_s              00000001400339d2 f   ucrtd:ucrtbased.dll
 0002:000219d8       wcscpy_s                   00000001400339d8 f   ucrtd:ucrtbased.dll
 0002:000219de       RtlCaptureContext          00000001400339de f   kernel32:KERNEL32.dll
 0002:000219e4       RtlLookupFunctionEntry     00000001400339e4 f   kernel32:KERNEL32.dll
 0002:000219ea       RtlVirtualUnwind           00000001400339ea f   kernel32:KERNEL32.dll
 0002:000219f0       IsDebuggerPresent          00000001400339f0 f   kernel32:KERNEL32.dll
 0002:000219f6       UnhandledExceptionFilter   00000001400339f6 f   kernel32:KERNEL32.dll
 0002:000219fc       SetUnhandledExceptionFilter 00000001400339fc f   kernel32:KERNEL32.dll
 0002:00021a02       GetStartupInfoW            0000000140033a02 f   kernel32:KERNEL32.dll
 0002:00021a08       IsProcessorFeaturePresent  0000000140033a08 f   kernel32:KERNEL32.dll
 0002:00021a0e       GetModuleHandleW           0000000140033a0e f   kernel32:KERNEL32.dll
 0002:00021a14       RaiseException             0000000140033a14 f   kernel32:KERNEL32.dll
 0002:00021a1a       MultiByteToWideChar        0000000140033a1a f   kernel32:KERNEL32.dll
 0002:00021a20       WideCharToMultiByte        0000000140033a20 f   kernel32:KERNEL32.dll
 0002:00021a26       GetCurrentProcess          0000000140033a26 f   kernel32:KERNEL32.dll
 0002:00021a2c       TerminateProcess           0000000140033a2c f   kernel32:KERNEL32.dll
 0002:00021a32       QueryPerformanceCounter    0000000140033a32 f   kernel32:KERNEL32.dll
 0002:00021a38       GetCurrentProcessId        0000000140033a38 f   kernel32:KERNEL32.dll
 0002:00021a3e       GetCurrentThreadId         0000000140033a3e f   kernel32:KERNEL32.dll
 0002:00021a44       GetSystemTimeAsFileTime    0000000140033a44 f   kernel32:KERNEL32.dll
 0002:00021a4a       InitializeSListHead        0000000140033a4a f   kernel32:KERNEL32.dll
 0002:00021a50       GetLastError               0000000140033a50 f   kernel32:KERNEL32.dll
 0002:00021a56       HeapAlloc                  0000000140033a56 f   kernel32:KERNEL32.dll
 0002:00021a5c       HeapFree                   0000000140033a5c f   kernel32:KERNEL32.dll
 0002:00021a62       GetProcessHeap             0000000140033a62 f   kernel32:KERNEL32.dll
 0002:00021a68       VirtualQuery               0000000140033a68 f   kernel32:KERNEL32.dll
 0002:00021a6e       FreeLibrary                0000000140033a6e f   kernel32:KERNEL32.dll
 0002:00021a74       GetProcAddress             0000000140033a74 f   kernel32:KERNEL32.dll
 0002:00021a80       __acrt_initialize          0000000140033a80 f   MSVCRTD:ucrt_stubs.obj
 0002:00021a80       __vcrt_initialize          0000000140033a80 f   MSVCRTD:ucrt_stubs.obj
 0002:00021a80       __scrt_stub_for_acrt_initialize 0000000140033a80 f   MSVCRTD:ucrt_stubs.obj
 0002:00021a90       __acrt_thread_attach       0000000140033a90 f   MSVCRTD:ucrt_stubs.obj
 0002:00021a90       __vcrt_thread_attach       0000000140033a90 f   MSVCRTD:ucrt_stubs.obj
 0002:00021a90       __scrt_stub_for_acrt_thread_attach 0000000140033a90 f   MSVCRTD:ucrt_stubs.obj
 0002:00021aa0       __scrt_stub_for_acrt_thread_detach 0000000140033aa0 f   MSVCRTD:ucrt_stubs.obj
 0002:00021aa0       __vcrt_thread_detach       0000000140033aa0 f   MSVCRTD:ucrt_stubs.obj
 0002:00021aa0       __acrt_thread_detach       0000000140033aa0 f   MSVCRTD:ucrt_stubs.obj
 0002:00021ab0       __scrt_stub_for_acrt_uninitialize 0000000140033ab0 f   MSVCRTD:ucrt_stubs.obj
 0002:00021ab0       __acrt_uninitialize        0000000140033ab0 f   MSVCRTD:ucrt_stubs.obj
 0002:00021ab0       __vcrt_uninitialize        0000000140033ab0 f   MSVCRTD:ucrt_stubs.obj
 0002:00021ac0       __scrt_stub_for_acrt_uninitialize_critical 0000000140033ac0 f   MSVCRTD:ucrt_stubs.obj
 0002:00021ac0       __vcrt_uninitialize_critical 0000000140033ac0 f   MSVCRTD:ucrt_stubs.obj
 0002:00021ac0       __acrt_uninitialize_critical 0000000140033ac0 f   MSVCRTD:ucrt_stubs.obj
 0002:00021ad0       __scrt_stub_for_is_c_termination_complete 0000000140033ad0 f   MSVCRTD:ucrt_stubs.obj
 0002:00021ad0       _is_c_termination_complete 0000000140033ad0 f   MSVCRTD:ucrt_stubs.obj
 0002:00023000       _guard_dispatch_icall_nop  0000000140035000 f   MSVCRTD:_guard_dispatch_.obj
 0002:00023020       __guard_ss_verify_failure  0000000140035020 f   MSVCRTD:_rfgfailure_.obj
 0002:0002302b       __guard_ss_verify_failure_rcx 000000014003502b     MSVCRTD:_rfgfailure_.obj
 0002:00023031       __guard_ss_verify_failure_rdx 0000000140035031     MSVCRTD:_rfgfailure_.obj
 0002:00023037       __guard_ss_verify_failure_r8 0000000140035037     MSVCRTD:_rfgfailure_.obj
 0002:0002303d       __guard_ss_verify_failure_r9 000000014003503d     MSVCRTD:_rfgfailure_.obj
 0002:00023043       __guard_ss_verify_failure_r10 0000000140035043     MSVCRTD:_rfgfailure_.obj
 0002:00023050       __guard_ss_verify_failure_default 0000000140035050 f   MSVCRTD:_rfgfailure_.obj
 0002:000230b0       __guard_ss_verify_sp       00000001400350b0 f   MSVCRTD:_rfgfailure_.obj
 0002:000230c0       __guard_ss_verify_sp_default 00000001400350c0 f   MSVCRTD:_rfgfailure_.obj
 0003:00000000       __xc_a                     000000014003a000     MSVCRTD:initializers.obj
 0003:00000440       __xc_z                     000000014003a440     MSVCRTD:initializers.obj
 0003:00000550       __xi_a                     000000014003a550     MSVCRTD:initializers.obj
 0003:00000880       __xi_z                     000000014003a880     MSVCRTD:initializers.obj
 0003:00000990       __xp_a                     000000014003a990     MSVCRTD:initializers.obj
 0003:00000aa0       __xp_z                     000000014003aaa0     MSVCRTD:initializers.obj
 0003:00000bb0       __xt_a                     000000014003abb0     MSVCRTD:initializers.obj
 0003:00000cc0       __xt_z                     000000014003acc0     MSVCRTD:initializers.obj
 0003:00000f28       ??_C@_0BO@OCGMENDH@Efekty_d?$JPwi?jkowe?1wygrana1?4wav?$AA@ 000000014003af28     main.obj
 0003:00000f60       __real@4042800000000000    000000014003af60     main.obj
 0003:00001000       ??_7?$basic_ifstream@DU?$char_traits@D@std@@@std@@6B@ 000000014003b000     main.obj
 0003:000010a8       ??_C@_0BG@DNDOADBI@kwota_pocz?$LJtkowa?51000?$AA@ 000000014003b0a8     main.obj
 0003:00001158       ??_C@_0BH@GDCLDFHN@Gratuluje?5zwi?jkszy?$LDe?$JM?5?$AA@ 000000014003b158     main.obj
[...]
 0006:000000e8       __imp_HeapFree             000000014004d0e8     kernel32:KERNEL32.dll
 0006:000000f0       __imp_GetProcessHeap       000000014004d0f0     kernel32:KERNEL32.dll
 0006:000000f8       __imp_VirtualQuery         000000014004d0f8     kernel32:KERNEL32.dll
 0006:00000100       __imp_RtlCaptureContext    000000014004d100     kernel32:KERNEL32.dll
 0006:00000108       \177KERNEL32_NULL_THUNK_DATA 000000014004d108     kernel32:KERNEL32.dll
 0006:00000190       __imp_?getloc@?$basic_streambuf@DU?$char_traits@D@std@@@std@@QEBA?AVlocale@2@XZ 000000014004d190     msvcprtd:MSVCP140D.dll
 0006:00000198       __imp_?sbumpc@?$basic_streambuf@DU?$char_traits@D@std@@@std@@QEAAHXZ 000000014004d198     msvcprtd:MSVCP140D.dll
 0006:000001a0       __imp_?sgetc@?$basic_streambuf@DU?$char_traits@D@std@@@std@@QEAAHXZ 000000014004d1a0     msvcprtd:MSVCP140D.dll
 0006:000001a8       __imp_?snextc@?$basic_streambuf@DU?$char_traits@D@std@@@std@@QEAAHXZ 000000014004d1a8     msvcprtd:MSVCP140D.dll
 0006:000001b0       __imp_?sputc@?$basic_streambuf@DU?$char_traits@D@std@@@std@@QEAAHD@Z 000000014004d1b0     msvcprtd:MSVCP140D.dll
 0006:000001b8       __imp_?sputn@?$basic_streambuf@DU?$char_traits@D@std@@@std@@QEAA_JPEBD_J@Z 000000014004d1b8     msvcprtd:MSVCP140D.dll
 0006:000001c0       __imp_?eback@?$basic_streambuf@DU?$char_traits@D@std@@@std@@IEBAPEADXZ 000000014004d1c0     msvcprtd:MSVCP140D.dll
 0006:000001c8       __imp_?gptr@?$basic_streambuf@DU?$char_traits@D@std@@@std@@IEBAPEADXZ 000000014004d1c8     msvcprtd:MSVCP140D.dll
 0006:000001d0       __imp_?pbase@?$basic_streambuf@DU?$char_traits@D@std@@@std@@IEBAPEADXZ 000000014004d1d0     msvcprtd:MSVCP140D.dll
 0006:000001d8       __imp_?pptr@?$basic_streambuf@DU?$char_traits@D@std@@@std@@IEBAPEADXZ 000000014004d1d8     msvcprtd:MSVCP140D.dll
 0006:000001e0       __imp_?egptr@?$basic_streambuf@DU?$char_traits@D@std@@@std@@IEBAPEADXZ 000000014004d1e0     msvcprtd:MSVCP140D.dll
 0006:000001e8       __imp_?gbump@?$basic_streambuf@DU?$char_traits@D@std@@@std@@IEAAXH@Z 000000014004d1e8     msvcprtd:MSVCP140D.dll
 0006:000001f0       __imp_?setg@?$basic_streambuf@DU?$char_traits@D@std@@@std@@IEAAXPEAD00@Z 000000014004d1f0     msvcprtd:MSVCP140D.dll
 0006:000001f8       __imp_?epptr@?$basic_streambuf@DU?$char_traits@D@std@@@std@@IEBAPEADXZ 000000014004d1f8     msvcprtd:MSVCP140D.dll
 0006:00000200       __imp_?_Gndec@?$basic_streambuf@DU?$char_traits@D@std@@@std@@IEAAPEADXZ 000000014004d200     msvcprtd:MSVCP140D.dll
 0006:00000208       __imp_?_Gninc@?$basic_streambuf@DU?$char_traits@D@std@@@std@@IEAAPEADXZ 000000014004d208     msvcprtd:MSVCP140D.dll
 0006:00000210       __imp_?pbump@?$basic_streambuf@DU?$char_traits@D@std@@@std@@IEAAXH@Z 000000014004d210     msvcprtd:MSVCP140D.dll
 0006:00000218       __imp_?setp@?$basic_streambuf@DU?$char_traits@D@std@@@std@@IEAAXPEAD0@Z 000000014004d218     msvcprtd:MSVCP140D.dll
 0006:00000220       __imp_?setp@?$basic_streambuf@DU?$char_traits@D@std@@@std@@IEAAXPEAD00@Z 000000014004d220     msvcprtd:MSVCP140D.dll
 0006:00000228       __imp_?_Pninc@?$basic_streambuf@DU?$char_traits@D@std@@@std@@IEAAPEADXZ 000000014004d228     msvcprtd:MSVCP140D.dll
 0006:00000230       __imp_?_Init@?$basic_streambuf@DU?$char_traits@D@std@@@std@@IEAAXXZ 000000014004d230     msvcprtd:MSVCP140D.dll
 0006:00000238       __imp_?_Init@?$basic_streambuf@DU?$char_traits@D@std@@@std@@IEAAXPEAPEAD0PEAH001@Z 000000014004d238     msvcprtd:MSVCP140D.dll
 0006:00000240       __imp_??1?$basic_ios@DU?$char_traits@D@std@@@std@@UEAA@XZ 000000014004d240     msvcprtd:MSVCP140D.dll
 0006:00000248       __imp_?clear@?$basic_ios@DU?$char_traits@D@std@@@std@@QEAAXH_N@Z 000000014004d248     msvcprtd:MSVCP140D.dll
 0006:00000250       __imp_?setstate@?$basic_ios@DU?$char_traits@D@std@@@std@@QEAAXH_N@Z 000000014004d250     msvcprtd:MSVCP140D.dll
 0006:00000258       __imp_?tie@?$basic_ios@DU?$char_traits@D@std@@@std@@QEBAPEAV?$basic_ostream@DU?$char_traits@D@std@@@2@XZ 000000014004d258     msvcprtd:MSVCP140D.dll
 0006:00000260       __imp_?rdbuf@?$basic_ios@DU?$char_traits@D@std@@@std@@QEBAPEAV?$basic_streambuf@DU?$char_traits@D@std@@@2@XZ 000000014004d260     msvcprtd:MSVCP140D.dll
 0006:00000268       __imp_?fill@?$basic_ios@DU?$char_traits@D@std@@@std@@QEBADXZ 000000014004d268     msvcprtd:MSVCP140D.dll
 0006:00000270       __imp_?widen@?$basic_ios@DU?$char_traits@D@std@@@std@@QEBADD@Z 000000014004d270     msvcprtd:MSVCP140D.dll
 0006:00000278       __imp_??0?$basic_ios@DU?$char_traits@D@std@@@std@@IEAA@XZ 000000014004d278     msvcprtd:MSVCP140D.dll
 0006:00000280       __imp_??0?$basic_ostream@DU?$char_traits@D@std@@@std@@QEAA@PEAV?$basic_streambuf@DU?$char_traits@D@std@@@1@_N@Z 000000014004d280     msvcprtd:MSVCP140D.dll
 0006:00000288       __imp_??1?$basic_ostream@DU?$char_traits@D@std@@@std@@UEAA@XZ 000000014004d288     msvcprtd:MSVCP140D.dll
 0006:00000290       __imp_??0?$basic_streambuf@DU?$char_traits@D@std@@@std@@IEAA@XZ 000000014004d290     msvcprtd:MSVCP140D.dll
 0006:00000298       __imp_??6?$basic_ostream@DU?$char_traits@D@std@@@std@@QEAAAEAV01@P6AAEAV01@AEAV01@@Z@Z 000000014004d298     msvcprtd:MSVCP140D.dll
 0006:000002a0       __imp_??6?$basic_ostream@DU?$char_traits@D@std@@@std@@QEAAAEAV01@G@Z 000000014004d2a0     msvcprtd:MSVCP140D.dll
 0006:000002a8       __imp_??6?$basic_ostream@DU?$char_traits@D@std@@@std@@QEAAAEAV01@H@Z 000000014004d2a8     msvcprtd:MSVCP140D.dll
 0006:000002b0       __imp_?put@?$basic_ostream@DU?$char_traits@D@std@@@std@@QEAAAEAV12@D@Z 000000014004d2b0     msvcprtd:MSVCP140D.dll
 0006:000002b8       __imp_?flush@?$basic_ostream@DU?$char_traits@D@std@@@std@@QEAAAEAV12@XZ 000000014004d2b8     msvcprtd:MSVCP140D.dll
 0006:000002c0       __imp_??0?$basic_istream@DU?$char_traits@D@std@@@std@@QEAA@PEAV?$basic_streambuf@DU?$char_traits@D@std@@@1@_N@Z 000000014004d2c0     msvcprtd:MSVCP140D.dll
 0006:000002c8       __imp_??1?$basic_istream@DU?$char_traits@D@std@@@std@@UEAA@XZ 000000014004d2c8     msvcprtd:MSVCP140D.dll
 0006:000002d0       __imp_?_Ipfx@?$basic_istream@DU?$char_traits@D@std@@@std@@QEAA_N_N@Z 000000014004d2d0     msvcprtd:MSVCP140D.dll
 0006:000002d8       __imp_??0?$basic_iostream@DU?$char_traits@D@std@@@std@@QEAA@PEAV?$basic_streambuf@DU?$char_traits@D@std@@@1@@Z 000000014004d2d8     msvcprtd:MSVCP140D.dll
 0006:000002e0       __imp_??1?$basic_iostream@DU?$char_traits@D@std@@@std@@UEAA@XZ 000000014004d2e0     msvcprtd:MSVCP140D.dll
 0006:000002e8       __imp_?_Fiopen@std@@YAPEAU_iobuf@@PEBDHH@Z 000000014004d2e8     msvcprtd:MSVCP140D.dll
 0006:000002f0       __imp_?_Random_device@std@@YAIXZ 000000014004d2f0     msvcprtd:MSVCP140D.dll
 0006:000002f8       __imp_?_Lock@?$basic_streambuf@DU?$char_traits@D@std@@@std@@UEAAXXZ 000000014004d2f8     msvcprtd:MSVCP140D.dll
 0006:00000300       __imp_?_Unlock@?$basic_streambuf@DU?$char_traits@D@std@@@std@@UEAAXXZ 000000014004d300     msvcprtd:MSVCP140D.dll
 0006:00000308       __imp_?imbue@?$basic_streambuf@DU?$char_traits@D@std@@@std@@MEAAXAEBVlocale@2@@Z 000000014004d308     msvcprtd:MSVCP140D.dll
 0006:00000310       __imp_?setbuf@?$basic_streambuf@DU?$char_traits@D@std@@@std@@MEAAPEAV12@PEAD_J@Z 000000014004d310     msvcprtd:MSVCP140D.dll
 0006:00000318       __imp_?showmanyc@?$basic_streambuf@DU?$char_traits@D@std@@@std@@MEAA_JXZ 000000014004d318     msvcprtd:MSVCP140D.dll
 0006:00000320       __imp_?sync@?$basic_streambuf@DU?$char_traits@D@std@@@std@@MEAAHXZ 000000014004d320     msvcprtd:MSVCP140D.dll
 0006:00000328       __imp_?uflow@?$basic_streambuf@DU?$char_traits@D@std@@@std@@MEAAHXZ 000000014004d328     msvcprtd:MSVCP140D.dll
 0006:00000330       __imp_?xsgetn@?$basic_streambuf@DU?$char_traits@D@std@@@std@@MEAA_JPEAD_J@Z 000000014004d330     msvcprtd:MSVCP140D.dll
 0006:00000338       __imp_?xsputn@?$basic_streambuf@DU?$char_traits@D@std@@@std@@MEAA_JPEBD_J@Z 000000014004d338     msvcprtd:MSVCP140D.dll
 0006:00000340       __imp_?_BADOFF@std@@3_JB   000000014004d340     msvcprtd:MSVCP140D.dll
 0006:00000348       __imp_?id@?$ctype@D@std@@2V0locale@2@A 000000014004d348     msvcprtd:MSVCP140D.dll
 0006:00000350       __imp_?id@?$codecvt@DDU_Mbstatet@@@std@@2V0locale@2@A 000000014004d350     msvcprtd:MSVCP140D.dll
 0006:00000358       __imp_?cin@std@@3V?$basic_istream@DU?$char_traits@D@std@@@1@A 000000014004d358     msvcprtd:MSVCP140D.dll
 0006:00000360       __imp_?cout@std@@3V?$basic_ostream@DU?$char_traits@D@std@@@1@A 000000014004d360     msvcprtd:MSVCP140D.dll
 0006:00000368       __imp_??1?$basic_streambuf@DU?$char_traits@D@std@@@std@@UEAA@XZ 000000014004d368     msvcprtd:MSVCP140D.dll
 0006:00000370       __imp_?getloc@ios_base@std@@QEBA?AVlocale@2@XZ 000000014004d370     msvcprtd:MSVCP140D.dll
 0006:00000378       __imp_?width@ios_base@std@@QEAA_J_J@Z 000000014004d378     msvcprtd:MSVCP140D.dll
 0006:00000380       __imp_??0_Lockit@std@@QEAA@H@Z 000000014004d380     msvcprtd:MSVCP140D.dll
 0006:00000388       __imp_??1_Lockit@std@@QEAA@XZ 000000014004d388     msvcprtd:MSVCP140D.dll
 0006:00000390       __imp_?uncaught_exception@std@@YA_NXZ 000000014004d390     msvcprtd:MSVCP140D.dll
 0006:00000398       __imp_?_Debug_message@std@@YAXPEB_W0I@Z 000000014004d398     msvcprtd:MSVCP140D.dll
 0006:000003a0       __imp_?_Xbad_alloc@std@@YAXXZ 000000014004d3a0     msvcprtd:MSVCP140D.dll
 0006:000003a8       __imp_?_Xlength_error@std@@YAXPEBD@Z 000000014004d3a8     msvcprtd:MSVCP140D.dll
 0006:000003b0       __imp_?_Xout_of_range@std@@YAXPEBD@Z 000000014004d3b0     msvcprtd:MSVCP140D.dll
 0006:000003b8       __imp_??Bid@locale@std@@QEAA_KXZ 000000014004d3b8     msvcprtd:MSVCP140D.dll
 0006:000003c0       __imp_?_Getgloballocale@locale@std@@CAPEAV_Locimp@12@XZ 000000014004d3c0     msvcprtd:MSVCP140D.dll
 0006:000003c8       __imp_?always_noconv@codecvt_base@std@@QEBA_NXZ 000000014004d3c8     msvcprtd:MSVCP140D.dll
 0006:000003d0       __imp_?is@?$ctype@D@std@@QEBA_NFD@Z 000000014004d3d0     msvcprtd:MSVCP140D.dll
 0006:000003d8       __imp_?_Getcat@?$ctype@D@std@@SA_KPEAPEBVfacet@locale@2@PEBV42@@Z 000000014004d3d8     msvcprtd:MSVCP140D.dll
 0006:000003e0       __imp_?in@?$codecvt@DDU_Mbstatet@@@std@@QEBAHAEAU_Mbstatet@@PEBD1AEAPEBDPEAD3AEAPEAD@Z 000000014004d3e0     msvcprtd:MSVCP140D.dll
 0006:000003e8       __imp_?out@?$codecvt@DDU_Mbstatet@@@std@@QEBAHAEAU_Mbstatet@@PEBD1AEAPEBDPEAD3AEAPEAD@Z 000000014004d3e8     msvcprtd:MSVCP140D.dll
 0006:000003f0       __imp_?width@ios_base@std@@QEBA_JXZ 000000014004d3f0     msvcprtd:MSVCP140D.dll
 0006:000003f8       __imp_?flags@ios_base@std@@QEBAHXZ 000000014004d3f8     msvcprtd:MSVCP140D.dll
 0006:00000400       __imp_?eof@ios_base@std@@QEBA_NXZ 000000014004d400     msvcprtd:MSVCP140D.dll
 0006:00000408       __imp_?good@ios_base@std@@QEBA_NXZ 000000014004d408     msvcprtd:MSVCP140D.dll
 0006:00000410       __imp_?_Getcat@?$codecvt@DDU_Mbstatet@@@std@@SA_KPEAPEBVfacet@locale@2@PEBV42@@Z 000000014004d410     msvcprtd:MSVCP140D.dll
 0006:00000418       __imp_?unshift@?$codecvt@DDU_Mbstatet@@@std@@QEBAHAEAU_Mbstatet@@PEAD1AEAPEAD@Z 000000014004d418     msvcprtd:MSVCP140D.dll
 0006:00000420       __imp_?_Osfx@?$basic_ostream@DU?$char_traits@D@std@@@std@@QEAAXXZ 000000014004d420     msvcprtd:MSVCP140D.dll
 0006:00000428       \177MSVCP140D_NULL_THUNK_DATA 000000014004d428     msvcprtd:MSVCP140D.dll
 0006:00000500       __imp___vcrt_GetModuleFileNameW 000000014004d500     vcruntimed:VCRUNTIME140D.dll
 0006:00000508       __imp___std_type_info_destroy_list 000000014004d508     vcruntimed:VCRUNTIME140D.dll
 0006:00000510       __imp___C_specific_handler 000000014004d510     vcruntimed:VCRUNTIME140D.dll
 0006:00000518       __imp___CxxFrameHandler3   000000014004d518     vcruntimed:VCRUNTIME140D.dll
 0006:00000520       __imp__CxxThrowException   000000014004d520     vcruntimed:VCRUNTIME140D.dll
 0006:00000528       __imp___vcrt_GetModuleHandleW 000000014004d528     vcruntimed:VCRUNTIME140D.dll
 0006:00000530       __imp___std_exception_copy 000000014004d530     vcruntimed:VCRUNTIME140D.dll
 0006:00000538       __imp_memset               000000014004d538     vcruntimed:VCRUNTIME140D.dll
 0006:00000540       __imp_memmove              000000014004d540     vcruntimed:VCRUNTIME140D.dll
 0006:00000548       __imp_memcpy               000000014004d548     vcruntimed:VCRUNTIME140D.dll
 0006:00000550       __imp_memcmp               000000014004d550     vcruntimed:VCRUNTIME140D.dll
 0006:00000558       __imp_memchr               000000014004d558     vcruntimed:VCRUNTIME140D.dll
 0006:00000560       __imp___std_exception_destroy 000000014004d560     vcruntimed:VCRUNTIME140D.dll
 0006:00000568       __imp___vcrt_LoadLibraryExW 000000014004d568     vcruntimed:VCRUNTIME140D.dll
 0006:00000570       \177VCRUNTIME140D_NULL_THUNK_DATA 000000014004d570     vcruntimed:VCRUNTIME140D.dll
 0006:000005d8       __imp_PlaySoundA           000000014004d5d8     winmm:WINMM.dll
 0006:000005e0       \177WINMM_NULL_THUNK_DATA  000000014004d5e0     winmm:WINMM.dll
 0006:00000638       __imp_setlocale            000000014004d638     ucrtd:ucrtbased.dll
 0006:00000640       __imp__access              000000014004d640     ucrtd:ucrtbased.dll
 0006:00000648       __imp__free_dbg            000000014004d648     ucrtd:ucrtbased.dll
 0006:00000650       __imp__malloc_dbg          000000014004d650     ucrtd:ucrtbased.dll
 0006:00000658       __imp__callnewh            000000014004d658     ucrtd:ucrtbased.dll
 0006:00000660       __imp_malloc               000000014004d660     ucrtd:ucrtbased.dll
 0006:00000668       __imp__seh_filter_dll      000000014004d668     ucrtd:ucrtbased.dll
 0006:00000670       __imp__configure_narrow_argv 000000014004d670     ucrtd:ucrtbased.dll
 0006:00000678       __imp__initialize_narrow_environment 000000014004d678     ucrtd:ucrtbased.dll
 0006:00000680       __imp__initialize_onexit_table 000000014004d680     ucrtd:ucrtbased.dll
 0006:00000688       __imp__register_onexit_function 000000014004d688     ucrtd:ucrtbased.dll
 0006:00000690       __imp__execute_onexit_table 000000014004d690     ucrtd:ucrtbased.dll
 0006:00000698       __imp__crt_atexit          000000014004d698     ucrtd:ucrtbased.dll
 0006:000006a0       __imp__crt_at_quick_exit   000000014004d6a0     ucrtd:ucrtbased.dll
 0006:000006a8       __imp__cexit               000000014004d6a8     ucrtd:ucrtbased.dll
 0006:000006b0       __imp__CrtDbgReport        000000014004d6b0     ucrtd:ucrtbased.dll
 0006:000006b8       __imp__seh_filter_exe      000000014004d6b8     ucrtd:ucrtbased.dll
 0006:000006c0       __imp__set_app_type        000000014004d6c0     ucrtd:ucrtbased.dll
 0006:000006c8       __imp___setusermatherr     000000014004d6c8     ucrtd:ucrtbased.dll
 0006:000006d0       __imp__get_initial_narrow_environment 000000014004d6d0     ucrtd:ucrtbased.dll
 0006:000006d8       __imp__initterm            000000014004d6d8     ucrtd:ucrtbased.dll
 0006:000006e0       __imp__initterm_e          000000014004d6e0     ucrtd:ucrtbased.dll
 0006:000006e8       __imp_exit                 000000014004d6e8     ucrtd:ucrtbased.dll
 0006:000006f0       __imp__exit                000000014004d6f0     ucrtd:ucrtbased.dll
 0006:000006f8       __imp__set_fmode           000000014004d6f8     ucrtd:ucrtbased.dll
 0006:00000700       __imp___p___argc           000000014004d700     ucrtd:ucrtbased.dll
 0006:00000708       __imp___p___argv           000000014004d708     ucrtd:ucrtbased.dll
 0006:00000710       __imp__c_exit              000000014004d710     ucrtd:ucrtbased.dll
 0006:00000718       __imp__register_thread_local_exe_atexit_callback 000000014004d718     ucrtd:ucrtbased.dll
 0006:00000720       __imp_strlen               000000014004d720     ucrtd:ucrtbased.dll
 0006:00000728       __imp__set_new_mode        000000014004d728     ucrtd:ucrtbased.dll
 0006:00000730       __imp___p__commode         000000014004d730     ucrtd:ucrtbased.dll
 0006:00000738       __imp_terminate            000000014004d738     ucrtd:ucrtbased.dll
 0006:00000740       __imp_strcpy_s             000000014004d740     ucrtd:ucrtbased.dll
 0006:00000748       __imp_strcat_s             000000014004d748     ucrtd:ucrtbased.dll
 0006:00000750       __imp___stdio_common_vsprintf_s 000000014004d750     ucrtd:ucrtbased.dll
 0006:00000758       __imp__wmakepath_s         000000014004d758     ucrtd:ucrtbased.dll
 0006:00000760       __imp__wsplitpath_s        000000014004d760     ucrtd:ucrtbased.dll
 0006:00000768       __imp_wcscpy_s             000000014004d768     ucrtd:ucrtbased.dll
 0006:00000770       __imp__CrtDbgReportW       000000014004d770     ucrtd:ucrtbased.dll
 0006:00000778       __imp__lock_file           000000014004d778     ucrtd:ucrtbased.dll
 0006:00000780       __imp_ungetc               000000014004d780     ucrtd:ucrtbased.dll
 0006:00000788       __imp_setvbuf              000000014004d788     ucrtd:ucrtbased.dll
 0006:00000790       __imp_remove               000000014004d790     ucrtd:ucrtbased.dll
 0006:00000798       __imp_fwrite               000000014004d798     ucrtd:ucrtbased.dll
 0006:000007a0       __imp__fseeki64            000000014004d7a0     ucrtd:ucrtbased.dll
 0006:000007a8       __imp_fsetpos              000000014004d7a8     ucrtd:ucrtbased.dll
 0006:000007b0       __imp_fputc                000000014004d7b0     ucrtd:ucrtbased.dll
 0006:000007b8       __imp_fgetpos              000000014004d7b8     ucrtd:ucrtbased.dll
 0006:000007c0       __imp_fgetc                000000014004d7c0     ucrtd:ucrtbased.dll
 0006:000007c8       __imp_fflush               000000014004d7c8     ucrtd:ucrtbased.dll
 0006:000007d0       __imp_fclose               000000014004d7d0     ucrtd:ucrtbased.dll
 0006:000007d8       __imp__get_stream_buffer_pointers 000000014004d7d8     ucrtd:ucrtbased.dll
 0006:000007e0       __imp_system               000000014004d7e0     ucrtd:ucrtbased.dll
 0006:000007e8       __imp_atoi                 000000014004d7e8     ucrtd:ucrtbased.dll
 0006:000007f0       __imp_rand                 000000014004d7f0     ucrtd:ucrtbased.dll
 0006:000007f8       __imp_srand                000000014004d7f8     ucrtd:ucrtbased.dll
 0006:00000800       __imp__errno               000000014004d800     ucrtd:ucrtbased.dll
 0006:00000808       __imp__time64              000000014004d808     ucrtd:ucrtbased.dll
 0006:00000810       __imp__invalid_parameter_noinfo 000000014004d810     ucrtd:ucrtbased.dll
 0006:00000818       __imp__invalid_parameter   000000014004d818     ucrtd:ucrtbased.dll
 0006:00000820       __imp__configthreadlocale  000000014004d820     ucrtd:ucrtbased.dll
 0006:00000828       __imp__unlock_file         000000014004d828     ucrtd:ucrtbased.dll
 0006:00000830       \177ucrtbased_NULL_THUNK_DATA 000000014004d830     ucrtd:ucrtbased.dll
 0006:000008e8       __imp_URLDownloadToFileA   000000014004d8e8     urlmon:urlmon.dll
 0006:000008f0       \177urlmon_NULL_THUNK_DATA 000000014004d8f0     urlmon:urlmon.dll
 0006:00000948       __IMPORT_DESCRIPTOR_WINMM  000000014004d948     winmm:WINMM.dll
 0006:0000095c       __IMPORT_DESCRIPTOR_KERNEL32 000000014004d95c     kernel32:KERNEL32.dll
 0006:00000970       __IMPORT_DESCRIPTOR_MSVCP140D 000000014004d970     msvcprtd:MSVCP140D.dll
 0006:00000984       __IMPORT_DESCRIPTOR_urlmon 000000014004d984     urlmon:urlmon.dll
 0006:00000998       __IMPORT_DESCRIPTOR_VCRUNTIME140D 000000014004d998     vcruntimed:VCRUNTIME140D.dll
 0006:000009ac       __IMPORT_DESCRIPTOR_ucrtbased 000000014004d9ac     ucrtd:ucrtbased.dll
 0006:000009c0       __NULL_IMPORT_DESCRIPTOR   000000014004d9c0     winmm:WINMM.dll
 0007:00000000       __guard_check_icall_fptr   0000000140051000     MSVCRTD:guard_support.obj
 0007:00000010       __guard_dispatch_icall_fptr 0000000140051010     MSVCRTD:guard_support.obj
 0007:00000020       __guard_ss_verify_failure_fptr 0000000140051020     MSVCRTD:guard_support.obj
 0007:00000030       __guard_ss_verify_sp_fptr  0000000140051030     MSVCRTD:guard_support.obj
