 Ruletka

 Timestamp is 5a3414d0 (Fri Dec 15 19:30:40 2017)

 Preferred load address is 0000000140000000

 Start         Length     Name                   Class
 0001:00000000 00010d8dH .textbss                DATA
 0002:00000000 000031b0H .text$di                CODE
 0002:000031b0 00021260H .text$mn                CODE
 0002:00024410 00001110H .text$mn$00             CODE
 0002:00025520 00002c20H .text$x                 CODE
 0002:00028140 0000106eH .text$yd                CODE
 0003:00000000 00000110H .CRT$XCA                DATA
 0003:00000110 00000110H .CRT$XCAA               DATA
 0003:00000220 00000110H .CRT$XCL                DATA
 0003:00000330 00000118H .CRT$XCU                DATA
 0003:00000448 00000110H .CRT$XCZ                DATA
 0003:00000558 00000110H .CRT$XIA                DATA
 0003:00000668 00000110H .CRT$XIAA               DATA
 0003:00000778 00000110H .CRT$XIAC               DATA
 0003:00000888 00000110H .CRT$XIZ                DATA
 0003:00000998 00000110H .CRT$XPA                DATA
 0003:00000aa8 00000110H .CRT$XPZ                DATA
 0003:00000bb8 00000110H .CRT$XTA                DATA
 0003:00000cc8 00000118H .CRT$XTZ                DATA
 0003:00000de0 00006780H .rdata                  DATA
 0003:00007560 00000c58H .rdata$r                DATA
 0003:000081b8 000001b8H .rdata$zzzdbg           DATA
 0003:00008370 00000110H .rtc$IAA                DATA
 0003:00008480 00000110H .rtc$IMZ                DATA
 0003:00008590 00000110H .rtc$IZZ                DATA
 0003:000086a0 00000110H .rtc$TAA                DATA
 0003:000087b0 00000110H .rtc$TMZ                DATA
 0003:000088c0 00000110H .rtc$TZZ                DATA
 0003:000089d0 000045a0H .xdata                  DATA
 0003:0000cf70 00000275H .xdata$x                DATA
 0003:0000d1e5 00000000H .edata                  DATA
 0004:00000000 00000170H .data                   DATA
 0004:00000170 00000630H .data$r                 DATA
 0004:000007a0 00000821H .bss                    DATA
 0005:00000000 00003b4cH .pdata                  DATA
 0006:00000000 00000960H .idata$5                DATA
 0006:00000960 00000078H .idata$2                DATA
 0006:000009d8 00000018H .idata$3                DATA
 0006:000009f0 00000960H .idata$4                DATA
 0006:00001350 00001fa3H .idata$6                DATA
 0007:00000000 0000013fH .00cfg                  DATA
 0008:00000000 00000170H .rsrc$01                DATA
 0008:00000170 000002e9H .rsrc$02                DATA

  Address         Publics by Value              Rva+Base               Lib:Object

 0000:00000000       __guard_longjmp_table      0000000000000000     <absolute>
 0000:00000000       __guard_iat_table          0000000000000000     <absolute>
 0000:00000000       ___safe_se_handler_count   0000000000000000     <absolute>
 0000:00000000       ___safe_se_handler_table   0000000000000000     <absolute>
 0000:00000000       __hybrid_code_map_count    0000000000000000     <absolute>
 0000:00000000       __dynamic_value_reloc_table 0000000000000000     <absolute>
 0000:00000000       __hybrid_code_map          0000000000000000     <absolute>
 0000:00000000       __guard_iat_count          0000000000000000     <absolute>
 0000:00000000       __guard_fids_table         0000000000000000     <absolute>
 0000:00000000       __enclave_config           0000000000000000     <absolute>
 0000:00000000       __hybrid_auxiliary_iat     0000000000000000     <absolute>
 0000:00000000       __guard_fids_count         0000000000000000     <absolute>
 0000:00000000       __guard_longjmp_count      0000000000000000     <absolute>
 0000:00000100       __guard_flags              0000000000000100     <absolute>
 0000:00000000       __ImageBase                0000000140000000     <linker-defined>
 0001:00000000       __enc$textbss$begin        0000000140001000     <linker-defined>
 0001:00010d8d       __enc$textbss$end          0000000140011d8d     <linker-defined>
 0002:000031b0       ??$?0$$V@?$_Compressed_pair@V?$allocator@D@std@@V?$_String_val@U?$_Simple_types@D@std@@@2@$00@std@@QEAA@U_Zero_then_variadic_args_t@1@@Z 00000001400151b0 f i main.obj
 0002:00003220       ??$?0AEBV?$allocator@D@std@@$$V@?$_Compressed_pair@V?$allocator@D@std@@V?$_String_val@U?$_Simple_types@D@std@@@2@$00@std@@QEAA@U_One_then_variadic_args_t@1@AEBV?$allocator@D@1@@Z 0000000140015220 f i main.obj
 0002:000032a0       ??$?0AEBV?$allocator@D@std@@X@?$_String_alloc@U?$_String_base_types@DV?$allocator@D@std@@@std@@@std@@QEAA@AEBV?$allocator@D@1@@Z 00000001400152a0 f i main.obj
 0002:00003340       ??$?0D@?$allocator@U_Container_proxy@std@@@std@@QEAA@AEBV?$allocator@D@1@@Z 0000000140015340 f i main.obj
 0002:00003390       ??$?0V?$allocator@D@std@@$$V@?$_Compressed_pair@V?$allocator@D@std@@V?$_String_val@U?$_Simple_types@D@std@@@2@$00@std@@QEAA@U_One_then_variadic_args_t@1@$$QEAV?$allocator@D@1@@Z 0000000140015390 f i main.obj
 0002:00003410       ??$?0V?$allocator@D@std@@X@?$_String_alloc@U?$_String_base_types@DV?$allocator@D@std@@@std@@@std@@QEAA@$$QEAV?$allocator@D@1@@Z 0000000140015410 f i main.obj
 0002:000034b0       ??$?5DU?$char_traits@D@std@@V?$allocator@D@1@@std@@YAAEAV?$basic_istream@DU?$char_traits@D@std@@@0@$$QEAV10@AEAV?$basic_string@DU?$char_traits@D@std@@V?$allocator@D@2@@0@@Z 00000001400154b0 f i main.obj
 0002:00003950       ??$?5DU?$char_traits@D@std@@V?$allocator@D@1@@std@@YAAEAV?$basic_istream@DU?$char_traits@D@std@@@0@AEAV10@AEAV?$basic_string@DU?$char_traits@D@std@@V?$allocator@D@2@@0@@Z 0000000140015950 f i main.obj
 0002:000039c0       ??$?6DU?$char_traits@D@std@@V?$allocator@D@1@@std@@YAAEAV?$basic_ostream@DU?$char_traits@D@std@@@0@AEAV10@AEBV?$basic_string@DU?$char_traits@D@std@@V?$allocator@D@2@@0@@Z 00000001400159c0 f i main.obj
 0002:00003a50       ??$?6U?$char_traits@D@std@@@std@@YAAEAV?$basic_ostream@DU?$char_traits@D@std@@@0@AEAV10@D@Z 0000000140015a50 f i main.obj
 0002:00003f40       ??$?6U?$char_traits@D@std@@@std@@YAAEAV?$basic_ostream@DU?$char_traits@D@std@@@0@AEAV10@PEBD@Z 0000000140015f40 f i main.obj
 0002:00004450       ??$?8DU?$char_traits@D@std@@V?$allocator@D@1@@std@@YA_NAEBV?$basic_string@DU?$char_traits@D@std@@V?$allocator@D@2@@0@QEBD@Z 0000000140016450 f i main.obj
 0002:000044b0       ??$?9DD@std@@YA_NAEBV?$allocator@D@0@0@Z 00000001400164b0 f i main.obj
 0002:00004500       ??$?9DU?$char_traits@D@std@@V?$allocator@D@1@@std@@YA_NAEBV?$basic_string@DU?$char_traits@D@std@@V?$allocator@D@2@@0@QEBD@Z 0000000140016500 f i main.obj
 0002:00004590       ??$?HDU?$char_traits@D@std@@V?$allocator@D@1@@std@@YA?AV?$basic_string@DU?$char_traits@D@std@@V?$allocator@D@2@@0@$$QEAV10@0@Z 0000000140016590 f i main.obj
 0002:00004750       ??$?HDU?$char_traits@D@std@@V?$allocator@D@1@@std@@YA?AV?$basic_string@DU?$char_traits@D@std@@V?$allocator@D@2@@0@$$QEAV10@D@Z 0000000140016750 f i main.obj
 0002:00004800       ??$?HDU?$char_traits@D@std@@V?$allocator@D@1@@std@@YA?AV?$basic_string@DU?$char_traits@D@std@@V?$allocator@D@2@@0@$$QEAV10@QEBD@Z 0000000140016800 f i main.obj
 0002:000048b0       ??$?HDU?$char_traits@D@std@@V?$allocator@D@1@@std@@YA?AV?$basic_string@DU?$char_traits@D@std@@V?$allocator@D@2@@0@AEBV10@$$QEAV10@@Z 00000001400168b0 f i main.obj
 0002:00004960       ??$?HDU?$char_traits@D@std@@V?$allocator@D@1@@std@@YA?AV?$basic_string@DU?$char_traits@D@std@@V?$allocator@D@2@@0@AEBV10@0@Z 0000000140016960 f i main.obj
 0002:00004ac0       ??$?HDU?$char_traits@D@std@@V?$allocator@D@1@@std@@YA?AV?$basic_string@DU?$char_traits@D@std@@V?$allocator@D@2@@0@AEBV10@QEBD@Z 0000000140016ac0 f i main.obj
 0002:00004c30       ??$?HDU?$char_traits@D@std@@V?$allocator@D@1@@std@@YA?AV?$basic_string@DU?$char_traits@D@std@@V?$allocator@D@2@@0@QEBDAEBV10@@Z 0000000140016c30 f i main.obj
 0002:00004da0       ??$?RVrandom_device@std@@@?$uniform_int@H@std@@QEBAHAEAVrandom_device@1@@Z 0000000140016da0 f i main.obj
 0002:00004e20       ??$_Allocate@U?$_Default_allocate_traits@$00@std@@@std@@YAPEAX_K0_K@Z 0000000140016e20 f i main.obj
 0002:00005060       ??$_Convert_size@_K@std@@YA_K_K@Z 0000000140017060 f i main.obj
 0002:000050b0       ??$_Deallocate_plain@V?$allocator@U_Container_proxy@std@@@std@@$0A@@std@@YAXAEAV?$allocator@U_Container_proxy@std@@@0@QEAU_Container_proxy@0@@Z 00000001400170b0 f i main.obj
 0002:00005120       ??$_Eval@Vrandom_device@std@@@?$uniform_int@H@std@@AEBAHAEAVrandom_device@1@HH@Z 0000000140017120 f i main.obj
 0002:00005260       ??$_Fgetc@D@std@@YA_NAEADPEAU_iobuf@@@Z 0000000140017260 f i main.obj
 0002:000052e0       ??$_Fputc@D@std@@YA_NDPEAU_iobuf@@@Z 00000001400172e0 f i main.obj
 0002:00005370       ??$_Insert_string@DU?$char_traits@D@std@@_K@std@@YAAEAV?$basic_ostream@DU?$char_traits@D@std@@@0@AEAV10@QEBD_K@Z 0000000140017370 f i main.obj
 0002:00005880       ??$_Max_value@_K@std@@YAAEB_KAEB_K0@Z 0000000140017880 f i main.obj
 0002:00005920       ??$_Min_value@_K@std@@YAAEB_KAEB_K0@Z 0000000140017920 f i main.obj
 0002:000059c0       ??$_Pocca@V?$allocator@D@std@@@std@@YAXAEAV?$allocator@D@0@AEBV10@@Z 00000001400179c0 f i main.obj
 0002:00005a40       ??$_Pocca@V?$allocator@D@std@@@std@@YAXAEAV?$allocator@D@0@AEBV10@U?$integral_constant@_N$0A@@0@@Z 0000000140017a40 f i main.obj
 0002:00005a90       ??$_Pocma@V?$allocator@D@std@@@std@@YAXAEAV?$allocator@D@0@0@Z 0000000140017a90 f i main.obj
 0002:00005b10       ??$_Pocma@V?$allocator@D@std@@@std@@YAXAEAV?$allocator@D@0@0U?$integral_constant@_N$00@0@@Z 0000000140017b10 f i main.obj
 0002:00006db0       ??$_Refancy@PEAD$0A@@std@@YAPEADPEAD@Z 0000000140018db0 f i main.obj
 0002:00006e00       ??$_Traits_equal@U?$char_traits@D@std@@@std@@YA_NQEBD_K01@Z 0000000140018e00 f i main.obj
 0002:00006ec0       ??$_Traits_find@U?$char_traits@D@std@@@std@@YA_KQEBD_K101@Z 0000000140018ec0 f i main.obj
 0002:00007050       ??$_Unfancy@$$CBD@std@@YAPEBDPEBD@Z 0000000140019050 f i main.obj
 0002:000070a0       ??$_Unfancy@D@std@@YAPEADPEAD@Z 00000001400190a0 f i main.obj
 0002:000070f0       ??$_Unfancy@U_Container_proxy@std@@@std@@YAPEAU_Container_proxy@0@PEAU10@@Z 00000001400190f0 f i main.obj
 0002:00007140       ??$_Ungetc@D@std@@YA_NAEBDPEAU_iobuf@@@Z 0000000140019140 f i main.obj
 0002:000071e0       ??$addressof@$$CBV?$basic_string@DU?$char_traits@D@std@@V?$allocator@D@2@@std@@@std@@YAPEBV?$basic_string@DU?$char_traits@D@std@@V?$allocator@D@2@@0@AEBV10@@Z 00000001400191e0 f i main.obj
 0002:00007230       ??$addressof@D@std@@YAPEADAEAD@Z 0000000140019230 f i main.obj
 0002:00007280       ??$addressof@PEAD@std@@YAPEAPEADAEAPEAD@Z 0000000140019280 f i main.obj
 0002:000072d0       ??$addressof@V?$_String_val@U?$_Simple_types@D@std@@@std@@@std@@YAPEAV?$_String_val@U?$_Simple_types@D@std@@@0@AEAV10@@Z 00000001400192d0 f i main.obj
 0002:00007320       ??$addressof@V?$basic_string@DU?$char_traits@D@std@@V?$allocator@D@2@@std@@@std@@YAPEAV?$basic_string@DU?$char_traits@D@std@@V?$allocator@D@2@@0@AEAV10@@Z 0000000140019320 f i main.obj
 0002:00007370       ??$construct@PEADAEBQEAD@?$_Default_allocator_traits@V?$allocator@D@std@@@std@@SAXAEAV?$allocator@D@1@QEAPEADAEBQEAD@Z 0000000140019370 f i main.obj
 0002:00007400       ??$construct@U_Container_proxy@std@@U12@@?$_Default_allocator_traits@V?$allocator@U_Container_proxy@std@@@std@@@std@@SAXAEAV?$allocator@U_Container_proxy@std@@@1@QEAU_Container_proxy@1@$$QEAU31@@Z 0000000140019400 f i main.obj
 0002:000074a0       ??$destroy@PEAD@?$_Default_allocator_traits@V?$allocator@D@std@@@std@@SAXAEAV?$allocator@D@1@QEAPEAD@Z 00000001400194a0 f i main.obj
 0002:000074f0       ??$destroy@U_Container_proxy@std@@@?$_Default_allocator_traits@V?$allocator@U_Container_proxy@std@@@std@@@std@@SAXAEAV?$allocator@U_Container_proxy@std@@@1@QEAU_Container_proxy@1@@Z 00000001400194f0 f i main.obj
 0002:00007540       ??$endl@DU?$char_traits@D@std@@@std@@YAAEAV?$basic_ostream@DU?$char_traits@D@std@@@0@AEAV10@@Z 0000000140019540 f i main.obj
 0002:000075e0       ??$forward@AEBQEAD@std@@YAAEBQEADAEBQEAD@Z 00000001400195e0 f i main.obj
 0002:00007630       ??$forward@AEBV?$allocator@D@std@@@std@@YAAEBV?$allocator@D@0@AEBV10@@Z 0000000140019630 f i main.obj
 0002:00007680       ??$forward@U_Container_proxy@std@@@std@@YA$$QEAU_Container_proxy@0@AEAU10@@Z 0000000140019680 f i main.obj
 0002:000076d0       ??$forward@V?$allocator@D@std@@@std@@YA$$QEAV?$allocator@D@0@AEAV10@@Z 00000001400196d0 f i main.obj
 0002:00007720       ??$getline@DU?$char_traits@D@std@@V?$allocator@D@2@@std@@YAAEAV?$basic_istream@DU?$char_traits@D@std@@@0@$$QEAV10@AEAV?$basic_string@DU?$char_traits@D@std@@V?$allocator@D@2@@0@D@Z 0000000140019720 f i main.obj
 0002:00007a80       ??$getline@DU?$char_traits@D@std@@V?$allocator@D@2@@std@@YAAEAV?$basic_istream@DU?$char_traits@D@std@@@0@AEAV10@AEAV?$basic_string@DU?$char_traits@D@std@@V?$allocator@D@2@@0@@Z 0000000140019a80 f i main.obj
 0002:00007b30       ??$move@AEAV?$allocator@D@std@@@std@@YA$$QEAV?$allocator@D@0@AEAV10@@Z 0000000140019b30 f i main.obj
 0002:00007b80       ??$move@AEAV?$basic_istream@DU?$char_traits@D@std@@@std@@@std@@YA$$QEAV?$basic_istream@DU?$char_traits@D@std@@@0@AEAV10@@Z 0000000140019b80 f i main.obj
 0002:00007bd0       ??$move@AEAV?$basic_string@DU?$char_traits@D@std@@V?$allocator@D@2@@std@@@std@@YA$$QEAV?$basic_string@DU?$char_traits@D@std@@V?$allocator@D@2@@0@AEAV10@@Z 0000000140019bd0 f i main.obj
 0002:00007c20       ??$size@D$0BB@@std@@YA_KAEAY0BB@$$CBD@Z 0000000140019c20 f i main.obj
 0002:00007c70       ??$size@D$0BE@@std@@YA_KAEAY0BE@$$CBD@Z 0000000140019c70 f i main.obj
 0002:00007cc0       ??$size@D$0BH@@std@@YA_KAEAY0BH@$$CBD@Z 0000000140019cc0 f i main.obj
 0002:00007d10       ??$size@D$0BL@@std@@YA_KAEAY0BL@$$CBD@Z 0000000140019d10 f i main.obj
 0002:00007d60       ??$size@D$0BM@@std@@YA_KAEAY0BM@$$CBD@Z 0000000140019d60 f i main.obj
 0002:00007db0       ??$size@D$0BN@@std@@YA_KAEAY0BN@$$CBD@Z 0000000140019db0 f i main.obj
 0002:00007e00       ??$size@D$0CA@@std@@YA_KAEAY0CA@$$CBD@Z 0000000140019e00 f i main.obj
 0002:00007e50       ??$size@D$0CG@@std@@YA_KAEAY0CG@$$CBD@Z 0000000140019e50 f i main.obj
 0002:00007ea0       ??$size@D$0O@@std@@YA_KAEAY0O@$$CBD@Z 0000000140019ea0 f i main.obj
 0002:00007ef0       ??$use_facet@V?$codecvt@DDU_Mbstatet@@@std@@@std@@YAAEBV?$codecvt@DDU_Mbstatet@@@0@AEBVlocale@0@@Z 0000000140019ef0 f i main.obj
 0002:000080b0       ??$use_facet@V?$ctype@D@std@@@std@@YAAEBV?$ctype@D@0@AEBVlocale@0@@Z 000000014001a0b0 f i main.obj
 0002:00008270       ??0?$_Rng_from_urng@IVrandom_device@std@@@std@@QEAA@AEAVrandom_device@1@@Z 000000014001a270 f i main.obj
 0002:00008370       ??0?$_String_alloc@U?$_String_base_types@DV?$allocator@D@std@@@std@@@std@@QEAA@XZ 000000014001a370 f i main.obj
 0002:00008400       ??0?$_String_const_iterator@V?$_String_val@U?$_Simple_types@D@std@@@std@@@std@@QEAA@PEBDPEBU_Container_base12@1@@Z 000000014001a400 f i main.obj
 0002:000084a0       ??0?$_String_iterator@V?$_String_val@U?$_Simple_types@D@std@@@std@@@std@@QEAA@PEADPEBU_Container_base12@1@@Z 000000014001a4a0 f i main.obj
 0002:00008520       ??0?$_String_val@U?$_Simple_types@D@std@@@std@@QEAA@XZ 000000014001a520 f i main.obj
 0002:000085d0       ??0?$allocator@D@std@@QEAA@XZ 000000014001a5d0 f i main.obj
 0002:00008620       ??0?$basic_filebuf@DU?$char_traits@D@std@@@std@@QEAA@PEAU_iobuf@@@Z 000000014001a620 f i main.obj
 0002:000086d0       ??0?$basic_fstream@DU?$char_traits@D@std@@@std@@QEAA@XZ 000000014001a6d0 f i main.obj
 0002:00008850       ??0?$basic_ifstream@DU?$char_traits@D@std@@@std@@QEAA@XZ 000000014001a850 f i main.obj
 0002:000089b0       ??0?$basic_ofstream@DU?$char_traits@D@std@@@std@@QEAA@XZ 000000014001a9b0 f i main.obj
 0002:00008b10       ??0?$basic_string@DU?$char_traits@D@std@@V?$allocator@D@2@@std@@QEAA@$$QEAV01@@Z 000000014001ab10 f i main.obj
 0002:00008bf0       ??0?$basic_string@DU?$char_traits@D@std@@V?$allocator@D@2@@std@@QEAA@AEBV01@@Z 000000014001abf0 f i main.obj
 0002:00008ca0       ??0?$basic_string@DU?$char_traits@D@std@@V?$allocator@D@2@@std@@QEAA@AEBV01@_K1AEBV?$allocator@D@1@@Z 000000014001aca0 f i main.obj
 0002:00008d60       ??0?$basic_string@DU?$char_traits@D@std@@V?$allocator@D@2@@std@@QEAA@QEBD@Z 000000014001ad60 f i main.obj
 0002:00008e00       ??0?$basic_string@DU?$char_traits@D@std@@V?$allocator@D@2@@std@@QEAA@QEBD_K@Z 000000014001ae00 f i main.obj
 0002:00008eb0       ??0?$basic_string@DU?$char_traits@D@std@@V?$allocator@D@2@@std@@QEAA@XZ 000000014001aeb0 f i main.obj
 0002:00008f30       ??0?$basic_string@DU?$char_traits@D@std@@V?$allocator@D@2@@std@@QEAA@_KD@Z 000000014001af30 f i main.obj
 0002:00008fe0       ??0?$basic_stringbuf@DU?$char_traits@D@std@@V?$allocator@D@2@@std@@QEAA@H@Z 000000014001afe0 f i main.obj
 0002:000090b0       ??0?$basic_stringstream@DU?$char_traits@D@std@@V?$allocator@D@2@@std@@QEAA@H@Z 000000014001b0b0 f i main.obj
 0002:00009230       ??0?$fpos@U_Mbstatet@@@std@@QEAA@U_Mbstatet@@_J@Z 000000014001b230 f i main.obj
 0002:000092d0       ??0?$fpos@U_Mbstatet@@@std@@QEAA@_J@Z 000000014001b2d0 f i main.obj
 0002:00009370       ??0?$mersenne_twister@_K$0EA@$0BDI@$0JM@$0BP@$0?EKPNJAKFFGJJOGBH@$0BN@$0BB@$0HBNGHPPPONKGAAAA@$0CF@$0?IBBCAAAAAAAAA@$0CL@@std@@QEAA@_K00@Z 000000014001b370 f i main.obj
 0002:00009410       ??0?$mersenne_twister_engine@_K$0EA@$0BDI@$0JM@$0BP@$0?EKPNJAKFFGJJOGBH@$0BN@$0FFFFFFFFFFFFFFFF@$0BB@$0HBNGHPPPONKGAAAA@$0CF@$0?IBBCAAAAAAAAA@$0CL@$0FIFBPECNEMJFHPCN@@std@@QEAA@_K@Z 000000014001b410 f i main.obj
 0002:00009490       ??0?$uniform_int@H@std@@QEAA@HH@Z 000000014001b490 f i main.obj
 0002:00009510       ??0?$uniform_int_distribution@H@std@@QEAA@HH@Z 000000014001b510 f i main.obj
 0002:00009590       ??0S_Ustawienia@@QEAA@XZ   000000014001b590 f i main.obj
 0002:000096d0       ??0_Bxty@?$_String_val@U?$_Simple_types@D@std@@@std@@QEAA@XZ 000000014001b6d0 f i main.obj
 0002:00009720       ??0_Container_base12@std@@QEAA@XZ 000000014001b720 f i main.obj
 0002:00009780       ??0_Container_proxy@std@@QEAA@XZ 000000014001b780 f i main.obj
 0002:000097f0       ??0_Iterator_base12@std@@QEAA@XZ 000000014001b7f0 f i main.obj
 0002:00009860       ??0_Sentry_base@?$basic_istream@DU?$char_traits@D@std@@@std@@QEAA@AEAV12@@Z 000000014001b860 f i main.obj
 0002:00009980       ??0_Sentry_base@?$basic_ostream@DU?$char_traits@D@std@@@std@@QEAA@AEAV12@@Z 000000014001b980 f i main.obj
 0002:00009aa0       ??0bad_cast@std@@QEAA@AEBV01@@Z 000000014001baa0 f i main.obj
 0002:00009b20       ??0bad_cast@std@@QEAA@XZ   000000014001bb20 f i main.obj
 0002:00009ba0       ??0exception@std@@QEAA@AEBV01@@Z 000000014001bba0 f i main.obj
 0002:00009c50       ??0exception@std@@QEAA@QEBDH@Z 000000014001bc50 f i main.obj
 0002:00009cf0       ??0param_type@?$uniform_int@H@std@@QEAA@HH@Z 000000014001bcf0 f i main.obj
 0002:00009d70       ??0random_device@std@@QEAA@XZ 000000014001bd70 f i main.obj
 0002:00009dc0       ??0sentry@?$basic_istream@DU?$char_traits@D@std@@@std@@QEAA@AEAV12@_N@Z 000000014001bdc0 f i main.obj
 0002:00009e70       ??0sentry@?$basic_ostream@DU?$char_traits@D@std@@@std@@QEAA@AEAV12@@Z 000000014001be70 f i main.obj
 0002:0000a000       ??1?$_Compressed_pair@V?$allocator@D@std@@V?$_String_val@U?$_Simple_types@D@std@@@2@$00@std@@QEAA@XZ 000000014001c000 f i main.obj
 0002:0000a060       ??1?$_String_alloc@U?$_String_base_types@DV?$allocator@D@std@@@std@@@std@@QEAA@XZ 000000014001c060 f i main.obj
 0002:0000a0e0       ??1?$_String_const_iterator@V?$_String_val@U?$_Simple_types@D@std@@@std@@@std@@QEAA@XZ 000000014001c0e0 f i main.obj
 0002:0000a130       ??1?$_String_iterator@V?$_String_val@U?$_Simple_types@D@std@@@std@@@std@@QEAA@XZ 000000014001c130 f i main.obj
 0002:0000a180       ??1?$_String_val@U?$_Simple_types@D@std@@@std@@QEAA@XZ 000000014001c180 f i main.obj
 0002:0000a1f0       ??1?$basic_filebuf@DU?$char_traits@D@std@@@std@@UEAA@XZ 000000014001c1f0 f i main.obj
 0002:0000a2b0       ??1?$basic_fstream@DU?$char_traits@D@std@@@std@@UEAA@XZ 000000014001c2b0 f i main.obj
 0002:0000a3a0       ??1?$basic_ifstream@DU?$char_traits@D@std@@@std@@UEAA@XZ 000000014001c3a0 f i main.obj
 0002:0000a490       ??1?$basic_ofstream@DU?$char_traits@D@std@@@std@@UEAA@XZ 000000014001c490 f i main.obj
 0002:0000a580       ??1?$basic_string@DU?$char_traits@D@std@@V?$allocator@D@2@@std@@QEAA@XZ 000000014001c580 f i main.obj
 0002:0000a5f0       ??1?$basic_stringbuf@DU?$char_traits@D@std@@V?$allocator@D@2@@std@@UEAA@XZ 000000014001c5f0 f i main.obj
 0002:0000a680       ??1?$basic_stringstream@DU?$char_traits@D@std@@V?$allocator@D@2@@std@@UEAA@XZ 000000014001c680 f i main.obj
 0002:0000a770       ??1_Bxty@?$_String_val@U?$_Simple_types@D@std@@@std@@QEAA@XZ 000000014001c770 f i main.obj
 0002:0000a7b0       ??1_Container_base12@std@@QEAA@XZ 000000014001c7b0 f i main.obj
 0002:0000a800       ??1_Iterator_base12@std@@QEAA@XZ 000000014001c800 f i main.obj
 0002:0000a8c0       ??1_Sentry_base@?$basic_istream@DU?$char_traits@D@std@@@std@@QEAA@XZ 000000014001c8c0 f i main.obj
 0002:0000a9c0       ??1_Sentry_base@?$basic_ostream@DU?$char_traits@D@std@@@std@@QEAA@XZ 000000014001c9c0 f i main.obj
 0002:0000aac0       ??1bad_cast@std@@UEAA@XZ   000000014001cac0 f i main.obj
 0002:0000ab10       ??1exception@std@@UEAA@XZ  000000014001cb10 f i main.obj
 0002:0000ab80       ??1locale@std@@QEAA@XZ     000000014001cb80 f i main.obj
 0002:0000ac70       ??1sentry@?$basic_istream@DU?$char_traits@D@std@@@std@@QEAA@XZ 000000014001cc70 f i main.obj
 0002:0000acc0       ??1sentry@?$basic_ostream@DU?$char_traits@D@std@@@std@@QEAA@XZ 000000014001ccc0 f i main.obj
 0002:0000ad40       ??2@YAPEAX_KPEAX@Z         000000014001cd40 f i main.obj
 0002:0000ad90       ??4?$basic_string@DU?$char_traits@D@std@@V?$allocator@D@2@@std@@QEAAAEAV01@$$QEAV01@@Z 000000014001cd90 f i main.obj
 0002:0000ae90       ??4?$basic_string@DU?$char_traits@D@std@@V?$allocator@D@2@@std@@QEAAAEAV01@AEBV01@@Z 000000014001ce90 f i main.obj
 0002:0000af70       ??4?$basic_string@DU?$char_traits@D@std@@V?$allocator@D@2@@std@@QEAAAEAV01@QEBD@Z 000000014001cf70 f i main.obj
 0002:0000afd0       ??A?$basic_string@DU?$char_traits@D@std@@V?$allocator@D@2@@std@@QEAAAEAD_K@Z 000000014001cfd0 f i main.obj
 0002:0000b0b0       ??A?$basic_string@DU?$char_traits@D@std@@V?$allocator@D@2@@std@@QEBAAEBD_K@Z 000000014001d0b0 f i main.obj
 0002:0000b190       ??B?$fpos@U_Mbstatet@@@std@@QEBA_JXZ 000000014001d190 f i main.obj
 0002:0000b1f0       ??Bsentry@?$basic_istream@DU?$char_traits@D@std@@@std@@QEBA_NXZ 000000014001d1f0 f i main.obj
 0002:0000b240       ??Bsentry@?$basic_ostream@DU?$char_traits@D@std@@@std@@QEBA_NXZ 000000014001d240 f i main.obj
 0002:0000b290       ??D?$_String_const_iterator@V?$_String_val@U?$_Simple_types@D@std@@@std@@@std@@QEBAAEBDXZ 000000014001d290 f i main.obj
 0002:0000b460       ??D?$_String_iterator@V?$_String_val@U?$_Simple_types@D@std@@@std@@@std@@QEBAAEADXZ 000000014001d460 f i main.obj
 0002:0000ba80       ??R?$_Rng_from_urng@IVrandom_device@std@@@std@@QEAAII@Z 000000014001da80 f i main.obj
 0002:0000bbe0       ??R?$mersenne_twister@_K$0EA@$0BDI@$0JM@$0BP@$0?EKPNJAKFFGJJOGBH@$0BN@$0BB@$0HBNGHPPPONKGAAAA@$0CF@$0?IBBCAAAAAAAAA@$0CL@@std@@QEAA_KXZ 000000014001dbe0 f i main.obj
 0002:0000bd50       ??Rrandom_device@std@@QEAAIXZ 000000014001dd50 f i main.obj
 0002:0000bda0       ??Y?$basic_string@DU?$char_traits@D@std@@V?$allocator@D@2@@std@@QEAAAEAV01@AEBV01@@Z 000000014001dda0 f i main.obj
 0002:0000be00       ??Y?$basic_string@DU?$char_traits@D@std@@V?$allocator@D@2@@std@@QEAAAEAV01@D@Z 000000014001de00 f i main.obj
 0002:0000be70       ??Y?$basic_string@DU?$char_traits@D@std@@V?$allocator@D@2@@std@@QEAAAEAV01@QEBD@Z 000000014001de70 f i main.obj
 0002:0000bed0       ??_D?$basic_fstream@DU?$char_traits@D@std@@@std@@QEAAXXZ 000000014001ded0 f i main.obj
 0002:0000bf50       ??_D?$basic_ifstream@DU?$char_traits@D@std@@@std@@QEAAXXZ 000000014001df50 f i main.obj
 0002:0000bfd0       ??_D?$basic_ofstream@DU?$char_traits@D@std@@@std@@QEAAXXZ 000000014001dfd0 f i main.obj
 0002:0000c050       ??_D?$basic_stringstream@DU?$char_traits@D@std@@V?$allocator@D@2@@std@@QEAAXXZ 000000014001e050 f i main.obj
 0002:0000c0c8       ??_E?$basic_fstream@DU?$char_traits@D@std@@@std@@$4PPPPPPPM@A@EAAPEAXI@Z 000000014001e0c8 f i main.obj
 0002:0000c0d8       ??_E?$basic_ifstream@DU?$char_traits@D@std@@@std@@$4PPPPPPPM@A@EAAPEAXI@Z 000000014001e0d8 f i main.obj
 0002:0000c0e8       ??_E?$basic_ofstream@DU?$char_traits@D@std@@@std@@$4PPPPPPPM@A@EAAPEAXI@Z 000000014001e0e8 f i main.obj
 0002:0000c0f8       ??_E?$basic_stringstream@DU?$char_traits@D@std@@V?$allocator@D@2@@std@@$4PPPPPPPM@A@EAAPEAXI@Z 000000014001e0f8 f i main.obj
 0002:0000c110       ??_G?$basic_filebuf@DU?$char_traits@D@std@@@std@@UEAAPEAXI@Z 000000014001e110 f i main.obj
 0002:0000c110       ??_E?$basic_filebuf@DU?$char_traits@D@std@@@std@@UEAAPEAXI@Z 000000014001e110 f i main.obj
 0002:0000c1a0       ??_E?$basic_fstream@DU?$char_traits@D@std@@@std@@UEAAPEAXI@Z 000000014001e1a0 f i main.obj
 0002:0000c1a0       ??_G?$basic_fstream@DU?$char_traits@D@std@@@std@@UEAAPEAXI@Z 000000014001e1a0 f i main.obj
 0002:0000c250       ??_E?$basic_ifstream@DU?$char_traits@D@std@@@std@@UEAAPEAXI@Z 000000014001e250 f i main.obj
 0002:0000c250       ??_G?$basic_ifstream@DU?$char_traits@D@std@@@std@@UEAAPEAXI@Z 000000014001e250 f i main.obj
 0002:0000c300       ??_G?$basic_ofstream@DU?$char_traits@D@std@@@std@@UEAAPEAXI@Z 000000014001e300 f i main.obj
 0002:0000c300       ??_E?$basic_ofstream@DU?$char_traits@D@std@@@std@@UEAAPEAXI@Z 000000014001e300 f i main.obj
 0002:0000c3b0       ??_G?$basic_stringbuf@DU?$char_traits@D@std@@V?$allocator@D@2@@std@@UEAAPEAXI@Z 000000014001e3b0 f i main.obj
 0002:0000c3b0       ??_E?$basic_stringbuf@DU?$char_traits@D@std@@V?$allocator@D@2@@std@@UEAAPEAXI@Z 000000014001e3b0 f i main.obj
 0002:0000c440       ??_G?$basic_stringstream@DU?$char_traits@D@std@@V?$allocator@D@2@@std@@UEAAPEAXI@Z 000000014001e440 f i main.obj
 0002:0000c440       ??_E?$basic_stringstream@DU?$char_traits@D@std@@V?$allocator@D@2@@std@@UEAAPEAXI@Z 000000014001e440 f i main.obj
 0002:0000c4f0       ??_Gbad_cast@std@@UEAAPEAXI@Z 000000014001e4f0 f i main.obj
 0002:0000c4f0       ??_Ebad_cast@std@@UEAAPEAXI@Z 000000014001e4f0 f i main.obj
 0002:0000c580       ??_Eexception@std@@UEAAPEAXI@Z 000000014001e580 f i main.obj
 0002:0000c580       ??_Gexception@std@@UEAAPEAXI@Z 000000014001e580 f i main.obj
 0002:0000c610       ?Change_Col@@YAXAEBH@Z     000000014001e610 f   main.obj
 0002:0000c680       ?Czy_Kontynuowaæ@@YA_NAEBH@Z 000000014001e680 f   main.obj
 0002:0000c970       ?Hide_Cursor@@YAXXZ        000000014001e970 f   main.obj
 0002:0000ca20       ?Koniec_gry@@YAXAEAV?$basic_ofstream@DU?$char_traits@D@std@@@std@@AEAV?$basic_fstream@DU?$char_traits@D@std@@@2@AEBH@Z 000000014001ea20 f   main.obj
 0002:0000cde0       ?Obstaw@@YA?AV?$basic_string@DU?$char_traits@D@std@@V?$allocator@D@2@@std@@XZ 000000014001ede0 f   main.obj
 0002:0000d820       ?Odczytaj_liczbê@@YAXAEBHAEBV?$basic_string@DU?$char_traits@D@std@@V?$allocator@D@2@@std@@@Z 000000014001f820 f   main.obj
 0002:0000e070       ?Og³oœ_wynik@@YAXAEBH0AEAHAEAV?$basic_ofstream@DU?$char_traits@D@std@@@std@@AEAV?$basic_fstream@DU?$char_traits@D@std@@@2@@Z 0000000140020070 f   main.obj
 0002:0000e7e0       ?Pêtla_g³ówna@@YAXAEAH00AEAV?$basic_ofstream@DU?$char_traits@D@std@@@std@@AEAV?$basic_fstream@DU?$char_traits@D@std@@@2@AEADAEAV?$basic_string@DU?$char_traits@D@std@@V?$allocator@D@2@@2@0@Z 00000001400207e0 f   main.obj
 0002:0000efe0       ?Show_Cursor@@YAXXZ        0000000140020fe0 f   main.obj
 0002:0000f0a0       ?SprawdŸ_Pliki@@YAXXZ      00000001400210a0 f   main.obj
 0002:00011720       ?SprawdŸ_Zak³ad@@YAHAEBHAEBV?$basic_string@DU?$char_traits@D@std@@V?$allocator@D@2@@std@@0@Z 0000000140023720 f   main.obj
 0002:00011d60       ?SprawdŸ_ustawienia@@YAXXZ 0000000140023d60 f   main.obj
 0002:000127f0       ?Ustaw_ustawienia@@YAXAEAV?$basic_string@DU?$char_traits@D@std@@V?$allocator@D@2@@std@@@Z 00000001400247f0 f   main.obj
 0002:000135c0       ?Wczytaj_Kwotê_Zak³adu@@YAXAEAHAEBH@Z 00000001400255c0 f   main.obj
 0002:00013930       ?Wczytaj_z_pliku@@YAXAEAV?$basic_ofstream@DU?$char_traits@D@std@@@std@@AEAV?$basic_fstream@DU?$char_traits@D@std@@@2@AEADAEAH33AEAV?$basic_string@DU?$char_traits@D@std@@V?$allocator@D@2@@2@@Z 0000000140025930 f   main.obj
 0002:00014d10       ?Wylosuj@@YAHAEBH0@Z       0000000140026d10 f   main.obj
 0002:00014ea0       ?Zakrêæ_Ruletk¹@@YAHXZ     0000000140026ea0 f   main.obj
 0002:000152e0       ?_Adjust@?$uniform_int@H@std@@CAII@Z 00000001400272e0 f i main.obj
 0002:00015340       ?_Adjust@?$uniform_int@H@std@@CAIIU?$integral_constant@_N$00@2@@Z 0000000140027340 f i main.obj
 0002:000153c0       ?_Adopt@_Iterator_base12@std@@QEAAXPEBU_Container_base12@2@@Z 00000001400273c0 f i main.obj
 0002:00015530       ?_Alloc_proxy@?$_String_alloc@U?$_String_base_types@DV?$allocator@D@std@@@std@@@std@@QEAAXXZ 0000000140027530 f i main.obj
 0002:00015690       ?_Assign_rv_contents@?$basic_string@DU?$char_traits@D@std@@V?$allocator@D@2@@std@@QEAAX$$QEAV12@U?$integral_constant@_N$00@2@@Z 0000000140027690 f i main.obj
 0002:00015730       ?_Assign_rv_contents_with_alloc_always_equal@?$basic_string@DU?$char_traits@D@std@@V?$allocator@D@2@@std@@QEAAX$$QEAV12@U?$integral_constant@_N$00@2@@Z 0000000140027730 f i main.obj
 0002:00015830       ?_Become_small@?$basic_string@DU?$char_traits@D@std@@V?$allocator@D@2@@std@@QEAAXXZ 0000000140027830 f i main.obj
 0002:00015950       ?_Calculate_growth@?$basic_string@DU?$char_traits@D@std@@V?$allocator@D@2@@std@@QEBA_K_K@Z 0000000140027950 f i main.obj
 0002:00015ab0       ?_Check_offset@?$_String_val@U?$_Simple_types@D@std@@@std@@QEBAX_K@Z 0000000140027ab0 f i main.obj
 0002:00015b20       ?_Clamp_suffix_size@?$_String_val@U?$_Simple_types@D@std@@@std@@QEBA_K_K0@Z 0000000140027b20 f i main.obj
 0002:00015bb0       ?_Construct_lv_contents@?$basic_string@DU?$char_traits@D@std@@V?$allocator@D@2@@std@@QEAAXAEBV12@@Z 0000000140027bb0 f i main.obj
 0002:00015df0       ?_Copy_alloc@?$_String_alloc@U?$_String_base_types@DV?$allocator@D@std@@@std@@@std@@QEAAXAEBV?$allocator@D@2@@Z 0000000140027df0 f i main.obj
 0002:00015e90       ?_Deallocate@std@@YAXPEAX_K1_K@Z 0000000140027e90 f i main.obj
 0002:000160f0       ?_Endwrite@?$basic_filebuf@DU?$char_traits@D@std@@@std@@IEAA_NXZ 00000001400280f0 f i main.obj
 0002:000165d0       ?_Eos@?$basic_string@DU?$char_traits@D@std@@V?$allocator@D@2@@std@@QEAAX_K@Z 00000001400285d0 f i main.obj
 0002:00016670       ?_Equal@?$basic_string@DU?$char_traits@D@std@@V?$allocator@D@2@@std@@QEBA_NQEBD@Z 0000000140028670 f i main.obj
 0002:00016730       ?_Fail@?$_Default_allocate_traits@$00@std@@SAXXZ 0000000140028730 f i main.obj
 0002:00016770       ?_Free_proxy@?$_String_alloc@U?$_String_base_types@DV?$allocator@D@std@@@std@@@std@@QEAAXXZ 0000000140028770 f i main.obj
 0002:00016870       ?_Get_all_bits@?$_Rng_from_urng@IVrandom_device@std@@@std@@QEAAIXZ 0000000140028870 f i main.obj
 0002:00016940       ?_Get_bits@?$_Rng_from_urng@IVrandom_device@std@@@std@@AEAAIXZ 0000000140028940 f i main.obj
 0002:000169d0       ?_Get_bytes@?$_Default_allocate_traits@$00@std@@SAPEAX_K0@Z 00000001400289d0 f i main.obj
 0002:00016b10       ?_Get_data@?$_String_alloc@U?$_String_base_types@DV?$allocator@D@std@@@std@@@std@@QEAAAEAV?$_String_val@U?$_Simple_types@D@std@@@2@XZ 0000000140028b10 f i main.obj
 0002:00016b70       ?_Get_data@?$_String_alloc@U?$_String_base_types@DV?$allocator@D@std@@@std@@@std@@QEBAAEBV?$_String_val@U?$_Simple_types@D@std@@@2@XZ 0000000140028b70 f i main.obj
 0002:00016bd0       ?_Get_first@?$_Compressed_pair@V?$allocator@D@std@@V?$_String_val@U?$_Simple_types@D@std@@@2@$00@std@@QEAAAEAV?$allocator@D@2@XZ 0000000140028bd0 f i main.obj
 0002:00016c20       ?_Get_first@?$_Compressed_pair@V?$allocator@D@std@@V?$_String_val@U?$_Simple_types@D@std@@@2@$00@std@@QEBAAEBV?$allocator@D@2@XZ 0000000140028c20 f i main.obj
 0002:00016c70       ?_Get_second@?$_Compressed_pair@V?$allocator@D@std@@V?$_String_val@U?$_Simple_types@D@std@@@2@$00@std@@QEAAAEAV?$_String_val@U?$_Simple_types@D@std@@@2@XZ 0000000140028c70 f i main.obj
 0002:00016cc0       ?_Get_second@?$_Compressed_pair@V?$allocator@D@std@@V?$_String_val@U?$_Simple_types@D@std@@@2@$00@std@@QEBAAEBV?$_String_val@U?$_Simple_types@D@std@@@2@XZ 0000000140028cc0 f i main.obj
 0002:00016d10       ?_Getal@?$_String_alloc@U?$_String_base_types@DV?$allocator@D@std@@@std@@@std@@QEAAAEAV?$allocator@D@2@XZ 0000000140028d10 f i main.obj
 0002:00016d70       ?_Getal@?$_String_alloc@U?$_String_base_types@DV?$allocator@D@std@@@std@@@std@@QEBAAEBV?$allocator@D@2@XZ 0000000140028d70 f i main.obj
 0002:00016dd0       ?_Getcont@_Iterator_base12@std@@QEBAPEBU_Container_base12@2@XZ 0000000140028dd0 f i main.obj
 0002:00016e50       ?_Getfacet@locale@std@@QEBAPEBVfacet@12@_K@Z 0000000140028e50 f i main.obj
 0002:00016f90       ?_Getstate@?$basic_stringbuf@DU?$char_traits@D@std@@V?$allocator@D@2@@std@@AEAAHH@Z 0000000140028f90 f i main.obj
 0002:00017050       ?_Init@?$basic_filebuf@DU?$char_traits@D@std@@@std@@IEAAXPEAU_iobuf@@W4_Initfl@12@@Z 0000000140029050 f i main.obj
 0002:00017220       ?_Init@?$basic_stringbuf@DU?$char_traits@D@std@@V?$allocator@D@2@@std@@IEAAXPEBD_KH@Z 0000000140029220 f i main.obj
 0002:00017470       ?_Init@param_type@?$uniform_int@H@std@@QEAAXHH@Z 0000000140029470 f i main.obj
 0002:00017550       ?_Initcvt@?$basic_filebuf@DU?$char_traits@D@std@@@std@@IEAAXPEBV?$codecvt@DDU_Mbstatet@@@2@@Z 0000000140029550 f i main.obj
 0002:000175f0       ?_Large_string_engaged@?$_String_val@U?$_Simple_types@D@std@@@std@@QEBA_NXZ 00000001400295f0 f i main.obj
 0002:00017670       ?_Lock@?$basic_filebuf@DU?$char_traits@D@std@@@std@@UEAAXXZ 0000000140029670 f i main.obj
 0002:000176e0       ?_Move_alloc@?$_String_alloc@U?$_String_base_types@DV?$allocator@D@std@@@std@@@std@@QEAAXAEAV?$allocator@D@2@@Z 00000001400296e0 f i main.obj
 0002:000177d0       ?_Myproxy@?$_String_alloc@U?$_String_base_types@DV?$allocator@D@std@@@std@@@std@@QEAAAEAPEAU_Container_proxy@2@XZ 00000001400297d0 f i main.obj
 0002:00017820       ?_Myptr@?$_String_val@U?$_Simple_types@D@std@@@std@@QEAAPEADXZ 0000000140029820 f i main.obj
 0002:000178b0       ?_Myptr@?$_String_val@U?$_Simple_types@D@std@@@std@@QEBAPEBDXZ 00000001400298b0 f i main.obj
 0002:00017940       ?_Orphan_all@?$_String_alloc@U?$_String_base_types@DV?$allocator@D@std@@@std@@@std@@QEAAXXZ 0000000140029940 f i main.obj
 0002:000179a0       ?_Orphan_all@_Container_base12@std@@QEAAXXZ 00000001400299a0 f i main.obj
 0002:00017ad0       ?_Orphan_me@_Iterator_base12@std@@QEAAXXZ 0000000140029ad0 f i main.obj
 0002:00017c10       ?_Refill_lower@?$mersenne_twister@_K$0EA@$0BDI@$0JM@$0BP@$0?EKPNJAKFFGJJOGBH@$0BN@$0BB@$0HBNGHPPPONKGAAAA@$0CF@$0?IBBCAAAAAAAAA@$0CL@@std@@IEAAXXZ 0000000140029c10 f i main.obj
 0002:00017f10       ?_Refill_upper@?$mersenne_twister@_K$0EA@$0BDI@$0JM@$0BP@$0?EKPNJAKFFGJJOGBH@$0BN@$0BB@$0HBNGHPPPONKGAAAA@$0CF@$0?IBBCAAAAAAAAA@$0CL@@std@@IEAAXXZ 0000000140029f10 f i main.obj
 0002:00018050       ?_Reset_back@?$basic_filebuf@DU?$char_traits@D@std@@@std@@AEAAXXZ 000000014002a050 f i main.obj
 0002:00018100       ?_Set_back@?$basic_filebuf@DU?$char_traits@D@std@@@std@@AEAAXXZ 000000014002a100 f i main.obj
 0002:000181f0       ?_Swap_all@?$_String_alloc@U?$_String_base_types@DV?$allocator@D@std@@@std@@@std@@QEAAXAEAV12@@Z 000000014002a1f0 f i main.obj
 0002:00018280       ?_Swap_all@_Container_base12@std@@QEAAXAEAU12@@Z 000000014002a280 f i main.obj
 0002:000183d0       ?_Tidy@?$basic_stringbuf@DU?$char_traits@D@std@@V?$allocator@D@2@@std@@IEAAXXZ 000000014002a3d0 f i main.obj
 0002:00018540       ?_Tidy_deallocate@?$basic_string@DU?$char_traits@D@std@@V?$allocator@D@2@@std@@QEAAXXZ 000000014002a540 f i main.obj
 0002:00018670       ?_Tidy_init@?$basic_string@DU?$char_traits@D@std@@V?$allocator@D@2@@std@@QEAAXXZ 000000014002a670 f i main.obj
 0002:00018720       ?_Unchecked_begin@?$basic_string@DU?$char_traits@D@std@@V?$allocator@D@2@@std@@QEAAPEADXZ 000000014002a720 f i main.obj
 0002:00018790       ?_Unchecked_end@?$basic_string@DU?$char_traits@D@std@@V?$allocator@D@2@@std@@QEAAPEADXZ 000000014002a790 f i main.obj
 0002:00018810       ?_Unlock@?$basic_filebuf@DU?$char_traits@D@std@@@std@@UEAAXXZ 000000014002a810 f i main.obj
 0002:00018880       ?_Xlen@?$basic_string@DU?$char_traits@D@std@@V?$allocator@D@2@@std@@SAXXZ 000000014002a880 f i main.obj
 0002:000188d0       ?_Xran@?$_String_val@U?$_Simple_types@D@std@@@std@@SAXXZ 000000014002a8d0 f i main.obj
 0002:00018920       ?__autoclassinit2@?$basic_fstream@DU?$char_traits@D@std@@@std@@QEAAX_K@Z 000000014002a920 f i main.obj
 0002:00018980       ?__autoclassinit2@?$basic_ifstream@DU?$char_traits@D@std@@@std@@QEAAX_K@Z 000000014002a980 f i main.obj
 0002:000189e0       ?__autoclassinit2@?$basic_ofstream@DU?$char_traits@D@std@@@std@@QEAAX_K@Z 000000014002a9e0 f i main.obj
 0002:00018a40       ?__autoclassinit2@?$basic_stringstream@DU?$char_traits@D@std@@V?$allocator@D@2@@std@@QEAAX_K@Z 000000014002aa40 f i main.obj
 0002:00018aa0       ?__empty_global_delete@@YAXPEAX@Z 000000014002aaa0 f i main.obj
 0002:00018ae0       ?__empty_global_delete@@YAXPEAXW4align_val_t@std@@@Z 000000014002aae0 f i main.obj
 0002:00018b30       ?__global_delete@@YAXPEAX_K@Z 000000014002ab30 f i main.obj
 0002:00018b30       ?__empty_global_delete@@YAXPEAX_K@Z 000000014002ab30 f i main.obj
 0002:00018b80       ?__empty_global_delete@@YAXPEAX_KW4align_val_t@std@@@Z 000000014002ab80 f i main.obj
 0002:00018bd0       ?allocate@?$allocator@D@std@@QEAAPEAD_K@Z 000000014002abd0 f i main.obj
 0002:00018c40       ?allocate@?$allocator@U_Container_proxy@std@@@std@@QEAAPEAU_Container_proxy@2@_K@Z 000000014002ac40 f i main.obj
 0002:00018cb0       ?append@?$basic_string@DU?$char_traits@D@std@@V?$allocator@D@2@@std@@QEAAAEAV12@AEBV12@@Z 000000014002acb0 f i main.obj
 0002:00018d40       ?append@?$basic_string@DU?$char_traits@D@std@@V?$allocator@D@2@@std@@QEAAAEAV12@QEBD@Z 000000014002ad40 f i main.obj
 0002:00018dc0       ?append@?$basic_string@DU?$char_traits@D@std@@V?$allocator@D@2@@std@@QEAAAEAV12@QEBD_K@Z 000000014002adc0 f i main.obj
 0002:00018f50       ?append@?$basic_string@DU?$char_traits@D@std@@V?$allocator@D@2@@std@@QEAAAEAV12@_KD@Z 000000014002af50 f i main.obj
 0002:000190e0       ?assign@?$basic_string@DU?$char_traits@D@std@@V?$allocator@D@2@@std@@QEAAAEAV12@AEBV12@_K_K@Z 000000014002b0e0 f i main.obj
 0002:000191b0       ?assign@?$basic_string@DU?$char_traits@D@std@@V?$allocator@D@2@@std@@QEAAAEAV12@QEBD@Z 000000014002b1b0 f i main.obj
 0002:00019230       ?assign@?$basic_string@DU?$char_traits@D@std@@V?$allocator@D@2@@std@@QEAAAEAV12@QEBD_K@Z 000000014002b230 f i main.obj
 0002:00019370       ?assign@?$basic_string@DU?$char_traits@D@std@@V?$allocator@D@2@@std@@QEAAAEAV12@_KD@Z 000000014002b370 f i main.obj
 0002:000194b0       ?assign@?$char_traits@D@std@@SAPEADQEAD_KD@Z 000000014002b4b0 f i main.obj
 0002:00019520       ?assign@?$char_traits@D@std@@SAXAEADAEBD@Z 000000014002b520 f i main.obj
 0002:00019580       ?begin@?$basic_string@DU?$char_traits@D@std@@V?$allocator@D@2@@std@@QEAA?AV?$_String_iterator@V?$_String_val@U?$_Simple_types@D@std@@@std@@@2@XZ 000000014002b580 f i main.obj
 0002:00019630       ?c_str@?$basic_string@DU?$char_traits@D@std@@V?$allocator@D@2@@std@@QEBAPEBDXZ 000000014002b630 f i main.obj
 0002:000196a0       ?capacity@?$basic_string@DU?$char_traits@D@std@@V?$allocator@D@2@@std@@QEBA_KXZ 000000014002b6a0 f i main.obj
 0002:00019700       ?close@?$basic_filebuf@DU?$char_traits@D@std@@@std@@QEAAPEAV12@XZ 000000014002b700 f i main.obj
 0002:000197e0       ?close@?$basic_fstream@DU?$char_traits@D@std@@@std@@QEAAXXZ 000000014002b7e0 f i main.obj
 0002:00019880       ?compare@?$char_traits@D@std@@SAHQEBD0_K@Z 000000014002b880 f i main.obj
 0002:000198f0       ?copy@?$char_traits@D@std@@SAPEADQEADQEBD_K@Z 000000014002b8f0 f i main.obj
 0002:00019960       ?data@?$basic_string@DU?$char_traits@D@std@@V?$allocator@D@2@@std@@QEBAPEBDXZ 000000014002b960 f i main.obj
 0002:000199d0       ?deallocate@?$_Default_allocator_traits@V?$allocator@U_Container_proxy@std@@@std@@@std@@SAXAEAV?$allocator@U_Container_proxy@std@@@2@QEAU_Container_proxy@2@_K@Z 000000014002b9d0 f i main.obj
 0002:00019a50       ?deallocate@?$allocator@D@std@@QEAAXQEAD_K@Z 000000014002ba50 f i main.obj
 0002:00019ad0       ?entropy@random_device@std@@QEBANXZ 000000014002bad0 f i main.obj
 0002:00019b20       ?eof@?$char_traits@D@std@@SAHXZ 000000014002bb20 f i main.obj
 0002:00019b60       ?eq@?$char_traits@D@std@@SA_NAEBD0@Z 000000014002bb60 f i main.obj
 0002:00019bf0       ?eq_int_type@?$char_traits@D@std@@SA_NAEBH0@Z 000000014002bbf0 f i main.obj
 0002:00019c80       ?erase@?$basic_string@DU?$char_traits@D@std@@V?$allocator@D@2@@std@@QEAAAEAV12@_K@Z 000000014002bc80 f i main.obj
 0002:00019d10       ?erase@?$basic_string@DU?$char_traits@D@std@@V?$allocator@D@2@@std@@QEAAAEAV12@_K_K@Z 000000014002bd10 f i main.obj
 0002:00019e70       ?find@?$basic_string@DU?$char_traits@D@std@@V?$allocator@D@2@@std@@QEBA_KQEBD_K@Z 000000014002be70 f i main.obj
 0002:00019f40       ?find@?$char_traits@D@std@@SAPEBDQEBD_KAEBD@Z 000000014002bf40 f i main.obj
 0002:00019fc0       ?get_allocator@?$basic_string@DU?$char_traits@D@std@@V?$allocator@D@2@@std@@QEBA?AV?$allocator@D@2@XZ 000000014002bfc0 f i main.obj
 0002:0001a020       ?imbue@?$basic_filebuf@DU?$char_traits@D@std@@@std@@MEAAXAEBVlocale@2@@Z 000000014002c020 f i main.obj
 0002:0001a090       ?insert@?$basic_string@DU?$char_traits@D@std@@V?$allocator@D@2@@std@@QEAAAEAV12@_KAEBV12@@Z 000000014002c090 f i main.obj
 0002:0001a130       ?insert@?$basic_string@DU?$char_traits@D@std@@V?$allocator@D@2@@std@@QEAAAEAV12@_KQEBD0@Z 000000014002c130 f i main.obj
 0002:0001a3f0       ?length@?$char_traits@D@std@@SA_KQEBD@Z 000000014002c3f0 f i main.obj
 0002:0001a440       ?max@?$numeric_limits@_J@std@@SA_JXZ 000000014002c440 f i main.obj
 0002:0001a480       ?max@random_device@std@@SAIXZ 000000014002c480 f i main.obj
 0002:0001a4c0       ?max_size@?$_Default_allocator_traits@V?$allocator@D@std@@@std@@SA_KAEBV?$allocator@D@2@@Z 000000014002c4c0 f i main.obj
 0002:0001a510       ?max_size@?$basic_string@DU?$char_traits@D@std@@V?$allocator@D@2@@std@@QEBA_KXZ 000000014002c510 f i main.obj
 0002:0001a620       ?min@random_device@std@@SAIXZ 000000014002c620 f i main.obj
 0002:0001a660       ?move@?$char_traits@D@std@@SAPEADQEADQEBD_K@Z 000000014002c660 f i main.obj
 0002:0001a6d0       ?not_eof@?$char_traits@D@std@@SAHAEBH@Z 000000014002c6d0 f i main.obj
 0002:0001a780       ?open@?$basic_filebuf@DU?$char_traits@D@std@@@std@@QEAAPEAV12@PEBDHH@Z 000000014002c780 f i main.obj
 0002:0001a8c0       ?open@?$basic_fstream@DU?$char_traits@D@std@@@std@@QEAAXPEBDHH@Z 000000014002c8c0 f i main.obj
 0002:0001a9c0       ?open@?$basic_ifstream@DU?$char_traits@D@std@@@std@@QEAAXPEBDHH@Z 000000014002c9c0 f i main.obj
 0002:0001aac0       ?open@?$basic_ofstream@DU?$char_traits@D@std@@@std@@QEAAXPEBDHH@Z 000000014002cac0 f i main.obj
 0002:0001abc0       ?overflow@?$basic_filebuf@DU?$char_traits@D@std@@@std@@MEAAHH@Z 000000014002cbc0 f i main.obj
 0002:0001b280       ?overflow@?$basic_stringbuf@DU?$char_traits@D@std@@V?$allocator@D@2@@std@@MEAAHH@Z 000000014002d280 f i main.obj
 0002:0001b8c0       ?pbackfail@?$basic_filebuf@DU?$char_traits@D@std@@@std@@MEAAHH@Z 000000014002d8c0 f i main.obj
 0002:0001bb20       ?pbackfail@?$basic_stringbuf@DU?$char_traits@D@std@@V?$allocator@D@2@@std@@MEAAHH@Z 000000014002db20 f i main.obj
 0002:0001bce0       ?pointer_to@?$pointer_traits@PEAD@std@@SAPEADAEAD@Z 000000014002dce0 f i main.obj
 0002:0001bd30       ?push_back@?$basic_string@DU?$char_traits@D@std@@V?$allocator@D@2@@std@@QEAAXD@Z 000000014002dd30 f i main.obj
 0002:0001be70       ?reserve@?$basic_string@DU?$char_traits@D@std@@V?$allocator@D@2@@std@@QEAAX_K@Z 000000014002de70 f i main.obj
 0002:0001bfc0       ?seed@?$mersenne_twister@_K$0EA@$0BDI@$0JM@$0BP@$0?EKPNJAKFFGJJOGBH@$0BN@$0BB@$0HBNGHPPPONKGAAAA@$0CF@$0?IBBCAAAAAAAAA@$0CL@@std@@QEAAX_K0@Z 000000014002dfc0 f i main.obj
 0002:0001c0e0       ?seekoff@?$basic_filebuf@DU?$char_traits@D@std@@@std@@MEAA?AV?$fpos@U_Mbstatet@@@2@_JHH@Z 000000014002e0e0 f i main.obj
 0002:0001c2d0       ?seekoff@?$basic_stringbuf@DU?$char_traits@D@std@@V?$allocator@D@2@@std@@MEAA?AV?$fpos@U_Mbstatet@@@2@_JHH@Z 000000014002e2d0 f i main.obj
 0002:0001c7d0       ?seekpos@?$basic_filebuf@DU?$char_traits@D@std@@@std@@MEAA?AV?$fpos@U_Mbstatet@@@2@V32@H@Z 000000014002e7d0 f i main.obj
 0002:0001c9d0       ?seekpos@?$basic_stringbuf@DU?$char_traits@D@std@@V?$allocator@D@2@@std@@MEAA?AV?$fpos@U_Mbstatet@@@2@V32@H@Z 000000014002e9d0 f i main.obj
 0002:0001cd10       ?seekpos@?$fpos@U_Mbstatet@@@std@@QEBA_JXZ 000000014002ed10 f i main.obj
 0002:0001cd60       ?select_on_container_copy_construction@?$_Default_allocator_traits@V?$allocator@D@std@@@std@@SA?AV?$allocator@D@2@AEBV32@@Z 000000014002ed60 f i main.obj
 0002:0001cdb0       ?setbuf@?$basic_filebuf@DU?$char_traits@D@std@@@std@@MEAAPEAV?$basic_streambuf@DU?$char_traits@D@std@@@2@PEAD_J@Z 000000014002edb0 f i main.obj
 0002:0001cec0       ?size@?$basic_string@DU?$char_traits@D@std@@V?$allocator@D@2@@std@@QEBA_KXZ 000000014002eec0 f i main.obj
 0002:0001cf20       ?state@?$fpos@U_Mbstatet@@@std@@QEBA?AU_Mbstatet@@XZ 000000014002ef20 f i main.obj
 0002:0001cf90       ?str@?$basic_stringbuf@DU?$char_traits@D@std@@V?$allocator@D@2@@std@@QEBA?AV?$basic_string@DU?$char_traits@D@std@@V?$allocator@D@2@@2@XZ 000000014002ef90 f i main.obj
 0002:0001d280       ?str@?$basic_stringstream@DU?$char_traits@D@std@@V?$allocator@D@2@@std@@QEBA?AV?$basic_string@DU?$char_traits@D@std@@V?$allocator@D@2@@2@XZ 000000014002f280 f i main.obj
 0002:0001d310       ?substr@?$basic_string@DU?$char_traits@D@std@@V?$allocator@D@2@@std@@QEBA?AV12@_K0@Z 000000014002f310 f i main.obj
 0002:0001d3e0       ?sync@?$basic_filebuf@DU?$char_traits@D@std@@@std@@MEAAHXZ 000000014002f3e0 f i main.obj
 0002:0001d4e0       ?to_char_type@?$char_traits@D@std@@SADAEBH@Z 000000014002f4e0 f i main.obj
 0002:0001d530       ?to_int_type@?$char_traits@D@std@@SAHAEBD@Z 000000014002f530 f i main.obj
 0002:0001d580       ?uflow@?$basic_filebuf@DU?$char_traits@D@std@@@std@@MEAAHXZ 000000014002f580 f i main.obj
 0002:0001dba0       ?underflow@?$basic_filebuf@DU?$char_traits@D@std@@@std@@MEAAHXZ 000000014002fba0 f i main.obj
 0002:0001dd10       ?underflow@?$basic_stringbuf@DU?$char_traits@D@std@@V?$allocator@D@2@@std@@MEAAHXZ 000000014002fd10 f i main.obj
 0002:0001df20       ?what@exception@std@@UEBAPEBDXZ 000000014002ff20 f i main.obj
 0002:0001dfb0       main                       000000014002ffb0 f   main.obj
 0002:0001e481       PlaySoundA                 0000000140030481 f   winmm:WINMM.dll
 0002:0001e487       GetStdHandle               0000000140030487 f   kernel32:KERNEL32.dll
 0002:0001e48d       CreateDirectoryA           000000014003048d f   kernel32:KERNEL32.dll
 0002:0001e493       Sleep                      0000000140030493 f   kernel32:KERNEL32.dll
 0002:0001e499       GetSystemTime              0000000140030499 f   kernel32:KERNEL32.dll
 0002:0001e49f       GetConsoleCursorInfo       000000014003049f f   kernel32:KERNEL32.dll
 0002:0001e4a5       SetConsoleCursorInfo       00000001400304a5 f   kernel32:KERNEL32.dll
 0002:0001e4ab       SetConsoleTextAttribute    00000001400304ab f   kernel32:KERNEL32.dll
 0002:0001e4b1       ??0_Lockit@std@@QEAA@H@Z   00000001400304b1 f   msvcprtd:MSVCP140D.dll
 0002:0001e4b7       ??1_Lockit@std@@QEAA@XZ    00000001400304b7 f   msvcprtd:MSVCP140D.dll
 0002:0001e4bd       ?uncaught_exceptions@std@@YAHXZ 00000001400304bd f   msvcprtd:MSVCP140D.dll
 0002:0001e4c3       ?_Debug_message@std@@YAXPEB_W0I@Z 00000001400304c3 f   msvcprtd:MSVCP140D.dll
 0002:0001e4c9       ?_Xbad_alloc@std@@YAXXZ    00000001400304c9 f   msvcprtd:MSVCP140D.dll
 0002:0001e4cf       ?_Xlength_error@std@@YAXPEBD@Z 00000001400304cf f   msvcprtd:MSVCP140D.dll
 0002:0001e4d5       ?_Xout_of_range@std@@YAXPEBD@Z 00000001400304d5 f   msvcprtd:MSVCP140D.dll
 0002:0001e4e0       ??0_Fac_node@std@@QEAA@PEAU01@PEAV_Facet_base@1@@Z 00000001400304e0 f i msvcprtd:locale0_implib.obj
 0002:0001e520       ??1_Fac_node@std@@QEAA@XZ  0000000140030520 f i msvcprtd:locale0_implib.obj
 0002:0001e5f0       ??1_Fac_tidy_reg_t@std@@QEAA@XZ 00000001400305f0 f i msvcprtd:locale0_implib.obj
 0002:0001e680       ??2_Fac_node@std@@SAPEAX_K@Z 0000000140030680 f i msvcprtd:locale0_implib.obj
 0002:0001e700       ??3_Fac_node@std@@SAXPEAX@Z 0000000140030700 f i msvcprtd:locale0_implib.obj
 0002:0001e730       ??_G_Fac_node@std@@QEAAPEAXI@Z 0000000140030730 f i msvcprtd:locale0_implib.obj
 0002:0001e7a0       ?_Facet_Register@std@@YAXPEAV_Facet_base@1@@Z 00000001400307a0 f   msvcprtd:locale0_implib.obj
 0002:0001e824       ??Bid@locale@std@@QEAA_KXZ 0000000140030824 f   msvcprtd:MSVCP140D.dll
 0002:0001e82a       ?_Getgloballocale@locale@std@@CAPEAV_Locimp@12@XZ 000000014003082a f   msvcprtd:MSVCP140D.dll
 0002:0001e830       ?always_noconv@codecvt_base@std@@QEBA_NXZ 0000000140030830 f   msvcprtd:MSVCP140D.dll
 0002:0001e836       ?is@?$ctype@D@std@@QEBA_NFD@Z 0000000140030836 f   msvcprtd:MSVCP140D.dll
 0002:0001e83c       ?_Getcat@?$ctype@D@std@@SA_KPEAPEBVfacet@locale@2@PEBV42@@Z 000000014003083c f   msvcprtd:MSVCP140D.dll
 0002:0001e842       ?in@?$codecvt@DDU_Mbstatet@@@std@@QEBAHAEAU_Mbstatet@@PEBD1AEAPEBDPEAD3AEAPEAD@Z 0000000140030842 f   msvcprtd:MSVCP140D.dll
 0002:0001e848       ?out@?$codecvt@DDU_Mbstatet@@@std@@QEBAHAEAU_Mbstatet@@PEBD1AEAPEBDPEAD3AEAPEAD@Z 0000000140030848 f   msvcprtd:MSVCP140D.dll
 0002:0001e84e       ?unshift@?$codecvt@DDU_Mbstatet@@@std@@QEBAHAEAU_Mbstatet@@PEAD1AEAPEAD@Z 000000014003084e f   msvcprtd:MSVCP140D.dll
 0002:0001e854       ?_Getcat@?$codecvt@DDU_Mbstatet@@@std@@SA_KPEAPEBVfacet@locale@2@PEBV42@@Z 0000000140030854 f   msvcprtd:MSVCP140D.dll
 0002:0001e85a       ?good@ios_base@std@@QEBA_NXZ 000000014003085a f   msvcprtd:MSVCP140D.dll
 0002:0001e860       ?eof@ios_base@std@@QEBA_NXZ 0000000140030860 f   msvcprtd:MSVCP140D.dll
 0002:0001e866       ?flags@ios_base@std@@QEBAHXZ 0000000140030866 f   msvcprtd:MSVCP140D.dll
 0002:0001e86c       ?width@ios_base@std@@QEBA_JXZ 000000014003086c f   msvcprtd:MSVCP140D.dll
 0002:0001e872       ?width@ios_base@std@@QEAA_J_J@Z 0000000140030872 f   msvcprtd:MSVCP140D.dll
 0002:0001e878       ?getloc@ios_base@std@@QEBA?AVlocale@2@XZ 0000000140030878 f   msvcprtd:MSVCP140D.dll
 0002:0001e87e       ??0?$basic_streambuf@DU?$char_traits@D@std@@@std@@IEAA@XZ 000000014003087e f   msvcprtd:MSVCP140D.dll
 0002:0001e884       ??1?$basic_streambuf@DU?$char_traits@D@std@@@std@@UEAA@XZ 0000000140030884 f   msvcprtd:MSVCP140D.dll
 0002:0001e88a       ?getloc@?$basic_streambuf@DU?$char_traits@D@std@@@std@@QEBA?AVlocale@2@XZ 000000014003088a f   msvcprtd:MSVCP140D.dll
 0002:0001e890       ?sbumpc@?$basic_streambuf@DU?$char_traits@D@std@@@std@@QEAAHXZ 0000000140030890 f   msvcprtd:MSVCP140D.dll
 0002:0001e896       ?sgetc@?$basic_streambuf@DU?$char_traits@D@std@@@std@@QEAAHXZ 0000000140030896 f   msvcprtd:MSVCP140D.dll
 0002:0001e89c       ?snextc@?$basic_streambuf@DU?$char_traits@D@std@@@std@@QEAAHXZ 000000014003089c f   msvcprtd:MSVCP140D.dll
 0002:0001e8a2       ?sputc@?$basic_streambuf@DU?$char_traits@D@std@@@std@@QEAAHD@Z 00000001400308a2 f   msvcprtd:MSVCP140D.dll
 0002:0001e8a8       ?sputn@?$basic_streambuf@DU?$char_traits@D@std@@@std@@QEAA_JPEBD_J@Z 00000001400308a8 f   msvcprtd:MSVCP140D.dll
 0002:0001e8ae       ?eback@?$basic_streambuf@DU?$char_traits@D@std@@@std@@IEBAPEADXZ 00000001400308ae f   msvcprtd:MSVCP140D.dll
 0002:0001e8b4       ?gptr@?$basic_streambuf@DU?$char_traits@D@std@@@std@@IEBAPEADXZ 00000001400308b4 f   msvcprtd:MSVCP140D.dll
 0002:0001e8ba       ?pbase@?$basic_streambuf@DU?$char_traits@D@std@@@std@@IEBAPEADXZ 00000001400308ba f   msvcprtd:MSVCP140D.dll
 0002:0001e8c0       ?pptr@?$basic_streambuf@DU?$char_traits@D@std@@@std@@IEBAPEADXZ 00000001400308c0 f   msvcprtd:MSVCP140D.dll
 0002:0001e8c6       ?egptr@?$basic_streambuf@DU?$char_traits@D@std@@@std@@IEBAPEADXZ 00000001400308c6 f   msvcprtd:MSVCP140D.dll
 0002:0001e8cc       ?gbump@?$basic_streambuf@DU?$char_traits@D@std@@@std@@IEAAXH@Z 00000001400308cc f   msvcprtd:MSVCP140D.dll
 0002:0001e8d2       ?setg@?$basic_streambuf@DU?$char_traits@D@std@@@std@@IEAAXPEAD00@Z 00000001400308d2 f   msvcprtd:MSVCP140D.dll
 0002:0001e8d8       ?epptr@?$basic_streambuf@DU?$char_traits@D@std@@@std@@IEBAPEADXZ 00000001400308d8 f   msvcprtd:MSVCP140D.dll
 0002:0001e8de       ?_Gndec@?$basic_streambuf@DU?$char_traits@D@std@@@std@@IEAAPEADXZ 00000001400308de f   msvcprtd:MSVCP140D.dll
 0002:0001e8e4       ?_Gninc@?$basic_streambuf@DU?$char_traits@D@std@@@std@@IEAAPEADXZ 00000001400308e4 f   msvcprtd:MSVCP140D.dll
 0002:0001e8ea       ?pbump@?$basic_streambuf@DU?$char_traits@D@std@@@std@@IEAAXH@Z 00000001400308ea f   msvcprtd:MSVCP140D.dll
 0002:0001e8f0       ?setp@?$basic_streambuf@DU?$char_traits@D@std@@@std@@IEAAXPEAD0@Z 00000001400308f0 f   msvcprtd:MSVCP140D.dll
 0002:0001e8f6       ?setp@?$basic_streambuf@DU?$char_traits@D@std@@@std@@IEAAXPEAD00@Z 00000001400308f6 f   msvcprtd:MSVCP140D.dll
 0002:0001e8fc       ?_Pninc@?$basic_streambuf@DU?$char_traits@D@std@@@std@@IEAAPEADXZ 00000001400308fc f   msvcprtd:MSVCP140D.dll
 0002:0001e902       ?_Init@?$basic_streambuf@DU?$char_traits@D@std@@@std@@IEAAXXZ 0000000140030902 f   msvcprtd:MSVCP140D.dll
 0002:0001e908       ?_Init@?$basic_streambuf@DU?$char_traits@D@std@@@std@@IEAAXPEAPEAD0PEAH001@Z 0000000140030908 f   msvcprtd:MSVCP140D.dll
 0002:0001e90e       ??1?$basic_ios@DU?$char_traits@D@std@@@std@@UEAA@XZ 000000014003090e f   msvcprtd:MSVCP140D.dll
 0002:0001e914       ?clear@?$basic_ios@DU?$char_traits@D@std@@@std@@QEAAXH_N@Z 0000000140030914 f   msvcprtd:MSVCP140D.dll
 0002:0001e91a       ?setstate@?$basic_ios@DU?$char_traits@D@std@@@std@@QEAAXH_N@Z 000000014003091a f   msvcprtd:MSVCP140D.dll
 0002:0001e920       ?tie@?$basic_ios@DU?$char_traits@D@std@@@std@@QEBAPEAV?$basic_ostream@DU?$char_traits@D@std@@@2@XZ 0000000140030920 f   msvcprtd:MSVCP140D.dll
 0002:0001e926       ?rdbuf@?$basic_ios@DU?$char_traits@D@std@@@std@@QEBAPEAV?$basic_streambuf@DU?$char_traits@D@std@@@2@XZ 0000000140030926 f   msvcprtd:MSVCP140D.dll
 0002:0001e92c       ?fill@?$basic_ios@DU?$char_traits@D@std@@@std@@QEBADXZ 000000014003092c f   msvcprtd:MSVCP140D.dll
 0002:0001e932       ?widen@?$basic_ios@DU?$char_traits@D@std@@@std@@QEBADD@Z 0000000140030932 f   msvcprtd:MSVCP140D.dll
 0002:0001e938       ??0?$basic_ios@DU?$char_traits@D@std@@@std@@IEAA@XZ 0000000140030938 f   msvcprtd:MSVCP140D.dll
 0002:0001e93e       ??0?$basic_ostream@DU?$char_traits@D@std@@@std@@QEAA@PEAV?$basic_streambuf@DU?$char_traits@D@std@@@1@_N@Z 000000014003093e f   msvcprtd:MSVCP140D.dll
 0002:0001e944       ??1?$basic_ostream@DU?$char_traits@D@std@@@std@@UEAA@XZ 0000000140030944 f   msvcprtd:MSVCP140D.dll
 0002:0001e94a       ?_Osfx@?$basic_ostream@DU?$char_traits@D@std@@@std@@QEAAXXZ 000000014003094a f   msvcprtd:MSVCP140D.dll
 0002:0001e950       ??6?$basic_ostream@DU?$char_traits@D@std@@@std@@QEAAAEAV01@P6AAEAV01@AEAV01@@Z@Z 0000000140030950 f   msvcprtd:MSVCP140D.dll
 0002:0001e956       ??6?$basic_ostream@DU?$char_traits@D@std@@@std@@QEAAAEAV01@G@Z 0000000140030956 f   msvcprtd:MSVCP140D.dll
 0002:0001e95c       ??6?$basic_ostream@DU?$char_traits@D@std@@@std@@QEAAAEAV01@H@Z 000000014003095c f   msvcprtd:MSVCP140D.dll
 0002:0001e962       ?put@?$basic_ostream@DU?$char_traits@D@std@@@std@@QEAAAEAV12@D@Z 0000000140030962 f   msvcprtd:MSVCP140D.dll
 0002:0001e968       ?flush@?$basic_ostream@DU?$char_traits@D@std@@@std@@QEAAAEAV12@XZ 0000000140030968 f   msvcprtd:MSVCP140D.dll
 0002:0001e96e       ??0?$basic_istream@DU?$char_traits@D@std@@@std@@QEAA@PEAV?$basic_streambuf@DU?$char_traits@D@std@@@1@_N@Z 000000014003096e f   msvcprtd:MSVCP140D.dll
 0002:0001e974       ??1?$basic_istream@DU?$char_traits@D@std@@@std@@UEAA@XZ 0000000140030974 f   msvcprtd:MSVCP140D.dll
 0002:0001e97a       ?_Ipfx@?$basic_istream@DU?$char_traits@D@std@@@std@@QEAA_N_N@Z 000000014003097a f   msvcprtd:MSVCP140D.dll
 0002:0001e980       ??0?$basic_iostream@DU?$char_traits@D@std@@@std@@QEAA@PEAV?$basic_streambuf@DU?$char_traits@D@std@@@1@@Z 0000000140030980 f   msvcprtd:MSVCP140D.dll
 0002:0001e986       ??1?$basic_iostream@DU?$char_traits@D@std@@@std@@UEAA@XZ 0000000140030986 f   msvcprtd:MSVCP140D.dll
 0002:0001e98c       ?_Fiopen@std@@YAPEAU_iobuf@@PEBDHH@Z 000000014003098c f   msvcprtd:MSVCP140D.dll
 0002:0001e992       ?_Random_device@std@@YAIXZ 0000000140030992 f   msvcprtd:MSVCP140D.dll
 0002:0001e998       ?_Lock@?$basic_streambuf@DU?$char_traits@D@std@@@std@@UEAAXXZ 0000000140030998 f   msvcprtd:MSVCP140D.dll
 0002:0001e99e       ?_Unlock@?$basic_streambuf@DU?$char_traits@D@std@@@std@@UEAAXXZ 000000014003099e f   msvcprtd:MSVCP140D.dll
 0002:0001e9a4       ?imbue@?$basic_streambuf@DU?$char_traits@D@std@@@std@@MEAAXAEBVlocale@2@@Z 00000001400309a4 f   msvcprtd:MSVCP140D.dll
 0002:0001e9aa       ?setbuf@?$basic_streambuf@DU?$char_traits@D@std@@@std@@MEAAPEAV12@PEAD_J@Z 00000001400309aa f   msvcprtd:MSVCP140D.dll
 0002:0001e9b0       ?showmanyc@?$basic_streambuf@DU?$char_traits@D@std@@@std@@MEAA_JXZ 00000001400309b0 f   msvcprtd:MSVCP140D.dll
 0002:0001e9b6       ?sync@?$basic_streambuf@DU?$char_traits@D@std@@@std@@MEAAHXZ 00000001400309b6 f   msvcprtd:MSVCP140D.dll
 0002:0001e9bc       ?uflow@?$basic_streambuf@DU?$char_traits@D@std@@@std@@MEAAHXZ 00000001400309bc f   msvcprtd:MSVCP140D.dll
 0002:0001e9c2       ?xsgetn@?$basic_streambuf@DU?$char_traits@D@std@@@std@@MEAA_JPEAD_J@Z 00000001400309c2 f   msvcprtd:MSVCP140D.dll
 0002:0001e9c8       ?xsputn@?$basic_streambuf@DU?$char_traits@D@std@@@std@@MEAA_JPEBD_J@Z 00000001400309c8 f   msvcprtd:MSVCP140D.dll
 0002:0001e9ce       URLDownloadToFileA         00000001400309ce f   urlmon:urlmon.dll
 0002:0001e9e0       ??2@YAPEAX_K@Z             00000001400309e0 f   MSVCRTD:new_scalar.obj
 0002:0001ea50       ??2@YAPEAX_KW4align_val_t@std@@@Z 0000000140030a50 f   MSVCRTD:new_scalar_align.obj
 0002:0001eac0       ??3@YAXPEAX_K@Z            0000000140030ac0 f   MSVCRTD:delete_scalar_size.obj
 0002:0001eaf0       ??3@YAXPEAX_KW4align_val_t@std@@@Z 0000000140030af0 f   MSVCRTD:delete_scalar_size_align.obj
 0002:0001eb20       ??$__crt_fast_decode_pointer@PEAP6AXXZ@@YAPEAP6AXXZQEAP6AXXZ@Z 0000000140030b20 f i MSVCRTD:utility.obj
 0002:0001eb70       ??$__crt_fast_encode_pointer@PEAP6AXXZ@@YAPEAP6AXXZQEAP6AXXZ@Z 0000000140030b70 f i MSVCRTD:utility.obj
 0002:0001ebc0       ?__crt_rotate_pointer_value@@YA_K_KH@Z 0000000140030bc0 f i MSVCRTD:utility.obj
 0002:0001ebe0       ?configure_argv@__scrt_narrow_argv_policy@@SAHXZ 0000000140030be0 f i MSVCRTD:utility.obj
 0002:0001ed00       ?initialize_environment@__scrt_narrow_environment_policy@@SAHXZ 0000000140030d00 f i MSVCRTD:utility.obj
 0002:0001edd0       NtCurrentTeb               0000000140030dd0 f i MSVCRTD:utility.obj
 0002:0001ede0       __scrt_acquire_startup_lock 0000000140030de0 f   MSVCRTD:utility.obj
 0002:0001ee60       __scrt_dllmain_after_initialize_c 0000000140030e60 f   MSVCRTD:utility.obj
 0002:0001eea0       __scrt_dllmain_before_initialize_c 0000000140030ea0 f   MSVCRTD:utility.obj
 0002:0001eed0       __scrt_dllmain_crt_thread_attach 0000000140030ed0 f   MSVCRTD:utility.obj
 0002:0001ef10       __scrt_dllmain_crt_thread_detach 0000000140030f10 f   MSVCRTD:utility.obj
 0002:0001ef30       __scrt_dllmain_exception_filter 0000000140030f30 f   MSVCRTD:utility.obj
 0002:0001efb0       __scrt_dllmain_uninitialize_c 0000000140030fb0 f   MSVCRTD:utility.obj
 0002:0001eff0       __scrt_dllmain_uninitialize_critical 0000000140030ff0 f   MSVCRTD:utility.obj
 0002:0001f010       __scrt_initialize_crt      0000000140031010 f   MSVCRTD:utility.obj
 0002:0001f070       __scrt_initialize_onexit_tables 0000000140031070 f   MSVCRTD:utility.obj
 0002:0001f1c0       __scrt_is_nonwritable_in_current_image 00000001400311c0 f   MSVCRTD:utility.obj
 0002:0001f270       __scrt_release_startup_lock 0000000140031270 f   MSVCRTD:utility.obj
 0002:0001f2b0       __scrt_uninitialize_crt    00000001400312b0 f   MSVCRTD:utility.obj
 0002:0001f300       _onexit                    0000000140031300 f   MSVCRTD:utility.obj
 0002:0001f3b0       at_quick_exit              00000001400313b0 f   MSVCRTD:utility.obj
 0002:0001f420       atexit                     0000000140031420 f   MSVCRTD:utility.obj
 0002:0001f460       _RTC_AllocaHelper          0000000140031460 f   MSVCRTD:_stack_.obj
 0002:0001f4b0       _RTC_CheckStackVars        00000001400314b0 f   MSVCRTD:_stack_.obj
 0002:0001f560       _RTC_CheckStackVars2       0000000140031560 f   MSVCRTD:_stack_.obj
 0002:0001f6b0       _CRT_RTC_INIT              00000001400316b0 f   MSVCRTD:_init_.obj
 0002:0001f6c0       _CRT_RTC_INITW             00000001400316c0 f   MSVCRTD:_init_.obj
 0002:0001f6d0       _RTC_InitBase              00000001400316d0 f   MSVCRTD:_init_.obj
 0002:0001f720       _RTC_Shutdown              0000000140031720 f   MSVCRTD:_init_.obj
 0002:0001f750       __GSHandlerCheck           0000000140031750 f   MSVCRTD:_gshandler_.obj
 0002:0001f7a0       __GSHandlerCheckCommon     00000001400317a0 f   MSVCRTD:_gshandler_.obj
 0002:0001f8e0       __GSHandlerCheck_EH        00000001400318e0 f   MSVCRTD:gshandlereh.obj
 0002:0001f9c0       _alloca_probe              00000001400319c0 f   MSVCRTD:_chkstk_.obj
 0002:0001f9c0       __chkstk                   00000001400319c0 f   MSVCRTD:_chkstk_.obj
 0002:0001fa40       __security_check_cookie    0000000140031a40 f   MSVCRTD:_amdsecgs_.obj
 0002:0001fa70       ??1type_info@@UEAA@XZ      0000000140031a70 f   MSVCRTD:std_type_info_static.obj
 0002:0001fa90       ??_Gtype_info@@UEAAPEAXI@Z 0000000140031a90 f i MSVCRTD:std_type_info_static.obj
 0002:0001fa90       ??_Etype_info@@UEAAPEAXI@Z 0000000140031a90 f i MSVCRTD:std_type_info_static.obj
 0002:0001fe60       ?set_app_type@__scrt_main_policy@@SAXXZ 0000000140031e60 f i MSVCRTD:exe_main.obj
 0002:0001fe80       ?set_commode@__scrt_file_policy@@SAXXZ 0000000140031e80 f i MSVCRTD:exe_main.obj
 0002:0001feb0       ?set_fmode@__scrt_file_policy@@SAXXZ 0000000140031eb0 f i MSVCRTD:exe_main.obj
 0002:0001fed0       mainCRTStartup             0000000140031ed0 f   MSVCRTD:exe_main.obj
 0002:0001fef0       _guard_check_icall         0000000140031ef0 f i MSVCRTD:checkcfg.obj
 0002:0001ff10       ??0bad_alloc@std@@AEAA@QEBD@Z 0000000140031f10 f i MSVCRTD:throw_bad_alloc.obj
 0002:0001ff60       ??0bad_alloc@std@@QEAA@AEBV01@@Z 0000000140031f60 f i MSVCRTD:throw_bad_alloc.obj
 0002:0001ffb0       ??0bad_alloc@std@@QEAA@XZ  0000000140031fb0 f i MSVCRTD:throw_bad_alloc.obj
 0002:00020000       ??0bad_array_new_length@std@@QEAA@AEBV01@@Z 0000000140032000 f i MSVCRTD:throw_bad_alloc.obj
 0002:00020050       ??0bad_array_new_length@std@@QEAA@XZ 0000000140032050 f i MSVCRTD:throw_bad_alloc.obj
 0002:00020090       ??1bad_alloc@std@@UEAA@XZ  0000000140032090 f i MSVCRTD:throw_bad_alloc.obj
 0002:000200b0       ??1bad_array_new_length@std@@UEAA@XZ 00000001400320b0 f i MSVCRTD:throw_bad_alloc.obj
 0002:000200d0       ??_Gbad_alloc@std@@UEAAPEAXI@Z 00000001400320d0 f i MSVCRTD:throw_bad_alloc.obj
 0002:000200d0       ??_Ebad_alloc@std@@UEAAPEAXI@Z 00000001400320d0 f i MSVCRTD:throw_bad_alloc.obj
 0002:00020120       ??_Gbad_array_new_length@std@@UEAAPEAXI@Z 0000000140032120 f i MSVCRTD:throw_bad_alloc.obj
 0002:00020120       ??_Ebad_array_new_length@std@@UEAAPEAXI@Z 0000000140032120 f i MSVCRTD:throw_bad_alloc.obj
 0002:00020170       ?__scrt_throw_std_bad_alloc@@YAXXZ 0000000140032170 f   MSVCRTD:throw_bad_alloc.obj
 0002:000201a0       ?__scrt_throw_std_bad_array_new_length@@YAXXZ 00000001400321a0 f   MSVCRTD:throw_bad_alloc.obj
 0002:000201d0       ??3@YAXPEAX@Z              00000001400321d0 f   MSVCRTD:delete_scalar.obj
 0002:00020200       ??3@YAXPEAXW4align_val_t@std@@@Z 0000000140032200 f   MSVCRTD:delete_scalar_align.obj
 0002:00020230       __isa_available_init       0000000140032230 f   MSVCRTD:_cpu_disp_.obj
 0002:00020680       _get_startup_argv_mode     0000000140032680 f   MSVCRTD:argv_mode.obj
 0002:00020690       __scrt_is_ucrt_dll_in_use  0000000140032690 f   MSVCRTD:ucrt_detection.obj
 0002:000206c0       __crt_debugger_hook        00000001400326c0 f   MSVCRTD:utility_desktop.obj
 0002:000206e0       __scrt_fastfail            00000001400326e0 f   MSVCRTD:utility_desktop.obj
 0002:000208e0       __scrt_get_show_window_mode 00000001400328e0 f   MSVCRTD:utility_desktop.obj
 0002:00020950       __scrt_initialize_winrt    0000000140032950 f   MSVCRTD:utility_desktop.obj
 0002:00020960       __scrt_is_managed_app      0000000140032960 f   MSVCRTD:utility_desktop.obj
 0002:00020a30       __scrt_set_unhandled_exception_filter 0000000140032a30 f   MSVCRTD:utility_desktop.obj
 0002:00020a50       __scrt_unhandled_exception_filter 0000000140032a50 f   MSVCRTD:utility_desktop.obj
 0002:00020ae0       ??$__vcrt_va_start_verify_argument_type@QEBD@@YAXXZ 0000000140032ae0 f i MSVCRTD:_error_.obj
 0002:00020ba0       ?_RTC_AllocaFailure@@YAXPEAXPEAU_RTC_ALLOCA_NODE@@H@Z 0000000140032ba0 f   MSVCRTD:_error_.obj
 0002:00020d50       ?_RTC_Failure@@YAXPEAXH@Z  0000000140032d50 f   MSVCRTD:_error_.obj
 0002:00020dc0       ?_RTC_StackFailure@@YAXPEAXPEBD@Z 0000000140032dc0 f   MSVCRTD:_error_.obj
 0002:00021310       _RTC_UninitUse             0000000140033310 f   MSVCRTD:_error_.obj
 0002:00021410       __local_stdio_printf_options 0000000140033410 f i MSVCRTD:_error_.obj
 0002:00021420       _vsprintf_s_l              0000000140033420 f i MSVCRTD:_error_.obj
 0002:000214a0       sprintf_s                  00000001400334a0 f i MSVCRTD:_error_.obj
 0002:000214f0       ?_RTC_GetErrorFunc@@YAP6AHHPEBDH00ZZPEBX@Z 00000001400334f0 f   MSVCRTD:_userapi_.obj
 0002:00021500       ?_RTC_GetErrorFuncW@@YAP6AHHPEB_WH00ZZPEBX@Z 0000000140033500 f   MSVCRTD:_userapi_.obj
 0002:00021510       _RTC_GetErrDesc            0000000140033510 f   MSVCRTD:_userapi_.obj
 0002:00021530       _RTC_NumErrors             0000000140033530 f   MSVCRTD:_userapi_.obj
 0002:00021540       _RTC_SetErrorFunc          0000000140033540 f   MSVCRTD:_userapi_.obj
 0002:00021560       _RTC_SetErrorFuncW         0000000140033560 f   MSVCRTD:_userapi_.obj
 0002:00021580       _RTC_SetErrorType          0000000140033580 f   MSVCRTD:_userapi_.obj
 0002:000215b0       __raise_securityfailure    00000001400335b0 f   MSVCRTD:gs_report.obj
 0002:00021600       __report_gsfailure         0000000140033600 f   MSVCRTD:gs_report.obj
 0002:00021710       __report_rangecheckfailure 0000000140033710 f   MSVCRTD:gs_report.obj
 0002:00021730       __report_securityfailure   0000000140033730 f   MSVCRTD:gs_report.obj
 0002:00021800       __report_securityfailureEx 0000000140033800 f   MSVCRTD:gs_report.obj
 0002:00021bf0       __security_init_cookie     0000000140033bf0 f   MSVCRTD:gs_support.obj
 0002:00021c90       _matherr                   0000000140033c90 f   MSVCRTD:matherr.obj
 0002:00021ca0       _get_startup_commit_mode   0000000140033ca0 f   MSVCRTD:commit_mode.obj
 0002:00021cb0       _get_startup_file_mode     0000000140033cb0 f   MSVCRTD:file_mode.obj
 0002:00021cc0       _get_startup_new_mode      0000000140033cc0 f   MSVCRTD:new_mode.obj
 0002:00021cd0       _get_startup_thread_locale_mode 0000000140033cd0 f   MSVCRTD:thread_locale.obj
 0002:00021ce0       ?__scrt_initialize_type_info@@YAXXZ 0000000140033ce0 f   MSVCRTD:tncleanup.obj
 0002:00021d00       ?__scrt_uninitialize_type_info@@YAXXZ 0000000140033d00 f   MSVCRTD:tncleanup.obj
 0002:00021d20       _should_initialize_environment 0000000140033d20 f   MSVCRTD:env_mode.obj
 0002:00021d30       _initialize_invalid_parameter_handler 0000000140033d30 f   MSVCRTD:invalid_parameter_handler.obj
 0002:00021d40       _initialize_denormal_control 0000000140033d40 f   MSVCRTD:denormal_control.obj
 0002:00021d50       __local_stdio_scanf_options 0000000140033d50 f i MSVCRTD:default_local_stdio_options.obj
 0002:00021d60       __scrt_initialize_default_local_stdio_options 0000000140033d60 f   MSVCRTD:default_local_stdio_options.obj
 0002:00021dc0       __scrt_is_user_matherr_present 0000000140033dc0 f   MSVCRTD:matherr_detection.obj
 0002:00021df0       __scrt_get_dyn_tls_init_callback 0000000140033df0 f   MSVCRTD:dyn_tls_init.obj
 0002:00021e00       __scrt_get_dyn_tls_dtor_callback 0000000140033e00 f   MSVCRTD:dyn_tls_dtor.obj
 0002:00021e10       _RTC_Initialize            0000000140033e10 f   MSVCRTD:_initsect_.obj
 0002:00021e70       _RTC_Terminate             0000000140033e70 f   MSVCRTD:_initsect_.obj
 0002:00021ed0       _guard_check_icall_nop     0000000140033ed0 f i MSVCRTD:guard_support.obj
 0002:00021ee0       ReadNoFence64              0000000140033ee0 f i MSVCRTD:guard_support.obj
 0002:00021f10       ReadPointerNoFence         0000000140033f10 f i MSVCRTD:guard_support.obj
 0002:00021f30       __guard_ss_common_verify_stub 0000000140033f30 f i MSVCRTD:guard_support.obj
 0002:00021f40       _guard_icall_checks_enforced 0000000140033f40 f i MSVCRTD:guard_support.obj
 0002:00021f90       _guard_rf_checks_enforced  0000000140033f90 f i MSVCRTD:guard_support.obj
 0002:00022650       ?_RTC_GetSrcLine@@YAHPEAEPEA_WKPEAH1K@Z 0000000140034650 f   MSVCRTD:_pdblkup_.obj
 0002:00022be0       memchr                     0000000140034be0 f   vcruntimed:VCRUNTIME140D.dll
 0002:00022be6       memcmp                     0000000140034be6 f   vcruntimed:VCRUNTIME140D.dll
 0002:00022bec       memcpy                     0000000140034bec f   vcruntimed:VCRUNTIME140D.dll
 0002:00022bf2       memmove                    0000000140034bf2 f   vcruntimed:VCRUNTIME140D.dll
 0002:00022bf8       memset                     0000000140034bf8 f   vcruntimed:VCRUNTIME140D.dll
 0002:00022bfe       __std_exception_copy       0000000140034bfe f   vcruntimed:VCRUNTIME140D.dll
 0002:00022c04       __std_exception_destroy    0000000140034c04 f   vcruntimed:VCRUNTIME140D.dll
 0002:00022c0a       _CxxThrowException         0000000140034c0a f   vcruntimed:VCRUNTIME140D.dll
 0002:00022c10       __CxxFrameHandler3         0000000140034c10 f   vcruntimed:VCRUNTIME140D.dll
 0002:00022c16       __C_specific_handler       0000000140034c16 f   vcruntimed:VCRUNTIME140D.dll
 0002:00022c1c       __std_type_info_destroy_list 0000000140034c1c f   vcruntimed:VCRUNTIME140D.dll
 0002:00022c22       __vcrt_GetModuleFileNameW  0000000140034c22 f   vcruntimed:VCRUNTIME140D.dll
 0002:00022c28       __vcrt_GetModuleHandleW    0000000140034c28 f   vcruntimed:VCRUNTIME140D.dll
 0002:00022c2e       __vcrt_LoadLibraryExW      0000000140034c2e f   vcruntimed:VCRUNTIME140D.dll
 0002:00022c34       _invalid_parameter         0000000140034c34 f   ucrtd:ucrtbased.dll
 0002:00022c3a       _invalid_parameter_noinfo  0000000140034c3a f   ucrtd:ucrtbased.dll
 0002:00022c40       _time64                    0000000140034c40 f   ucrtd:ucrtbased.dll
 0002:00022c46       _errno                     0000000140034c46 f   ucrtd:ucrtbased.dll
 0002:00022c4c       srand                      0000000140034c4c f   ucrtd:ucrtbased.dll
 0002:00022c52       rand                       0000000140034c52 f   ucrtd:ucrtbased.dll
 0002:00022c58       atoi                       0000000140034c58 f   ucrtd:ucrtbased.dll
 0002:00022c5e       system                     0000000140034c5e f   ucrtd:ucrtbased.dll
 0002:00022c64       _get_stream_buffer_pointers 0000000140034c64 f   ucrtd:ucrtbased.dll
 0002:00022c6a       fclose                     0000000140034c6a f   ucrtd:ucrtbased.dll
 0002:00022c70       fflush                     0000000140034c70 f   ucrtd:ucrtbased.dll
 0002:00022c76       fgetc                      0000000140034c76 f   ucrtd:ucrtbased.dll
 0002:00022c7c       fgetpos                    0000000140034c7c f   ucrtd:ucrtbased.dll
 0002:00022c82       fputc                      0000000140034c82 f   ucrtd:ucrtbased.dll
 0002:00022c88       fsetpos                    0000000140034c88 f   ucrtd:ucrtbased.dll
 0002:00022c8e       _fseeki64                  0000000140034c8e f   ucrtd:ucrtbased.dll
 0002:00022c94       fwrite                     0000000140034c94 f   ucrtd:ucrtbased.dll
 0002:00022c9a       remove                     0000000140034c9a f   ucrtd:ucrtbased.dll
 0002:00022ca0       setvbuf                    0000000140034ca0 f   ucrtd:ucrtbased.dll
 0002:00022ca6       ungetc                     0000000140034ca6 f   ucrtd:ucrtbased.dll
 0002:00022cac       _lock_file                 0000000140034cac f   ucrtd:ucrtbased.dll
 0002:00022cb2       _unlock_file               0000000140034cb2 f   ucrtd:ucrtbased.dll
 0002:00022cb8       strlen                     0000000140034cb8 f   ucrtd:ucrtbased.dll
 0002:00022cbe       _CrtDbgReportW             0000000140034cbe f   ucrtd:ucrtbased.dll
 0002:00022cc4       setlocale                  0000000140034cc4 f   ucrtd:ucrtbased.dll
 0002:00022cca       _access                    0000000140034cca f   ucrtd:ucrtbased.dll
 0002:00022cd0       _free_dbg                  0000000140034cd0 f   ucrtd:ucrtbased.dll
 0002:00022cd6       _malloc_dbg                0000000140034cd6 f   ucrtd:ucrtbased.dll
 0002:00022cdc       _callnewh                  0000000140034cdc f   ucrtd:ucrtbased.dll
 0002:00022ce2       malloc                     0000000140034ce2 f   ucrtd:ucrtbased.dll
 0002:00022ce8       _aligned_malloc            0000000140034ce8 f   ucrtd:ucrtbased.dll
 0002:00022cee       _seh_filter_dll            0000000140034cee f   ucrtd:ucrtbased.dll
 0002:00022cf4       _configure_narrow_argv     0000000140034cf4 f   ucrtd:ucrtbased.dll
 0002:00022cfa       _initialize_narrow_environment 0000000140034cfa f   ucrtd:ucrtbased.dll
 0002:00022d00       _initialize_onexit_table   0000000140034d00 f   ucrtd:ucrtbased.dll
 0002:00022d06       _register_onexit_function  0000000140034d06 f   ucrtd:ucrtbased.dll
 0002:00022d0c       _execute_onexit_table      0000000140034d0c f   ucrtd:ucrtbased.dll
 0002:00022d12       _crt_atexit                0000000140034d12 f   ucrtd:ucrtbased.dll
 0002:00022d18       _crt_at_quick_exit         0000000140034d18 f   ucrtd:ucrtbased.dll
 0002:00022d1e       _cexit                     0000000140034d1e f   ucrtd:ucrtbased.dll
 0002:00022d24       _CrtDbgReport              0000000140034d24 f   ucrtd:ucrtbased.dll
 0002:00022d2a       _seh_filter_exe            0000000140034d2a f   ucrtd:ucrtbased.dll
 0002:00022d30       _set_app_type              0000000140034d30 f   ucrtd:ucrtbased.dll
 0002:00022d36       __setusermatherr           0000000140034d36 f   ucrtd:ucrtbased.dll
 0002:00022d3c       _get_initial_narrow_environment 0000000140034d3c f   ucrtd:ucrtbased.dll
 0002:00022d42       _initterm                  0000000140034d42 f   ucrtd:ucrtbased.dll
 0002:00022d48       _initterm_e                0000000140034d48 f   ucrtd:ucrtbased.dll
 0002:00022d4e       exit                       0000000140034d4e f   ucrtd:ucrtbased.dll
 0002:00022d54       _exit                      0000000140034d54 f   ucrtd:ucrtbased.dll
 0002:00022d5a       _set_fmode                 0000000140034d5a f   ucrtd:ucrtbased.dll
 0002:00022d60       __p___argc                 0000000140034d60 f   ucrtd:ucrtbased.dll
 0002:00022d66       __p___argv                 0000000140034d66 f   ucrtd:ucrtbased.dll
 0002:00022d6c       _c_exit                    0000000140034d6c f   ucrtd:ucrtbased.dll
 0002:00022d72       _register_thread_local_exe_atexit_callback 0000000140034d72 f   ucrtd:ucrtbased.dll
 0002:00022d78       _configthreadlocale        0000000140034d78 f   ucrtd:ucrtbased.dll
 0002:00022d7e       _set_new_mode              0000000140034d7e f   ucrtd:ucrtbased.dll
 0002:00022d84       __p__commode               0000000140034d84 f   ucrtd:ucrtbased.dll
 0002:00022d8a       _aligned_free              0000000140034d8a f   ucrtd:ucrtbased.dll
 0002:00022d90       terminate                  0000000140034d90 f   ucrtd:ucrtbased.dll
 0002:00022d96       strcpy_s                   0000000140034d96 f   ucrtd:ucrtbased.dll
 0002:00022d9c       strcat_s                   0000000140034d9c f   ucrtd:ucrtbased.dll
 0002:00022da2       __stdio_common_vsprintf_s  0000000140034da2 f   ucrtd:ucrtbased.dll
 0002:00022da8       _wmakepath_s               0000000140034da8 f   ucrtd:ucrtbased.dll
 0002:00022dae       _wsplitpath_s              0000000140034dae f   ucrtd:ucrtbased.dll
 0002:00022db4       wcscpy_s                   0000000140034db4 f   ucrtd:ucrtbased.dll
 0002:00022dba       RtlCaptureContext          0000000140034dba f   kernel32:KERNEL32.dll
 0002:00022dc0       RtlLookupFunctionEntry     0000000140034dc0 f   kernel32:KERNEL32.dll
 0002:00022dc6       RtlVirtualUnwind           0000000140034dc6 f   kernel32:KERNEL32.dll
 0002:00022dcc       IsDebuggerPresent          0000000140034dcc f   kernel32:KERNEL32.dll
 0002:00022dd2       UnhandledExceptionFilter   0000000140034dd2 f   kernel32:KERNEL32.dll
 0002:00022dd8       SetUnhandledExceptionFilter 0000000140034dd8 f   kernel32:KERNEL32.dll
 0002:00022dde       GetStartupInfoW            0000000140034dde f   kernel32:KERNEL32.dll
 0002:00022de4       IsProcessorFeaturePresent  0000000140034de4 f   kernel32:KERNEL32.dll
 0002:00022dea       GetModuleHandleW           0000000140034dea f   kernel32:KERNEL32.dll
 0002:00022df0       RaiseException             0000000140034df0 f   kernel32:KERNEL32.dll
 0002:00022df6       MultiByteToWideChar        0000000140034df6 f   kernel32:KERNEL32.dll
 0002:00022dfc       WideCharToMultiByte        0000000140034dfc f   kernel32:KERNEL32.dll
 0002:00022e02       GetCurrentProcess          0000000140034e02 f   kernel32:KERNEL32.dll
 0002:00022e08       TerminateProcess           0000000140034e08 f   kernel32:KERNEL32.dll
 0002:00022e0e       QueryPerformanceCounter    0000000140034e0e f   kernel32:KERNEL32.dll
 0002:00022e14       GetCurrentProcessId        0000000140034e14 f   kernel32:KERNEL32.dll
 0002:00022e1a       GetCurrentThreadId         0000000140034e1a f   kernel32:KERNEL32.dll
 0002:00022e20       GetSystemTimeAsFileTime    0000000140034e20 f   kernel32:KERNEL32.dll
 0002:00022e26       InitializeSListHead        0000000140034e26 f   kernel32:KERNEL32.dll
 0002:00022e2c       GetLastError               0000000140034e2c f   kernel32:KERNEL32.dll
 0002:00022e32       HeapAlloc                  0000000140034e32 f   kernel32:KERNEL32.dll
 0002:00022e38       HeapFree                   0000000140034e38 f   kernel32:KERNEL32.dll
 0002:00022e3e       GetProcessHeap             0000000140034e3e f   kernel32:KERNEL32.dll
 0002:00022e44       VirtualQuery               0000000140034e44 f   kernel32:KERNEL32.dll
 0002:00022e4a       FreeLibrary                0000000140034e4a f   kernel32:KERNEL32.dll
 0002:00022e50       GetProcAddress             0000000140034e50 f   kernel32:KERNEL32.dll
 0002:00022e60       __acrt_initialize          0000000140034e60 f   MSVCRTD:ucrt_stubs.obj
 0002:00022e60       __vcrt_initialize          0000000140034e60 f   MSVCRTD:ucrt_stubs.obj
 0002:00022e60       __scrt_stub_for_acrt_initialize 0000000140034e60 f   MSVCRTD:ucrt_stubs.obj
 0002:00022e70       __scrt_stub_for_acrt_thread_attach 0000000140034e70 f   MSVCRTD:ucrt_stubs.obj
 0002:00022e70       __acrt_thread_attach       0000000140034e70 f   MSVCRTD:ucrt_stubs.obj
 0002:00022e70       __vcrt_thread_attach       0000000140034e70 f   MSVCRTD:ucrt_stubs.obj
 0002:00022e80       __vcrt_thread_detach       0000000140034e80 f   MSVCRTD:ucrt_stubs.obj
 0002:00022e80       __acrt_thread_detach       0000000140034e80 f   MSVCRTD:ucrt_stubs.obj
 0002:00022e80       __scrt_stub_for_acrt_thread_detach 0000000140034e80 f   MSVCRTD:ucrt_stubs.obj
 0002:00022e90       __acrt_uninitialize        0000000140034e90 f   MSVCRTD:ucrt_stubs.obj
 0002:00022e90       __vcrt_uninitialize        0000000140034e90 f   MSVCRTD:ucrt_stubs.obj
[...]
 0006:000000f8       __imp_VirtualQuery         000000014004f0f8     kernel32:KERNEL32.dll
 0006:00000100       __imp_RtlCaptureContext    000000014004f100     kernel32:KERNEL32.dll
 0006:00000108       \177KERNEL32_NULL_THUNK_DATA 000000014004f108     kernel32:KERNEL32.dll
 0006:00000190       __imp_?getloc@?$basic_streambuf@DU?$char_traits@D@std@@@std@@QEBA?AVlocale@2@XZ 000000014004f190     msvcprtd:MSVCP140D.dll
 0006:00000198       __imp_?sbumpc@?$basic_streambuf@DU?$char_traits@D@std@@@std@@QEAAHXZ 000000014004f198     msvcprtd:MSVCP140D.dll
 0006:000001a0       __imp_?sgetc@?$basic_streambuf@DU?$char_traits@D@std@@@std@@QEAAHXZ 000000014004f1a0     msvcprtd:MSVCP140D.dll
 0006:000001a8       __imp_?snextc@?$basic_streambuf@DU?$char_traits@D@std@@@std@@QEAAHXZ 000000014004f1a8     msvcprtd:MSVCP140D.dll
 0006:000001b0       __imp_?sputc@?$basic_streambuf@DU?$char_traits@D@std@@@std@@QEAAHD@Z 000000014004f1b0     msvcprtd:MSVCP140D.dll
 0006:000001b8       __imp_?sputn@?$basic_streambuf@DU?$char_traits@D@std@@@std@@QEAA_JPEBD_J@Z 000000014004f1b8     msvcprtd:MSVCP140D.dll
 0006:000001c0       __imp_?eback@?$basic_streambuf@DU?$char_traits@D@std@@@std@@IEBAPEADXZ 000000014004f1c0     msvcprtd:MSVCP140D.dll
 0006:000001c8       __imp_?gptr@?$basic_streambuf@DU?$char_traits@D@std@@@std@@IEBAPEADXZ 000000014004f1c8     msvcprtd:MSVCP140D.dll
 0006:000001d0       __imp_?pbase@?$basic_streambuf@DU?$char_traits@D@std@@@std@@IEBAPEADXZ 000000014004f1d0     msvcprtd:MSVCP140D.dll
 0006:000001d8       __imp_?pptr@?$basic_streambuf@DU?$char_traits@D@std@@@std@@IEBAPEADXZ 000000014004f1d8     msvcprtd:MSVCP140D.dll
 0006:000001e0       __imp_?egptr@?$basic_streambuf@DU?$char_traits@D@std@@@std@@IEBAPEADXZ 000000014004f1e0     msvcprtd:MSVCP140D.dll
 0006:000001e8       __imp_?gbump@?$basic_streambuf@DU?$char_traits@D@std@@@std@@IEAAXH@Z 000000014004f1e8     msvcprtd:MSVCP140D.dll
 0006:000001f0       __imp_?setg@?$basic_streambuf@DU?$char_traits@D@std@@@std@@IEAAXPEAD00@Z 000000014004f1f0     msvcprtd:MSVCP140D.dll
 0006:000001f8       __imp_?epptr@?$basic_streambuf@DU?$char_traits@D@std@@@std@@IEBAPEADXZ 000000014004f1f8     msvcprtd:MSVCP140D.dll
 0006:00000200       __imp_?_Gndec@?$basic_streambuf@DU?$char_traits@D@std@@@std@@IEAAPEADXZ 000000014004f200     msvcprtd:MSVCP140D.dll
 0006:00000208       __imp_?_Gninc@?$basic_streambuf@DU?$char_traits@D@std@@@std@@IEAAPEADXZ 000000014004f208     msvcprtd:MSVCP140D.dll
 0006:00000210       __imp_?pbump@?$basic_streambuf@DU?$char_traits@D@std@@@std@@IEAAXH@Z 000000014004f210     msvcprtd:MSVCP140D.dll
 0006:00000218       __imp_?setp@?$basic_streambuf@DU?$char_traits@D@std@@@std@@IEAAXPEAD0@Z 000000014004f218     msvcprtd:MSVCP140D.dll
 0006:00000220       __imp_?setp@?$basic_streambuf@DU?$char_traits@D@std@@@std@@IEAAXPEAD00@Z 000000014004f220     msvcprtd:MSVCP140D.dll
 0006:00000228       __imp_?_Pninc@?$basic_streambuf@DU?$char_traits@D@std@@@std@@IEAAPEADXZ 000000014004f228     msvcprtd:MSVCP140D.dll
 0006:00000230       __imp_?_Init@?$basic_streambuf@DU?$char_traits@D@std@@@std@@IEAAXXZ 000000014004f230     msvcprtd:MSVCP140D.dll
 0006:00000238       __imp_?_Init@?$basic_streambuf@DU?$char_traits@D@std@@@std@@IEAAXPEAPEAD0PEAH001@Z 000000014004f238     msvcprtd:MSVCP140D.dll
 0006:00000240       __imp_??1?$basic_ios@DU?$char_traits@D@std@@@std@@UEAA@XZ 000000014004f240     msvcprtd:MSVCP140D.dll
 0006:00000248       __imp_?clear@?$basic_ios@DU?$char_traits@D@std@@@std@@QEAAXH_N@Z 000000014004f248     msvcprtd:MSVCP140D.dll
 0006:00000250       __imp_?setstate@?$basic_ios@DU?$char_traits@D@std@@@std@@QEAAXH_N@Z 000000014004f250     msvcprtd:MSVCP140D.dll
 0006:00000258       __imp_?tie@?$basic_ios@DU?$char_traits@D@std@@@std@@QEBAPEAV?$basic_ostream@DU?$char_traits@D@std@@@2@XZ 000000014004f258     msvcprtd:MSVCP140D.dll
 0006:00000260       __imp_?rdbuf@?$basic_ios@DU?$char_traits@D@std@@@std@@QEBAPEAV?$basic_streambuf@DU?$char_traits@D@std@@@2@XZ 000000014004f260     msvcprtd:MSVCP140D.dll
 0006:00000268       __imp_?fill@?$basic_ios@DU?$char_traits@D@std@@@std@@QEBADXZ 000000014004f268     msvcprtd:MSVCP140D.dll
 0006:00000270       __imp_?widen@?$basic_ios@DU?$char_traits@D@std@@@std@@QEBADD@Z 000000014004f270     msvcprtd:MSVCP140D.dll
 0006:00000278       __imp_??0?$basic_ios@DU?$char_traits@D@std@@@std@@IEAA@XZ 000000014004f278     msvcprtd:MSVCP140D.dll
 0006:00000280       __imp_??0?$basic_ostream@DU?$char_traits@D@std@@@std@@QEAA@PEAV?$basic_streambuf@DU?$char_traits@D@std@@@1@_N@Z 000000014004f280     msvcprtd:MSVCP140D.dll
 0006:00000288       __imp_??1?$basic_ostream@DU?$char_traits@D@std@@@std@@UEAA@XZ 000000014004f288     msvcprtd:MSVCP140D.dll
 0006:00000290       __imp_??0?$basic_streambuf@DU?$char_traits@D@std@@@std@@IEAA@XZ 000000014004f290     msvcprtd:MSVCP140D.dll
 0006:00000298       __imp_??6?$basic_ostream@DU?$char_traits@D@std@@@std@@QEAAAEAV01@P6AAEAV01@AEAV01@@Z@Z 000000014004f298     msvcprtd:MSVCP140D.dll
 0006:000002a0       __imp_??6?$basic_ostream@DU?$char_traits@D@std@@@std@@QEAAAEAV01@G@Z 000000014004f2a0     msvcprtd:MSVCP140D.dll
 0006:000002a8       __imp_??6?$basic_ostream@DU?$char_traits@D@std@@@std@@QEAAAEAV01@H@Z 000000014004f2a8     msvcprtd:MSVCP140D.dll
 0006:000002b0       __imp_?put@?$basic_ostream@DU?$char_traits@D@std@@@std@@QEAAAEAV12@D@Z 000000014004f2b0     msvcprtd:MSVCP140D.dll
 0006:000002b8       __imp_?flush@?$basic_ostream@DU?$char_traits@D@std@@@std@@QEAAAEAV12@XZ 000000014004f2b8     msvcprtd:MSVCP140D.dll
 0006:000002c0       __imp_??0?$basic_istream@DU?$char_traits@D@std@@@std@@QEAA@PEAV?$basic_streambuf@DU?$char_traits@D@std@@@1@_N@Z 000000014004f2c0     msvcprtd:MSVCP140D.dll
 0006:000002c8       __imp_??1?$basic_istream@DU?$char_traits@D@std@@@std@@UEAA@XZ 000000014004f2c8     msvcprtd:MSVCP140D.dll
 0006:000002d0       __imp_?_Ipfx@?$basic_istream@DU?$char_traits@D@std@@@std@@QEAA_N_N@Z 000000014004f2d0     msvcprtd:MSVCP140D.dll
 0006:000002d8       __imp_??0?$basic_iostream@DU?$char_traits@D@std@@@std@@QEAA@PEAV?$basic_streambuf@DU?$char_traits@D@std@@@1@@Z 000000014004f2d8     msvcprtd:MSVCP140D.dll
 0006:000002e0       __imp_??1?$basic_iostream@DU?$char_traits@D@std@@@std@@UEAA@XZ 000000014004f2e0     msvcprtd:MSVCP140D.dll
 0006:000002e8       __imp_?_Fiopen@std@@YAPEAU_iobuf@@PEBDHH@Z 000000014004f2e8     msvcprtd:MSVCP140D.dll
 0006:000002f0       __imp_?_Random_device@std@@YAIXZ 000000014004f2f0     msvcprtd:MSVCP140D.dll
 0006:000002f8       __imp_?_Lock@?$basic_streambuf@DU?$char_traits@D@std@@@std@@UEAAXXZ 000000014004f2f8     msvcprtd:MSVCP140D.dll
 0006:00000300       __imp_?_Unlock@?$basic_streambuf@DU?$char_traits@D@std@@@std@@UEAAXXZ 000000014004f300     msvcprtd:MSVCP140D.dll
 0006:00000308       __imp_?imbue@?$basic_streambuf@DU?$char_traits@D@std@@@std@@MEAAXAEBVlocale@2@@Z 000000014004f308     msvcprtd:MSVCP140D.dll
 0006:00000310       __imp_?setbuf@?$basic_streambuf@DU?$char_traits@D@std@@@std@@MEAAPEAV12@PEAD_J@Z 000000014004f310     msvcprtd:MSVCP140D.dll
 0006:00000318       __imp_?showmanyc@?$basic_streambuf@DU?$char_traits@D@std@@@std@@MEAA_JXZ 000000014004f318     msvcprtd:MSVCP140D.dll
 0006:00000320       __imp_?sync@?$basic_streambuf@DU?$char_traits@D@std@@@std@@MEAAHXZ 000000014004f320     msvcprtd:MSVCP140D.dll
 0006:00000328       __imp_?uflow@?$basic_streambuf@DU?$char_traits@D@std@@@std@@MEAAHXZ 000000014004f328     msvcprtd:MSVCP140D.dll
 0006:00000330       __imp_?xsgetn@?$basic_streambuf@DU?$char_traits@D@std@@@std@@MEAA_JPEAD_J@Z 000000014004f330     msvcprtd:MSVCP140D.dll
 0006:00000338       __imp_?xsputn@?$basic_streambuf@DU?$char_traits@D@std@@@std@@MEAA_JPEBD_J@Z 000000014004f338     msvcprtd:MSVCP140D.dll
 0006:00000340       __imp_?_BADOFF@std@@3_JB   000000014004f340     msvcprtd:MSVCP140D.dll
 0006:00000348       __imp_?id@?$ctype@D@std@@2V0locale@2@A 000000014004f348     msvcprtd:MSVCP140D.dll
 0006:00000350       __imp_?id@?$codecvt@DDU_Mbstatet@@@std@@2V0locale@2@A 000000014004f350     msvcprtd:MSVCP140D.dll
 0006:00000358       __imp_?cin@std@@3V?$basic_istream@DU?$char_traits@D@std@@@1@A 000000014004f358     msvcprtd:MSVCP140D.dll
 0006:00000360       __imp_?cout@std@@3V?$basic_ostream@DU?$char_traits@D@std@@@1@A 000000014004f360     msvcprtd:MSVCP140D.dll
 0006:00000368       __imp_??1?$basic_streambuf@DU?$char_traits@D@std@@@std@@UEAA@XZ 000000014004f368     msvcprtd:MSVCP140D.dll
 0006:00000370       __imp_?getloc@ios_base@std@@QEBA?AVlocale@2@XZ 000000014004f370     msvcprtd:MSVCP140D.dll
 0006:00000378       __imp_?width@ios_base@std@@QEAA_J_J@Z 000000014004f378     msvcprtd:MSVCP140D.dll
 0006:00000380       __imp_??0_Lockit@std@@QEAA@H@Z 000000014004f380     msvcprtd:MSVCP140D.dll
 0006:00000388       __imp_??1_Lockit@std@@QEAA@XZ 000000014004f388     msvcprtd:MSVCP140D.dll
 0006:00000390       __imp_?uncaught_exceptions@std@@YAHXZ 000000014004f390     msvcprtd:MSVCP140D.dll
 0006:00000398       __imp_?_Debug_message@std@@YAXPEB_W0I@Z 000000014004f398     msvcprtd:MSVCP140D.dll
 0006:000003a0       __imp_?_Xbad_alloc@std@@YAXXZ 000000014004f3a0     msvcprtd:MSVCP140D.dll
 0006:000003a8       __imp_?_Xlength_error@std@@YAXPEBD@Z 000000014004f3a8     msvcprtd:MSVCP140D.dll
 0006:000003b0       __imp_?_Xout_of_range@std@@YAXPEBD@Z 000000014004f3b0     msvcprtd:MSVCP140D.dll
 0006:000003b8       __imp_??Bid@locale@std@@QEAA_KXZ 000000014004f3b8     msvcprtd:MSVCP140D.dll
 0006:000003c0       __imp_?_Getgloballocale@locale@std@@CAPEAV_Locimp@12@XZ 000000014004f3c0     msvcprtd:MSVCP140D.dll
 0006:000003c8       __imp_?always_noconv@codecvt_base@std@@QEBA_NXZ 000000014004f3c8     msvcprtd:MSVCP140D.dll
 0006:000003d0       __imp_?is@?$ctype@D@std@@QEBA_NFD@Z 000000014004f3d0     msvcprtd:MSVCP140D.dll
 0006:000003d8       __imp_?_Getcat@?$ctype@D@std@@SA_KPEAPEBVfacet@locale@2@PEBV42@@Z 000000014004f3d8     msvcprtd:MSVCP140D.dll
 0006:000003e0       __imp_?in@?$codecvt@DDU_Mbstatet@@@std@@QEBAHAEAU_Mbstatet@@PEBD1AEAPEBDPEAD3AEAPEAD@Z 000000014004f3e0     msvcprtd:MSVCP140D.dll
 0006:000003e8       __imp_?out@?$codecvt@DDU_Mbstatet@@@std@@QEBAHAEAU_Mbstatet@@PEBD1AEAPEBDPEAD3AEAPEAD@Z 000000014004f3e8     msvcprtd:MSVCP140D.dll
 0006:000003f0       __imp_?width@ios_base@std@@QEBA_JXZ 000000014004f3f0     msvcprtd:MSVCP140D.dll
 0006:000003f8       __imp_?flags@ios_base@std@@QEBAHXZ 000000014004f3f8     msvcprtd:MSVCP140D.dll
 0006:00000400       __imp_?eof@ios_base@std@@QEBA_NXZ 000000014004f400     msvcprtd:MSVCP140D.dll
 0006:00000408       __imp_?good@ios_base@std@@QEBA_NXZ 000000014004f408     msvcprtd:MSVCP140D.dll
 0006:00000410       __imp_?_Getcat@?$codecvt@DDU_Mbstatet@@@std@@SA_KPEAPEBVfacet@locale@2@PEBV42@@Z 000000014004f410     msvcprtd:MSVCP140D.dll
 0006:00000418       __imp_?unshift@?$codecvt@DDU_Mbstatet@@@std@@QEBAHAEAU_Mbstatet@@PEAD1AEAPEAD@Z 000000014004f418     msvcprtd:MSVCP140D.dll
 0006:00000420       __imp_?_Osfx@?$basic_ostream@DU?$char_traits@D@std@@@std@@QEAAXXZ 000000014004f420     msvcprtd:MSVCP140D.dll
 0006:00000428       \177MSVCP140D_NULL_THUNK_DATA 000000014004f428     msvcprtd:MSVCP140D.dll
 0006:00000500       __imp___vcrt_GetModuleFileNameW 000000014004f500     vcruntimed:VCRUNTIME140D.dll
 0006:00000508       __imp___std_type_info_destroy_list 000000014004f508     vcruntimed:VCRUNTIME140D.dll
 0006:00000510       __imp___C_specific_handler 000000014004f510     vcruntimed:VCRUNTIME140D.dll
 0006:00000518       __imp___CxxFrameHandler3   000000014004f518     vcruntimed:VCRUNTIME140D.dll
 0006:00000520       __imp__CxxThrowException   000000014004f520     vcruntimed:VCRUNTIME140D.dll
 0006:00000528       __imp___vcrt_GetModuleHandleW 000000014004f528     vcruntimed:VCRUNTIME140D.dll
 0006:00000530       __imp___std_exception_copy 000000014004f530     vcruntimed:VCRUNTIME140D.dll
 0006:00000538       __imp_memset               000000014004f538     vcruntimed:VCRUNTIME140D.dll
 0006:00000540       __imp_memmove              000000014004f540     vcruntimed:VCRUNTIME140D.dll
 0006:00000548       __imp_memcpy               000000014004f548     vcruntimed:VCRUNTIME140D.dll
 0006:00000550       __imp_memcmp               000000014004f550     vcruntimed:VCRUNTIME140D.dll
 0006:00000558       __imp_memchr               000000014004f558     vcruntimed:VCRUNTIME140D.dll
 0006:00000560       __imp___std_exception_destroy 000000014004f560     vcruntimed:VCRUNTIME140D.dll
 0006:00000568       __imp___vcrt_LoadLibraryExW 000000014004f568     vcruntimed:VCRUNTIME140D.dll
 0006:00000570       \177VCRUNTIME140D_NULL_THUNK_DATA 000000014004f570     vcruntimed:VCRUNTIME140D.dll
 0006:000005d8       __imp_PlaySoundA           000000014004f5d8     winmm:WINMM.dll
 0006:000005e0       \177WINMM_NULL_THUNK_DATA  000000014004f5e0     winmm:WINMM.dll
 0006:00000638       __imp_setlocale            000000014004f638     ucrtd:ucrtbased.dll
 0006:00000640       __imp__access              000000014004f640     ucrtd:ucrtbased.dll
 0006:00000648       __imp__free_dbg            000000014004f648     ucrtd:ucrtbased.dll
 0006:00000650       __imp__malloc_dbg          000000014004f650     ucrtd:ucrtbased.dll
 0006:00000658       __imp__callnewh            000000014004f658     ucrtd:ucrtbased.dll
 0006:00000660       __imp_malloc               000000014004f660     ucrtd:ucrtbased.dll
 0006:00000668       __imp__aligned_malloc      000000014004f668     ucrtd:ucrtbased.dll
 0006:00000670       __imp__seh_filter_dll      000000014004f670     ucrtd:ucrtbased.dll
 0006:00000678       __imp__configure_narrow_argv 000000014004f678     ucrtd:ucrtbased.dll
 0006:00000680       __imp__initialize_narrow_environment 000000014004f680     ucrtd:ucrtbased.dll
 0006:00000688       __imp__initialize_onexit_table 000000014004f688     ucrtd:ucrtbased.dll
 0006:00000690       __imp__register_onexit_function 000000014004f690     ucrtd:ucrtbased.dll
 0006:00000698       __imp__execute_onexit_table 000000014004f698     ucrtd:ucrtbased.dll
 0006:000006a0       __imp__crt_atexit          000000014004f6a0     ucrtd:ucrtbased.dll
 0006:000006a8       __imp__crt_at_quick_exit   000000014004f6a8     ucrtd:ucrtbased.dll
 0006:000006b0       __imp__cexit               000000014004f6b0     ucrtd:ucrtbased.dll
 0006:000006b8       __imp__CrtDbgReport        000000014004f6b8     ucrtd:ucrtbased.dll
 0006:000006c0       __imp__seh_filter_exe      000000014004f6c0     ucrtd:ucrtbased.dll
 0006:000006c8       __imp__set_app_type        000000014004f6c8     ucrtd:ucrtbased.dll
 0006:000006d0       __imp___setusermatherr     000000014004f6d0     ucrtd:ucrtbased.dll
 0006:000006d8       __imp__get_initial_narrow_environment 000000014004f6d8     ucrtd:ucrtbased.dll
 0006:000006e0       __imp__initterm            000000014004f6e0     ucrtd:ucrtbased.dll
 0006:000006e8       __imp__initterm_e          000000014004f6e8     ucrtd:ucrtbased.dll
 0006:000006f0       __imp_exit                 000000014004f6f0     ucrtd:ucrtbased.dll
 0006:000006f8       __imp__exit                000000014004f6f8     ucrtd:ucrtbased.dll
 0006:00000700       __imp__set_fmode           000000014004f700     ucrtd:ucrtbased.dll
 0006:00000708       __imp___p___argc           000000014004f708     ucrtd:ucrtbased.dll
 0006:00000710       __imp___p___argv           000000014004f710     ucrtd:ucrtbased.dll
 0006:00000718       __imp__c_exit              000000014004f718     ucrtd:ucrtbased.dll
 0006:00000720       __imp__register_thread_local_exe_atexit_callback 000000014004f720     ucrtd:ucrtbased.dll
 0006:00000728       __imp_strlen               000000014004f728     ucrtd:ucrtbased.dll
 0006:00000730       __imp__set_new_mode        000000014004f730     ucrtd:ucrtbased.dll
 0006:00000738       __imp___p__commode         000000014004f738     ucrtd:ucrtbased.dll
 0006:00000740       __imp__aligned_free        000000014004f740     ucrtd:ucrtbased.dll
 0006:00000748       __imp_terminate            000000014004f748     ucrtd:ucrtbased.dll
 0006:00000750       __imp_strcpy_s             000000014004f750     ucrtd:ucrtbased.dll
 0006:00000758       __imp_strcat_s             000000014004f758     ucrtd:ucrtbased.dll
 0006:00000760       __imp___stdio_common_vsprintf_s 000000014004f760     ucrtd:ucrtbased.dll
 0006:00000768       __imp__wmakepath_s         000000014004f768     ucrtd:ucrtbased.dll
 0006:00000770       __imp__wsplitpath_s        000000014004f770     ucrtd:ucrtbased.dll
 0006:00000778       __imp_wcscpy_s             000000014004f778     ucrtd:ucrtbased.dll
 0006:00000780       __imp__CrtDbgReportW       000000014004f780     ucrtd:ucrtbased.dll
 0006:00000788       __imp__lock_file           000000014004f788     ucrtd:ucrtbased.dll
 0006:00000790       __imp_ungetc               000000014004f790     ucrtd:ucrtbased.dll
 0006:00000798       __imp_setvbuf              000000014004f798     ucrtd:ucrtbased.dll
 0006:000007a0       __imp_remove               000000014004f7a0     ucrtd:ucrtbased.dll
 0006:000007a8       __imp_fwrite               000000014004f7a8     ucrtd:ucrtbased.dll
 0006:000007b0       __imp__fseeki64            000000014004f7b0     ucrtd:ucrtbased.dll
 0006:000007b8       __imp_fsetpos              000000014004f7b8     ucrtd:ucrtbased.dll
 0006:000007c0       __imp_fputc                000000014004f7c0     ucrtd:ucrtbased.dll
 0006:000007c8       __imp_fgetpos              000000014004f7c8     ucrtd:ucrtbased.dll
 0006:000007d0       __imp_fgetc                000000014004f7d0     ucrtd:ucrtbased.dll
 0006:000007d8       __imp_fflush               000000014004f7d8     ucrtd:ucrtbased.dll
 0006:000007e0       __imp_fclose               000000014004f7e0     ucrtd:ucrtbased.dll
 0006:000007e8       __imp__get_stream_buffer_pointers 000000014004f7e8     ucrtd:ucrtbased.dll
 0006:000007f0       __imp_system               000000014004f7f0     ucrtd:ucrtbased.dll
 0006:000007f8       __imp_atoi                 000000014004f7f8     ucrtd:ucrtbased.dll
 0006:00000800       __imp_rand                 000000014004f800     ucrtd:ucrtbased.dll
 0006:00000808       __imp_srand                000000014004f808     ucrtd:ucrtbased.dll
 0006:00000810       __imp__errno               000000014004f810     ucrtd:ucrtbased.dll
 0006:00000818       __imp__time64              000000014004f818     ucrtd:ucrtbased.dll
 0006:00000820       __imp__invalid_parameter_noinfo 000000014004f820     ucrtd:ucrtbased.dll
 0006:00000828       __imp__invalid_parameter   000000014004f828     ucrtd:ucrtbased.dll
 0006:00000830       __imp__configthreadlocale  000000014004f830     ucrtd:ucrtbased.dll
 0006:00000838       __imp__unlock_file         000000014004f838     ucrtd:ucrtbased.dll
 0006:00000840       \177ucrtbased_NULL_THUNK_DATA 000000014004f840     ucrtd:ucrtbased.dll
 0006:00000900       __imp_URLDownloadToFileA   000000014004f900     urlmon:urlmon.dll
 0006:00000908       \177urlmon_NULL_THUNK_DATA 000000014004f908     urlmon:urlmon.dll
 0006:00000960       __IMPORT_DESCRIPTOR_WINMM  000000014004f960     winmm:WINMM.dll
 0006:00000974       __IMPORT_DESCRIPTOR_KERNEL32 000000014004f974     kernel32:KERNEL32.dll
 0006:00000988       __IMPORT_DESCRIPTOR_MSVCP140D 000000014004f988     msvcprtd:MSVCP140D.dll
 0006:0000099c       __IMPORT_DESCRIPTOR_urlmon 000000014004f99c     urlmon:urlmon.dll
 0006:000009b0       __IMPORT_DESCRIPTOR_VCRUNTIME140D 000000014004f9b0     vcruntimed:VCRUNTIME140D.dll
 0006:000009c4       __IMPORT_DESCRIPTOR_ucrtbased 000000014004f9c4     ucrtd:ucrtbased.dll
 0006:000009d8       __NULL_IMPORT_DESCRIPTOR   000000014004f9d8     winmm:WINMM.dll
 0007:00000000       __guard_check_icall_fptr   0000000140053000     MSVCRTD:guard_support.obj
 0007:00000010       __guard_dispatch_icall_fptr 0000000140053010     MSVCRTD:guard_support.obj
 0007:00000020       __guard_ss_verify_failure_fptr 0000000140053020     MSVCRTD:guard_support.obj
 0007:00000030       __guard_ss_verify_sp_fptr  0000000140053030     MSVCRTD:guard_support.obj
