 Ruletka

 Timestamp is 5a37d161 (Mon Dec 18 15:32:01 2017)

 Preferred load address is 0000000140000000

 Start         Length     Name                   Class
 0001:00000000 000179a5H .textbss                DATA
 0002:00000000 000043b0H .text$di                CODE
 0002:000043b0 0002c5f0H .text$mn                CODE
 0002:000309a0 00001110H .text$mn$00             CODE
 0002:00031ab0 00004920H .text$x                 CODE
 0002:000363d0 000010c1H .text$yd                CODE
 0003:00000000 00000110H .CRT$XCA                DATA
 0003:00000110 00000110H .CRT$XCAA               DATA
 0003:00000220 00000110H .CRT$XCL                DATA
 0003:00000330 00000120H .CRT$XCU                DATA
 0003:00000450 00000110H .CRT$XCZ                DATA
 0003:00000560 00000110H .CRT$XIA                DATA
 0003:00000670 00000110H .CRT$XIAA               DATA
 0003:00000780 00000110H .CRT$XIAC               DATA
 0003:00000890 00000110H .CRT$XIZ                DATA
 0003:000009a0 00000110H .CRT$XPA                DATA
 0003:00000ab0 00000110H .CRT$XPZ                DATA
 0003:00000bc0 00000110H .CRT$XTA                DATA
 0003:00000cd0 00000110H .CRT$XTZ                DATA
 0003:00000de0 00009440H .rdata                  DATA
 0003:0000a220 00000c58H .rdata$r                DATA
 0003:0000ae78 000001b8H .rdata$zzzdbg           DATA
 0003:0000b030 00000110H .rtc$IAA                DATA
 0003:0000b140 00000110H .rtc$IMZ                DATA
 0003:0000b250 00000110H .rtc$IZZ                DATA
 0003:0000b360 00000110H .rtc$TAA                DATA
 0003:0000b470 00000110H .rtc$TMZ                DATA
 0003:0000b580 00000110H .rtc$TZZ                DATA
 0003:0000b690 00007150H .xdata                  DATA
 0003:000127e0 00000275H .xdata$x                DATA
 0003:00012a55 00000000H .edata                  DATA
 0004:00000000 00000170H .data                   DATA
 0004:00000170 00000630H .data$r                 DATA
 0004:000007a0 00000841H .bss                    DATA
 0005:00000000 00004bccH .pdata                  DATA
 0006:00000000 00000a20H .idata$5                DATA
 0006:00000a20 0000008cH .idata$2                DATA
 0006:00000aac 00000014H .idata$3                DATA
 0006:00000ac0 00000a20H .idata$4                DATA
 0006:000014e0 00002069H .idata$6                DATA
 0007:00000000 0000013fH .00cfg                  DATA
 0008:00000000 00000d80H .rsrc$01                DATA
 0008:00000d80 02fe9c26H .rsrc$02                DATA

  Address         Publics by Value              Rva+Base               Lib:Object

 0000:00000000       __guard_fids_table         0000000000000000     <absolute>
 0000:00000000       __guard_longjmp_count      0000000000000000     <absolute>
 0000:00000000       ___safe_se_handler_table   0000000000000000     <absolute>
 0000:00000000       __hybrid_code_map          0000000000000000     <absolute>
 0000:00000000       __guard_iat_table          0000000000000000     <absolute>
 0000:00000000       __dynamic_value_reloc_table 0000000000000000     <absolute>
 0000:00000000       __guard_iat_count          0000000000000000     <absolute>
 0000:00000000       ___safe_se_handler_count   0000000000000000     <absolute>
 0000:00000000       __hybrid_auxiliary_iat     0000000000000000     <absolute>
 0000:00000000       __enclave_config           0000000000000000     <absolute>
 0000:00000000       __guard_fids_count         0000000000000000     <absolute>
 0000:00000000       __hybrid_code_map_count    0000000000000000     <absolute>
 0000:00000000       __guard_longjmp_table      0000000000000000     <absolute>
 0000:00000100       __guard_flags              0000000000000100     <absolute>
 0000:00000000       __ImageBase                0000000140000000     <linker-defined>
 0001:00000000       __enc$textbss$begin        0000000140001000     <linker-defined>
 0001:000179a5       __enc$textbss$end          00000001400189a5     <linker-defined>
 0002:000043b0       ??$?0$$V@?$_Compressed_pair@V?$allocator@D@std@@V?$_String_val@U?$_Simple_types@D@std@@@2@$00@std@@QEAA@U_Zero_then_variadic_args_t@1@@Z 000000014001d3b0 f i main.obj
 0002:00004420       ??$?0$$V@?$_Compressed_pair@V?$allocator@U?$_Tree_node@U?$pair@$$CBV?$basic_string@DU?$char_traits@D@std@@V?$allocator@D@2@@std@@G@std@@PEAX@std@@@std@@V?$_Tree_val@U?$_Tree_simple_types@U?$pair@$$CBV?$basic_string@DU?$char_traits@D@std@@V?$allocator@D@2@@std@@G@std@@@std@@@2@$00@std@@QEAA@U_Zero_then_variadic_args_t@1@@Z 000000014001d420 f i main.obj
 0002:00004490       ??$?0AEAV?$_Tree_iterator@V?$_Tree_val@U?$_Tree_simple_types@U?$pair@$$CBV?$basic_string@DU?$char_traits@D@std@@V?$allocator@D@2@@std@@G@std@@@std@@@std@@@std@@_N$0A@@?$pair@V?$_Tree_iterator@V?$_Tree_val@U?$_Tree_simple_types@U?$pair@$$CBV?$basic_string@DU?$char_traits@D@std@@V?$allocator@D@2@@std@@G@std@@@std@@@std@@@std@@_N@std@@QEAA@AEAV?$_Tree_iterator@V?$_Tree_val@U?$_Tree_simple_types@U?$pair@$$CBV?$basic_string@DU?$char_traits@D@std@@V?$allocator@D@2@@std@@G@std@@@std@@@std@@@1@$$QEA_N@Z 000000014001d490 f i main.obj
 0002:00004530       ??$?0AEAY05$$CBDH$0A@@?$pair@$$CBV?$basic_string@DU?$char_traits@D@std@@V?$allocator@D@2@@std@@G@std@@QEAA@AEAY05$$CBD$$QEAH@Z 000000014001d530 f i main.obj
 0002:000045d0       ??$?0AEAY06$$CBDH$0A@@?$pair@$$CBV?$basic_string@DU?$char_traits@D@std@@V?$allocator@D@2@@std@@G@std@@QEAA@AEAY06$$CBD$$QEAH@Z 000000014001d5d0 f i main.obj
 0002:00004670       ??$?0AEAY07$$CBDH$0A@@?$pair@$$CBV?$basic_string@DU?$char_traits@D@std@@V?$allocator@D@2@@std@@G@std@@QEAA@AEAY07$$CBD$$QEAH@Z 000000014001d670 f i main.obj
 0002:00004710       ??$?0AEAY08$$CBDH$0A@@?$pair@$$CBV?$basic_string@DU?$char_traits@D@std@@V?$allocator@D@2@@std@@G@std@@QEAA@AEAY08$$CBD$$QEAH@Z 000000014001d710 f i main.obj
 0002:000047b0       ??$?0AEBU?$less@V?$basic_string@DU?$char_traits@D@std@@V?$allocator@D@2@@std@@@std@@U_Zero_then_variadic_args_t@1@@?$_Compressed_pair@U?$less@V?$basic_string@DU?$char_traits@D@std@@V?$allocator@D@2@@std@@@std@@V?$_Compressed_pair@V?$allocator@U?$_Tree_node@U?$pair@$$CBV?$basic_string@DU?$char_traits@D@std@@V?$allocator@D@2@@std@@G@std@@PEAX@std@@@std@@V?$_Tree_val@U?$_Tree_simple_types@U?$pair@$$CBV?$basic_string@DU?$char_traits@D@std@@V?$allocator@D@2@@std@@G@std@@@std@@@2@$00@2@$00@std@@QEAA@U_One_then_variadic_args_t@1@AEBU?$less@V?$basic_string@DU?$char_traits@D@std@@V?$allocator@D@2@@std@@@1@$$QEAU_Zero_then_variadic_args_t@1@@Z 000000014001d7b0 f i main.obj
 0002:00004840       ??$?0AEBV?$allocator@D@std@@$$V@?$_Compressed_pair@V?$allocator@D@std@@V?$_String_val@U?$_Simple_types@D@std@@@2@$00@std@@QEAA@U_One_then_variadic_args_t@1@AEBV?$allocator@D@1@@Z 000000014001d840 f i main.obj
 0002:000048c0       ??$?0AEBV?$allocator@D@std@@X@?$_String_alloc@U?$_String_base_types@DV?$allocator@D@std@@@std@@@std@@QEAA@AEBV?$allocator@D@1@@Z 000000014001d8c0 f i main.obj
 0002:00004960       ??$?0D@?$allocator@U_Container_proxy@std@@@std@@QEAA@AEBV?$allocator@D@1@@Z 000000014001d960 f i main.obj
 0002:000049b0       ??$?0U?$_Tree_node@U?$pair@$$CBV?$basic_string@DU?$char_traits@D@std@@V?$allocator@D@2@@std@@G@std@@PEAX@std@@@?$allocator@U_Container_proxy@std@@@std@@QEAA@AEBV?$allocator@U?$_Tree_node@U?$pair@$$CBV?$basic_string@DU?$char_traits@D@std@@V?$allocator@D@2@@std@@G@std@@PEAX@std@@@1@@Z 000000014001d9b0 f i main.obj
 0002:00004a00       ??$?0V?$_Tree_iterator@V?$_Tree_val@U?$_Tree_simple_types@U?$pair@$$CBV?$basic_string@DU?$char_traits@D@std@@V?$allocator@D@2@@std@@G@std@@@std@@@std@@@std@@_N$0A@@?$pair@V?$_Tree_iterator@V?$_Tree_val@U?$_Tree_simple_types@U?$pair@$$CBV?$basic_string@DU?$char_traits@D@std@@V?$allocator@D@2@@std@@G@std@@@std@@@std@@@std@@_N@std@@QEAA@$$QEAV?$_Tree_iterator@V?$_Tree_val@U?$_Tree_simple_types@U?$pair@$$CBV?$basic_string@DU?$char_traits@D@std@@V?$allocator@D@2@@std@@G@std@@@std@@@std@@@1@$$QEA_N@Z 000000014001da00 f i main.obj
 0002:00004aa0       ??$?0V?$allocator@D@std@@$$V@?$_Compressed_pair@V?$allocator@D@std@@V?$_String_val@U?$_Simple_types@D@std@@@2@$00@std@@QEAA@U_One_then_variadic_args_t@1@$$QEAV?$allocator@D@1@@Z 000000014001daa0 f i main.obj
 0002:00004b20       ??$?0V?$allocator@D@std@@X@?$_String_alloc@U?$_String_base_types@DV?$allocator@D@std@@@std@@@std@@QEAA@$$QEAV?$allocator@D@1@@Z 000000014001db20 f i main.obj
 0002:00004bc0       ??$?5DU?$char_traits@D@std@@V?$allocator@D@1@@std@@YAAEAV?$basic_istream@DU?$char_traits@D@std@@@0@$$QEAV10@AEAV?$basic_string@DU?$char_traits@D@std@@V?$allocator@D@2@@0@@Z 000000014001dbc0 f i main.obj
 0002:00005060       ??$?5DU?$char_traits@D@std@@V?$allocator@D@1@@std@@YAAEAV?$basic_istream@DU?$char_traits@D@std@@@0@AEAV10@AEAV?$basic_string@DU?$char_traits@D@std@@V?$allocator@D@2@@0@@Z 000000014001e060 f i main.obj
 0002:000050d0       ??$?6DU?$char_traits@D@std@@V?$allocator@D@1@@std@@YAAEAV?$basic_ostream@DU?$char_traits@D@std@@@0@AEAV10@AEBV?$basic_string@DU?$char_traits@D@std@@V?$allocator@D@2@@0@@Z 000000014001e0d0 f i main.obj
 0002:00005160       ??$?6U?$char_traits@D@std@@@std@@YAAEAV?$basic_ostream@DU?$char_traits@D@std@@@0@AEAV10@D@Z 000000014001e160 f i main.obj
 0002:00005650       ??$?6U?$char_traits@D@std@@@std@@YAAEAV?$basic_ostream@DU?$char_traits@D@std@@@0@AEAV10@PEBD@Z 000000014001e650 f i main.obj
 0002:00005b60       ??$?8DU?$char_traits@D@std@@V?$allocator@D@1@@std@@YA_NAEBV?$basic_string@DU?$char_traits@D@std@@V?$allocator@D@2@@0@QEBD@Z 000000014001eb60 f i main.obj
 0002:00005bc0       ??$?9DD@std@@YA_NAEBV?$allocator@D@0@0@Z 000000014001ebc0 f i main.obj
 0002:00005c10       ??$?9DU?$char_traits@D@std@@V?$allocator@D@1@@std@@YA_NAEBV?$basic_string@DU?$char_traits@D@std@@V?$allocator@D@2@@0@QEBD@Z 000000014001ec10 f i main.obj
 0002:00005ca0       ??$?HDU?$char_traits@D@std@@V?$allocator@D@1@@std@@YA?AV?$basic_string@DU?$char_traits@D@std@@V?$allocator@D@2@@0@$$QEAV10@0@Z 000000014001eca0 f i main.obj
 0002:00005e60       ??$?HDU?$char_traits@D@std@@V?$allocator@D@1@@std@@YA?AV?$basic_string@DU?$char_traits@D@std@@V?$allocator@D@2@@0@$$QEAV10@D@Z 000000014001ee60 f i main.obj
 0002:00005f10       ??$?HDU?$char_traits@D@std@@V?$allocator@D@1@@std@@YA?AV?$basic_string@DU?$char_traits@D@std@@V?$allocator@D@2@@0@$$QEAV10@QEBD@Z 000000014001ef10 f i main.obj
 0002:00005fc0       ??$?HDU?$char_traits@D@std@@V?$allocator@D@1@@std@@YA?AV?$basic_string@DU?$char_traits@D@std@@V?$allocator@D@2@@0@AEBV10@$$QEAV10@@Z 000000014001efc0 f i main.obj
 0002:00006070       ??$?HDU?$char_traits@D@std@@V?$allocator@D@1@@std@@YA?AV?$basic_string@DU?$char_traits@D@std@@V?$allocator@D@2@@0@AEBV10@0@Z 000000014001f070 f i main.obj
 0002:000061d0       ??$?HDU?$char_traits@D@std@@V?$allocator@D@1@@std@@YA?AV?$basic_string@DU?$char_traits@D@std@@V?$allocator@D@2@@0@AEBV10@D@Z 000000014001f1d0 f i main.obj
 0002:00006310       ??$?HDU?$char_traits@D@std@@V?$allocator@D@1@@std@@YA?AV?$basic_string@DU?$char_traits@D@std@@V?$allocator@D@2@@0@AEBV10@QEBD@Z 000000014001f310 f i main.obj
 0002:00006480       ??$?HDU?$char_traits@D@std@@V?$allocator@D@1@@std@@YA?AV?$basic_string@DU?$char_traits@D@std@@V?$allocator@D@2@@0@QEBDAEBV10@@Z 000000014001f480 f i main.obj
 0002:000065f0       ??$?MDU?$char_traits@D@std@@V?$allocator@D@1@@std@@YA_NAEBV?$basic_string@DU?$char_traits@D@std@@V?$allocator@D@2@@0@0@Z 000000014001f5f0 f i main.obj
 0002:00006680       ??$?RVrandom_device@std@@@?$uniform_int@H@std@@QEBAHAEAVrandom_device@1@@Z 000000014001f680 f i main.obj
 0002:00006700       ??$_Allocate@U?$_Default_allocate_traits@$00@std@@@std@@YAPEAX_K0_K@Z 000000014001f700 f i main.obj
 0002:00006940       ??$_Buy_if_not_node@AEAU?$pair@$$CBV?$basic_string@DU?$char_traits@D@std@@V?$allocator@D@2@@std@@G@std@@@?$_Tree@V?$_Tmap_traits@V?$basic_string@DU?$char_traits@D@std@@V?$allocator@D@2@@std@@GU?$less@V?$basic_string@DU?$char_traits@D@std@@V?$allocator@D@2@@std@@@2@V?$allocator@U?$pair@$$CBV?$basic_string@DU?$char_traits@D@std@@V?$allocator@D@2@@std@@G@std@@@2@$0A@@std@@@std@@IEAAPEAU?$_Tree_node@U?$pair@$$CBV?$basic_string@DU?$char_traits@D@std@@V?$allocator@D@2@@std@@G@std@@PEAX@1@PEAU21@AEAU?$pair@$$CBV?$basic_string@DU?$char_traits@D@std@@V?$allocator@D@2@@std@@G@1@@Z 000000014001f940 f i main.obj
 0002:000069a0       ??$_Buynode@AEBU?$pair@$$CBV?$basic_string@DU?$char_traits@D@std@@V?$allocator@D@2@@std@@G@std@@@?$_Tree_comp_alloc@V?$_Tmap_traits@V?$basic_string@DU?$char_traits@D@std@@V?$allocator@D@2@@std@@GU?$less@V?$basic_string@DU?$char_traits@D@std@@V?$allocator@D@2@@std@@@2@V?$allocator@U?$pair@$$CBV?$basic_string@DU?$char_traits@D@std@@V?$allocator@D@2@@std@@G@std@@@2@$0A@@std@@@std@@QEAAPEAU?$_Tree_node@U?$pair@$$CBV?$basic_string@DU?$char_traits@D@std@@V?$allocator@D@2@@std@@G@std@@PEAX@1@AEBU?$pair@$$CBV?$basic_string@DU?$char_traits@D@std@@V?$allocator@D@2@@std@@G@1@@Z 000000014001f9a0 f i main.obj
 0002:00006a90       ??$_Convert_size@_K@std@@YA_K_K@Z 000000014001fa90 f i main.obj
 0002:00006ae0       ??$_Deallocate_plain@V?$allocator@U_Container_proxy@std@@@std@@$0A@@std@@YAXAEAV?$allocator@U_Container_proxy@std@@@0@QEAU_Container_proxy@0@@Z 000000014001fae0 f i main.obj
 0002:00006b50       ??$_Debug_lt_pred@AEAU?$less@V?$basic_string@DU?$char_traits@D@std@@V?$allocator@D@2@@std@@@std@@AEBV?$basic_string@DU?$char_traits@D@std@@V?$allocator@D@2@@2@AEBV32@@std@@YA_NAEAU?$less@V?$basic_string@DU?$char_traits@D@std@@V?$allocator@D@2@@std@@@0@AEBV?$basic_string@DU?$char_traits@D@std@@V?$allocator@D@2@@0@1PEB_WI@Z 000000014001fb50 f i main.obj
 0002:00006c90       ??$_Debug_lt_pred@AEBU?$less@V?$basic_string@DU?$char_traits@D@std@@V?$allocator@D@2@@std@@@std@@AEBV?$basic_string@DU?$char_traits@D@std@@V?$allocator@D@2@@2@AEBV32@@std@@YA_NAEBU?$less@V?$basic_string@DU?$char_traits@D@std@@V?$allocator@D@2@@std@@@0@AEBV?$basic_string@DU?$char_traits@D@std@@V?$allocator@D@2@@0@1PEB_WI@Z 000000014001fc90 f i main.obj
 0002:00006dd0       ??$_Debug_range2@PEBU?$pair@$$CBV?$basic_string@DU?$char_traits@D@std@@V?$allocator@D@2@@std@@G@std@@@std@@YAXPEBU?$pair@$$CBV?$basic_string@DU?$char_traits@D@std@@V?$allocator@D@2@@std@@G@0@0PEB_WIUrandom_access_iterator_tag@0@@Z 000000014001fdd0 f i main.obj
 0002:00006e90       ??$_Debug_range@PEBU?$pair@$$CBV?$basic_string@DU?$char_traits@D@std@@V?$allocator@D@2@@std@@G@std@@@std@@YAXPEBU?$pair@$$CBV?$basic_string@DU?$char_traits@D@std@@V?$allocator@D@2@@std@@G@0@0PEB_WI@Z 000000014001fe90 f i main.obj
 0002:00006f20       ??$_Eval@Vrandom_device@std@@@?$uniform_int@H@std@@AEBAHAEAVrandom_device@1@HH@Z 000000014001ff20 f i main.obj
 0002:00007060       ??$_Fgetc@D@std@@YA_NAEADPEAU_iobuf@@@Z 0000000140020060 f i main.obj
 0002:000070e0       ??$_Fputc@D@std@@YA_NDPEAU_iobuf@@@Z 00000001400200e0 f i main.obj
 0002:00007170       ??$_Freenode0@V?$allocator@U?$_Tree_node@U?$pair@$$CBV?$basic_string@DU?$char_traits@D@std@@V?$allocator@D@2@@std@@G@std@@PEAX@std@@@std@@@?$_Tree_node@U?$pair@$$CBV?$basic_string@DU?$char_traits@D@std@@V?$allocator@D@2@@std@@G@std@@PEAX@std@@SAXAEAV?$allocator@U?$_Tree_node@U?$pair@$$CBV?$basic_string@DU?$char_traits@D@std@@V?$allocator@D@2@@std@@G@std@@PEAX@std@@@1@PEAU01@@Z 0000000140020170 f i main.obj
 0002:000072a0       ??$_Insert_at@AEAU?$pair@$$CBV?$basic_string@DU?$char_traits@D@std@@V?$allocator@D@2@@std@@G@std@@PEAU?$_Tree_node@U?$pair@$$CBV?$basic_string@DU?$char_traits@D@std@@V?$allocator@D@2@@std@@G@std@@PEAX@2@@?$_Tree@V?$_Tmap_traits@V?$basic_string@DU?$char_traits@D@std@@V?$allocator@D@2@@std@@GU?$less@V?$basic_string@DU?$char_traits@D@std@@V?$allocator@D@2@@std@@@2@V?$allocator@U?$pair@$$CBV?$basic_string@DU?$char_traits@D@std@@V?$allocator@D@2@@std@@G@std@@@2@$0A@@std@@@std@@IEAA?AV?$_Tree_iterator@V?$_Tree_val@U?$_Tree_simple_types@U?$pair@$$CBV?$basic_string@DU?$char_traits@D@std@@V?$allocator@D@2@@std@@G@std@@@std@@@std@@@1@_NPEAU?$_Tree_node@U?$pair@$$CBV?$basic_string@DU?$char_traits@D@std@@V?$allocator@D@2@@std@@G@std@@PEAX@1@AEAU?$pair@$$CBV?$basic_string@DU?$char_traits@D@std@@V?$allocator@D@2@@std@@G@1@1@Z 00000001400202a0 f i main.obj
 0002:00007780       ??$_Insert_hint@AEAU?$pair@$$CBV?$basic_string@DU?$char_traits@D@std@@V?$allocator@D@2@@std@@G@std@@PEAU?$_Tree_node@U?$pair@$$CBV?$basic_string@DU?$char_traits@D@std@@V?$allocator@D@2@@std@@G@std@@PEAX@2@@?$_Tree@V?$_Tmap_traits@V?$basic_string@DU?$char_traits@D@std@@V?$allocator@D@2@@std@@GU?$less@V?$basic_string@DU?$char_traits@D@std@@V?$allocator@D@2@@std@@@2@V?$allocator@U?$pair@$$CBV?$basic_string@DU?$char_traits@D@std@@V?$allocator@D@2@@std@@G@std@@@2@$0A@@std@@@std@@IEAA?AV?$_Tree_iterator@V?$_Tree_val@U?$_Tree_simple_types@U?$pair@$$CBV?$basic_string@DU?$char_traits@D@std@@V?$allocator@D@2@@std@@G@std@@@std@@@std@@@1@V?$_Tree_const_iterator@V?$_Tree_val@U?$_Tree_simple_types@U?$pair@$$CBV?$basic_string@DU?$char_traits@D@std@@V?$allocator@D@2@@std@@G@std@@@std@@@std@@@1@AEAU?$pair@$$CBV?$basic_string@DU?$char_traits@D@std@@V?$allocator@D@2@@std@@G@1@PEAU?$_Tree_node@U?$pair@$$CBV?$basic_string@DU?$char_traits@D@std@@V?$allocator@D@2@@std@@G@std@@PEAX@1@@Z 0000000140020780 f i main.obj
 0002:00008d60       ??$_Insert_nohint@AEAU?$pair@$$CBV?$basic_string@DU?$char_traits@D@std@@V?$allocator@D@2@@std@@G@std@@PEAU?$_Tree_node@U?$pair@$$CBV?$basic_string@DU?$char_traits@D@std@@V?$allocator@D@2@@std@@G@std@@PEAX@2@@?$_Tree@V?$_Tmap_traits@V?$basic_string@DU?$char_traits@D@std@@V?$allocator@D@2@@std@@GU?$less@V?$basic_string@DU?$char_traits@D@std@@V?$allocator@D@2@@std@@@2@V?$allocator@U?$pair@$$CBV?$basic_string@DU?$char_traits@D@std@@V?$allocator@D@2@@std@@G@std@@@2@$0A@@std@@@std@@IEAA?AU?$pair@V?$_Tree_iterator@V?$_Tree_val@U?$_Tree_simple_types@U?$pair@$$CBV?$basic_string@DU?$char_traits@D@std@@V?$allocator@D@2@@std@@G@std@@@std@@@std@@@std@@_N@1@_NAEAU?$pair@$$CBV?$basic_string@DU?$char_traits@D@std@@V?$allocator@D@2@@std@@G@1@PEAU?$_Tree_node@U?$pair@$$CBV?$basic_string@DU?$char_traits@D@std@@V?$allocator@D@2@@std@@G@std@@PEAX@1@@Z 0000000140021d60 f i main.obj
 0002:00009430       ??$_Insert_string@DU?$char_traits@D@std@@_K@std@@YAAEAV?$basic_ostream@DU?$char_traits@D@std@@@0@AEAV10@QEBD_K@Z 0000000140022430 f i main.obj
 0002:00009940       ??$_Kfn@$$CBV?$basic_string@DU?$char_traits@D@std@@V?$allocator@D@2@@std@@G@?$_Tmap_traits@V?$basic_string@DU?$char_traits@D@std@@V?$allocator@D@2@@std@@GU?$less@V?$basic_string@DU?$char_traits@D@std@@V?$allocator@D@2@@std@@@2@V?$allocator@U?$pair@$$CBV?$basic_string@DU?$char_traits@D@std@@V?$allocator@D@2@@std@@G@std@@@2@$0A@@std@@SAAEBV?$basic_string@DU?$char_traits@D@std@@V?$allocator@D@2@@1@AEBU?$pair@$$CBV?$basic_string@DU?$char_traits@D@std@@V?$allocator@D@2@@std@@G@1@@Z 0000000140022940 f i main.obj
 0002:00009990       ??$_Lbound@V?$basic_string@DU?$char_traits@D@std@@V?$allocator@D@2@@std@@@?$_Tree@V?$_Tmap_traits@V?$basic_string@DU?$char_traits@D@std@@V?$allocator@D@2@@std@@GU?$less@V?$basic_string@DU?$char_traits@D@std@@V?$allocator@D@2@@std@@@2@V?$allocator@U?$pair@$$CBV?$basic_string@DU?$char_traits@D@std@@V?$allocator@D@2@@std@@G@std@@@2@$0A@@std@@@std@@IEBAPEAU?$_Tree_node@U?$pair@$$CBV?$basic_string@DU?$char_traits@D@std@@V?$allocator@D@2@@std@@G@std@@PEAX@1@AEBV?$basic_string@DU?$char_traits@D@std@@V?$allocator@D@2@@1@@Z 0000000140022990 f i main.obj
 0002:00009a80       ??$_Max_value@_K@std@@YAAEB_KAEB_K0@Z 0000000140022a80 f i main.obj
 0002:00009b20       ??$_Min_value@_K@std@@YAAEB_KAEB_K0@Z 0000000140022b20 f i main.obj
 0002:00009bc0       ??$_Pocca@V?$allocator@D@std@@@std@@YAXAEAV?$allocator@D@0@AEBV10@@Z 0000000140022bc0 f i main.obj
 0002:00009c40       ??$_Pocca@V?$allocator@D@std@@@std@@YAXAEAV?$allocator@D@0@AEBV10@U?$integral_constant@_N$0A@@0@@Z 0000000140022c40 f i main.obj
 0002:00009c90       ??$_Pocma@V?$allocator@D@std@@@std@@YAXAEAV?$allocator@D@0@0@Z 0000000140022c90 f i main.obj
 0002:00009d10       ??$_Pocma@V?$allocator@D@std@@@std@@YAXAEAV?$allocator@D@0@0U?$integral_constant@_N$00@0@@Z 0000000140022d10 f i main.obj
 0002:0000afb0       ??$_Refancy@PEAD$0A@@std@@YAPEADPEAD@Z 0000000140023fb0 f i main.obj
 0002:0000b000       ??$_Traits_compare@U?$char_traits@D@std@@@std@@YAHQEBD_K01@Z 0000000140024000 f i main.obj
 0002:0000b0e0       ??$_Traits_equal@U?$char_traits@D@std@@@std@@YA_NQEBD_K01@Z 00000001400240e0 f i main.obj
 0002:0000b1a0       ??$_Traits_find@U?$char_traits@D@std@@@std@@YA_KQEBD_K101@Z 00000001400241a0 f i main.obj
 0002:0000b330       ??$_Unfancy@$$CBD@std@@YAPEBDPEBD@Z 0000000140024330 f i main.obj
 0002:0000b380       ??$_Unfancy@D@std@@YAPEADPEAD@Z 0000000140024380 f i main.obj
 0002:0000b3d0       ??$_Unfancy@U_Container_proxy@std@@@std@@YAPEAU_Container_proxy@0@PEAU10@@Z 00000001400243d0 f i main.obj
 0002:0000b420       ??$_Ungetc@D@std@@YA_NAEBDPEAU_iobuf@@@Z 0000000140024420 f i main.obj
 0002:0000b4c0       ??$addressof@$$CBU?$pair@$$CBV?$basic_string@DU?$char_traits@D@std@@V?$allocator@D@2@@std@@G@std@@@std@@YAPEBU?$pair@$$CBV?$basic_string@DU?$char_traits@D@std@@V?$allocator@D@2@@std@@G@0@AEBU10@@Z 00000001400244c0 f i main.obj
 0002:0000b510       ??$addressof@$$CBV?$_Tree_val@U?$_Tree_simple_types@U?$pair@$$CBV?$basic_string@DU?$char_traits@D@std@@V?$allocator@D@2@@std@@G@std@@@std@@@std@@@std@@YAPEBV?$_Tree_val@U?$_Tree_simple_types@U?$pair@$$CBV?$basic_string@DU?$char_traits@D@std@@V?$allocator@D@2@@std@@G@std@@@std@@@0@AEBV10@@Z 0000000140024510 f i main.obj
 0002:0000b560       ??$addressof@$$CBV?$basic_string@DU?$char_traits@D@std@@V?$allocator@D@2@@std@@@std@@YAPEBV?$basic_string@DU?$char_traits@D@std@@V?$allocator@D@2@@0@AEBV10@@Z 0000000140024560 f i main.obj
 0002:0000b5b0       ??$addressof@D@std@@YAPEADAEAD@Z 00000001400245b0 f i main.obj
 0002:0000b600       ??$addressof@PEAD@std@@YAPEAPEADAEAPEAD@Z 0000000140024600 f i main.obj
 0002:0000b650       ??$addressof@PEAU?$_Tree_node@U?$pair@$$CBV?$basic_string@DU?$char_traits@D@std@@V?$allocator@D@2@@std@@G@std@@PEAX@std@@@std@@YAPEAPEAU?$_Tree_node@U?$pair@$$CBV?$basic_string@DU?$char_traits@D@std@@V?$allocator@D@2@@std@@G@std@@PEAX@0@AEAPEAU10@@Z 0000000140024650 f i main.obj
 0002:0000b6a0       ??$addressof@U?$pair@$$CBV?$basic_string@DU?$char_traits@D@std@@V?$allocator@D@2@@std@@G@std@@@std@@YAPEAU?$pair@$$CBV?$basic_string@DU?$char_traits@D@std@@V?$allocator@D@2@@std@@G@0@AEAU10@@Z 00000001400246a0 f i main.obj
 0002:0000b6f0       ??$addressof@V?$_String_val@U?$_Simple_types@D@std@@@std@@@std@@YAPEAV?$_String_val@U?$_Simple_types@D@std@@@0@AEAV10@@Z 00000001400246f0 f i main.obj
 0002:0000b740       ??$addressof@V?$_Tree_val@U?$_Tree_simple_types@U?$pair@$$CBV?$basic_string@DU?$char_traits@D@std@@V?$allocator@D@2@@std@@G@std@@@std@@@std@@@std@@YAPEAV?$_Tree_val@U?$_Tree_simple_types@U?$pair@$$CBV?$basic_string@DU?$char_traits@D@std@@V?$allocator@D@2@@std@@G@std@@@std@@@0@AEAV10@@Z 0000000140024740 f i main.obj
 0002:0000b790       ??$addressof@V?$basic_string@DU?$char_traits@D@std@@V?$allocator@D@2@@std@@@std@@YAPEAV?$basic_string@DU?$char_traits@D@std@@V?$allocator@D@2@@0@AEAV10@@Z 0000000140024790 f i main.obj
 0002:0000b7e0       ??$construct@PEADAEBQEAD@?$_Default_allocator_traits@V?$allocator@D@std@@@std@@SAXAEAV?$allocator@D@1@QEAPEADAEBQEAD@Z 00000001400247e0 f i main.obj
 0002:0000b870       ??$construct@PEAU?$_Tree_node@U?$pair@$$CBV?$basic_string@DU?$char_traits@D@std@@V?$allocator@D@2@@std@@G@std@@PEAX@std@@AEAPEAU12@@?$_Default_allocator_traits@V?$allocator@U?$_Tree_node@U?$pair@$$CBV?$basic_string@DU?$char_traits@D@std@@V?$allocator@D@2@@std@@G@std@@PEAX@std@@@std@@@std@@SAXAEAV?$allocator@U?$_Tree_node@U?$pair@$$CBV?$basic_string@DU?$char_traits@D@std@@V?$allocator@D@2@@std@@G@std@@PEAX@std@@@1@QEAPEAU?$_Tree_node@U?$pair@$$CBV?$basic_string@DU?$char_traits@D@std@@V?$allocator@D@2@@std@@G@std@@PEAX@1@AEAPEAU31@@Z 0000000140024870 f i main.obj
 0002:0000b900       ??$construct@U?$pair@$$CBV?$basic_string@DU?$char_traits@D@std@@V?$allocator@D@2@@std@@G@std@@AEBU12@@?$_Default_allocator_traits@V?$allocator@U?$_Tree_node@U?$pair@$$CBV?$basic_string@DU?$char_traits@D@std@@V?$allocator@D@2@@std@@G@std@@PEAX@std@@@std@@@std@@SAXAEAV?$allocator@U?$_Tree_node@U?$pair@$$CBV?$basic_string@DU?$char_traits@D@std@@V?$allocator@D@2@@std@@G@std@@PEAX@std@@@1@QEAU?$pair@$$CBV?$basic_string@DU?$char_traits@D@std@@V?$allocator@D@2@@std@@G@1@AEBU31@@Z 0000000140024900 f i main.obj
 0002:0000b9b0       ??$construct@U_Container_proxy@std@@U12@@?$_Default_allocator_traits@V?$allocator@U_Container_proxy@std@@@std@@@std@@SAXAEAV?$allocator@U_Container_proxy@std@@@1@QEAU_Container_proxy@1@$$QEAU31@@Z 00000001400249b0 f i main.obj
 0002:0000ba50       ??$destroy@PEAD@?$_Default_allocator_traits@V?$allocator@D@std@@@std@@SAXAEAV?$allocator@D@1@QEAPEAD@Z 0000000140024a50 f i main.obj
 0002:0000baa0       ??$destroy@PEAU?$_Tree_node@U?$pair@$$CBV?$basic_string@DU?$char_traits@D@std@@V?$allocator@D@2@@std@@G@std@@PEAX@std@@@?$_Default_allocator_traits@V?$allocator@U?$_Tree_node@U?$pair@$$CBV?$basic_string@DU?$char_traits@D@std@@V?$allocator@D@2@@std@@G@std@@PEAX@std@@@std@@@std@@SAXAEAV?$allocator@U?$_Tree_node@U?$pair@$$CBV?$basic_string@DU?$char_traits@D@std@@V?$allocator@D@2@@std@@G@std@@PEAX@std@@@1@QEAPEAU?$_Tree_node@U?$pair@$$CBV?$basic_string@DU?$char_traits@D@std@@V?$allocator@D@2@@std@@G@std@@PEAX@1@@Z 0000000140024aa0 f i main.obj
 0002:0000baf0       ??$destroy@U?$pair@$$CBV?$basic_string@DU?$char_traits@D@std@@V?$allocator@D@2@@std@@G@std@@@?$_Default_allocator_traits@V?$allocator@U?$_Tree_node@U?$pair@$$CBV?$basic_string@DU?$char_traits@D@std@@V?$allocator@D@2@@std@@G@std@@PEAX@std@@@std@@@std@@SAXAEAV?$allocator@U?$_Tree_node@U?$pair@$$CBV?$basic_string@DU?$char_traits@D@std@@V?$allocator@D@2@@std@@G@std@@PEAX@std@@@1@QEAU?$pair@$$CBV?$basic_string@DU?$char_traits@D@std@@V?$allocator@D@2@@std@@G@1@@Z 0000000140024af0 f i main.obj
 0002:0000bb50       ??$destroy@U_Container_proxy@std@@@?$_Default_allocator_traits@V?$allocator@U_Container_proxy@std@@@std@@@std@@SAXAEAV?$allocator@U_Container_proxy@std@@@1@QEAU_Container_proxy@1@@Z 0000000140024b50 f i main.obj
 0002:0000bba0       ??$emplace_hint@AEBU?$pair@$$CBV?$basic_string@DU?$char_traits@D@std@@V?$allocator@D@2@@std@@G@std@@@?$_Tree@V?$_Tmap_traits@V?$basic_string@DU?$char_traits@D@std@@V?$allocator@D@2@@std@@GU?$less@V?$basic_string@DU?$char_traits@D@std@@V?$allocator@D@2@@std@@@2@V?$allocator@U?$pair@$$CBV?$basic_string@DU?$char_traits@D@std@@V?$allocator@D@2@@std@@G@std@@@2@$0A@@std@@@std@@QEAA?AV?$_Tree_iterator@V?$_Tree_val@U?$_Tree_simple_types@U?$pair@$$CBV?$basic_string@DU?$char_traits@D@std@@V?$allocator@D@2@@std@@G@std@@@std@@@std@@@1@V?$_Tree_const_iterator@V?$_Tree_val@U?$_Tree_simple_types@U?$pair@$$CBV?$basic_string@DU?$char_traits@D@std@@V?$allocator@D@2@@std@@G@std@@@std@@@std@@@1@AEBU?$pair@$$CBV?$basic_string@DU?$char_traits@D@std@@V?$allocator@D@2@@std@@G@1@@Z 0000000140024ba0 f i main.obj
 0002:0000bce0       ??$endl@DU?$char_traits@D@std@@@std@@YAAEAV?$basic_ostream@DU?$char_traits@D@std@@@0@AEAV10@@Z 0000000140024ce0 f i main.obj
 0002:0000bd80       ??$forward@AEAPEAU?$_Tree_node@U?$pair@$$CBV?$basic_string@DU?$char_traits@D@std@@V?$allocator@D@2@@std@@G@std@@PEAX@std@@@std@@YAAEAPEAU?$_Tree_node@U?$pair@$$CBV?$basic_string@DU?$char_traits@D@std@@V?$allocator@D@2@@std@@G@std@@PEAX@0@AEAPEAU10@@Z 0000000140024d80 f i main.obj
 0002:0000bdd0       ??$forward@AEAU?$pair@$$CBV?$basic_string@DU?$char_traits@D@std@@V?$allocator@D@2@@std@@G@std@@@std@@YAAEAU?$pair@$$CBV?$basic_string@DU?$char_traits@D@std@@V?$allocator@D@2@@std@@G@0@AEAU10@@Z 0000000140024dd0 f i main.obj
 0002:0000be20       ??$forward@AEAV?$_Tree_iterator@V?$_Tree_val@U?$_Tree_simple_types@U?$pair@$$CBV?$basic_string@DU?$char_traits@D@std@@V?$allocator@D@2@@std@@G@std@@@std@@@std@@@std@@@std@@YAAEAV?$_Tree_iterator@V?$_Tree_val@U?$_Tree_simple_types@U?$pair@$$CBV?$basic_string@DU?$char_traits@D@std@@V?$allocator@D@2@@std@@G@std@@@std@@@std@@@0@AEAV10@@Z 0000000140024e20 f i main.obj
 0002:0000be70       ??$forward@AEAY05$$CBD@std@@YAAEAY05$$CBDAEAY05$$CBD@Z 0000000140024e70 f i main.obj
 0002:0000bec0       ??$forward@AEAY06$$CBD@std@@YAAEAY06$$CBDAEAY06$$CBD@Z 0000000140024ec0 f i main.obj
 0002:0000bf10       ??$forward@AEAY07$$CBD@std@@YAAEAY07$$CBDAEAY07$$CBD@Z 0000000140024f10 f i main.obj
 0002:0000bf60       ??$forward@AEAY08$$CBD@std@@YAAEAY08$$CBDAEAY08$$CBD@Z 0000000140024f60 f i main.obj
 0002:0000bfb0       ??$forward@AEBQEAD@std@@YAAEBQEADAEBQEAD@Z 0000000140024fb0 f i main.obj
 0002:0000c000       ??$forward@AEBU?$less@V?$basic_string@DU?$char_traits@D@std@@V?$allocator@D@2@@std@@@std@@@std@@YAAEBU?$less@V?$basic_string@DU?$char_traits@D@std@@V?$allocator@D@2@@std@@@0@AEBU10@@Z 0000000140025000 f i main.obj
 0002:0000c050       ??$forward@AEBU?$pair@$$CBV?$basic_string@DU?$char_traits@D@std@@V?$allocator@D@2@@std@@G@std@@@std@@YAAEBU?$pair@$$CBV?$basic_string@DU?$char_traits@D@std@@V?$allocator@D@2@@std@@G@0@AEBU10@@Z 0000000140025050 f i main.obj
 0002:0000c0a0       ??$forward@AEBV?$allocator@D@std@@@std@@YAAEBV?$allocator@D@0@AEBV10@@Z 00000001400250a0 f i main.obj
 0002:0000c0f0       ??$forward@H@std@@YA$$QEAHAEAH@Z 00000001400250f0 f i main.obj
 0002:0000c140       ??$forward@U_Container_proxy@std@@@std@@YA$$QEAU_Container_proxy@0@AEAU10@@Z 0000000140025140 f i main.obj
 0002:0000c190       ??$forward@U_Zero_then_variadic_args_t@std@@@std@@YA$$QEAU_Zero_then_variadic_args_t@0@AEAU10@@Z 0000000140025190 f i main.obj
 0002:0000c1e0       ??$forward@V?$_Tree_iterator@V?$_Tree_val@U?$_Tree_simple_types@U?$pair@$$CBV?$basic_string@DU?$char_traits@D@std@@V?$allocator@D@2@@std@@G@std@@@std@@@std@@@std@@@std@@YA$$QEAV?$_Tree_iterator@V?$_Tree_val@U?$_Tree_simple_types@U?$pair@$$CBV?$basic_string@DU?$char_traits@D@std@@V?$allocator@D@2@@std@@G@std@@@std@@@std@@@0@AEAV10@@Z 00000001400251e0 f i main.obj
 0002:0000c230       ??$forward@V?$allocator@D@std@@@std@@YA$$QEAV?$allocator@D@0@AEAV10@@Z 0000000140025230 f i main.obj
 0002:0000c280       ??$forward@_N@std@@YA$$QEA_NAEA_N@Z 0000000140025280 f i main.obj
 0002:0000c2d0       ??$getline@DU?$char_traits@D@std@@V?$allocator@D@2@@std@@YAAEAV?$basic_istream@DU?$char_traits@D@std@@@0@$$QEAV10@AEAV?$basic_string@DU?$char_traits@D@std@@V?$allocator@D@2@@0@D@Z 00000001400252d0 f i main.obj
 0002:0000c630       ??$getline@DU?$char_traits@D@std@@V?$allocator@D@2@@std@@YAAEAV?$basic_istream@DU?$char_traits@D@std@@@0@AEAV10@AEAV?$basic_string@DU?$char_traits@D@std@@V?$allocator@D@2@@0@@Z 0000000140025630 f i main.obj
 0002:0000c6e0       ??$insert@PEBU?$pair@$$CBV?$basic_string@DU?$char_traits@D@std@@V?$allocator@D@2@@std@@G@std@@@?$_Tree@V?$_Tmap_traits@V?$basic_string@DU?$char_traits@D@std@@V?$allocator@D@2@@std@@GU?$less@V?$basic_string@DU?$char_traits@D@std@@V?$allocator@D@2@@std@@@2@V?$allocator@U?$pair@$$CBV?$basic_string@DU?$char_traits@D@std@@V?$allocator@D@2@@std@@G@std@@@2@$0A@@std@@@std@@QEAAXPEBU?$pair@$$CBV?$basic_string@DU?$char_traits@D@std@@V?$allocator@D@2@@std@@G@1@0@Z 00000001400256e0 f i main.obj
 0002:0000c850       ??$move@AEAD@std@@YA$$QEADAEAD@Z 0000000140025850 f i main.obj
 0002:0000c8a0       ??$move@AEAV?$allocator@D@std@@@std@@YA$$QEAV?$allocator@D@0@AEAV10@@Z 00000001400258a0 f i main.obj
 0002:0000c8f0       ??$move@AEAV?$basic_istream@DU?$char_traits@D@std@@@std@@@std@@YA$$QEAV?$basic_istream@DU?$char_traits@D@std@@@0@AEAV10@@Z 00000001400258f0 f i main.obj
 0002:0000c940       ??$move@AEAV?$basic_string@DU?$char_traits@D@std@@V?$allocator@D@2@@std@@@std@@YA$$QEAV?$basic_string@DU?$char_traits@D@std@@V?$allocator@D@2@@0@AEAV10@@Z 0000000140025940 f i main.obj
 0002:0000c990       ??$size@D$0BB@@std@@YA_KAEAY0BB@$$CBD@Z 0000000140025990 f i main.obj
 0002:0000c9e0       ??$size@D$0BE@@std@@YA_KAEAY0BE@$$CBD@Z 00000001400259e0 f i main.obj
 0002:0000ca30       ??$size@D$0BH@@std@@YA_KAEAY0BH@$$CBD@Z 0000000140025a30 f i main.obj
 0002:0000ca80       ??$size@D$0BL@@std@@YA_KAEAY0BL@$$CBD@Z 0000000140025a80 f i main.obj
 0002:0000cad0       ??$size@D$0BM@@std@@YA_KAEAY0BM@$$CBD@Z 0000000140025ad0 f i main.obj
 0002:0000cb20       ??$size@D$0BN@@std@@YA_KAEAY0BN@$$CBD@Z 0000000140025b20 f i main.obj
 0002:0000cb70       ??$size@D$0CA@@std@@YA_KAEAY0CA@$$CBD@Z 0000000140025b70 f i main.obj
 0002:0000cbc0       ??$size@D$0CG@@std@@YA_KAEAY0CG@$$CBD@Z 0000000140025bc0 f i main.obj
 0002:0000cc10       ??$size@D$0O@@std@@YA_KAEAY0O@$$CBD@Z 0000000140025c10 f i main.obj
 0002:0000cc60       ??$swap@DX@std@@YAXAEAD0@Z 0000000140025c60 f i main.obj
 0002:0000cd40       ??$use_facet@V?$codecvt@DDU_Mbstatet@@@std@@@std@@YAAEBV?$codecvt@DDU_Mbstatet@@@0@AEBVlocale@0@@Z 0000000140025d40 f i main.obj
 0002:0000cf00       ??$use_facet@V?$ctype@D@std@@@std@@YAAEBV?$ctype@D@0@AEBVlocale@0@@Z 0000000140025f00 f i main.obj
 0002:0000d0c0       ??0?$_Rng_from_urng@IVrandom_device@std@@@std@@QEAA@AEAVrandom_device@1@@Z 00000001400260c0 f i main.obj
 0002:0000d1c0       ??0?$_String_alloc@U?$_String_base_types@DV?$allocator@D@std@@@std@@@std@@QEAA@XZ 00000001400261c0 f i main.obj
 0002:0000d250       ??0?$_String_const_iterator@V?$_String_val@U?$_Simple_types@D@std@@@std@@@std@@QEAA@PEBDPEBU_Container_base12@1@@Z 0000000140026250 f i main.obj
 0002:0000d2f0       ??0?$_String_iterator@V?$_String_val@U?$_Simple_types@D@std@@@std@@@std@@QEAA@PEADPEBU_Container_base12@1@@Z 00000001400262f0 f i main.obj
 0002:0000d370       ??0?$_String_val@U?$_Simple_types@D@std@@@std@@QEAA@XZ 0000000140026370 f i main.obj
 0002:0000d420       ??0?$_Tree@V?$_Tmap_traits@V?$basic_string@DU?$char_traits@D@std@@V?$allocator@D@2@@std@@GU?$less@V?$basic_string@DU?$char_traits@D@std@@V?$allocator@D@2@@std@@@2@V?$allocator@U?$pair@$$CBV?$basic_string@DU?$char_traits@D@std@@V?$allocator@D@2@@std@@G@std@@@2@$0A@@std@@@std@@QEAA@AEBU?$less@V?$basic_string@DU?$char_traits@D@std@@V?$allocator@D@2@@std@@@1@@Z 0000000140026420 f i main.obj
 0002:0000d490       ??0?$_Tree_comp_alloc@V?$_Tmap_traits@V?$basic_string@DU?$char_traits@D@std@@V?$allocator@D@2@@std@@GU?$less@V?$basic_string@DU?$char_traits@D@std@@V?$allocator@D@2@@std@@@2@V?$allocator@U?$pair@$$CBV?$basic_string@DU?$char_traits@D@std@@V?$allocator@D@2@@std@@G@std@@@2@$0A@@std@@@std@@QEAA@AEBU?$less@V?$basic_string@DU?$char_traits@D@std@@V?$allocator@D@2@@std@@@1@@Z 0000000140026490 f i main.obj
 0002:0000d530       ??0?$_Tree_const_iterator@V?$_Tree_val@U?$_Tree_simple_types@U?$pair@$$CBV?$basic_string@DU?$char_traits@D@std@@V?$allocator@D@2@@std@@G@std@@@std@@@std@@@std@@QEAA@$$QEAV01@@Z 0000000140026530 f i main.obj
 0002:0000d5a0       ??0?$_Tree_const_iterator@V?$_Tree_val@U?$_Tree_simple_types@U?$pair@$$CBV?$basic_string@DU?$char_traits@D@std@@V?$allocator@D@2@@std@@G@std@@@std@@@std@@@std@@QEAA@AEBV01@@Z 00000001400265a0 f i main.obj
 0002:0000d610       ??0?$_Tree_const_iterator@V?$_Tree_val@U?$_Tree_simple_types@U?$pair@$$CBV?$basic_string@DU?$char_traits@D@std@@V?$allocator@D@2@@std@@G@std@@@std@@@std@@@std@@QEAA@PEAU?$_Tree_node@U?$pair@$$CBV?$basic_string@DU?$char_traits@D@std@@V?$allocator@D@2@@std@@G@std@@PEAX@1@PEBV?$_Tree_val@U?$_Tree_simple_types@U?$pair@$$CBV?$basic_string@DU?$char_traits@D@std@@V?$allocator@D@2@@std@@G@std@@@std@@@1@@Z 0000000140026610 f i main.obj
 0002:0000d690       ??0?$_Tree_const_iterator@V?$_Tree_val@U?$_Tree_simple_types@U?$pair@$$CBV?$basic_string@DU?$char_traits@D@std@@V?$allocator@D@2@@std@@G@std@@@std@@@std@@@std@@QEAA@XZ 0000000140026690 f i main.obj
 0002:0000d6f0       ??0?$_Tree_iterator@V?$_Tree_val@U?$_Tree_simple_types@U?$pair@$$CBV?$basic_string@DU?$char_traits@D@std@@V?$allocator@D@2@@std@@G@std@@@std@@@std@@@std@@QEAA@$$QEAV01@@Z 00000001400266f0 f i main.obj
 0002:0000d760       ??0?$_Tree_iterator@V?$_Tree_val@U?$_Tree_simple_types@U?$pair@$$CBV?$basic_string@DU?$char_traits@D@std@@V?$allocator@D@2@@std@@G@std@@@std@@@std@@@std@@QEAA@AEBV01@@Z 0000000140026760 f i main.obj
 0002:0000d7d0       ??0?$_Tree_iterator@V?$_Tree_val@U?$_Tree_simple_types@U?$pair@$$CBV?$basic_string@DU?$char_traits@D@std@@V?$allocator@D@2@@std@@G@std@@@std@@@std@@@std@@QEAA@PEAU?$_Tree_node@U?$pair@$$CBV?$basic_string@DU?$char_traits@D@std@@V?$allocator@D@2@@std@@G@std@@PEAX@1@PEBV?$_Tree_val@U?$_Tree_simple_types@U?$pair@$$CBV?$basic_string@DU?$char_traits@D@std@@V?$allocator@D@2@@std@@G@std@@@std@@@1@@Z 00000001400267d0 f i main.obj
 0002:0000d850       ??0?$_Tree_unchecked_const_iterator@V?$_Tree_val@U?$_Tree_simple_types@U?$pair@$$CBV?$basic_string@DU?$char_traits@D@std@@V?$allocator@D@2@@std@@G@std@@@std@@@std@@U_Iterator_base12@2@@std@@QEAA@$$QEAV01@@Z 0000000140026850 f i main.obj
 0002:0000d8e0       ??0?$_Tree_unchecked_const_iterator@V?$_Tree_val@U?$_Tree_simple_types@U?$pair@$$CBV?$basic_string@DU?$char_traits@D@std@@V?$allocator@D@2@@std@@G@std@@@std@@@std@@U_Iterator_base12@2@@std@@QEAA@AEBV01@@Z 00000001400268e0 f i main.obj
 0002:0000d970       ??0?$_Tree_unchecked_const_iterator@V?$_Tree_val@U?$_Tree_simple_types@U?$pair@$$CBV?$basic_string@DU?$char_traits@D@std@@V?$allocator@D@2@@std@@G@std@@@std@@@std@@U_Iterator_base12@2@@std@@QEAA@PEAU?$_Tree_node@U?$pair@$$CBV?$basic_string@DU?$char_traits@D@std@@V?$allocator@D@2@@std@@G@std@@PEAX@1@PEBV?$_Tree_val@U?$_Tree_simple_types@U?$pair@$$CBV?$basic_string@DU?$char_traits@D@std@@V?$allocator@D@2@@std@@G@std@@@std@@@1@@Z 0000000140026970 f i main.obj
 0002:0000da10       ??0?$_Tree_unchecked_const_iterator@V?$_Tree_val@U?$_Tree_simple_types@U?$pair@$$CBV?$basic_string@DU?$char_traits@D@std@@V?$allocator@D@2@@std@@G@std@@@std@@@std@@U_Iterator_base12@2@@std@@QEAA@XZ 0000000140026a10 f i main.obj
 0002:0000da80       ??0?$_Tree_val@U?$_Tree_simple_types@U?$pair@$$CBV?$basic_string@DU?$char_traits@D@std@@V?$allocator@D@2@@std@@G@std@@@std@@@std@@QEAA@XZ 0000000140026a80 f i main.obj
 0002:0000db00       ??0?$allocator@D@std@@QEAA@XZ 0000000140026b00 f i main.obj
 0002:0000db50       ??0?$allocator@U?$_Tree_node@U?$pair@$$CBV?$basic_string@DU?$char_traits@D@std@@V?$allocator@D@2@@std@@G@std@@PEAX@std@@@std@@QEAA@XZ 0000000140026b50 f i main.obj
 0002:0000dba0       ??0?$basic_filebuf@DU?$char_traits@D@std@@@std@@QEAA@PEAU_iobuf@@@Z 0000000140026ba0 f i main.obj
 0002:0000dc50       ??0?$basic_fstream@DU?$char_traits@D@std@@@std@@QEAA@XZ 0000000140026c50 f i main.obj
 0002:0000ddd0       ??0?$basic_ifstream@DU?$char_traits@D@std@@@std@@QEAA@XZ 0000000140026dd0 f i main.obj
 0002:0000df30       ??0?$basic_ofstream@DU?$char_traits@D@std@@@std@@QEAA@XZ 0000000140026f30 f i main.obj
 0002:0000e090       ??0?$basic_string@DU?$char_traits@D@std@@V?$allocator@D@2@@std@@QEAA@$$QEAV01@@Z 0000000140027090 f i main.obj
 0002:0000e170       ??0?$basic_string@DU?$char_traits@D@std@@V?$allocator@D@2@@std@@QEAA@AEBV01@@Z 0000000140027170 f i main.obj
 0002:0000e220       ??0?$basic_string@DU?$char_traits@D@std@@V?$allocator@D@2@@std@@QEAA@AEBV01@_K1AEBV?$allocator@D@1@@Z 0000000140027220 f i main.obj
 0002:0000e2e0       ??0?$basic_string@DU?$char_traits@D@std@@V?$allocator@D@2@@std@@QEAA@QEBD@Z 00000001400272e0 f i main.obj
 0002:0000e380       ??0?$basic_string@DU?$char_traits@D@std@@V?$allocator@D@2@@std@@QEAA@QEBD_K@Z 0000000140027380 f i main.obj
 0002:0000e430       ??0?$basic_string@DU?$char_traits@D@std@@V?$allocator@D@2@@std@@QEAA@XZ 0000000140027430 f i main.obj
 0002:0000e4b0       ??0?$basic_string@DU?$char_traits@D@std@@V?$allocator@D@2@@std@@QEAA@_KD@Z 00000001400274b0 f i main.obj
 0002:0000e560       ??0?$basic_stringbuf@DU?$char_traits@D@std@@V?$allocator@D@2@@std@@QEAA@H@Z 0000000140027560 f i main.obj
 0002:0000e630       ??0?$basic_stringstream@DU?$char_traits@D@std@@V?$allocator@D@2@@std@@QEAA@H@Z 0000000140027630 f i main.obj
 0002:0000e7b0       ??0?$fpos@U_Mbstatet@@@std@@QEAA@U_Mbstatet@@_J@Z 00000001400277b0 f i main.obj
 0002:0000e850       ??0?$fpos@U_Mbstatet@@@std@@QEAA@_J@Z 0000000140027850 f i main.obj
 0002:0000e8f0       ??0?$initializer_list@U?$pair@$$CBV?$basic_string@DU?$char_traits@D@std@@V?$allocator@D@2@@std@@G@std@@@std@@QEAA@PEBU?$pair@$$CBV?$basic_string@DU?$char_traits@D@std@@V?$allocator@D@2@@std@@G@1@0@Z 00000001400278f0 f i main.obj
 0002:0000e970       ??0?$map@V?$basic_string@DU?$char_traits@D@std@@V?$allocator@D@2@@std@@GU?$less@V?$basic_string@DU?$char_traits@D@std@@V?$allocator@D@2@@std@@@2@V?$allocator@U?$pair@$$CBV?$basic_string@DU?$char_traits@D@std@@V?$allocator@D@2@@std@@G@std@@@2@@std@@QEAA@V?$initializer_list@U?$pair@$$CBV?$basic_string@DU?$char_traits@D@std@@V?$allocator@D@2@@std@@G@std@@@1@@Z 0000000140027970 f i main.obj
 0002:0000ea20       ??0?$mersenne_twister@_K$0EA@$0BDI@$0JM@$0BP@$0?EKPNJAKFFGJJOGBH@$0BN@$0BB@$0HBNGHPPPONKGAAAA@$0CF@$0?IBBCAAAAAAAAA@$0CL@@std@@QEAA@_K00@Z 0000000140027a20 f i main.obj
 0002:0000eac0       ??0?$mersenne_twister_engine@_K$0EA@$0BDI@$0JM@$0BP@$0?EKPNJAKFFGJJOGBH@$0BN@$0FFFFFFFFFFFFFFFF@$0BB@$0HBNGHPPPONKGAAAA@$0CF@$0?IBBCAAAAAAAAA@$0CL@$0FIFBPECNEMJFHPCN@@std@@QEAA@_K@Z 0000000140027ac0 f i main.obj
 0002:0000eb40       ??0?$pair@$$CBV?$basic_string@DU?$char_traits@D@std@@V?$allocator@D@2@@std@@G@std@@QEAA@AEBU01@@Z 0000000140027b40 f i main.obj
 0002:0000ebd0       ??0?$uniform_int@H@std@@QEAA@HH@Z 0000000140027bd0 f i main.obj
 0002:0000ec50       ??0?$uniform_int_distribution@H@std@@QEAA@HH@Z 0000000140027c50 f i main.obj
 0002:0000ecd0       ??0S_Ustawienia@@QEAA@XZ   0000000140027cd0 f i main.obj
 0002:0000ee10       ??0_Bxty@?$_String_val@U?$_Simple_types@D@std@@@std@@QEAA@XZ 0000000140027e10 f i main.obj
 0002:0000ee60       ??0_Container_base12@std@@QEAA@XZ 0000000140027e60 f i main.obj
 0002:0000eec0       ??0_Container_proxy@std@@QEAA@XZ 0000000140027ec0 f i main.obj
 0002:0000ef30       ??0_Iterator_base12@std@@QEAA@AEBU01@@Z 0000000140027f30 f i main.obj
 0002:0000efc0       ??0_Iterator_base12@std@@QEAA@XZ 0000000140027fc0 f i main.obj
 0002:0000f030       ??0_Sentry_base@?$basic_istream@DU?$char_traits@D@std@@@std@@QEAA@AEAV12@@Z 0000000140028030 f i main.obj
 0002:0000f150       ??0_Sentry_base@?$basic_ostream@DU?$char_traits@D@std@@@std@@QEAA@AEAV12@@Z 0000000140028150 f i main.obj
 0002:0000f270       ??0bad_cast@std@@QEAA@AEBV01@@Z 0000000140028270 f i main.obj
 0002:0000f2f0       ??0bad_cast@std@@QEAA@XZ   00000001400282f0 f i main.obj
 0002:0000f370       ??0exception@std@@QEAA@AEBV01@@Z 0000000140028370 f i main.obj
 0002:0000f420       ??0exception@std@@QEAA@QEBDH@Z 0000000140028420 f i main.obj
 0002:0000f4c0       ??0param_type@?$uniform_int@H@std@@QEAA@HH@Z 00000001400284c0 f i main.obj
 0002:0000f540       ??0random_device@std@@QEAA@XZ 0000000140028540 f i main.obj
 0002:0000f590       ??0sentry@?$basic_istream@DU?$char_traits@D@std@@@std@@QEAA@AEAV12@_N@Z 0000000140028590 f i main.obj
 0002:0000f640       ??0sentry@?$basic_ostream@DU?$char_traits@D@std@@@std@@QEAA@AEAV12@@Z 0000000140028640 f i main.obj
 0002:0000f7d0       ??1?$_Compressed_pair@U?$less@V?$basic_string@DU?$char_traits@D@std@@V?$allocator@D@2@@std@@@std@@V?$_Compressed_pair@V?$allocator@U?$_Tree_node@U?$pair@$$CBV?$basic_string@DU?$char_traits@D@std@@V?$allocator@D@2@@std@@G@std@@PEAX@std@@@std@@V?$_Tree_val@U?$_Tree_simple_types@U?$pair@$$CBV?$basic_string@DU?$char_traits@D@std@@V?$allocator@D@2@@std@@G@std@@@std@@@2@$00@2@$00@std@@QEAA@XZ 00000001400287d0 f i main.obj
 0002:0000f830       ??1?$_Compressed_pair@V?$allocator@D@std@@V?$_String_val@U?$_Simple_types@D@std@@@2@$00@std@@QEAA@XZ 0000000140028830 f i main.obj
 0002:0000f890       ??1?$_Compressed_pair@V?$allocator@U?$_Tree_node@U?$pair@$$CBV?$basic_string@DU?$char_traits@D@std@@V?$allocator@D@2@@std@@G@std@@PEAX@std@@@std@@V?$_Tree_val@U?$_Tree_simple_types@U?$pair@$$CBV?$basic_string@DU?$char_traits@D@std@@V?$allocator@D@2@@std@@G@std@@@std@@@2@$00@std@@QEAA@XZ 0000000140028890 f i main.obj
 0002:0000f8f0       ??1?$_String_alloc@U?$_String_base_types@DV?$allocator@D@std@@@std@@@std@@QEAA@XZ 00000001400288f0 f i main.obj
 0002:0000f970       ??1?$_String_const_iterator@V?$_String_val@U?$_Simple_types@D@std@@@std@@@std@@QEAA@XZ 0000000140028970 f i main.obj
 0002:0000f9c0       ??1?$_String_iterator@V?$_String_val@U?$_Simple_types@D@std@@@std@@@std@@QEAA@XZ 00000001400289c0 f i main.obj
 0002:0000fa10       ??1?$_String_val@U?$_Simple_types@D@std@@@std@@QEAA@XZ 0000000140028a10 f i main.obj
 0002:0000fa80       ??1?$_Tree@V?$_Tmap_traits@V?$basic_string@DU?$char_traits@D@std@@V?$allocator@D@2@@std@@GU?$less@V?$basic_string@DU?$char_traits@D@std@@V?$allocator@D@2@@std@@@2@V?$allocator@U?$pair@$$CBV?$basic_string@DU?$char_traits@D@std@@V?$allocator@D@2@@std@@G@std@@@2@$0A@@std@@@std@@QEAA@XZ 0000000140028a80 f i main.obj
 0002:0000faf0       ??1?$_Tree_comp_alloc@V?$_Tmap_traits@V?$basic_string@DU?$char_traits@D@std@@V?$allocator@D@2@@std@@GU?$less@V?$basic_string@DU?$char_traits@D@std@@V?$allocator@D@2@@std@@@2@V?$allocator@U?$pair@$$CBV?$basic_string@DU?$char_traits@D@std@@V?$allocator@D@2@@std@@G@std@@@2@$0A@@std@@@std@@QEAA@XZ 0000000140028af0 f i main.obj
 0002:0000fb90       ??1?$_Tree_const_iterator@V?$_Tree_val@U?$_Tree_simple_types@U?$pair@$$CBV?$basic_string@DU?$char_traits@D@std@@V?$allocator@D@2@@std@@G@std@@@std@@@std@@@std@@QEAA@XZ 0000000140028b90 f i main.obj
 0002:0000fbe0       ??1?$_Tree_iterator@V?$_Tree_val@U?$_Tree_simple_types@U?$pair@$$CBV?$basic_string@DU?$char_traits@D@std@@V?$allocator@D@2@@std@@G@std@@@std@@@std@@@std@@QEAA@XZ 0000000140028be0 f i main.obj
 0002:0000fc30       ??1?$_Tree_unchecked_const_iterator@V?$_Tree_val@U?$_Tree_simple_types@U?$pair@$$CBV?$basic_string@DU?$char_traits@D@std@@V?$allocator@D@2@@std@@G@std@@@std@@@std@@U_Iterator_base12@2@@std@@QEAA@XZ 0000000140028c30 f i main.obj
 0002:0000fc80       ??1?$_Tree_val@U?$_Tree_simple_types@U?$pair@$$CBV?$basic_string@DU?$char_traits@D@std@@V?$allocator@D@2@@std@@G@std@@@std@@@std@@QEAA@XZ 0000000140028c80 f i main.obj
 0002:0000fcd0       ??1?$basic_filebuf@DU?$char_traits@D@std@@@std@@UEAA@XZ 0000000140028cd0 f i main.obj
 0002:0000fd90       ??1?$basic_fstream@DU?$char_traits@D@std@@@std@@UEAA@XZ 0000000140028d90 f i main.obj
 0002:0000fe80       ??1?$basic_ifstream@DU?$char_traits@D@std@@@std@@UEAA@XZ 0000000140028e80 f i main.obj
 0002:0000ff70       ??1?$basic_ofstream@DU?$char_traits@D@std@@@std@@UEAA@XZ 0000000140028f70 f i main.obj
 0002:00010060       ??1?$basic_string@DU?$char_traits@D@std@@V?$allocator@D@2@@std@@QEAA@XZ 0000000140029060 f i main.obj
 0002:000100d0       ??1?$basic_stringbuf@DU?$char_traits@D@std@@V?$allocator@D@2@@std@@UEAA@XZ 00000001400290d0 f i main.obj
 0002:00010160       ??1?$basic_stringstream@DU?$char_traits@D@std@@V?$allocator@D@2@@std@@UEAA@XZ 0000000140029160 f i main.obj
 0002:00010250       ??1?$map@V?$basic_string@DU?$char_traits@D@std@@V?$allocator@D@2@@std@@GU?$less@V?$basic_string@DU?$char_traits@D@std@@V?$allocator@D@2@@std@@@2@V?$allocator@U?$pair@$$CBV?$basic_string@DU?$char_traits@D@std@@V?$allocator@D@2@@std@@G@std@@@2@@std@@QEAA@XZ 0000000140029250 f i main.obj
 0002:000102a0       ??1?$pair@$$CBV?$basic_string@DU?$char_traits@D@std@@V?$allocator@D@2@@std@@G@std@@QEAA@XZ 00000001400292a0 f i main.obj
 0002:00010300       ??1?$pair@V?$_Tree_iterator@V?$_Tree_val@U?$_Tree_simple_types@U?$pair@$$CBV?$basic_string@DU?$char_traits@D@std@@V?$allocator@D@2@@std@@G@std@@@std@@@std@@@std@@_N@std@@QEAA@XZ 0000000140029300 f i main.obj
 0002:00010360       ??1_Bxty@?$_String_val@U?$_Simple_types@D@std@@@std@@QEAA@XZ 0000000140029360 f i main.obj
 0002:000103a0       ??1_Container_base12@std@@QEAA@XZ 00000001400293a0 f i main.obj
 0002:000103f0       ??1_Iterator_base12@std@@QEAA@XZ 00000001400293f0 f i main.obj
 0002:000104b0       ??1_Sentry_base@?$basic_istream@DU?$char_traits@D@std@@@std@@QEAA@XZ 00000001400294b0 f i main.obj
 0002:000105b0       ??1_Sentry_base@?$basic_ostream@DU?$char_traits@D@std@@@std@@QEAA@XZ 00000001400295b0 f i main.obj
 0002:000106b0       ??1bad_cast@std@@UEAA@XZ   00000001400296b0 f i main.obj
 0002:00010700       ??1exception@std@@UEAA@XZ  0000000140029700 f i main.obj
 0002:00010770       ??1locale@std@@QEAA@XZ     0000000140029770 f i main.obj
 0002:00010860       ??1sentry@?$basic_istream@DU?$char_traits@D@std@@@std@@QEAA@XZ 0000000140029860 f i main.obj
 0002:000108b0       ??1sentry@?$basic_ostream@DU?$char_traits@D@std@@@std@@QEAA@XZ 00000001400298b0 f i main.obj
 0002:00010930       ??2@YAPEAX_KPEAX@Z         0000000140029930 f i main.obj
 0002:00010980       ??3@YAXPEAX0@Z             0000000140029980 f i main.obj
 0002:000109d0       ??4?$_Tree_const_iterator@V?$_Tree_val@U?$_Tree_simple_types@U?$pair@$$CBV?$basic_string@DU?$char_traits@D@std@@V?$allocator@D@2@@std@@G@std@@@std@@@std@@@std@@QEAAAEAV01@AEBV01@@Z 00000001400299d0 f i main.obj
 0002:00010a40       ??4?$_Tree_unchecked_const_iterator@V?$_Tree_val@U?$_Tree_simple_types@U?$pair@$$CBV?$basic_string@DU?$char_traits@D@std@@V?$allocator@D@2@@std@@G@std@@@std@@@std@@U_Iterator_base12@2@@std@@QEAAAEAV01@AEBV01@@Z 0000000140029a40 f i main.obj
 0002:00010ad0       ??4?$basic_string@DU?$char_traits@D@std@@V?$allocator@D@2@@std@@QEAAAEAV01@$$QEAV01@@Z 0000000140029ad0 f i main.obj
 0002:00010bd0       ??4?$basic_string@DU?$char_traits@D@std@@V?$allocator@D@2@@std@@QEAAAEAV01@AEBV01@@Z 0000000140029bd0 f i main.obj
 0002:00010cb0       ??4?$basic_string@DU?$char_traits@D@std@@V?$allocator@D@2@@std@@QEAAAEAV01@QEBD@Z 0000000140029cb0 f i main.obj
 0002:00010d10       ??4_Iterator_base12@std@@QEAAAEAU01@AEBU01@@Z 0000000140029d10 f i main.obj
 0002:00010e40       ??8?$_Tree_const_iterator@V?$_Tree_val@U?$_Tree_simple_types@U?$pair@$$CBV?$basic_string@DU?$char_traits@D@std@@V?$allocator@D@2@@std@@G@std@@@std@@@std@@@std@@QEBA_NAEBV01@@Z 0000000140029e40 f i main.obj
 0002:00010f60       ??9?$_Tree_const_iterator@V?$_Tree_val@U?$_Tree_simple_types@U?$pair@$$CBV?$basic_string@DU?$char_traits@D@std@@V?$allocator@D@2@@std@@G@std@@@std@@@std@@@std@@QEBA_NAEBV01@@Z 0000000140029f60 f i main.obj
 0002:00010ff0       ??A?$basic_string@DU?$char_traits@D@std@@V?$allocator@D@2@@std@@QEAAAEAD_K@Z 0000000140029ff0 f i main.obj
 0002:000110d0       ??A?$basic_string@DU?$char_traits@D@std@@V?$allocator@D@2@@std@@QEBAAEBD_K@Z 000000014002a0d0 f i main.obj
 0002:000111b0       ??B?$fpos@U_Mbstatet@@@std@@QEBA_JXZ 000000014002a1b0 f i main.obj
 0002:00011210       ??Bsentry@?$basic_istream@DU?$char_traits@D@std@@@std@@QEBA_NXZ 000000014002a210 f i main.obj
 0002:00011260       ??Bsentry@?$basic_ostream@DU?$char_traits@D@std@@@std@@QEBA_NXZ 000000014002a260 f i main.obj
 0002:000112b0       ??C?$_Tree_const_iterator@V?$_Tree_val@U?$_Tree_simple_types@U?$pair@$$CBV?$basic_string@DU?$char_traits@D@std@@V?$allocator@D@2@@std@@G@std@@@std@@@std@@@std@@QEBAPEBU?$pair@$$CBV?$basic_string@DU?$char_traits@D@std@@V?$allocator@D@2@@std@@G@1@XZ 000000014002a2b0 f i main.obj
 0002:00011310       ??D?$_String_const_iterator@V?$_String_val@U?$_Simple_types@D@std@@@std@@@std@@QEBAAEBDXZ 000000014002a310 f i main.obj
 0002:000114e0       ??D?$_String_iterator@V?$_String_val@U?$_Simple_types@D@std@@@std@@@std@@QEBAAEADXZ 000000014002a4e0 f i main.obj
 0002:00011530       ??D?$_Tree_const_iterator@V?$_Tree_val@U?$_Tree_simple_types@U?$pair@$$CBV?$basic_string@DU?$char_traits@D@std@@V?$allocator@D@2@@std@@G@std@@@std@@@std@@@std@@QEBAAEBU?$pair@$$CBV?$basic_string@DU?$char_traits@D@std@@V?$allocator@D@2@@std@@G@1@XZ 000000014002a530 f i main.obj
 0002:00011620       ??E?$_Tree_const_iterator@V?$_Tree_val@U?$_Tree_simple_types@U?$pair@$$CBV?$basic_string@DU?$char_traits@D@std@@V?$allocator@D@2@@std@@G@std@@@std@@@std@@@std@@QEAA?AV01@H@Z 000000014002a620 f i main.obj
 0002:00011740       ??E?$_Tree_const_iterator@V?$_Tree_val@U?$_Tree_simple_types@U?$pair@$$CBV?$basic_string@DU?$char_traits@D@std@@V?$allocator@D@2@@std@@G@std@@@std@@@std@@@std@@QEAAAEAV01@XZ 000000014002a740 f i main.obj
 0002:00011830       ??E?$_Tree_unchecked_const_iterator@V?$_Tree_val@U?$_Tree_simple_types@U?$pair@$$CBV?$basic_string@DU?$char_traits@D@std@@V?$allocator@D@2@@std@@G@std@@@std@@@std@@U_Iterator_base12@2@@std@@QEAAAEAV01@XZ 000000014002a830 f i main.obj
 0002:00011950       ??F?$_Tree_const_iterator@V?$_Tree_val@U?$_Tree_simple_types@U?$pair@$$CBV?$basic_string@DU?$char_traits@D@std@@V?$allocator@D@2@@std@@G@std@@@std@@@std@@@std@@QEAAAEAV01@XZ 000000014002a950 f i main.obj
 0002:00011aa0       ??F?$_Tree_iterator@V?$_Tree_val@U?$_Tree_simple_types@U?$pair@$$CBV?$basic_string@DU?$char_traits@D@std@@V?$allocator@D@2@@std@@G@std@@@std@@@std@@@std@@QEAAAEAV01@XZ 000000014002aaa0 f i main.obj
 0002:00011b00       ??F?$_Tree_unchecked_const_iterator@V?$_Tree_val@U?$_Tree_simple_types@U?$pair@$$CBV?$basic_string@DU?$char_traits@D@std@@V?$allocator@D@2@@std@@G@std@@@std@@@std@@U_Iterator_base12@2@@std@@QEAAAEAV01@XZ 000000014002ab00 f i main.obj
 0002:00012220       ??R?$_Rng_from_urng@IVrandom_device@std@@@std@@QEAAII@Z 000000014002b220 f i main.obj
 0002:00012380       ??R?$less@V?$basic_string@DU?$char_traits@D@std@@V?$allocator@D@2@@std@@@std@@QEBA_NAEBV?$basic_string@DU?$char_traits@D@std@@V?$allocator@D@2@@1@0@Z 000000014002b380 f i main.obj
 0002:000123f0       ??R?$mersenne_twister@_K$0EA@$0BDI@$0JM@$0BP@$0?EKPNJAKFFGJJOGBH@$0BN@$0BB@$0HBNGHPPPONKGAAAA@$0CF@$0?IBBCAAAAAAAAA@$0CL@@std@@QEAA_KXZ 000000014002b3f0 f i main.obj
 0002:00012560       ??Rrandom_device@std@@QEAAIXZ 000000014002b560 f i main.obj
 0002:000125b0       ??Y?$basic_string@DU?$char_traits@D@std@@V?$allocator@D@2@@std@@QEAAAEAV01@AEBV01@@Z 000000014002b5b0 f i main.obj
 0002:00012610       ??Y?$basic_string@DU?$char_traits@D@std@@V?$allocator@D@2@@std@@QEAAAEAV01@D@Z 000000014002b610 f i main.obj
 0002:00012680       ??Y?$basic_string@DU?$char_traits@D@std@@V?$allocator@D@2@@std@@QEAAAEAV01@QEBD@Z 000000014002b680 f i main.obj
 0002:000126e0       ??_D?$basic_fstream@DU?$char_traits@D@std@@@std@@QEAAXXZ 000000014002b6e0 f i main.obj
 0002:00012760       ??_D?$basic_ifstream@DU?$char_traits@D@std@@@std@@QEAAXXZ 000000014002b760 f i main.obj
 0002:000127e0       ??_D?$basic_ofstream@DU?$char_traits@D@std@@@std@@QEAAXXZ 000000014002b7e0 f i main.obj
 0002:00012860       ??_D?$basic_stringstream@DU?$char_traits@D@std@@V?$allocator@D@2@@std@@QEAAXXZ 000000014002b860 f i main.obj
 0002:000128d8       ??_E?$basic_fstream@DU?$char_traits@D@std@@@std@@$4PPPPPPPM@A@EAAPEAXI@Z 000000014002b8d8 f i main.obj
 0002:000128e8       ??_E?$basic_ifstream@DU?$char_traits@D@std@@@std@@$4PPPPPPPM@A@EAAPEAXI@Z 000000014002b8e8 f i main.obj
 0002:000128f8       ??_E?$basic_ofstream@DU?$char_traits@D@std@@@std@@$4PPPPPPPM@A@EAAPEAXI@Z 000000014002b8f8 f i main.obj
 0002:00012908       ??_E?$basic_stringstream@DU?$char_traits@D@std@@V?$allocator@D@2@@std@@$4PPPPPPPM@A@EAAPEAXI@Z 000000014002b908 f i main.obj
 0002:00012920       ??_G?$basic_filebuf@DU?$char_traits@D@std@@@std@@UEAAPEAXI@Z 000000014002b920 f i main.obj
 0002:00012920       ??_E?$basic_filebuf@DU?$char_traits@D@std@@@std@@UEAAPEAXI@Z 000000014002b920 f i main.obj
 0002:000129b0       ??_G?$basic_fstream@DU?$char_traits@D@std@@@std@@UEAAPEAXI@Z 000000014002b9b0 f i main.obj
 0002:000129b0       ??_E?$basic_fstream@DU?$char_traits@D@std@@@std@@UEAAPEAXI@Z 000000014002b9b0 f i main.obj
 0002:00012a60       ??_G?$basic_ifstream@DU?$char_traits@D@std@@@std@@UEAAPEAXI@Z 000000014002ba60 f i main.obj
 0002:00012a60       ??_E?$basic_ifstream@DU?$char_traits@D@std@@@std@@UEAAPEAXI@Z 000000014002ba60 f i main.obj
 0002:00012b10       ??_E?$basic_ofstream@DU?$char_traits@D@std@@@std@@UEAAPEAXI@Z 000000014002bb10 f i main.obj
 0002:00012b10       ??_G?$basic_ofstream@DU?$char_traits@D@std@@@std@@UEAAPEAXI@Z 000000014002bb10 f i main.obj
 0002:00012bc0       ??_E?$basic_stringbuf@DU?$char_traits@D@std@@V?$allocator@D@2@@std@@UEAAPEAXI@Z 000000014002bbc0 f i main.obj
 0002:00012bc0       ??_G?$basic_stringbuf@DU?$char_traits@D@std@@V?$allocator@D@2@@std@@UEAAPEAXI@Z 000000014002bbc0 f i main.obj
 0002:00012c50       ??_E?$basic_stringstream@DU?$char_traits@D@std@@V?$allocator@D@2@@std@@UEAAPEAXI@Z 000000014002bc50 f i main.obj
 0002:00012c50       ??_G?$basic_stringstream@DU?$char_traits@D@std@@V?$allocator@D@2@@std@@UEAAPEAXI@Z 000000014002bc50 f i main.obj
 0002:00012d00       ??_G?$pair@$$CBV?$basic_string@DU?$char_traits@D@std@@V?$allocator@D@2@@std@@G@std@@QEAAPEAXI@Z 000000014002bd00 f i main.obj
 0002:00012d90       ??_Ebad_cast@std@@UEAAPEAXI@Z 000000014002bd90 f i main.obj
 0002:00012d90       ??_Gbad_cast@std@@UEAAPEAXI@Z 000000014002bd90 f i main.obj
 0002:00012e20       ??_Eexception@std@@UEAAPEAXI@Z 000000014002be20 f i main.obj
 0002:00012e20       ??_Gexception@std@@UEAAPEAXI@Z 000000014002be20 f i main.obj
 0002:00012eb0       ?Change_Col@@YAXAEBH@Z     000000014002beb0 f   main.obj
 0002:00012f20       ?Czy_Kontynuowaæ@@YA_NAEBH@Z 000000014002bf20 f   main.obj
 0002:00013210       ?Hide_Cursor@@YAXXZ        000000014002c210 f   main.obj
 0002:000132c0       ?Inicjacje_Pocz¹tkowe@@YAXXZ 000000014002c2c0 f   main.obj
 0002:00013380       ?Koniec_Gry@@YAXAEAV?$basic_ofstream@DU?$char_traits@D@std@@@std@@AEAV?$basic_fstream@DU?$char_traits@D@std@@@2@AEBH@Z 000000014002c380 f   main.obj
 0002:00013740       ?Obstaw@@YA?AV?$basic_string@DU?$char_traits@D@std@@V?$allocator@D@2@@std@@XZ 000000014002c740 f   main.obj
 0002:00014180       ?Odczytaj_Liczbê@@YAXAEBHAEBV?$basic_string@DU?$char_traits@D@std@@V?$allocator@D@2@@std@@@Z 000000014002d180 f   main.obj
 0002:000149d0       ?Og³oœ_Wynik@@YAXAEBH0AEAHAEAV?$basic_ofstream@DU?$char_traits@D@std@@@std@@AEAV?$basic_fstream@DU?$char_traits@D@std@@@2@@Z 000000014002d9d0 f   main.obj
 0002:00015160       ?Przenieœ_Plik@@YA_NAEBV?$basic_string@DU?$char_traits@D@std@@V?$allocator@D@2@@std@@0@Z 000000014002e160 f   main.obj
 0002:00015210       ?Pêtla_G³ówna@@YAXAEAH00AEAV?$basic_ofstream@DU?$char_traits@D@std@@@std@@AEAV?$basic_fstream@DU?$char_traits@D@std@@@2@AEADAEAV?$basic_string@DU?$char_traits@D@std@@V?$allocator@D@2@@2@0@Z 000000014002e210 f   main.obj
 0002:00015a10       ?Show_Cursor@@YAXXZ        000000014002ea10 f   main.obj
 0002:00015ad0       ?SprawdŸ_Pliki@@YAXXZ      000000014002ead0 f   main.obj
 0002:00019950       ?SprawdŸ_Ustawienia@@YAXXZ 0000000140032950 f   main.obj
 0002:0001a3e0       ?SprawdŸ_Zak³ad@@YAHAEBHAEBV?$basic_string@DU?$char_traits@D@std@@V?$allocator@D@2@@std@@0@Z 00000001400333e0 f   main.obj
 0002:0001aa20       ?Ustaw_Ustawienia@@YAXAEAV?$basic_string@DU?$char_traits@D@std@@V?$allocator@D@2@@std@@@Z 0000000140033a20 f   main.obj
 0002:0001b7f0       ?Usuñ_Folder_Wypakowany_i_Winrar@@YAXAEBV?$basic_string@DU?$char_traits@D@std@@V?$allocator@D@2@@std@@@Z 00000001400347f0 f   main.obj
 0002:0001bfd0       ?Wczytaj_Kwotê_Zak³adu@@YAXAEAHAEBH@Z 0000000140034fd0 f   main.obj
 0002:0001c340       ?Wczytaj_z_Pliku@@YAXAEAV?$basic_ofstream@DU?$char_traits@D@std@@@std@@AEAV?$basic_fstream@DU?$char_traits@D@std@@@2@AEADAEAH33AEAV?$basic_string@DU?$char_traits@D@std@@V?$allocator@D@2@@2@@Z 0000000140035340 f   main.obj
 0002:0001d720       ?Wyci¹gnij_z_Programu@@YA_NAEBV?$basic_string@DU?$char_traits@D@std@@V?$allocator@D@2@@std@@G@Z 0000000140036720 f   main.obj
 0002:0001d8e0       ?Wylosuj@@YAHAEBH0@Z       00000001400368e0 f   main.obj
 0002:0001da70       ?Wypakuj_Rar@@YAXAEBV?$basic_string@DU?$char_traits@D@std@@V?$allocator@D@2@@std@@@Z 0000000140036a70 f   main.obj
 0002:0001db70       ?Zakrêæ_Ruletk¹@@YAHXZ     0000000140036b70 f   main.obj
 0002:0001dfb0       ?_Adjust@?$uniform_int@H@std@@CAII@Z 0000000140036fb0 f i main.obj
 0002:0001e010       ?_Adjust@?$uniform_int@H@std@@CAIIU?$integral_constant@_N$00@2@@Z 0000000140037010 f i main.obj
 0002:0001e090       ?_Adopt@_Iterator_base12@std@@QEAAXPEBU_Container_base12@2@@Z 0000000140037090 f i main.obj
 0002:0001e200       ?_Alloc_proxy@?$_String_alloc@U?$_String_base_types@DV?$allocator@D@std@@@std@@@std@@QEAAXXZ 0000000140037200 f i main.obj
 0002:0001e360       ?_Alloc_proxy@?$_Tree_comp_alloc@V?$_Tmap_traits@V?$basic_string@DU?$char_traits@D@std@@V?$allocator@D@2@@std@@GU?$less@V?$basic_string@DU?$char_traits@D@std@@V?$allocator@D@2@@std@@@2@V?$allocator@U?$pair@$$CBV?$basic_string@DU?$char_traits@D@std@@V?$allocator@D@2@@std@@G@std@@@2@$0A@@std@@@std@@QEAAXXZ 0000000140037360 f i main.obj
 0002:0001e4c0       ?_Assign_rv_contents@?$basic_string@DU?$char_traits@D@std@@V?$allocator@D@2@@std@@QEAAX$$QEAV12@U?$integral_constant@_N$00@2@@Z 00000001400374c0 f i main.obj
 0002:0001e560       ?_Assign_rv_contents_with_alloc_always_equal@?$basic_string@DU?$char_traits@D@std@@V?$allocator@D@2@@std@@QEAAX$$QEAV12@U?$integral_constant@_N$00@2@@Z 0000000140037560 f i main.obj
 0002:0001e660       ?_Become_small@?$basic_string@DU?$char_traits@D@std@@V?$allocator@D@2@@std@@QEAAXXZ 0000000140037660 f i main.obj
 0002:0001e780       ?_Buyheadnode@?$_Tree_comp_alloc@V?$_Tmap_traits@V?$basic_string@DU?$char_traits@D@std@@V?$allocator@D@2@@std@@GU?$less@V?$basic_string@DU?$char_traits@D@std@@V?$allocator@D@2@@std@@@2@V?$allocator@U?$pair@$$CBV?$basic_string@DU?$char_traits@D@std@@V?$allocator@D@2@@std@@G@std@@@2@$0A@@std@@@std@@QEAAPEAU?$_Tree_node@U?$pair@$$CBV?$basic_string@DU?$char_traits@D@std@@V?$allocator@D@2@@std@@G@std@@PEAX@2@XZ 0000000140037780 f i main.obj
 0002:0001e8d0       ?_Buynode0@?$_Tree_comp_alloc@V?$_Tmap_traits@V?$basic_string@DU?$char_traits@D@std@@V?$allocator@D@2@@std@@GU?$less@V?$basic_string@DU?$char_traits@D@std@@V?$allocator@D@2@@std@@@2@V?$allocator@U?$pair@$$CBV?$basic_string@DU?$char_traits@D@std@@V?$allocator@D@2@@std@@G@std@@@2@$0A@@std@@@std@@QEAAPEAU?$_Tree_node@U?$pair@$$CBV?$basic_string@DU?$char_traits@D@std@@V?$allocator@D@2@@std@@G@std@@PEAX@2@XZ 00000001400378d0 f i main.obj
 0002:0001ea20       ?_Calculate_growth@?$basic_string@DU?$char_traits@D@std@@V?$allocator@D@2@@std@@QEBA_K_K@Z 0000000140037a20 f i main.obj
 0002:0001eb80       ?_Check_offset@?$_String_val@U?$_Simple_types@D@std@@@std@@QEBAX_K@Z 0000000140037b80 f i main.obj
 0002:0001ebf0       ?_Clamp_suffix_size@?$_String_val@U?$_Simple_types@D@std@@@std@@QEBA_K_K0@Z 0000000140037bf0 f i main.obj
 0002:0001ec80       ?_Clrcont@_Iterator_base12@std@@QEAAXXZ 0000000140037c80 f i main.obj
 0002:0001ecd0       ?_Compare@?$_Tree@V?$_Tmap_traits@V?$basic_string@DU?$char_traits@D@std@@V?$allocator@D@2@@std@@GU?$less@V?$basic_string@DU?$char_traits@D@std@@V?$allocator@D@2@@std@@@2@V?$allocator@U?$pair@$$CBV?$basic_string@DU?$char_traits@D@std@@V?$allocator@D@2@@std@@G@std@@@2@$0A@@std@@@std@@IEBA_NAEBV?$basic_string@DU?$char_traits@D@std@@V?$allocator@D@2@@2@0@Z 0000000140037cd0 f i main.obj
 0002:0001ed60       ?_Construct@?$_Tree_comp_alloc@V?$_Tmap_traits@V?$basic_string@DU?$char_traits@D@std@@V?$allocator@D@2@@std@@GU?$less@V?$basic_string@DU?$char_traits@D@std@@V?$allocator@D@2@@std@@@2@V?$allocator@U?$pair@$$CBV?$basic_string@DU?$char_traits@D@std@@V?$allocator@D@2@@std@@G@std@@@2@$0A@@std@@@std@@QEAAXXZ 0000000140037d60 f i main.obj
 0002:0001ee00       ?_Construct_lv_contents@?$basic_string@DU?$char_traits@D@std@@V?$allocator@D@2@@std@@QEAAXAEBV12@@Z 0000000140037e00 f i main.obj
 0002:0001f040       ?_Copy_alloc@?$_String_alloc@U?$_String_base_types@DV?$allocator@D@std@@@std@@@std@@QEAAXAEBV?$allocator@D@2@@Z 0000000140038040 f i main.obj
 0002:0001f0e0       ?_Deallocate@std@@YAXPEAX_K1_K@Z 00000001400380e0 f i main.obj
 0002:0001f340       ?_Destroy_if_node@?$_Tree@V?$_Tmap_traits@V?$basic_string@DU?$char_traits@D@std@@V?$allocator@D@2@@std@@GU?$less@V?$basic_string@DU?$char_traits@D@std@@V?$allocator@D@2@@std@@@2@V?$allocator@U?$pair@$$CBV?$basic_string@DU?$char_traits@D@std@@V?$allocator@D@2@@std@@G@std@@@2@$0A@@std@@@std@@IEAAXPEAU?$_Tree_node@U?$pair@$$CBV?$basic_string@DU?$char_traits@D@std@@V?$allocator@D@2@@std@@G@std@@PEAX@2@@Z 0000000140038340 f i main.obj
 0002:0001f3e0       ?_Endwrite@?$basic_filebuf@DU?$char_traits@D@std@@@std@@IEAA_NXZ 00000001400383e0 f i main.obj
 0002:0001f8c0       ?_Eos@?$basic_string@DU?$char_traits@D@std@@V?$allocator@D@2@@std@@QEAAX_K@Z 00000001400388c0 f i main.obj
 0002:0001f960       ?_Equal@?$basic_string@DU?$char_traits@D@std@@V?$allocator@D@2@@std@@QEBA_NQEBD@Z 0000000140038960 f i main.obj
 0002:0001fa20       ?_Erase@?$_Tree@V?$_Tmap_traits@V?$basic_string@DU?$char_traits@D@std@@V?$allocator@D@2@@std@@GU?$less@V?$basic_string@DU?$char_traits@D@std@@V?$allocator@D@2@@std@@@2@V?$allocator@U?$pair@$$CBV?$basic_string@DU?$char_traits@D@std@@V?$allocator@D@2@@std@@G@std@@@2@$0A@@std@@@std@@IEAAXPEAU?$_Tree_node@U?$pair@$$CBV?$basic_string@DU?$char_traits@D@std@@V?$allocator@D@2@@std@@G@std@@PEAX@2@@Z 0000000140038a20 f i main.obj
 0002:0001fb10       ?_Extract@?$_Tree@V?$_Tmap_traits@V?$basic_string@DU?$char_traits@D@std@@V?$allocator@D@2@@std@@GU?$less@V?$basic_string@DU?$char_traits@D@std@@V?$allocator@D@2@@std@@@2@V?$allocator@U?$pair@$$CBV?$basic_string@DU?$char_traits@D@std@@V?$allocator@D@2@@std@@G@std@@@2@$0A@@std@@@std@@QEAAPEAU?$_Tree_node@U?$pair@$$CBV?$basic_string@DU?$char_traits@D@std@@V?$allocator@D@2@@std@@G@std@@PEAX@2@V?$_Tree_const_iterator@V?$_Tree_val@U?$_Tree_simple_types@U?$pair@$$CBV?$basic_string@DU?$char_traits@D@std@@V?$allocator@D@2@@std@@G@std@@@std@@@std@@@2@@Z 0000000140038b10 f i main.obj
 0002:000202f0       ?_Fail@?$_Default_allocate_traits@$00@std@@SAXXZ 00000001400392f0 f i main.obj
 0002:00020330       ?_Free_proxy@?$_String_alloc@U?$_String_base_types@DV?$allocator@D@std@@@std@@@std@@QEAAXXZ 0000000140039330 f i main.obj
 0002:00020430       ?_Free_proxy@?$_Tree_comp_alloc@V?$_Tmap_traits@V?$basic_string@DU?$char_traits@D@std@@V?$allocator@D@2@@std@@GU?$less@V?$basic_string@DU?$char_traits@D@std@@V?$allocator@D@2@@std@@@2@V?$allocator@U?$pair@$$CBV?$basic_string@DU?$char_traits@D@std@@V?$allocator@D@2@@std@@G@std@@@2@$0A@@std@@@std@@QEAAXXZ 0000000140039430 f i main.obj
 0002:00020530       ?_Freeheadnode@?$_Tree_comp_alloc@V?$_Tmap_traits@V?$basic_string@DU?$char_traits@D@std@@V?$allocator@D@2@@std@@GU?$less@V?$basic_string@DU?$char_traits@D@std@@V?$allocator@D@2@@std@@@2@V?$allocator@U?$pair@$$CBV?$basic_string@DU?$char_traits@D@std@@V?$allocator@D@2@@std@@G@std@@@2@$0A@@std@@@std@@QEAAXPEAU?$_Tree_node@U?$pair@$$CBV?$basic_string@DU?$char_traits@D@std@@V?$allocator@D@2@@std@@G@std@@PEAX@2@@Z 0000000140039530 f i main.obj
 0002:000205a0       ?_Freenode0@?$_Tree_comp_alloc@V?$_Tmap_traits@V?$basic_string@DU?$char_traits@D@std@@V?$allocator@D@2@@std@@GU?$less@V?$basic_string@DU?$char_traits@D@std@@V?$allocator@D@2@@std@@@2@V?$allocator@U?$pair@$$CBV?$basic_string@DU?$char_traits@D@std@@V?$allocator@D@2@@std@@G@std@@@2@$0A@@std@@@std@@QEAAXPEAU?$_Tree_node@U?$pair@$$CBV?$basic_string@DU?$char_traits@D@std@@V?$allocator@D@2@@std@@G@std@@PEAX@2@@Z 00000001400395a0 f i main.obj
 0002:00020610       ?_Get_all_bits@?$_Rng_from_urng@IVrandom_device@std@@@std@@QEAAIXZ 0000000140039610 f i main.obj
 0002:000206e0       ?_Get_bits@?$_Rng_from_urng@IVrandom_device@std@@@std@@AEAAIXZ 00000001400396e0 f i main.obj
 0002:00020770       ?_Get_bytes@?$_Default_allocate_traits@$00@std@@SAPEAX_K0@Z 0000000140039770 f i main.obj
 0002:000208b0       ?_Get_data@?$_String_alloc@U?$_String_base_types@DV?$allocator@D@std@@@std@@@std@@QEAAAEAV?$_String_val@U?$_Simple_types@D@std@@@2@XZ 00000001400398b0 f i main.obj
 0002:00020910       ?_Get_data@?$_String_alloc@U?$_String_base_types@DV?$allocator@D@std@@@std@@@std@@QEBAAEBV?$_String_val@U?$_Simple_types@D@std@@@2@XZ 0000000140039910 f i main.obj
 0002:00020970       ?_Get_data@?$_Tree_comp_alloc@V?$_Tmap_traits@V?$basic_string@DU?$char_traits@D@std@@V?$allocator@D@2@@std@@GU?$less@V?$basic_string@DU?$char_traits@D@std@@V?$allocator@D@2@@std@@@2@V?$allocator@U?$pair@$$CBV?$basic_string@DU?$char_traits@D@std@@V?$allocator@D@2@@std@@G@std@@@2@$0A@@std@@@std@@QEAAAEAV?$_Tree_val@U?$_Tree_simple_types@U?$pair@$$CBV?$basic_string@DU?$char_traits@D@std@@V?$allocator@D@2@@std@@G@std@@@std@@@2@XZ 0000000140039970 f i main.obj
 0002:000209d0       ?_Get_data@?$_Tree_comp_alloc@V?$_Tmap_traits@V?$basic_string@DU?$char_traits@D@std@@V?$allocator@D@2@@std@@GU?$less@V?$basic_string@DU?$char_traits@D@std@@V?$allocator@D@2@@std@@@2@V?$allocator@U?$pair@$$CBV?$basic_string@DU?$char_traits@D@std@@V?$allocator@D@2@@std@@G@std@@@2@$0A@@std@@@std@@QEBAAEBV?$_Tree_val@U?$_Tree_simple_types@U?$pair@$$CBV?$basic_string@DU?$char_traits@D@std@@V?$allocator@D@2@@std@@G@std@@@std@@@2@XZ 00000001400399d0 f i main.obj
 0002:00020a30       ?_Get_first@?$_Compressed_pair@U?$less@V?$basic_string@DU?$char_traits@D@std@@V?$allocator@D@2@@std@@@std@@V?$_Compressed_pair@V?$allocator@U?$_Tree_node@U?$pair@$$CBV?$basic_string@DU?$char_traits@D@std@@V?$allocator@D@2@@std@@G@std@@PEAX@std@@@std@@V?$_Tree_val@U?$_Tree_simple_types@U?$pair@$$CBV?$basic_string@DU?$char_traits@D@std@@V?$allocator@D@2@@std@@G@std@@@std@@@2@$00@2@$00@std@@QEAAAEAU?$less@V?$basic_string@DU?$char_traits@D@std@@V?$allocator@D@2@@std@@@2@XZ 0000000140039a30 f i main.obj
 0002:00020a80       ?_Get_first@?$_Compressed_pair@U?$less@V?$basic_string@DU?$char_traits@D@std@@V?$allocator@D@2@@std@@@std@@V?$_Compressed_pair@V?$allocator@U?$_Tree_node@U?$pair@$$CBV?$basic_string@DU?$char_traits@D@std@@V?$allocator@D@2@@std@@G@std@@PEAX@std@@@std@@V?$_Tree_val@U?$_Tree_simple_types@U?$pair@$$CBV?$basic_string@DU?$char_traits@D@std@@V?$allocator@D@2@@std@@G@std@@@std@@@2@$00@2@$00@std@@QEBAAEBU?$less@V?$basic_string@DU?$char_traits@D@std@@V?$allocator@D@2@@std@@@2@XZ 0000000140039a80 f i main.obj
 0002:00020ad0       ?_Get_first@?$_Compressed_pair@V?$allocator@D@std@@V?$_String_val@U?$_Simple_types@D@std@@@2@$00@std@@QEAAAEAV?$allocator@D@2@XZ 0000000140039ad0 f i main.obj
 0002:00020b20       ?_Get_first@?$_Compressed_pair@V?$allocator@D@std@@V?$_String_val@U?$_Simple_types@D@std@@@2@$00@std@@QEBAAEBV?$allocator@D@2@XZ 0000000140039b20 f i main.obj
 0002:00020b70       ?_Get_first@?$_Compressed_pair@V?$allocator@U?$_Tree_node@U?$pair@$$CBV?$basic_string@DU?$char_traits@D@std@@V?$allocator@D@2@@std@@G@std@@PEAX@std@@@std@@V?$_Tree_val@U?$_Tree_simple_types@U?$pair@$$CBV?$basic_string@DU?$char_traits@D@std@@V?$allocator@D@2@@std@@G@std@@@std@@@2@$00@std@@QEAAAEAV?$allocator@U?$_Tree_node@U?$pair@$$CBV?$basic_string@DU?$char_traits@D@std@@V?$allocator@D@2@@std@@G@std@@PEAX@std@@@2@XZ 0000000140039b70 f i main.obj
 0002:00020bc0       ?_Get_first@?$_Compressed_pair@V?$allocator@U?$_Tree_node@U?$pair@$$CBV?$basic_string@DU?$char_traits@D@std@@V?$allocator@D@2@@std@@G@std@@PEAX@std@@@std@@V?$_Tree_val@U?$_Tree_simple_types@U?$pair@$$CBV?$basic_string@DU?$char_traits@D@std@@V?$allocator@D@2@@std@@G@std@@@std@@@2@$00@std@@QEBAAEBV?$allocator@U?$_Tree_node@U?$pair@$$CBV?$basic_string@DU?$char_traits@D@std@@V?$allocator@D@2@@std@@G@std@@PEAX@std@@@2@XZ 0000000140039bc0 f i main.obj
 0002:00020c10       ?_Get_second@?$_Compressed_pair@U?$less@V?$basic_string@DU?$char_traits@D@std@@V?$allocator@D@2@@std@@@std@@V?$_Compressed_pair@V?$allocator@U?$_Tree_node@U?$pair@$$CBV?$basic_string@DU?$char_traits@D@std@@V?$allocator@D@2@@std@@G@std@@PEAX@std@@@std@@V?$_Tree_val@U?$_Tree_simple_types@U?$pair@$$CBV?$basic_string@DU?$char_traits@D@std@@V?$allocator@D@2@@std@@G@std@@@std@@@2@$00@2@$00@std@@QEAAAEAV?$_Compressed_pair@V?$allocator@U?$_Tree_node@U?$pair@$$CBV?$basic_string@DU?$char_traits@D@std@@V?$allocator@D@2@@std@@G@std@@PEAX@std@@@std@@V?$_Tree_val@U?$_Tree_simple_types@U?$pair@$$CBV?$basic_string@DU?$char_traits@D@std@@V?$allocator@D@2@@std@@G@std@@@std@@@2@$00@2@XZ 0000000140039c10 f i main.obj
 0002:00020c60       ?_Get_second@?$_Compressed_pair@U?$less@V?$basic_string@DU?$char_traits@D@std@@V?$allocator@D@2@@std@@@std@@V?$_Compressed_pair@V?$allocator@U?$_Tree_node@U?$pair@$$CBV?$basic_string@DU?$char_traits@D@std@@V?$allocator@D@2@@std@@G@std@@PEAX@std@@@std@@V?$_Tree_val@U?$_Tree_simple_types@U?$pair@$$CBV?$basic_string@DU?$char_traits@D@std@@V?$allocator@D@2@@std@@G@std@@@std@@@2@$00@2@$00@std@@QEBAAEBV?$_Compressed_pair@V?$allocator@U?$_Tree_node@U?$pair@$$CBV?$basic_string@DU?$char_traits@D@std@@V?$allocator@D@2@@std@@G@std@@PEAX@std@@@std@@V?$_Tree_val@U?$_Tree_simple_types@U?$pair@$$CBV?$basic_string@DU?$char_traits@D@std@@V?$allocator@D@2@@std@@G@std@@@std@@@2@$00@2@XZ 0000000140039c60 f i main.obj
 0002:00020cb0       ?_Get_second@?$_Compressed_pair@V?$allocator@D@std@@V?$_String_val@U?$_Simple_types@D@std@@@2@$00@std@@QEAAAEAV?$_String_val@U?$_Simple_types@D@std@@@2@XZ 0000000140039cb0 f i main.obj
 0002:00020d00       ?_Get_second@?$_Compressed_pair@V?$allocator@D@std@@V?$_String_val@U?$_Simple_types@D@std@@@2@$00@std@@QEBAAEBV?$_String_val@U?$_Simple_types@D@std@@@2@XZ 0000000140039d00 f i main.obj
 0002:00020d50       ?_Get_second@?$_Compressed_pair@V?$allocator@U?$_Tree_node@U?$pair@$$CBV?$basic_string@DU?$char_traits@D@std@@V?$allocator@D@2@@std@@G@std@@PEAX@std@@@std@@V?$_Tree_val@U?$_Tree_simple_types@U?$pair@$$CBV?$basic_string@DU?$char_traits@D@std@@V?$allocator@D@2@@std@@G@std@@@std@@@2@$00@std@@QEAAAEAV?$_Tree_val@U?$_Tree_simple_types@U?$pair@$$CBV?$basic_string@DU?$char_traits@D@std@@V?$allocator@D@2@@std@@G@std@@@std@@@2@XZ 0000000140039d50 f i main.obj
 0002:00020da0       ?_Get_second@?$_Compressed_pair@V?$allocator@U?$_Tree_node@U?$pair@$$CBV?$basic_string@DU?$char_traits@D@std@@V?$allocator@D@2@@std@@G@std@@PEAX@std@@@std@@V?$_Tree_val@U?$_Tree_simple_types@U?$pair@$$CBV?$basic_string@DU?$char_traits@D@std@@V?$allocator@D@2@@std@@G@std@@@std@@@2@$00@std@@QEBAAEBV?$_Tree_val@U?$_Tree_simple_types@U?$pair@$$CBV?$basic_string@DU?$char_traits@D@std@@V?$allocator@D@2@@std@@G@std@@@std@@@2@XZ 0000000140039da0 f i main.obj
 0002:00020df0       ?_Getal@?$_String_alloc@U?$_String_base_types@DV?$allocator@D@std@@@std@@@std@@QEAAAEAV?$allocator@D@2@XZ 0000000140039df0 f i main.obj
 0002:00020e50       ?_Getal@?$_String_alloc@U?$_String_base_types@DV?$allocator@D@std@@@std@@@std@@QEBAAEBV?$allocator@D@2@XZ 0000000140039e50 f i main.obj
 0002:00020eb0       ?_Getal@?$_Tree_comp_alloc@V?$_Tmap_traits@V?$basic_string@DU?$char_traits@D@std@@V?$allocator@D@2@@std@@GU?$less@V?$basic_string@DU?$char_traits@D@std@@V?$allocator@D@2@@std@@@2@V?$allocator@U?$pair@$$CBV?$basic_string@DU?$char_traits@D@std@@V?$allocator@D@2@@std@@G@std@@@2@$0A@@std@@@std@@QEAAAEAV?$allocator@U?$_Tree_node@U?$pair@$$CBV?$basic_string@DU?$char_traits@D@std@@V?$allocator@D@2@@std@@G@std@@PEAX@std@@@2@XZ 0000000140039eb0 f i main.obj
 0002:00020f10       ?_Getal@?$_Tree_comp_alloc@V?$_Tmap_traits@V?$basic_string@DU?$char_traits@D@std@@V?$allocator@D@2@@std@@GU?$less@V?$basic_string@DU?$char_traits@D@std@@V?$allocator@D@2@@std@@@2@V?$allocator@U?$pair@$$CBV?$basic_string@DU?$char_traits@D@std@@V?$allocator@D@2@@std@@G@std@@@2@$0A@@std@@@std@@QEBAAEBV?$allocator@U?$_Tree_node@U?$pair@$$CBV?$basic_string@DU?$char_traits@D@std@@V?$allocator@D@2@@std@@G@std@@PEAX@std@@@2@XZ 0000000140039f10 f i main.obj
 0002:00020f70       ?_Getcomp@?$_Tree_comp_alloc@V?$_Tmap_traits@V?$basic_string@DU?$char_traits@D@std@@V?$allocator@D@2@@std@@GU?$less@V?$basic_string@DU?$char_traits@D@std@@V?$allocator@D@2@@std@@@2@V?$allocator@U?$pair@$$CBV?$basic_string@DU?$char_traits@D@std@@V?$allocator@D@2@@std@@G@std@@@2@$0A@@std@@@std@@QEAAAEAU?$less@V?$basic_string@DU?$char_traits@D@std@@V?$allocator@D@2@@std@@@2@XZ 0000000140039f70 f i main.obj
 0002:00020fd0       ?_Getcomp@?$_Tree_comp_alloc@V?$_Tmap_traits@V?$basic_string@DU?$char_traits@D@std@@V?$allocator@D@2@@std@@GU?$less@V?$basic_string@DU?$char_traits@D@std@@V?$allocator@D@2@@std@@@2@V?$allocator@U?$pair@$$CBV?$basic_string@DU?$char_traits@D@std@@V?$allocator@D@2@@std@@G@std@@@2@$0A@@std@@@std@@QEBAAEBU?$less@V?$basic_string@DU?$char_traits@D@std@@V?$allocator@D@2@@std@@@2@XZ 0000000140039fd0 f i main.obj
 0002:00021030       ?_Getcont@_Iterator_base12@std@@QEBAPEBU_Container_base12@2@XZ 000000014003a030 f i main.obj
 0002:000210b0       ?_Getfacet@locale@std@@QEBAPEBVfacet@12@_K@Z 000000014003a0b0 f i main.obj
 0002:000211f0       ?_Getpfirst@?$_Tree_comp_alloc@V?$_Tmap_traits@V?$basic_string@DU?$char_traits@D@std@@V?$allocator@D@2@@std@@GU?$less@V?$basic_string@DU?$char_traits@D@std@@V?$allocator@D@2@@std@@@2@V?$allocator@U?$pair@$$CBV?$basic_string@DU?$char_traits@D@std@@V?$allocator@D@2@@std@@G@std@@@2@$0A@@std@@@std@@QEBAPEAPEAU_Iterator_base12@2@XZ 000000014003a1f0 f i main.obj
 0002:00021250       ?_Getpfirst@_Container_base12@std@@QEBAPEAPEAU_Iterator_base12@2@XZ 000000014003a250 f i main.obj
 0002:000212e0       ?_Getpnext@_Iterator_base12@std@@QEAAPEAPEAU12@XZ 000000014003a2e0 f i main.obj
 0002:00021330       ?_Getstate@?$basic_stringbuf@DU?$char_traits@D@std@@V?$allocator@D@2@@std@@AEAAHH@Z 000000014003a330 f i main.obj
 0002:000213f0       ?_Init@?$basic_filebuf@DU?$char_traits@D@std@@@std@@IEAAXPEAU_iobuf@@W4_Initfl@12@@Z 000000014003a3f0 f i main.obj
 0002:000215c0       ?_Init@?$basic_stringbuf@DU?$char_traits@D@std@@V?$allocator@D@2@@std@@IEAAXPEBD_KH@Z 000000014003a5c0 f i main.obj
 0002:00021810       ?_Init@param_type@?$uniform_int@H@std@@QEAAXHH@Z 000000014003a810 f i main.obj
 0002:000218f0       ?_Initcvt@?$basic_filebuf@DU?$char_traits@D@std@@@std@@IEAAXPEBV?$codecvt@DDU_Mbstatet@@@2@@Z 000000014003a8f0 f i main.obj
 0002:00021990       ?_Key@?$_Tree@V?$_Tmap_traits@V?$basic_string@DU?$char_traits@D@std@@V?$allocator@D@2@@std@@GU?$less@V?$basic_string@DU?$char_traits@D@std@@V?$allocator@D@2@@std@@@2@V?$allocator@U?$pair@$$CBV?$basic_string@DU?$char_traits@D@std@@V?$allocator@D@2@@std@@G@std@@@2@$0A@@std@@@std@@IEBAAEBV?$basic_string@DU?$char_traits@D@std@@V?$allocator@D@2@@2@PEAU?$_Tree_node@U?$pair@$$CBV?$basic_string@DU?$char_traits@D@std@@V?$allocator@D@2@@std@@G@std@@PEAX@2@@Z 000000014003a990 f i main.obj
 0002:00021a00       ?_Kfn@?$_Tree@V?$_Tmap_traits@V?$basic_string@DU?$char_traits@D@std@@V?$allocator@D@2@@std@@GU?$less@V?$basic_string@DU?$char_traits@D@std@@V?$allocator@D@2@@std@@@2@V?$allocator@U?$pair@$$CBV?$basic_string@DU?$char_traits@D@std@@V?$allocator@D@2@@std@@G@std@@@2@$0A@@std@@@std@@IEBAAEBV?$basic_string@DU?$char_traits@D@std@@V?$allocator@D@2@@2@AEBU?$pair@$$CBV?$basic_string@DU?$char_traits@D@std@@V?$allocator@D@2@@std@@G@2@@Z 000000014003aa00 f i main.obj
 0002:00021a60       ?_Large_string_engaged@?$_String_val@U?$_Simple_types@D@std@@@std@@QEBA_NXZ 000000014003aa60 f i main.obj
 0002:00021ae0       ?_Lmost@?$_Tree@V?$_Tmap_traits@V?$basic_string@DU?$char_traits@D@std@@V?$allocator@D@2@@std@@GU?$less@V?$basic_string@DU?$char_traits@D@std@@V?$allocator@D@2@@std@@@2@V?$allocator@U?$pair@$$CBV?$basic_string@DU?$char_traits@D@std@@V?$allocator@D@2@@std@@G@std@@@2@$0A@@std@@@std@@IEBAAEAPEAU?$_Tree_node@U?$pair@$$CBV?$basic_string@DU?$char_traits@D@std@@V?$allocator@D@2@@std@@G@std@@PEAX@2@XZ 000000014003aae0 f i main.obj
 0002:00021b40       ?_Lock@?$basic_filebuf@DU?$char_traits@D@std@@@std@@UEAAXXZ 000000014003ab40 f i main.obj
 0002:00021bb0       ?_Lrotate@?$_Tree@V?$_Tmap_traits@V?$basic_string@DU?$char_traits@D@std@@V?$allocator@D@2@@std@@GU?$less@V?$basic_string@DU?$char_traits@D@std@@V?$allocator@D@2@@std@@@2@V?$allocator@U?$pair@$$CBV?$basic_string@DU?$char_traits@D@std@@V?$allocator@D@2@@std@@G@std@@@2@$0A@@std@@@std@@IEAAXPEAU?$_Tree_node@U?$pair@$$CBV?$basic_string@DU?$char_traits@D@std@@V?$allocator@D@2@@std@@G@std@@PEAX@2@@Z 000000014003abb0 f i main.obj
 0002:00021d10       ?_Max@?$_Tree_comp_alloc@V?$_Tmap_traits@V?$basic_string@DU?$char_traits@D@std@@V?$allocator@D@2@@std@@GU?$less@V?$basic_string@DU?$char_traits@D@std@@V?$allocator@D@2@@std@@@2@V?$allocator@U?$pair@$$CBV?$basic_string@DU?$char_traits@D@std@@V?$allocator@D@2@@std@@G@std@@@2@$0A@@std@@@std@@SAPEAU?$_Tree_node@U?$pair@$$CBV?$basic_string@DU?$char_traits@D@std@@V?$allocator@D@2@@std@@G@std@@PEAX@2@PEAU32@@Z 000000014003ad10 f i main.obj
 0002:00021d60       ?_Max@?$_Tree_val@U?$_Tree_simple_types@U?$pair@$$CBV?$basic_string@DU?$char_traits@D@std@@V?$allocator@D@2@@std@@G@std@@@std@@@std@@SAPEAU?$_Tree_node@U?$pair@$$CBV?$basic_string@DU?$char_traits@D@std@@V?$allocator@D@2@@std@@G@std@@PEAX@2@PEAU32@@Z 000000014003ad60 f i main.obj
[...]
 0006:000001f0       __imp_??0?$basic_streambuf@DU?$char_traits@D@std@@@std@@IEAA@XZ 000000014006a1f0     msvcprtd:MSVCP140D.dll
 0006:000001f8       __imp_??1?$basic_streambuf@DU?$char_traits@D@std@@@std@@UEAA@XZ 000000014006a1f8     msvcprtd:MSVCP140D.dll
 0006:00000200       __imp_?getloc@?$basic_streambuf@DU?$char_traits@D@std@@@std@@QEBA?AVlocale@2@XZ 000000014006a200     msvcprtd:MSVCP140D.dll
 0006:00000208       __imp_?sbumpc@?$basic_streambuf@DU?$char_traits@D@std@@@std@@QEAAHXZ 000000014006a208     msvcprtd:MSVCP140D.dll
 0006:00000210       __imp_?sgetc@?$basic_streambuf@DU?$char_traits@D@std@@@std@@QEAAHXZ 000000014006a210     msvcprtd:MSVCP140D.dll
 0006:00000218       __imp_?snextc@?$basic_streambuf@DU?$char_traits@D@std@@@std@@QEAAHXZ 000000014006a218     msvcprtd:MSVCP140D.dll
 0006:00000220       __imp_?sputc@?$basic_streambuf@DU?$char_traits@D@std@@@std@@QEAAHD@Z 000000014006a220     msvcprtd:MSVCP140D.dll
 0006:00000228       __imp_?sputn@?$basic_streambuf@DU?$char_traits@D@std@@@std@@QEAA_JPEBD_J@Z 000000014006a228     msvcprtd:MSVCP140D.dll
 0006:00000230       __imp_?eback@?$basic_streambuf@DU?$char_traits@D@std@@@std@@IEBAPEADXZ 000000014006a230     msvcprtd:MSVCP140D.dll
 0006:00000238       __imp_?gptr@?$basic_streambuf@DU?$char_traits@D@std@@@std@@IEBAPEADXZ 000000014006a238     msvcprtd:MSVCP140D.dll
 0006:00000240       __imp_?pbase@?$basic_streambuf@DU?$char_traits@D@std@@@std@@IEBAPEADXZ 000000014006a240     msvcprtd:MSVCP140D.dll
 0006:00000248       __imp_?pptr@?$basic_streambuf@DU?$char_traits@D@std@@@std@@IEBAPEADXZ 000000014006a248     msvcprtd:MSVCP140D.dll
 0006:00000250       __imp_?egptr@?$basic_streambuf@DU?$char_traits@D@std@@@std@@IEBAPEADXZ 000000014006a250     msvcprtd:MSVCP140D.dll
 0006:00000258       __imp_?gbump@?$basic_streambuf@DU?$char_traits@D@std@@@std@@IEAAXH@Z 000000014006a258     msvcprtd:MSVCP140D.dll
 0006:00000260       __imp_?setg@?$basic_streambuf@DU?$char_traits@D@std@@@std@@IEAAXPEAD00@Z 000000014006a260     msvcprtd:MSVCP140D.dll
 0006:00000268       __imp_?epptr@?$basic_streambuf@DU?$char_traits@D@std@@@std@@IEBAPEADXZ 000000014006a268     msvcprtd:MSVCP140D.dll
 0006:00000270       __imp_?_Gndec@?$basic_streambuf@DU?$char_traits@D@std@@@std@@IEAAPEADXZ 000000014006a270     msvcprtd:MSVCP140D.dll
 0006:00000278       __imp_?_Gninc@?$basic_streambuf@DU?$char_traits@D@std@@@std@@IEAAPEADXZ 000000014006a278     msvcprtd:MSVCP140D.dll
 0006:00000280       __imp_?pbump@?$basic_streambuf@DU?$char_traits@D@std@@@std@@IEAAXH@Z 000000014006a280     msvcprtd:MSVCP140D.dll
 0006:00000288       __imp_?setp@?$basic_streambuf@DU?$char_traits@D@std@@@std@@IEAAXPEAD0@Z 000000014006a288     msvcprtd:MSVCP140D.dll
 0006:00000290       __imp_?setp@?$basic_streambuf@DU?$char_traits@D@std@@@std@@IEAAXPEAD00@Z 000000014006a290     msvcprtd:MSVCP140D.dll
 0006:00000298       __imp_?_Pninc@?$basic_streambuf@DU?$char_traits@D@std@@@std@@IEAAPEADXZ 000000014006a298     msvcprtd:MSVCP140D.dll
 0006:000002a0       __imp_?_Init@?$basic_streambuf@DU?$char_traits@D@std@@@std@@IEAAXXZ 000000014006a2a0     msvcprtd:MSVCP140D.dll
 0006:000002a8       __imp_?_Init@?$basic_streambuf@DU?$char_traits@D@std@@@std@@IEAAXPEAPEAD0PEAH001@Z 000000014006a2a8     msvcprtd:MSVCP140D.dll
 0006:000002b0       __imp_??1?$basic_ios@DU?$char_traits@D@std@@@std@@UEAA@XZ 000000014006a2b0     msvcprtd:MSVCP140D.dll
 0006:000002b8       __imp_?clear@?$basic_ios@DU?$char_traits@D@std@@@std@@QEAAXH_N@Z 000000014006a2b8     msvcprtd:MSVCP140D.dll
 0006:000002c0       __imp_?setstate@?$basic_ios@DU?$char_traits@D@std@@@std@@QEAAXH_N@Z 000000014006a2c0     msvcprtd:MSVCP140D.dll
 0006:000002c8       __imp_?tie@?$basic_ios@DU?$char_traits@D@std@@@std@@QEBAPEAV?$basic_ostream@DU?$char_traits@D@std@@@2@XZ 000000014006a2c8     msvcprtd:MSVCP140D.dll
 0006:000002d0       __imp_?rdbuf@?$basic_ios@DU?$char_traits@D@std@@@std@@QEBAPEAV?$basic_streambuf@DU?$char_traits@D@std@@@2@XZ 000000014006a2d0     msvcprtd:MSVCP140D.dll
 0006:000002d8       __imp_?width@ios_base@std@@QEAA_J_J@Z 000000014006a2d8     msvcprtd:MSVCP140D.dll
 0006:000002e0       __imp_?widen@?$basic_ios@DU?$char_traits@D@std@@@std@@QEBADD@Z 000000014006a2e0     msvcprtd:MSVCP140D.dll
 0006:000002e8       __imp_??0?$basic_ios@DU?$char_traits@D@std@@@std@@IEAA@XZ 000000014006a2e8     msvcprtd:MSVCP140D.dll
 0006:000002f0       __imp_??0?$basic_ostream@DU?$char_traits@D@std@@@std@@QEAA@PEAV?$basic_streambuf@DU?$char_traits@D@std@@@1@_N@Z 000000014006a2f0     msvcprtd:MSVCP140D.dll
 0006:000002f8       __imp_??1?$basic_ostream@DU?$char_traits@D@std@@@std@@UEAA@XZ 000000014006a2f8     msvcprtd:MSVCP140D.dll
 0006:00000300       __imp_?_Osfx@?$basic_ostream@DU?$char_traits@D@std@@@std@@QEAAXXZ 000000014006a300     msvcprtd:MSVCP140D.dll
 0006:00000308       __imp_??6?$basic_ostream@DU?$char_traits@D@std@@@std@@QEAAAEAV01@P6AAEAV01@AEAV01@@Z@Z 000000014006a308     msvcprtd:MSVCP140D.dll
 0006:00000310       __imp_??6?$basic_ostream@DU?$char_traits@D@std@@@std@@QEAAAEAV01@G@Z 000000014006a310     msvcprtd:MSVCP140D.dll
 0006:00000318       __imp_??6?$basic_ostream@DU?$char_traits@D@std@@@std@@QEAAAEAV01@H@Z 000000014006a318     msvcprtd:MSVCP140D.dll
 0006:00000320       __imp_?put@?$basic_ostream@DU?$char_traits@D@std@@@std@@QEAAAEAV12@D@Z 000000014006a320     msvcprtd:MSVCP140D.dll
 0006:00000328       __imp_?flush@?$basic_ostream@DU?$char_traits@D@std@@@std@@QEAAAEAV12@XZ 000000014006a328     msvcprtd:MSVCP140D.dll
 0006:00000330       __imp_??0?$basic_istream@DU?$char_traits@D@std@@@std@@QEAA@PEAV?$basic_streambuf@DU?$char_traits@D@std@@@1@_N@Z 000000014006a330     msvcprtd:MSVCP140D.dll
 0006:00000338       __imp_??1?$basic_istream@DU?$char_traits@D@std@@@std@@UEAA@XZ 000000014006a338     msvcprtd:MSVCP140D.dll
 0006:00000340       __imp_?_Ipfx@?$basic_istream@DU?$char_traits@D@std@@@std@@QEAA_N_N@Z 000000014006a340     msvcprtd:MSVCP140D.dll
 0006:00000348       __imp_??0?$basic_iostream@DU?$char_traits@D@std@@@std@@QEAA@PEAV?$basic_streambuf@DU?$char_traits@D@std@@@1@@Z 000000014006a348     msvcprtd:MSVCP140D.dll
 0006:00000350       __imp_??1?$basic_iostream@DU?$char_traits@D@std@@@std@@UEAA@XZ 000000014006a350     msvcprtd:MSVCP140D.dll
 0006:00000358       __imp_?_Fiopen@std@@YAPEAU_iobuf@@PEBDHH@Z 000000014006a358     msvcprtd:MSVCP140D.dll
 0006:00000360       __imp_?_Random_device@std@@YAIXZ 000000014006a360     msvcprtd:MSVCP140D.dll
 0006:00000368       __imp_?_Lock@?$basic_streambuf@DU?$char_traits@D@std@@@std@@UEAAXXZ 000000014006a368     msvcprtd:MSVCP140D.dll
 0006:00000370       __imp_?_Unlock@?$basic_streambuf@DU?$char_traits@D@std@@@std@@UEAAXXZ 000000014006a370     msvcprtd:MSVCP140D.dll
 0006:00000378       __imp_?imbue@?$basic_streambuf@DU?$char_traits@D@std@@@std@@MEAAXAEBVlocale@2@@Z 000000014006a378     msvcprtd:MSVCP140D.dll
 0006:00000380       __imp_?setbuf@?$basic_streambuf@DU?$char_traits@D@std@@@std@@MEAAPEAV12@PEAD_J@Z 000000014006a380     msvcprtd:MSVCP140D.dll
 0006:00000388       __imp_?showmanyc@?$basic_streambuf@DU?$char_traits@D@std@@@std@@MEAA_JXZ 000000014006a388     msvcprtd:MSVCP140D.dll
 0006:00000390       __imp_?sync@?$basic_streambuf@DU?$char_traits@D@std@@@std@@MEAAHXZ 000000014006a390     msvcprtd:MSVCP140D.dll
 0006:00000398       __imp_?uflow@?$basic_streambuf@DU?$char_traits@D@std@@@std@@MEAAHXZ 000000014006a398     msvcprtd:MSVCP140D.dll
 0006:000003a0       __imp_?xsgetn@?$basic_streambuf@DU?$char_traits@D@std@@@std@@MEAA_JPEAD_J@Z 000000014006a3a0     msvcprtd:MSVCP140D.dll
 0006:000003a8       __imp_?xsputn@?$basic_streambuf@DU?$char_traits@D@std@@@std@@MEAA_JPEBD_J@Z 000000014006a3a8     msvcprtd:MSVCP140D.dll
 0006:000003b0       __imp_?_BADOFF@std@@3_JB   000000014006a3b0     msvcprtd:MSVCP140D.dll
 0006:000003b8       __imp_?id@?$ctype@D@std@@2V0locale@2@A 000000014006a3b8     msvcprtd:MSVCP140D.dll
 0006:000003c0       __imp_?id@?$codecvt@DDU_Mbstatet@@@std@@2V0locale@2@A 000000014006a3c0     msvcprtd:MSVCP140D.dll
 0006:000003c8       __imp_?cin@std@@3V?$basic_istream@DU?$char_traits@D@std@@@1@A 000000014006a3c8     msvcprtd:MSVCP140D.dll
 0006:000003d0       __imp_?cout@std@@3V?$basic_ostream@DU?$char_traits@D@std@@@1@A 000000014006a3d0     msvcprtd:MSVCP140D.dll
 0006:000003d8       __imp_?getloc@ios_base@std@@QEBA?AVlocale@2@XZ 000000014006a3d8     msvcprtd:MSVCP140D.dll
 0006:000003e0       __imp_?width@ios_base@std@@QEBA_JXZ 000000014006a3e0     msvcprtd:MSVCP140D.dll
 0006:000003e8       __imp_??0_Lockit@std@@QEAA@H@Z 000000014006a3e8     msvcprtd:MSVCP140D.dll
 0006:000003f0       __imp_??1_Lockit@std@@QEAA@XZ 000000014006a3f0     msvcprtd:MSVCP140D.dll
 0006:000003f8       __imp_?uncaught_exceptions@std@@YAHXZ 000000014006a3f8     msvcprtd:MSVCP140D.dll
 0006:00000400       __imp_?_Debug_message@std@@YAXPEB_W0I@Z 000000014006a400     msvcprtd:MSVCP140D.dll
 0006:00000408       __imp_?_Xbad_alloc@std@@YAXXZ 000000014006a408     msvcprtd:MSVCP140D.dll
 0006:00000410       __imp_?_Xlength_error@std@@YAXPEBD@Z 000000014006a410     msvcprtd:MSVCP140D.dll
 0006:00000418       __imp_?_Xout_of_range@std@@YAXPEBD@Z 000000014006a418     msvcprtd:MSVCP140D.dll
 0006:00000420       __imp_??Bid@locale@std@@QEAA_KXZ 000000014006a420     msvcprtd:MSVCP140D.dll
 0006:00000428       __imp_?_Getgloballocale@locale@std@@CAPEAV_Locimp@12@XZ 000000014006a428     msvcprtd:MSVCP140D.dll
 0006:00000430       __imp_?always_noconv@codecvt_base@std@@QEBA_NXZ 000000014006a430     msvcprtd:MSVCP140D.dll
 0006:00000438       __imp_?is@?$ctype@D@std@@QEBA_NFD@Z 000000014006a438     msvcprtd:MSVCP140D.dll
 0006:00000440       __imp_?_Getcat@?$ctype@D@std@@SA_KPEAPEBVfacet@locale@2@PEBV42@@Z 000000014006a440     msvcprtd:MSVCP140D.dll
 0006:00000448       __imp_?in@?$codecvt@DDU_Mbstatet@@@std@@QEBAHAEAU_Mbstatet@@PEBD1AEAPEBDPEAD3AEAPEAD@Z 000000014006a448     msvcprtd:MSVCP140D.dll
 0006:00000450       __imp_?out@?$codecvt@DDU_Mbstatet@@@std@@QEBAHAEAU_Mbstatet@@PEBD1AEAPEBDPEAD3AEAPEAD@Z 000000014006a450     msvcprtd:MSVCP140D.dll
 0006:00000458       __imp_?unshift@?$codecvt@DDU_Mbstatet@@@std@@QEBAHAEAU_Mbstatet@@PEAD1AEAPEAD@Z 000000014006a458     msvcprtd:MSVCP140D.dll
 0006:00000460       __imp_?_Getcat@?$codecvt@DDU_Mbstatet@@@std@@SA_KPEAPEBVfacet@locale@2@PEBV42@@Z 000000014006a460     msvcprtd:MSVCP140D.dll
 0006:00000468       __imp_?flags@ios_base@std@@QEBAHXZ 000000014006a468     msvcprtd:MSVCP140D.dll
 0006:00000470       __imp_?eof@ios_base@std@@QEBA_NXZ 000000014006a470     msvcprtd:MSVCP140D.dll
 0006:00000478       __imp_?good@ios_base@std@@QEBA_NXZ 000000014006a478     msvcprtd:MSVCP140D.dll
 0006:00000480       __imp_?fill@?$basic_ios@DU?$char_traits@D@std@@@std@@QEBADXZ 000000014006a480     msvcprtd:MSVCP140D.dll
 0006:00000488       \177MSVCP140D_NULL_THUNK_DATA 000000014006a488     msvcprtd:MSVCP140D.dll
 0006:00000560       __imp_LoadIconA            000000014006a560     user32:USER32.dll
 0006:00000568       \177USER32_NULL_THUNK_DATA 000000014006a568     user32:USER32.dll
 0006:000005c0       __imp___std_type_info_destroy_list 000000014006a5c0     vcruntimed:VCRUNTIME140D.dll
 0006:000005c8       __imp___C_specific_handler 000000014006a5c8     vcruntimed:VCRUNTIME140D.dll
 0006:000005d0       __imp___CxxFrameHandler3   000000014006a5d0     vcruntimed:VCRUNTIME140D.dll
 0006:000005d8       __imp__CxxThrowException   000000014006a5d8     vcruntimed:VCRUNTIME140D.dll
 0006:000005e0       __imp___std_exception_destroy 000000014006a5e0     vcruntimed:VCRUNTIME140D.dll
 0006:000005e8       __imp___vcrt_GetModuleHandleW 000000014006a5e8     vcruntimed:VCRUNTIME140D.dll
 0006:000005f0       __imp_memset               000000014006a5f0     vcruntimed:VCRUNTIME140D.dll
 0006:000005f8       __imp_memmove              000000014006a5f8     vcruntimed:VCRUNTIME140D.dll
 0006:00000600       __imp_memcpy               000000014006a600     vcruntimed:VCRUNTIME140D.dll
 0006:00000608       __imp_memcmp               000000014006a608     vcruntimed:VCRUNTIME140D.dll
 0006:00000610       __imp_memchr               000000014006a610     vcruntimed:VCRUNTIME140D.dll
 0006:00000618       __imp___vcrt_LoadLibraryExW 000000014006a618     vcruntimed:VCRUNTIME140D.dll
 0006:00000620       __imp___vcrt_GetModuleFileNameW 000000014006a620     vcruntimed:VCRUNTIME140D.dll
 0006:00000628       __imp___std_exception_copy 000000014006a628     vcruntimed:VCRUNTIME140D.dll
 0006:00000630       \177VCRUNTIME140D_NULL_THUNK_DATA 000000014006a630     vcruntimed:VCRUNTIME140D.dll
 0006:00000698       __imp_PlaySoundA           000000014006a698     winmm:WINMM.dll
 0006:000006a0       \177WINMM_NULL_THUNK_DATA  000000014006a6a0     winmm:WINMM.dll
 0006:000006f8       __imp_setlocale            000000014006a6f8     ucrtd:ucrtbased.dll
 0006:00000700       __imp__access              000000014006a700     ucrtd:ucrtbased.dll
 0006:00000708       __imp__free_dbg            000000014006a708     ucrtd:ucrtbased.dll
 0006:00000710       __imp__malloc_dbg          000000014006a710     ucrtd:ucrtbased.dll
 0006:00000718       __imp_terminate            000000014006a718     ucrtd:ucrtbased.dll
 0006:00000720       __imp__callnewh            000000014006a720     ucrtd:ucrtbased.dll
 0006:00000728       __imp_malloc               000000014006a728     ucrtd:ucrtbased.dll
 0006:00000730       __imp__aligned_malloc      000000014006a730     ucrtd:ucrtbased.dll
 0006:00000738       __imp__seh_filter_dll      000000014006a738     ucrtd:ucrtbased.dll
 0006:00000740       __imp__configure_narrow_argv 000000014006a740     ucrtd:ucrtbased.dll
 0006:00000748       __imp__initialize_narrow_environment 000000014006a748     ucrtd:ucrtbased.dll
 0006:00000750       __imp__initialize_onexit_table 000000014006a750     ucrtd:ucrtbased.dll
 0006:00000758       __imp__register_onexit_function 000000014006a758     ucrtd:ucrtbased.dll
 0006:00000760       __imp__execute_onexit_table 000000014006a760     ucrtd:ucrtbased.dll
 0006:00000768       __imp__crt_atexit          000000014006a768     ucrtd:ucrtbased.dll
 0006:00000770       __imp__crt_at_quick_exit   000000014006a770     ucrtd:ucrtbased.dll
 0006:00000778       __imp__cexit               000000014006a778     ucrtd:ucrtbased.dll
 0006:00000780       __imp__CrtDbgReport        000000014006a780     ucrtd:ucrtbased.dll
 0006:00000788       __imp__seh_filter_exe      000000014006a788     ucrtd:ucrtbased.dll
 0006:00000790       __imp__set_app_type        000000014006a790     ucrtd:ucrtbased.dll
 0006:00000798       __imp___setusermatherr     000000014006a798     ucrtd:ucrtbased.dll
 0006:000007a0       __imp__get_initial_narrow_environment 000000014006a7a0     ucrtd:ucrtbased.dll
 0006:000007a8       __imp__initterm            000000014006a7a8     ucrtd:ucrtbased.dll
 0006:000007b0       __imp__initterm_e          000000014006a7b0     ucrtd:ucrtbased.dll
 0006:000007b8       __imp_exit                 000000014006a7b8     ucrtd:ucrtbased.dll
 0006:000007c0       __imp__exit                000000014006a7c0     ucrtd:ucrtbased.dll
 0006:000007c8       __imp__set_fmode           000000014006a7c8     ucrtd:ucrtbased.dll
 0006:000007d0       __imp___p___argc           000000014006a7d0     ucrtd:ucrtbased.dll
 0006:000007d8       __imp___p___argv           000000014006a7d8     ucrtd:ucrtbased.dll
 0006:000007e0       __imp__c_exit              000000014006a7e0     ucrtd:ucrtbased.dll
 0006:000007e8       __imp__register_thread_local_exe_atexit_callback 000000014006a7e8     ucrtd:ucrtbased.dll
 0006:000007f0       __imp__configthreadlocale  000000014006a7f0     ucrtd:ucrtbased.dll
 0006:000007f8       __imp__set_new_mode        000000014006a7f8     ucrtd:ucrtbased.dll
 0006:00000800       __imp___p__commode         000000014006a800     ucrtd:ucrtbased.dll
 0006:00000808       __imp__aligned_free        000000014006a808     ucrtd:ucrtbased.dll
 0006:00000810       __imp_strcpy_s             000000014006a810     ucrtd:ucrtbased.dll
 0006:00000818       __imp_strcat_s             000000014006a818     ucrtd:ucrtbased.dll
 0006:00000820       __imp___stdio_common_vsprintf_s 000000014006a820     ucrtd:ucrtbased.dll
 0006:00000828       __imp__wmakepath_s         000000014006a828     ucrtd:ucrtbased.dll
 0006:00000830       __imp__wsplitpath_s        000000014006a830     ucrtd:ucrtbased.dll
 0006:00000838       __imp_wcscpy_s             000000014006a838     ucrtd:ucrtbased.dll
 0006:00000840       __imp__CrtDbgReportW       000000014006a840     ucrtd:ucrtbased.dll
 0006:00000848       __imp_strlen               000000014006a848     ucrtd:ucrtbased.dll
 0006:00000850       __imp__unlock_file         000000014006a850     ucrtd:ucrtbased.dll
 0006:00000858       __imp__lock_file           000000014006a858     ucrtd:ucrtbased.dll
 0006:00000860       __imp_ungetc               000000014006a860     ucrtd:ucrtbased.dll
 0006:00000868       __imp_setvbuf              000000014006a868     ucrtd:ucrtbased.dll
 0006:00000870       __imp_remove               000000014006a870     ucrtd:ucrtbased.dll
 0006:00000878       __imp_fwrite               000000014006a878     ucrtd:ucrtbased.dll
 0006:00000880       __imp__fseeki64            000000014006a880     ucrtd:ucrtbased.dll
 0006:00000888       __imp_fsetpos              000000014006a888     ucrtd:ucrtbased.dll
 0006:00000890       __imp_fputc                000000014006a890     ucrtd:ucrtbased.dll
 0006:00000898       __imp_fgetpos              000000014006a898     ucrtd:ucrtbased.dll
 0006:000008a0       __imp_fgetc                000000014006a8a0     ucrtd:ucrtbased.dll
 0006:000008a8       __imp_fflush               000000014006a8a8     ucrtd:ucrtbased.dll
 0006:000008b0       __imp_fclose               000000014006a8b0     ucrtd:ucrtbased.dll
 0006:000008b8       __imp__get_stream_buffer_pointers 000000014006a8b8     ucrtd:ucrtbased.dll
 0006:000008c0       __imp_system               000000014006a8c0     ucrtd:ucrtbased.dll
 0006:000008c8       __imp_atoi                 000000014006a8c8     ucrtd:ucrtbased.dll
 0006:000008d0       __imp_rand                 000000014006a8d0     ucrtd:ucrtbased.dll
 0006:000008d8       __imp_srand                000000014006a8d8     ucrtd:ucrtbased.dll
 0006:000008e0       __imp__errno               000000014006a8e0     ucrtd:ucrtbased.dll
 0006:000008e8       __imp__time64              000000014006a8e8     ucrtd:ucrtbased.dll
 0006:000008f0       __imp__invalid_parameter_noinfo 000000014006a8f0     ucrtd:ucrtbased.dll
 0006:000008f8       __imp__invalid_parameter   000000014006a8f8     ucrtd:ucrtbased.dll
 0006:00000900       \177ucrtbased_NULL_THUNK_DATA 000000014006a900     ucrtd:ucrtbased.dll
 0006:000009c0       __imp_URLDownloadToFileA   000000014006a9c0     urlmon:urlmon.dll
 0006:000009c8       \177urlmon_NULL_THUNK_DATA 000000014006a9c8     urlmon:urlmon.dll
 0006:00000a20       __IMPORT_DESCRIPTOR_WINMM  000000014006aa20     winmm:WINMM.dll
 0006:00000a34       __IMPORT_DESCRIPTOR_KERNEL32 000000014006aa34     kernel32:KERNEL32.dll
 0006:00000a48       __IMPORT_DESCRIPTOR_USER32 000000014006aa48     user32:USER32.dll
 0006:00000a5c       __IMPORT_DESCRIPTOR_MSVCP140D 000000014006aa5c     msvcprtd:MSVCP140D.dll
 0006:00000a70       __IMPORT_DESCRIPTOR_urlmon 000000014006aa70     urlmon:urlmon.dll
 0006:00000a84       __IMPORT_DESCRIPTOR_VCRUNTIME140D 000000014006aa84     vcruntimed:VCRUNTIME140D.dll
 0006:00000a98       __IMPORT_DESCRIPTOR_ucrtbased 000000014006aa98     ucrtd:ucrtbased.dll
 0006:00000aac       __NULL_IMPORT_DESCRIPTOR   000000014006aaac     winmm:WINMM.dll
 0007:00000000       __guard_check_icall_fptr   000000014006e000     MSVCRTD:guard_support.obj
 0007:00000010       __guard_dispatch_icall_fptr 000000014006e010     MSVCRTD:guard_support.obj
 0007:00000020       __guard_ss_verify_failure_fptr 000000014006e020     MSVCRTD:guard_support.obj
 0007:00000030       __guard_ss_verify_sp_fptr  000000014006e030     MSVCRTD:guard_support.obj
