 Ruletka

 Timestamp is 5a27c94c (Wed Dec  6 11:41:16 2017)

 Preferred load address is 00400000

 Start         Length     Name                   Class
 0001:00000000 00000020H .text$di                CODE
 0001:00000020 0000a6f0H .text$mn                CODE
 0001:0000a710 00000980H .text$x                 CODE
 0001:0000b090 00000070H .text$yd                CODE
 0002:00000000 0000026cH .idata$5                DATA
 0002:0000026c 00000004H .00cfg                  DATA
 0002:00000270 00000004H .CRT$XCA                DATA
 0002:00000274 00000004H .CRT$XCAA               DATA
 0002:00000278 00000004H .CRT$XCL                DATA
 0002:0000027c 00000004H .CRT$XCU                DATA
 0002:00000280 00000004H .CRT$XCZ                DATA
 0002:00000284 00000004H .CRT$XIA                DATA
 0002:00000288 00000004H .CRT$XIAA               DATA
 0002:0000028c 00000004H .CRT$XIAC               DATA
 0002:00000290 00000004H .CRT$XIZ                DATA
 0002:00000294 00000004H .CRT$XPA                DATA
 0002:00000298 00000004H .CRT$XPZ                DATA
 0002:0000029c 00000004H .CRT$XTA                DATA
 0002:000002a0 00000010H .CRT$XTZ                DATA
 0002:000002a4 00000000H .gfids$y                DATA
 0002:000002b0 000014f8H .rdata                  DATA
 0002:000017a8 000005d8H .rdata$r                DATA
 0002:00001d80 00000068H .rdata$sxdata           DATA
 0002:00001de8 00000368H .rdata$zzzdbg           DATA
 0002:00002150 00000004H .rtc$IAA                DATA
 0002:00002154 00000004H .rtc$IZZ                DATA
 0002:00002158 00000004H .rtc$TAA                DATA
 0002:0000215c 00000004H .rtc$TZZ                DATA
 0002:00002160 00000934H .xdata$x                DATA
 0002:00002a94 00000000H .edata                  DATA
 0002:00002a94 00000118H .idata$2                DATA
 0002:00002bac 00000014H .idata$3                DATA
 0002:00002bc0 0000026cH .idata$4                DATA
 0002:00002e2c 0000147cH .idata$6                DATA
 0003:00000000 00000068H .data                   DATA
 0003:00000068 00000390H .data$r                 DATA
 0003:000003f8 00000398H .bss                    DATA
 0004:00000000 00000060H .rsrc$01                DATA
 0004:00000060 00000180H .rsrc$02                DATA

  Address         Publics by Value              Rva+Base       Lib:Object

 0000:00000000       ___guard_longjmp_count     00000000     <absolute>
 0000:00000000       ___guard_fids_count        00000000     <absolute>
 0000:00000000       ___hybrid_code_map         00000000     <absolute>
 0000:00000000       ___enclave_config          00000000     <absolute>
 0000:00000000       ___guard_longjmp_table     00000000     <absolute>
 0000:00000000       ___dynamic_value_reloc_table 00000000     <absolute>
 0000:00000000       ___guard_iat_table         00000000     <absolute>
 0000:00000000       ___guard_iat_count         00000000     <absolute>
 0000:00000000       ___hybrid_auxiliary_iat    00000000     <absolute>
 0000:00000000       ___guard_fids_table        00000000     <absolute>
 0000:00000000       ___hybrid_code_map_count   00000000     <absolute>
 0000:0000001a       ___safe_se_handler_count   0000001a     <absolute>
 0000:00000100       ___guard_flags             00000100     <absolute>
 0000:00000000       ___ImageBase               00400000     <linker-defined>
 0001:00000020       ??0exception@std@@QAE@ABV01@@Z 00401020 f i main.obj
 0001:00000050       ?what@exception@std@@UBEPBDXZ 00401050 f i main.obj
 0001:00000060       ??_Ebad_cast@std@@UAEPAXI@Z 00401060 f i * CIL library *:* CIL module *
 0001:00000060       ??_Gexception@std@@UAEPAXI@Z 00401060 f i main.obj
 0001:00000060       ??_Gbad_cast@std@@UAEPAXI@Z 00401060 f i main.obj
 0001:00000060       ??_Eexception@std@@UAEPAXI@Z 00401060 f i * CIL library *:* CIL module *
 0001:000000a0       ??0bad_cast@std@@QAE@XZ    004010a0 f i main.obj
 0001:000000c0       ??1bad_cast@std@@UAE@XZ    004010c0 f i main.obj
 0001:000000e0       ??1locale@std@@QAE@XZ      004010e0 f i main.obj
 0001:00000130       _main                      00401130 f   main.obj
 0001:000004f0       ??_D?$basic_ofstream@DU?$char_traits@D@std@@@std@@QAEXXZ 004014f0 f i main.obj
 0001:00000530       ??_D?$basic_fstream@DU?$char_traits@D@std@@@std@@QAEXXZ 00401530 f i main.obj
 0001:00000570       ?Obstaw@@YA?AV?$basic_string@DU?$char_traits@D@std@@V?$allocator@D@2@@std@@XZ 00401570 f   main.obj
 0001:00000ba0       ?Wczytaj_KwotÍ_Zak≥adu@@YAXAAHABH@Z 00401ba0 f   main.obj
 0001:00000d90       ?ZakrÍÊ_Ruletkπ@@YAHXZ     00401d90 f   main.obj
 0001:00001130       ?Sprawdü_Zak≥ad@@YAHABHV?$basic_string@DU?$char_traits@D@std@@V?$allocator@D@2@@std@@0@Z 00402130 f   main.obj
 0001:000014b0       ?Czy_KontynuowaÊ@@YA_NABH@Z 004024b0 f   main.obj
 0001:000016e0       ?Odczytaj_liczbÍ@@YAXABHABV?$basic_string@DU?$char_traits@D@std@@V?$allocator@D@2@@std@@@Z 004026e0 f   main.obj
 0001:00001cd0       ??_D?$basic_stringstream@DU?$char_traits@D@std@@V?$allocator@D@2@@std@@QAEXXZ 00402cd0 f i main.obj
 0001:00001d10       ?__autoclassinit2@?$basic_stringstream@DU?$char_traits@D@std@@V?$allocator@D@2@@std@@QAEXI@Z 00402d10 f i main.obj
 0001:00001d30       ?Wczytaj_z_pliku@@YAXAAV?$basic_ofstream@DU?$char_traits@D@std@@@std@@AAV?$basic_fstream@DU?$char_traits@D@std@@@2@AADAAH33AAV?$basic_string@DU?$char_traits@D@std@@V?$allocator@D@2@@2@@Z 00402d30 f   main.obj
 0001:00002970       ?Sprawdü_Pliki@@YAXXZ      00403970 f   main.obj
 0001:000041b0       ?Sprawdü_ustawienia@@YAXXZ 004051b0 f   main.obj
 0001:00004b20       ??_D?$basic_ifstream@DU?$char_traits@D@std@@@std@@QAEXXZ 00405b20 f i main.obj
 0001:00004b60       ?Og≥oú_wynik@@YAXABH0AAHAAV?$basic_ofstream@DU?$char_traits@D@std@@@std@@AAV?$basic_fstream@DU?$char_traits@D@std@@@2@@Z 00405b60 f   main.obj
 0001:00004f30       ?Koniec_gry@@YAXAAV?$basic_ofstream@DU?$char_traits@D@std@@@std@@AAV?$basic_fstream@DU?$char_traits@D@std@@@2@AAH@Z 00405f30 f   main.obj
 0001:00005150       ?PÍtla_g≥Ûwna@@YAXAAH00AAV?$basic_ofstream@DU?$char_traits@D@std@@@std@@AAV?$basic_fstream@DU?$char_traits@D@std@@@2@AADAAV?$basic_string@DU?$char_traits@D@std@@V?$allocator@D@2@@2@0@Z 00406150 f   main.obj
 0001:00005590       ?Ustaw_ustawienia@@YAXAAV?$basic_string@DU?$char_traits@D@std@@V?$allocator@D@2@@std@@@Z 00406590 f   main.obj
 0001:00005bc0       ?find@?$basic_string@DU?$char_traits@D@std@@V?$allocator@D@2@@std@@QBEIQBDI@Z 00406bc0 f i main.obj
 0001:00005cd0       ?c_str@?$basic_string@DU?$char_traits@D@std@@V?$allocator@D@2@@std@@QBEPBDXZ 00406cd0 f i main.obj
 0001:00005ce0       ?erase@?$basic_string@DU?$char_traits@D@std@@V?$allocator@D@2@@std@@QAEAAV12@II@Z 00406ce0 f i main.obj
 0001:00005d40       ??Y?$basic_string@DU?$char_traits@D@std@@V?$allocator@D@2@@std@@QAEAAV01@QBD@Z 00406d40 f i main.obj
 0001:00005db0       ??1?$basic_string@DU?$char_traits@D@std@@V?$allocator@D@2@@std@@QAE@XZ 00406db0 f i main.obj
 0001:00005e10       ??0?$basic_string@DU?$char_traits@D@std@@V?$allocator@D@2@@std@@QAE@ABV01@@Z 00406e10 f i main.obj
 0001:00005ee0       ?close@?$basic_fstream@DU?$char_traits@D@std@@@std@@QAEXXZ 00406ee0 f i main.obj
 0001:00005f60       ??0?$basic_ofstream@DU?$char_traits@D@std@@@std@@QAE@XZ 00406f60 f i main.obj
 0001:00006040       ?imbue@?$basic_filebuf@DU?$char_traits@D@std@@@std@@MAEXABVlocale@2@@Z 00407040 f i main.obj
 0001:00006080       ?sync@?$basic_filebuf@DU?$char_traits@D@std@@@std@@MAEHXZ 00407080 f i main.obj
 0001:000060b0       ?setbuf@?$basic_filebuf@DU?$char_traits@D@std@@@std@@MAEPAV?$basic_streambuf@DU?$char_traits@D@std@@@2@PAD_J@Z 004070b0 f i main.obj
 0001:000061a0       ?seekpos@?$basic_filebuf@DU?$char_traits@D@std@@@std@@MAE?AV?$fpos@U_Mbstatet@@@2@V32@H@Z 004071a0 f i main.obj
 0001:000062b0       ?seekoff@?$basic_filebuf@DU?$char_traits@D@std@@@std@@MAE?AV?$fpos@U_Mbstatet@@@2@_JHH@Z 004072b0 f i main.obj
 0001:000063d0       ?uflow@?$basic_filebuf@DU?$char_traits@D@std@@@std@@MAEHXZ 004073d0 f i main.obj
 0001:00006670       ?underflow@?$basic_filebuf@DU?$char_traits@D@std@@@std@@MAEHXZ 00407670 f i main.obj
 0001:000066b0       ?pbackfail@?$basic_filebuf@DU?$char_traits@D@std@@@std@@MAEHH@Z 004076b0 f i main.obj
 0001:00006760       ?overflow@?$basic_filebuf@DU?$char_traits@D@std@@@std@@MAEHH@Z 00407760 f i main.obj
 0001:000069d0       ?_Unlock@?$basic_filebuf@DU?$char_traits@D@std@@@std@@UAEXXZ 004079d0 f i main.obj
 0001:000069e0       ?_Lock@?$basic_filebuf@DU?$char_traits@D@std@@@std@@UAEXXZ 004079e0 f i main.obj
 0001:000069f0       ??1?$basic_filebuf@DU?$char_traits@D@std@@@std@@UAE@XZ 004079f0 f i main.obj
 0001:00006ab0       ?str@?$basic_stringstream@DU?$char_traits@D@std@@V?$allocator@D@2@@std@@QBE?AV?$basic_string@DU?$char_traits@D@std@@V?$allocator@D@2@@2@XZ 00407ab0 f i main.obj
 0001:00006ad0       ??0?$basic_stringstream@DU?$char_traits@D@std@@V?$allocator@D@2@@std@@QAE@H@Z 00407ad0 f i main.obj
 0001:00006b90       ?seekpos@?$basic_stringbuf@DU?$char_traits@D@std@@V?$allocator@D@2@@std@@MAE?AV?$fpos@U_Mbstatet@@@2@V32@H@Z 00407b90 f i main.obj
 0001:00006cd0       ?seekoff@?$basic_stringbuf@DU?$char_traits@D@std@@V?$allocator@D@2@@std@@MAE?AV?$fpos@U_Mbstatet@@@2@_JHH@Z 00407cd0 f i main.obj
 0001:00006ea0       ?underflow@?$basic_stringbuf@DU?$char_traits@D@std@@V?$allocator@D@2@@std@@MAEHXZ 00407ea0 f i main.obj
 0001:00006f00       ?pbackfail@?$basic_stringbuf@DU?$char_traits@D@std@@V?$allocator@D@2@@std@@MAEHH@Z 00407f00 f i main.obj
 0001:00006f60       ?overflow@?$basic_stringbuf@DU?$char_traits@D@std@@V?$allocator@D@2@@std@@MAEHH@Z 00407f60 f i main.obj
 0001:00007130       ??1?$basic_stringbuf@DU?$char_traits@D@std@@V?$allocator@D@2@@std@@UAE@XZ 00408130 f i main.obj
 0001:000071e0       __initialize_denormal_control 004081e0 f i MSVCRT:denormal_control.obj
 0001:000071e0       @_guard_check_icall_nop@4  004081e0 f i MSVCRT:guard_support.obj
 0001:000071e0       ?_Orphan_all@?$_String_alloc@U?$_String_base_types@DV?$allocator@D@std@@@std@@@std@@QAEXXZ 004081e0 f i main.obj
 0001:000071e0       ??1?$_String_alloc@U?$_String_base_types@DV?$allocator@D@std@@@std@@@std@@QAE@XZ 004081e0 f i main.obj
 0001:000071e0       __initialize_invalid_parameter_handler 004081e0 f i MSVCRT:invalid_parameter_handler.obj
 0001:000071f0       ??_G?$basic_fstream@DU?$char_traits@D@std@@@std@@UAEPAXI@Z 004081f0 f i main.obj
 0001:000071f0       ??_E?$basic_fstream@DU?$char_traits@D@std@@@std@@UAEPAXI@Z 004081f0 f i * CIL library *:* CIL module *
 0001:00007250       ??_G?$basic_ofstream@DU?$char_traits@D@std@@@std@@UAEPAXI@Z 00408250 f i main.obj
 0001:00007250       ??_E?$basic_ofstream@DU?$char_traits@D@std@@@std@@UAEPAXI@Z 00408250 f i * CIL library *:* CIL module *
 0001:000072b0       ??_E?$basic_ifstream@DU?$char_traits@D@std@@@std@@UAEPAXI@Z 004082b0 f i * CIL library *:* CIL module *
 0001:000072b0       ??_G?$basic_ifstream@DU?$char_traits@D@std@@@std@@UAEPAXI@Z 004082b0 f i main.obj
 0001:00007310       ??_G?$basic_filebuf@DU?$char_traits@D@std@@@std@@UAEPAXI@Z 00408310 f i main.obj
 0001:00007310       ??_E?$basic_filebuf@DU?$char_traits@D@std@@@std@@UAEPAXI@Z 00408310 f i * CIL library *:* CIL module *
 0001:00007340       ??_G?$basic_stringstream@DU?$char_traits@D@std@@V?$allocator@D@2@@std@@UAEPAXI@Z 00408340 f i main.obj
 0001:00007340       ??_E?$basic_stringstream@DU?$char_traits@D@std@@V?$allocator@D@2@@std@@UAEPAXI@Z 00408340 f i * CIL library *:* CIL module *
 0001:000073a0       ??_E?$basic_stringbuf@DU?$char_traits@D@std@@V?$allocator@D@2@@std@@UAEPAXI@Z 004083a0 f i * CIL library *:* CIL module *
 0001:000073a0       ??_G?$basic_stringbuf@DU?$char_traits@D@std@@V?$allocator@D@2@@std@@UAEPAXI@Z 004083a0 f i main.obj
 0001:000073d0       ??1sentry@?$basic_ostream@DU?$char_traits@D@std@@@std@@QAE@XZ 004083d0 f i main.obj
 0001:00007440       ?assign@?$basic_string@DU?$char_traits@D@std@@V?$allocator@D@2@@std@@QAEAAV12@ID@Z 00408440 f i main.obj
 0001:00007560       ?assign@?$basic_string@DU?$char_traits@D@std@@V?$allocator@D@2@@std@@QAEAAV12@QBDI@Z 00408560 f i main.obj
 0001:000076b0       ?_Reset_back@?$basic_filebuf@DU?$char_traits@D@std@@@std@@AAEXXZ 004086b0 f i main.obj
 0001:000076e0       ?_Endwrite@?$basic_filebuf@DU?$char_traits@D@std@@@std@@IAE_NXZ 004086e0 f i main.obj
 0001:000078a0       ?open@?$basic_filebuf@DU?$char_traits@D@std@@@std@@QAEPAV12@PBDHH@Z 004088a0 f i main.obj
 0001:000079f0       ?str@?$basic_stringbuf@DU?$char_traits@D@std@@V?$allocator@D@2@@std@@QBE?AV?$basic_string@DU?$char_traits@D@std@@V?$allocator@D@2@@2@XZ 004089f0 f i main.obj
 0001:00007b10       ?allocate@?$allocator@D@std@@QAEPADI@Z 00408b10 f i main.obj
 0001:00007b70       ?deallocate@?$allocator@D@std@@QAEXQADI@Z 00408b70 f i main.obj
 0001:00007bb0       ??1_Sentry_base@?$basic_ostream@DU?$char_traits@D@std@@@std@@QAE@XZ 00408bb0 f i main.obj
 0001:00007bb0       ??1_Sentry_base@?$basic_istream@DU?$char_traits@D@std@@@std@@QAE@XZ 00408bb0 f i main.obj
 0001:00007c00       ?_Xran@?$_String_val@U?$_Simple_types@D@std@@@std@@SAXXZ 00408c00 f i main.obj
 0001:00007c10       ??$use_facet@V?$ctype@D@std@@@std@@YAABV?$ctype@D@0@ABVlocale@0@@Z 00408c10 f i main.obj
 0001:00007d10       ??$?6U?$char_traits@D@std@@@std@@YAAAV?$basic_ostream@DU?$char_traits@D@std@@@0@AAV10@PBD@Z 00408d10 f i main.obj
 0001:00007f30       ??$endl@DU?$char_traits@D@std@@@std@@YAAAV?$basic_ostream@DU?$char_traits@D@std@@@0@AAV10@@Z 00408f30 f i main.obj
 0001:00007f60       ??$?8DU?$char_traits@D@std@@V?$allocator@D@1@@std@@YA_NABV?$basic_string@DU?$char_traits@D@std@@V?$allocator@D@2@@0@QBD@Z 00408f60 f i main.obj
 0001:00007ff0       ??$?HDU?$char_traits@D@std@@V?$allocator@D@1@@std@@YA?AV?$basic_string@DU?$char_traits@D@std@@V?$allocator@D@2@@0@$$QAV10@0@Z 00408ff0 f i main.obj
 0001:000080e0       ??$?HDU?$char_traits@D@std@@V?$allocator@D@1@@std@@YA?AV?$basic_string@DU?$char_traits@D@std@@V?$allocator@D@2@@0@ABV10@$$QAV10@@Z 004090e0 f i main.obj
 0001:00008130       ??$?HDU?$char_traits@D@std@@V?$allocator@D@1@@std@@YA?AV?$basic_string@DU?$char_traits@D@std@@V?$allocator@D@2@@0@ABV10@0@Z 00409130 f i main.obj
 0001:00008270       ??$?HDU?$char_traits@D@std@@V?$allocator@D@1@@std@@YA?AV?$basic_string@DU?$char_traits@D@std@@V?$allocator@D@2@@0@$$QAV10@QBD@Z 00409270 f i main.obj
 0001:00008310       ??$?HDU?$char_traits@D@std@@V?$allocator@D@1@@std@@YA?AV?$basic_string@DU?$char_traits@D@std@@V?$allocator@D@2@@0@ABV10@QBD@Z 00409310 f i main.obj
 0001:00008470       ??$?HDU?$char_traits@D@std@@V?$allocator@D@1@@std@@YA?AV?$basic_string@DU?$char_traits@D@std@@V?$allocator@D@2@@0@QBDABV10@@Z 00409470 f i main.obj
 0001:000085a0       ??$use_facet@V?$codecvt@DDU_Mbstatet@@@std@@@std@@YAABV?$codecvt@DDU_Mbstatet@@@0@ABVlocale@0@@Z 004095a0 f i main.obj
 0001:00008ac0       ??0bad_cast@std@@QAE@ABV01@@Z 00409ac0 f i main.obj
 0001:00008b00       ?_Xlen@?$basic_string@DU?$char_traits@D@std@@V?$allocator@D@2@@std@@SAXXZ 00409b00 f i main.obj
 0001:00008b10       ?reserve@?$basic_string@DU?$char_traits@D@std@@V?$allocator@D@2@@std@@QAEXI@Z 00409b10 f i main.obj
 0001:00008bb0       ?insert@?$basic_string@DU?$char_traits@D@std@@V?$allocator@D@2@@std@@QAEAAV12@IABV12@@Z 00409bb0 f i main.obj
 0001:00008c70       ??$?5DU?$char_traits@D@std@@V?$allocator@D@1@@std@@YAAAV?$basic_istream@DU?$char_traits@D@std@@@0@$$QAV10@AAV?$basic_string@DU?$char_traits@D@std@@V?$allocator@D@2@@0@@Z 00409c70 f i main.obj
 0001:00008ea0       ??$getline@DU?$char_traits@D@std@@V?$allocator@D@2@@std@@YAAAV?$basic_istream@DU?$char_traits@D@std@@@0@$$QAV10@AAV?$basic_string@DU?$char_traits@D@std@@V?$allocator@D@2@@0@D@Z 00409ea0 f i main.obj
 0001:00009050       ??$_Insert_string@DU?$char_traits@D@std@@I@std@@YAAAV?$basic_ostream@DU?$char_traits@D@std@@@0@AAV10@QBDI@Z 0040a050 f i main.obj
 0001:000094d0       ??1sentry@?$basic_istream@DU?$char_traits@D@std@@@std@@QAE@XZ 0040a4d0 f i main.obj
 0001:0000951c       ??_E?$basic_stringstream@DU?$char_traits@D@std@@V?$allocator@D@2@@std@@$4PPPPPPPM@A@AEPAXI@Z 0040a51c f i main.obj
 0001:00009524       ??_E?$basic_ifstream@DU?$char_traits@D@std@@@std@@$4PPPPPPPM@A@AEPAXI@Z 0040a524 f i main.obj
 0001:0000952c       ??_E?$basic_ofstream@DU?$char_traits@D@std@@@std@@$4PPPPPPPM@A@AEPAXI@Z 0040a52c f i main.obj
 0001:00009534       ??_E?$basic_fstream@DU?$char_traits@D@std@@@std@@$4PPPPPPPM@A@AEPAXI@Z 0040a534 f i main.obj
 0001:0000953c       ??1_Fac_node@std@@QAE@XZ   0040a53c f i msvcprt:locale0_implib.obj
 0001:0000959b       ??1_Fac_tidy_reg_t@std@@QAE@XZ 0040a59b f i msvcprt:locale0_implib.obj
 0001:000095c2       ?_Facet_Register@std@@YAXPAV_Facet_base@1@@Z 0040a5c2 f   msvcprt:locale0_implib.obj
 0001:000095f0       ?_Lock@?$basic_streambuf@DU?$char_traits@D@std@@@std@@UAEXXZ 0040a5f0 f   msvcprt:MSVCP140.dll
 0001:000095f6       ?_Unlock@?$basic_streambuf@DU?$char_traits@D@std@@@std@@UAEXXZ 0040a5f6 f   msvcprt:MSVCP140.dll
 0001:000095fc       ?showmanyc@?$basic_streambuf@DU?$char_traits@D@std@@@std@@MAE_JXZ 0040a5fc f   msvcprt:MSVCP140.dll
 0001:00009602       ?uflow@?$basic_streambuf@DU?$char_traits@D@std@@@std@@MAEHXZ 0040a602 f   msvcprt:MSVCP140.dll
 0001:00009608       ?xsgetn@?$basic_streambuf@DU?$char_traits@D@std@@@std@@MAE_JPAD_J@Z 0040a608 f   msvcprt:MSVCP140.dll
 0001:0000960e       ?xsputn@?$basic_streambuf@DU?$char_traits@D@std@@@std@@MAE_JPBD_J@Z 0040a60e f   msvcprt:MSVCP140.dll
 0001:00009614       ?setbuf@?$basic_streambuf@DU?$char_traits@D@std@@@std@@MAEPAV12@PAD_J@Z 0040a614 f   msvcprt:MSVCP140.dll
 0001:0000961a       ?sync@?$basic_streambuf@DU?$char_traits@D@std@@@std@@MAEHXZ 0040a61a f   msvcprt:MSVCP140.dll
 0001:00009620       ?imbue@?$basic_streambuf@DU?$char_traits@D@std@@@std@@MAEXABVlocale@2@@Z 0040a620 f   msvcprt:MSVCP140.dll
 0001:00009626       @__security_check_cookie@4 0040a626 f   MSVCRT:_secchk_.obj
 0001:00009637       ??2@YAPAXI@Z               0040a637 f   MSVCRT:new_scalar.obj
 0001:000096ab       ___scrt_acquire_startup_lock 0040a6ab f   MSVCRT:utility.obj
 0001:000096e0       ___scrt_initialize_crt     0040a6e0 f   MSVCRT:utility.obj
 0001:00009719       ___scrt_initialize_onexit_tables 0040a719 f   MSVCRT:utility.obj
 0001:000097c3       ___scrt_is_nonwritable_in_current_image 0040a7c3 f   MSVCRT:utility.obj
 0001:0000984d       ___scrt_release_startup_lock 0040a84d f   MSVCRT:utility.obj
 0001:0000986a       ___scrt_uninitialize_crt   0040a86a f   MSVCRT:utility.obj
 0001:00009892       __onexit                   0040a892 f   MSVCRT:utility.obj
 0001:000098cd       _atexit                    0040a8cd f   MSVCRT:utility.obj
 0001:000098e2       ??3@YAXPAX@Z               0040a8e2 f   MSVCRT:delete_scalar.obj
 0001:000098e7       ??3@YAXPAXI@Z              0040a8e7 f   MSVCRT:delete_scalar_size.obj
 0001:000098f5       ??_Etype_info@@UAEPAXI@Z   0040a8f5 f i MSVCRT:std_type_info_static.obj
 0001:000098f5       ??_Gtype_info@@UAEPAXI@Z   0040a8f5 f i MSVCRT:std_type_info_static.obj
 0001:00009b44       _mainCRTStartup            0040ab44 f   MSVCRT:exe_main.obj
 0001:00009b4e       @_guard_check_icall@4      0040ab4e f i MSVCRT:checkcfg.obj
 0001:00009b54       ___raise_securityfailure   0040ab54 f   MSVCRT:gs_report.obj
 0001:00009b7c       ___report_gsfailure        0040ab7c f   MSVCRT:gs_report.obj
 0001:00009c77       ??0bad_alloc@std@@QAE@ABV01@@Z 0040ac77 f i MSVCRT:throw_bad_alloc.obj
 0001:00009c92       ??0bad_alloc@std@@QAE@XZ   0040ac92 f i MSVCRT:throw_bad_alloc.obj
 0001:00009caa       ??0bad_array_new_length@std@@QAE@ABV01@@Z 0040acaa f i MSVCRT:throw_bad_alloc.obj
 0001:00009cc5       ??0bad_array_new_length@std@@QAE@XZ 0040acc5 f i MSVCRT:throw_bad_alloc.obj
 0001:00009cdd       ??1bad_alloc@std@@UAE@XZ   0040acdd f i MSVCRT:throw_bad_alloc.obj
 0001:00009cdd       ??1bad_array_new_length@std@@UAE@XZ 0040acdd f i MSVCRT:throw_bad_alloc.obj
 0001:00009cee       ??_Ebad_alloc@std@@UAEPAXI@Z 0040acee f i MSVCRT:throw_bad_alloc.obj
 0001:00009cee       ??_Gbad_array_new_length@std@@UAEPAXI@Z 0040acee f i MSVCRT:throw_bad_alloc.obj
 0001:00009cee       ??_Ebad_array_new_length@std@@UAEPAXI@Z 0040acee f i MSVCRT:throw_bad_alloc.obj
 0001:00009cee       ??_Gbad_alloc@std@@UAEPAXI@Z 0040acee f i MSVCRT:throw_bad_alloc.obj
 0001:00009d1b       ?__scrt_throw_std_bad_alloc@@YAXXZ 0040ad1b f   MSVCRT:throw_bad_alloc.obj
 0001:00009d38       ?__scrt_throw_std_bad_array_new_length@@YAXXZ 0040ad38 f   MSVCRT:throw_bad_alloc.obj
 0001:00009d55       ___isa_available_init      0040ad55 f   MSVCRT:_cpu_disp_.obj
 0001:00009ef4       __get_startup_argv_mode    0040aef4 f   MSVCRT:argv_mode.obj
 0001:00009ef8       ___scrt_is_ucrt_dll_in_use 0040aef8 f   MSVCRT:ucrt_detection.obj
 0001:00009f07       ___scrt_fastfail           0040af07 f   MSVCRT:utility_desktop.obj
 0001:0000a023       ___scrt_is_managed_app     0040b023 f   MSVCRT:utility_desktop.obj
 0001:0000a067       ___scrt_set_unhandled_exception_filter 0040b067 f   MSVCRT:utility_desktop.obj
 0001:0000a073       ___scrt_unhandled_exception_filter@4 0040b073 f   MSVCRT:utility_desktop.obj
 0001:0000a0b4       __crt_debugger_hook        0040b0b4 f   MSVCRT:utility_desktop.obj
 0001:0000a0c0       __SEH_prolog4              0040b0c0 f   MSVCRT:_sehprolg4_.obj
 0001:0000a106       __SEH_epilog4              0040b106 f   MSVCRT:_sehprolg4_.obj
 0001:0000a11b       __except_handler4          0040b11b f   MSVCRT:_chandler4gs_.obj
 0001:0000a18d       ___security_init_cookie    0040b18d f   MSVCRT:gs_support.obj
 0001:0000a1e0       __get_startup_thread_locale_mode 0040b1e0 f   MSVCRT:thread_locale.obj
 0001:0000a1e0       __get_startup_new_mode     0040b1e0 f   MSVCRT:new_mode.obj
 0001:0000a1e0       ___scrt_initialize_winrt   0040b1e0 f   MSVCRT:utility_desktop.obj
 0001:0000a1e0       __get_startup_commit_mode  0040b1e0 f   MSVCRT:commit_mode.obj
 0001:0000a1e0       __matherr                  0040b1e0 f   MSVCRT:matherr.obj
 0001:0000a1e3       __get_startup_file_mode    0040b1e3 f   MSVCRT:file_mode.obj
 0001:0000a1e9       ?__scrt_initialize_type_info@@YAXXZ 0040b1e9 f   MSVCRT:tncleanup.obj
 0001:0000a1f5       __should_initialize_environment 0040b1f5 f   MSVCRT:env_mode.obj
 0001:0000a1f5       ___scrt_stub_for_acrt_uninitialize 0040b1f5 f   MSVCRT:ucrt_stubs.obj
 0001:0000a1f5       ___scrt_stub_for_acrt_initialize 0040b1f5 f   MSVCRT:ucrt_stubs.obj
 0001:0000a1f5       ___vcrt_uninitialize       0040b1f5 f   MSVCRT:ucrt_stubs.obj
 0001:0000a1f5       ___acrt_initialize         0040b1f5 f   MSVCRT:ucrt_stubs.obj
 0001:0000a1f5       ___vcrt_initialize         0040b1f5 f   MSVCRT:ucrt_stubs.obj
 0001:0000a1f5       ___acrt_uninitialize       0040b1f5 f   MSVCRT:ucrt_stubs.obj
 0001:0000a1f8       __initialize_default_precision 0040b1f8 f   MSVCRT:default_precision.obj
 0001:0000a219       ___local_stdio_printf_options 0040b219 f i MSVCRT:default_local_stdio_options.obj
 0001:0000a21f       ___local_stdio_scanf_options 0040b21f f i MSVCRT:default_local_stdio_options.obj
 0001:0000a225       ___scrt_initialize_default_local_stdio_options 0040b225 f   MSVCRT:default_local_stdio_options.obj
 0001:0000a242       ___scrt_is_user_matherr_present 0040b242 f   MSVCRT:matherr_detection.obj
 0001:0000a24e       ___scrt_get_dyn_tls_init_callback 0040b24e f   MSVCRT:dyn_tls_init.obj
 0001:0000a254       ___scrt_get_dyn_tls_dtor_callback 0040b254 f   MSVCRT:dyn_tls_dtor.obj
 0001:0000a25a       __RTC_Initialize           0040b25a f   MSVCRT:_initsect_.obj
 0001:0000a285       __RTC_Terminate            0040b285 f   MSVCRT:_initsect_.obj
 0001:0000a2b0       ___CxxFrameHandler3        0040b2b0 f   vcruntime:VCRUNTIME140.dll
 0001:0000a2b6       ___std_exception_destroy   0040b2b6 f   vcruntime:VCRUNTIME140.dll
 0001:0000a2bc       ___std_terminate           0040b2bc f   vcruntime:VCRUNTIME140.dll
 0001:0000a2c2       __CxxThrowException@8      0040b2c2 f   vcruntime:VCRUNTIME140.dll
 0001:0000a2c8       _memset                    0040b2c8 f   vcruntime:VCRUNTIME140.dll
 0001:0000a2ce       __except_handler4_common   0040b2ce f   vcruntime:VCRUNTIME140.dll
 0001:0000a2d4       __callnewh                 0040b2d4 f   ucrt:api-ms-win-crt-heap-l1-1-0.dll
 0001:0000a2da       _malloc                    0040b2da f   ucrt:api-ms-win-crt-heap-l1-1-0.dll
 0001:0000a2e0       __configure_narrow_argv    0040b2e0 f   ucrt:api-ms-win-crt-runtime-l1-1-0.dll
 0001:0000a2e6       __initialize_narrow_environment 0040b2e6 f   ucrt:api-ms-win-crt-runtime-l1-1-0.dll
 0001:0000a2ec       __initialize_onexit_table  0040b2ec f   ucrt:api-ms-win-crt-runtime-l1-1-0.dll
 0001:0000a2f2       __register_onexit_function 0040b2f2 f   ucrt:api-ms-win-crt-runtime-l1-1-0.dll
 0001:0000a2f8       __crt_atexit               0040b2f8 f   ucrt:api-ms-win-crt-runtime-l1-1-0.dll
 0001:0000a2fe       __cexit                    0040b2fe f   ucrt:api-ms-win-crt-runtime-l1-1-0.dll
 0001:0000a304       _free                      0040b304 f   ucrt:api-ms-win-crt-heap-l1-1-0.dll
 0001:0000a30a       __seh_filter_exe           0040b30a f   ucrt:api-ms-win-crt-runtime-l1-1-0.dll
 0001:0000a310       __set_app_type             0040b310 f   ucrt:api-ms-win-crt-runtime-l1-1-0.dll
 0001:0000a316       ___setusermatherr          0040b316 f   ucrt:api-ms-win-crt-math-l1-1-0.dll
 0001:0000a31c       __get_initial_narrow_environment 0040b31c f   ucrt:api-ms-win-crt-runtime-l1-1-0.dll
 0001:0000a322       __initterm                 0040b322 f   ucrt:api-ms-win-crt-runtime-l1-1-0.dll
 0001:0000a328       __initterm_e               0040b328 f   ucrt:api-ms-win-crt-runtime-l1-1-0.dll
 0001:0000a32e       _exit                      0040b32e f   ucrt:api-ms-win-crt-runtime-l1-1-0.dll
 0001:0000a334       __exit                     0040b334 f   ucrt:api-ms-win-crt-runtime-l1-1-0.dll
 0001:0000a33a       __set_fmode                0040b33a f   ucrt:api-ms-win-crt-stdio-l1-1-0.dll
 0001:0000a340       ___p___argc                0040b340 f   ucrt:api-ms-win-crt-runtime-l1-1-0.dll
 0001:0000a346       ___p___argv                0040b346 f   ucrt:api-ms-win-crt-runtime-l1-1-0.dll
 0001:0000a34c       __c_exit                   0040b34c f   ucrt:api-ms-win-crt-runtime-l1-1-0.dll
 0001:0000a352       __register_thread_local_exe_atexit_callback 0040b352 f   ucrt:api-ms-win-crt-runtime-l1-1-0.dll
 0001:0000a358       __configthreadlocale       0040b358 f   ucrt:api-ms-win-crt-locale-l1-1-0.dll
 0001:0000a35e       __set_new_mode             0040b35e f   ucrt:api-ms-win-crt-heap-l1-1-0.dll
 0001:0000a364       ___p__commode              0040b364 f   ucrt:api-ms-win-crt-stdio-l1-1-0.dll
 0001:0000a36a       _terminate                 0040b36a f   ucrt:api-ms-win-crt-runtime-l1-1-0.dll
 0001:0000a370       __controlfp_s              0040b370 f   ucrt:api-ms-win-crt-runtime-l1-1-0.dll
 0001:0000a376       _IsProcessorFeaturePresent@4 0040b376 f   kernel32:KERNEL32.dll
 0001:0000a380       __ftoui3                   0040b380 f   MSVCRT:_ftol3_.obj
 0001:0000a38f       __ftoul3                   0040b38f f   MSVCRT:_ftol3_.obj
 0001:0000a39e       __ftol3                    0040b39e f   MSVCRT:_ftol3_.obj
 0001:0000a3ab       __ftol3_NaN                0040b3ab f   MSVCRT:_ftol3_.obj
 0001:0000a3c3       __ftol3_work               0040b3c3 f   MSVCRT:_ftol3_.obj
 0001:0000a449       __ftol3_common             0040b449 f   MSVCRT:_ftol3_.obj
 0001:0000a50b       __ftol3_arg_error          0040b50b f   MSVCRT:_ftol3_.obj
 0001:0000a51d       __ftol3_except             0040b51d f   MSVCRT:_ftol3_.obj
 0001:0000a561       __dtoui3                   0040b561 f   MSVCRT:_ftol3_.obj
 0001:0000a570       __dtoul3                   0040b570 f   MSVCRT:_ftol3_.obj
 0001:0000a57f       __dtol3                    0040b57f f   MSVCRT:_ftol3_.obj
 0001:0000a58c       __dtol3_NaN                0040b58c f   MSVCRT:_ftol3_.obj
 0001:0000a5a9       __dtol3_work               0040b5a9 f   MSVCRT:_ftol3_.obj
 0001:0000a690       __ultod3                   0040b690 f   MSVCRT:_ftol3_.obj
 0001:0000a6d0       __ltod3                    0040b6d0 f   MSVCRT:_ftol3_.obj
 0001:0000a6f7       _memcpy                    0040b6f7 f   vcruntime:VCRUNTIME140.dll
 0001:0000a6fd       __except1                  0040b6fd f   ucrt:api-ms-win-crt-math-l1-1-0.dll
 0002:00000000       __imp__UnhandledExceptionFilter@4 0040d000     kernel32:KERNEL32.dll
 0002:00000004       __imp__SetUnhandledExceptionFilter@4 0040d004     kernel32:KERNEL32.dll
 0002:00000008       __imp__SetConsoleTextAttribute@8 0040d008     kernel32:KERNEL32.dll
 0002:0000000c       __imp__GetStdHandle@4      0040d00c     kernel32:KERNEL32.dll
 0002:00000010       __imp__GetConsoleCursorInfo@8 0040d010     kernel32:KERNEL32.dll
 0002:00000014       __imp__Sleep@4             0040d014     kernel32:KERNEL32.dll
 0002:00000018       __imp__SetConsoleCursorInfo@8 0040d018     kernel32:KERNEL32.dll
 0002:0000001c       __imp__CreateDirectoryA@8  0040d01c     kernel32:KERNEL32.dll
 0002:00000020       __imp__GetSystemTime@4     0040d020     kernel32:KERNEL32.dll
 0002:00000024       __imp__GetCurrentProcessId@0 0040d024     kernel32:KERNEL32.dll
 0002:00000028       __imp__QueryPerformanceCounter@4 0040d028     kernel32:KERNEL32.dll
 0002:0000002c       __imp__GetModuleHandleW@4  0040d02c     kernel32:KERNEL32.dll
 0002:00000030       __imp__IsDebuggerPresent@0 0040d030     kernel32:KERNEL32.dll
 0002:00000034       __imp__IsProcessorFeaturePresent@4 0040d034     kernel32:KERNEL32.dll
 0002:00000038       __imp__GetSystemTimeAsFileTime@4 0040d038     kernel32:KERNEL32.dll
 0002:0000003c       __imp__InitializeSListHead@4 0040d03c     kernel32:KERNEL32.dll
 0002:00000040       __imp__TerminateProcess@8  0040d040     kernel32:KERNEL32.dll
 0002:00000044       __imp__GetCurrentProcess@0 0040d044     kernel32:KERNEL32.dll
 0002:00000048       __imp__GetCurrentThreadId@0 0040d048     kernel32:KERNEL32.dll
 0002:0000004c       \177KERNEL32_NULL_THUNK_DATA 0040d04c     kernel32:KERNEL32.dll
 0002:00000050       __imp_?id@?$ctype@D@std@@2V0locale@2@A 0040d050     msvcprt:MSVCP140.dll
 0002:00000054       __imp_?_Random_device@std@@YAIXZ 0040d054     msvcprt:MSVCP140.dll
 0002:00000058       __imp_?_Xlength_error@std@@YAXPBD@Z 0040d058     msvcprt:MSVCP140.dll
 0002:0000005c       __imp_?_Ipfx@?$basic_istream@DU?$char_traits@D@std@@@std@@QAE_N_N@Z 0040d05c     msvcprt:MSVCP140.dll
 0002:00000060       __imp_?snextc@?$basic_streambuf@DU?$char_traits@D@std@@@std@@QAEHXZ 0040d060     msvcprt:MSVCP140.dll
 0002:00000064       __imp_?sputn@?$basic_streambuf@DU?$char_traits@D@std@@@std@@QAE_JPBD_J@Z 0040d064     msvcprt:MSVCP140.dll
 0002:00000068       __imp_?put@?$basic_ostream@DU?$char_traits@D@std@@@std@@QAEAAV12@D@Z 0040d068     msvcprt:MSVCP140.dll
 0002:0000006c       __imp_?_Getcat@?$codecvt@DDU_Mbstatet@@@std@@SAIPAPBVfacet@locale@2@PBV42@@Z 0040d06c     msvcprt:MSVCP140.dll
 0002:00000070       __imp_?sbumpc@?$basic_streambuf@DU?$char_traits@D@std@@@std@@QAEHXZ 0040d070     msvcprt:MSVCP140.dll
 0002:00000074       __imp_?sgetc@?$basic_streambuf@DU?$char_traits@D@std@@@std@@QAEHXZ 0040d074     msvcprt:MSVCP140.dll
 0002:00000078       __imp_?widen@?$basic_ios@DU?$char_traits@D@std@@@std@@QBEDD@Z 0040d078     msvcprt:MSVCP140.dll
 0002:0000007c       __imp_?sputc@?$basic_streambuf@DU?$char_traits@D@std@@@std@@QAEHD@Z 0040d07c     msvcprt:MSVCP140.dll
 0002:00000080       __imp_??0?$basic_streambuf@DU?$char_traits@D@std@@@std@@IAE@XZ 0040d080     msvcprt:MSVCP140.dll
 0002:00000084       __imp_?getloc@?$basic_streambuf@DU?$char_traits@D@std@@@std@@QBE?AVlocale@2@XZ 0040d084     msvcprt:MSVCP140.dll
 0002:00000088       __imp_?_Init@?$basic_streambuf@DU?$char_traits@D@std@@@std@@IAEXXZ 0040d088     msvcprt:MSVCP140.dll
 0002:0000008c       __imp_?_Osfx@?$basic_ostream@DU?$char_traits@D@std@@@std@@QAEXXZ 0040d08c     msvcprt:MSVCP140.dll
 0002:00000090       __imp_?unshift@?$codecvt@DDU_Mbstatet@@@std@@QBEHAAU_Mbstatet@@PAD1AAPAD@Z 0040d090     msvcprt:MSVCP140.dll
 0002:00000094       __imp_?clear@?$basic_ios@DU?$char_traits@D@std@@@std@@QAEXH_N@Z 0040d094     msvcprt:MSVCP140.dll
 0002:00000098       __imp_?setstate@?$basic_ios@DU?$char_traits@D@std@@@std@@QAEXH_N@Z 0040d098     msvcprt:MSVCP140.dll
 0002:0000009c       __imp_??0?$basic_ios@DU?$char_traits@D@std@@@std@@IAE@XZ 0040d09c     msvcprt:MSVCP140.dll
 0002:000000a0       __imp_?id@?$codecvt@DDU_Mbstatet@@@std@@2V0locale@2@A 0040d0a0     msvcprt:MSVCP140.dll
 0002:000000a4       __imp_??0?$basic_istream@DU?$char_traits@D@std@@@std@@QAE@PAV?$basic_streambuf@DU?$char_traits@D@std@@@1@_N@Z 0040d0a4     msvcprt:MSVCP140.dll
 0002:000000a8       __imp_??0?$basic_ostream@DU?$char_traits@D@std@@@std@@QAE@PAV?$basic_streambuf@DU?$char_traits@D@std@@@1@_N@Z 0040d0a8     msvcprt:MSVCP140.dll
 0002:000000ac       __imp_??0?$basic_iostream@DU?$char_traits@D@std@@@std@@QAE@PAV?$basic_streambuf@DU?$char_traits@D@std@@@1@@Z 0040d0ac     msvcprt:MSVCP140.dll
 0002:000000b0       __imp_?in@?$codecvt@DDU_Mbstatet@@@std@@QBEHAAU_Mbstatet@@PBD1AAPBDPAD3AAPAD@Z 0040d0b0     msvcprt:MSVCP140.dll
 0002:000000b4       __imp_?out@?$codecvt@DDU_Mbstatet@@@std@@QBEHAAU_Mbstatet@@PBD1AAPBDPAD3AAPAD@Z 0040d0b4     msvcprt:MSVCP140.dll
 0002:000000b8       __imp_??1?$basic_ios@DU?$char_traits@D@std@@@std@@UAE@XZ 0040d0b8     msvcprt:MSVCP140.dll
 0002:000000bc       __imp_??1?$basic_streambuf@DU?$char_traits@D@std@@@std@@UAE@XZ 0040d0bc     msvcprt:MSVCP140.dll
 0002:000000c0       __imp_?_Lock@?$basic_streambuf@DU?$char_traits@D@std@@@std@@UAEXXZ 0040d0c0     msvcprt:MSVCP140.dll
 0002:000000c4       __imp_?_Unlock@?$basic_streambuf@DU?$char_traits@D@std@@@std@@UAEXXZ 0040d0c4     msvcprt:MSVCP140.dll
 0002:000000c8       __imp_?showmanyc@?$basic_streambuf@DU?$char_traits@D@std@@@std@@MAE_JXZ 0040d0c8     msvcprt:MSVCP140.dll
 0002:000000cc       __imp_?uflow@?$basic_streambuf@DU?$char_traits@D@std@@@std@@MAEHXZ 0040d0cc     msvcprt:MSVCP140.dll
 0002:000000d0       __imp_?xsgetn@?$basic_streambuf@DU?$char_traits@D@std@@@std@@MAE_JPAD_J@Z 0040d0d0     msvcprt:MSVCP140.dll
 0002:000000d4       __imp_?xsputn@?$basic_streambuf@DU?$char_traits@D@std@@@std@@MAE_JPBD_J@Z 0040d0d4     msvcprt:MSVCP140.dll
 0002:000000d8       __imp_?setbuf@?$basic_streambuf@DU?$char_traits@D@std@@@std@@MAEPAV12@PAD_J@Z 0040d0d8     msvcprt:MSVCP140.dll
 0002:000000dc       __imp_?sync@?$basic_streambuf@DU?$char_traits@D@std@@@std@@MAEHXZ 0040d0dc     msvcprt:MSVCP140.dll
 0002:000000e0       __imp_?imbue@?$basic_streambuf@DU?$char_traits@D@std@@@std@@MAEXABVlocale@2@@Z 0040d0e0     msvcprt:MSVCP140.dll
 0002:000000e4       __imp_??1?$basic_istream@DU?$char_traits@D@std@@@std@@UAE@XZ 0040d0e4     msvcprt:MSVCP140.dll
 0002:000000e8       __imp_??1?$basic_ostream@DU?$char_traits@D@std@@@std@@UAE@XZ 0040d0e8     msvcprt:MSVCP140.dll
 0002:000000ec       __imp_??6?$basic_ostream@DU?$char_traits@D@std@@@std@@QAEAAV01@P6AAAV01@AAV01@@Z@Z 0040d0ec     msvcprt:MSVCP140.dll
 0002:000000f0       __imp_??6?$basic_ostream@DU?$char_traits@D@std@@@std@@QAEAAV01@G@Z 0040d0f0     msvcprt:MSVCP140.dll
 0002:000000f4       __imp_??6?$basic_ostream@DU?$char_traits@D@std@@@std@@QAEAAV01@H@Z 0040d0f4     msvcprt:MSVCP140.dll
 0002:000000f8       __imp_?flush@?$basic_ostream@DU?$char_traits@D@std@@@std@@QAEAAV12@XZ 0040d0f8     msvcprt:MSVCP140.dll
 0002:000000fc       __imp_??1?$basic_iostream@DU?$char_traits@D@std@@@std@@UAE@XZ 0040d0fc     msvcprt:MSVCP140.dll
 0002:00000100       __imp_?getloc@ios_base@std@@QBE?AVlocale@2@XZ 0040d100     msvcprt:MSVCP140.dll
 0002:00000104       __imp_?_Getcat@?$ctype@D@std@@SAIPAPBVfacet@locale@2@PBV42@@Z 0040d104     msvcprt:MSVCP140.dll
 0002:00000108       __imp_?always_noconv@codecvt_base@std@@QBE_NXZ 0040d108     msvcprt:MSVCP140.dll
 0002:0000010c       __imp_?_BADOFF@std@@3_JB   0040d10c     msvcprt:MSVCP140.dll
 0002:00000110       __imp_?_Xout_of_range@std@@YAXPBD@Z 0040d110     msvcprt:MSVCP140.dll
 0002:00000114       __imp_?_Xbad_alloc@std@@YAXXZ 0040d114     msvcprt:MSVCP140.dll
 0002:00000118       __imp_?cin@std@@3V?$basic_istream@DU?$char_traits@D@std@@@1@A 0040d118     msvcprt:MSVCP140.dll
 0002:0000011c       __imp_?uncaught_exception@std@@YA_NXZ 0040d11c     msvcprt:MSVCP140.dll
 0002:00000120       __imp_?_Getgloballocale@locale@std@@CAPAV_Locimp@12@XZ 0040d120     msvcprt:MSVCP140.dll
 0002:00000124       __imp_?cout@std@@3V?$basic_ostream@DU?$char_traits@D@std@@@1@A 0040d124     msvcprt:MSVCP140.dll
 0002:00000128       __imp_??0_Lockit@std@@QAE@H@Z 0040d128     msvcprt:MSVCP140.dll
 0002:0000012c       __imp_??1_Lockit@std@@QAE@XZ 0040d12c     msvcprt:MSVCP140.dll
 0002:00000130       __imp_?_Fiopen@std@@YAPAU_iobuf@@PBDHH@Z 0040d130     msvcprt:MSVCP140.dll
 0002:00000134       __imp_??Bid@locale@std@@QAEIXZ 0040d134     msvcprt:MSVCP140.dll
 0002:00000138       \177MSVCP140_NULL_THUNK_DATA 0040d138     msvcprt:MSVCP140.dll
 0002:0000013c       __imp__memcpy              0040d13c     vcruntime:VCRUNTIME140.dll
 0002:00000140       __imp___CxxThrowException@8 0040d140     vcruntime:VCRUNTIME140.dll
 0002:00000144       __imp____std_terminate     0040d144     vcruntime:VCRUNTIME140.dll
 0002:00000148       __imp___except_handler4_common 0040d148     vcruntime:VCRUNTIME140.dll
 0002:0000014c       __imp____std_exception_copy 0040d14c     vcruntime:VCRUNTIME140.dll
 0002:00000150       __imp__memmove             0040d150     vcruntime:VCRUNTIME140.dll
 0002:00000154       __imp____std_exception_destroy 0040d154     vcruntime:VCRUNTIME140.dll
 0002:00000158       __imp____CxxFrameHandler3  0040d158     vcruntime:VCRUNTIME140.dll
 0002:0000015c       __imp__memchr              0040d15c     vcruntime:VCRUNTIME140.dll
 0002:00000160       __imp__memset              0040d160     vcruntime:VCRUNTIME140.dll
 0002:00000164       \177VCRUNTIME140_NULL_THUNK_DATA 0040d164     vcruntime:VCRUNTIME140.dll
 0002:00000168       __imp__PlaySoundA@12       0040d168     winmm:WINMM.dll
 0002:0000016c       \177WINMM_NULL_THUNK_DATA  0040d16c     winmm:WINMM.dll
 0002:00000170       __imp__atoi                0040d170     ucrt:api-ms-win-crt-convert-l1-1-0.dll
 0002:00000174       \177api-ms-win-crt-convert-l1-1-0_NULL_THUNK_DATA 0040d174     ucrt:api-ms-win-crt-convert-l1-1-0.dll
 0002:00000178       __imp__remove              0040d178     ucrt:api-ms-win-crt-filesystem-l1-1-0.dll
 0002:0000017c       __imp___access             0040d17c     ucrt:api-ms-win-crt-filesystem-l1-1-0.dll
 0002:00000180       __imp___lock_file          0040d180     ucrt:api-ms-win-crt-filesystem-l1-1-0.dll
 0002:00000184       __imp___unlock_file        0040d184     ucrt:api-ms-win-crt-filesystem-l1-1-0.dll
 0002:00000188       \177api-ms-win-crt-filesystem-l1-1-0_NULL_THUNK_DATA 0040d188     ucrt:api-ms-win-crt-filesystem-l1-1-0.dll
 0002:0000018c       __imp___callnewh           0040d18c     ucrt:api-ms-win-crt-heap-l1-1-0.dll
 0002:00000190       __imp__malloc              0040d190     ucrt:api-ms-win-crt-heap-l1-1-0.dll
 0002:00000194       __imp__free                0040d194     ucrt:api-ms-win-crt-heap-l1-1-0.dll
 0002:00000198       __imp___set_new_mode       0040d198     ucrt:api-ms-win-crt-heap-l1-1-0.dll
 0002:0000019c       \177api-ms-win-crt-heap-l1-1-0_NULL_THUNK_DATA 0040d19c     ucrt:api-ms-win-crt-heap-l1-1-0.dll
 0002:000001a0       __imp__setlocale           0040d1a0     ucrt:api-ms-win-crt-locale-l1-1-0.dll
 0002:000001a4       __imp___configthreadlocale 0040d1a4     ucrt:api-ms-win-crt-locale-l1-1-0.dll
 0002:000001a8       \177api-ms-win-crt-locale-l1-1-0_NULL_THUNK_DATA 0040d1a8     ucrt:api-ms-win-crt-locale-l1-1-0.dll
 0002:000001ac       __imp____setusermatherr    0040d1ac     ucrt:api-ms-win-crt-math-l1-1-0.dll
 0002:000001b0       __imp___except1            0040d1b0     ucrt:api-ms-win-crt-math-l1-1-0.dll
 0002:000001b4       \177api-ms-win-crt-math-l1-1-0_NULL_THUNK_DATA 0040d1b4     ucrt:api-ms-win-crt-math-l1-1-0.dll
 0002:000001b8       __imp___register_onexit_function 0040d1b8     ucrt:api-ms-win-crt-runtime-l1-1-0.dll
 0002:000001bc       __imp___crt_atexit         0040d1bc     ucrt:api-ms-win-crt-runtime-l1-1-0.dll
 0002:000001c0       __imp___cexit              0040d1c0     ucrt:api-ms-win-crt-runtime-l1-1-0.dll
 0002:000001c4       __imp___initialize_narrow_environment 0040d1c4     ucrt:api-ms-win-crt-runtime-l1-1-0.dll
 0002:000001c8       __imp___seh_filter_exe     0040d1c8     ucrt:api-ms-win-crt-runtime-l1-1-0.dll
 0002:000001cc       __imp___set_app_type       0040d1cc     ucrt:api-ms-win-crt-runtime-l1-1-0.dll
 0002:000001d0       __imp___configure_narrow_argv 0040d1d0     ucrt:api-ms-win-crt-runtime-l1-1-0.dll
 0002:000001d4       __imp___get_initial_narrow_environment 0040d1d4     ucrt:api-ms-win-crt-runtime-l1-1-0.dll
 0002:000001d8       __imp___initterm           0040d1d8     ucrt:api-ms-win-crt-runtime-l1-1-0.dll
 0002:000001dc       __imp___initterm_e         0040d1dc     ucrt:api-ms-win-crt-runtime-l1-1-0.dll
 0002:000001e0       __imp__exit                0040d1e0     ucrt:api-ms-win-crt-runtime-l1-1-0.dll
 0002:000001e4       __imp___exit               0040d1e4     ucrt:api-ms-win-crt-runtime-l1-1-0.dll
 0002:000001e8       __imp____p___argc          0040d1e8     ucrt:api-ms-win-crt-runtime-l1-1-0.dll
 0002:000001ec       __imp____p___argv          0040d1ec     ucrt:api-ms-win-crt-runtime-l1-1-0.dll
 0002:000001f0       __imp___c_exit             0040d1f0     ucrt:api-ms-win-crt-runtime-l1-1-0.dll
 0002:000001f4       __imp___register_thread_local_exe_atexit_callback 0040d1f4     ucrt:api-ms-win-crt-runtime-l1-1-0.dll
 0002:000001f8       __imp___errno              0040d1f8     ucrt:api-ms-win-crt-runtime-l1-1-0.dll
 0002:000001fc       __imp___invalid_parameter_noinfo_noreturn 0040d1fc     ucrt:api-ms-win-crt-runtime-l1-1-0.dll
 0002:00000200       __imp___invalid_parameter_noinfo 0040d200     ucrt:api-ms-win-crt-runtime-l1-1-0.dll
 0002:00000204       __imp__terminate           0040d204     ucrt:api-ms-win-crt-runtime-l1-1-0.dll
 0002:00000208       __imp___controlfp_s        0040d208     ucrt:api-ms-win-crt-runtime-l1-1-0.dll
 0002:0000020c       __imp__system              0040d20c     ucrt:api-ms-win-crt-runtime-l1-1-0.dll
 0002:00000210       __imp___initialize_onexit_table 0040d210     ucrt:api-ms-win-crt-runtime-l1-1-0.dll
 0002:00000214       \177api-ms-win-crt-runtime-l1-1-0_NULL_THUNK_DATA 0040d214     ucrt:api-ms-win-crt-runtime-l1-1-0.dll
 0002:00000218       __imp__fsetpos             0040d218     ucrt:api-ms-win-crt-stdio-l1-1-0.dll
 0002:0000021c       __imp___set_fmode          0040d21c     ucrt:api-ms-win-crt-stdio-l1-1-0.dll
 0002:00000220       __imp___get_stream_buffer_pointers 0040d220     ucrt:api-ms-win-crt-stdio-l1-1-0.dll
 0002:00000224       __imp__ungetc              0040d224     ucrt:api-ms-win-crt-stdio-l1-1-0.dll
 0002:00000228       __imp__fputc               0040d228     ucrt:api-ms-win-crt-stdio-l1-1-0.dll
 0002:0000022c       __imp__fflush              0040d22c     ucrt:api-ms-win-crt-stdio-l1-1-0.dll
 0002:00000230       __imp__setvbuf             0040d230     ucrt:api-ms-win-crt-stdio-l1-1-0.dll
 0002:00000234       __imp___fseeki64           0040d234     ucrt:api-ms-win-crt-stdio-l1-1-0.dll
 0002:00000238       __imp____p__commode        0040d238     ucrt:api-ms-win-crt-stdio-l1-1-0.dll
 0002:0000023c       __imp__fgetc               0040d23c     ucrt:api-ms-win-crt-stdio-l1-1-0.dll
 0002:00000240       __imp__fclose              0040d240     ucrt:api-ms-win-crt-stdio-l1-1-0.dll
 0002:00000244       __imp__fgetpos             0040d244     ucrt:api-ms-win-crt-stdio-l1-1-0.dll
 0002:00000248       __imp__fwrite              0040d248     ucrt:api-ms-win-crt-stdio-l1-1-0.dll
 0002:0000024c       \177api-ms-win-crt-stdio-l1-1-0_NULL_THUNK_DATA 0040d24c     ucrt:api-ms-win-crt-stdio-l1-1-0.dll
 0002:00000250       __imp___time64             0040d250     ucrt:api-ms-win-crt-time-l1-1-0.dll
 0002:00000254       \177api-ms-win-crt-time-l1-1-0_NULL_THUNK_DATA 0040d254     ucrt:api-ms-win-crt-time-l1-1-0.dll
 0002:00000258       __imp__srand               0040d258     ucrt:api-ms-win-crt-utility-l1-1-0.dll
 0002:0000025c       __imp__rand                0040d25c     ucrt:api-ms-win-crt-utility-l1-1-0.dll
 0002:00000260       \177api-ms-win-crt-utility-l1-1-0_NULL_THUNK_DATA 0040d260     ucrt:api-ms-win-crt-utility-l1-1-0.dll
 0002:00000264       __imp__URLDownloadToFileA@20 0040d264     urlmon:urlmon.dll
 0002:00000268       \177urlmon_NULL_THUNK_DATA 0040d268     urlmon:urlmon.dll
 0002:0000026c       ___guard_check_icall_fptr  0040d26c     MSVCRT:guard_support.obj
 0002:00000270       ___xc_a                    0040d270     MSVCRT:initializers.obj
 0002:00000280       ___xc_z                    0040d280     MSVCRT:initializers.obj
 0002:00000284       ___xi_a                    0040d284     MSVCRT:initializers.obj
 0002:00000290       ___xi_z                    0040d290     MSVCRT:initializers.obj
 0002:00000294       ___xp_a                    0040d294     MSVCRT:initializers.obj
 0002:00000298       ___xp_z                    0040d298     MSVCRT:initializers.obj
 0002:0000029c       ___xt_a                    0040d29c     MSVCRT:initializers.obj
 0002:000002a0       ___xt_z                    0040d2a0     MSVCRT:initializers.obj
 0002:000002b4       ??_7type_info@@6B@         0040d2b4     MSVCRT:std_type_info_static.obj
 0002:000002c4       ??_7exception@std@@6B@     0040d2c4     MSVCRT:throw_bad_alloc.obj
 0002:000002d0       ??_7bad_alloc@std@@6B@     0040d2d0     MSVCRT:throw_bad_alloc.obj
 0002:000002d8       ??_C@_0P@GHFPNOJB@bad?5allocation?$AA@ 0040d2d8     MSVCRT:throw_bad_alloc.obj
 0002:000002ec       ??_7bad_array_new_length@std@@6B@ 0040d2ec     MSVCRT:throw_bad_alloc.obj
 0002:000002f4       ??_C@_0BF@KINCDENJ@bad?5array?5new?5length?$AA@ 0040d2f4     MSVCRT:throw_bad_alloc.obj
 0002:0000030c       ??_C@_0BC@EOODALEL@Unknown?5exception?$AA@ 0040d30c     main.obj
 0002:00000320       ??_C@_08EPJLHIJG@bad?5cast?$AA@ 0040d320     main.obj
 0002:00000329       ??_C@_00CNPNBAHC@?$AA@     0040d329     main.obj
 0002:0000032c       ??_C@_06JGCGFIEG@polish?$AA@ 0040d32c     main.obj
 0002:00000334       ??_C@_0P@GMFAENOC@log_og?slny?4txt?$AA@ 0040d334     main.obj
 0002:00000344       ??_C@_05PDJBBECF@pause?$AA@ 0040d344     main.obj
 0002:0000034c       ??_C@_0DM@FGCBIOFJ@Jak?$LJ?5opcje?5chcesz?5obstawic?5?$DP?5?$CIzg@ 0040d34c     main.obj
 0002:00000388       ??_C@_0N@KLINIBPG@p?5?9?5parzyste?$AA@ 0040d388     main.obj
 0002:00000398       ??_C@_0BA@GNAADEAG@n?5?9?5nieparzyste?$AA@ 0040d398     main.obj
 0002:000003a8       ??_C@_0BC@GOMOHEMO@r?5?9?5czerwone?$CIred?$CJ?$AA@ 0040d3a8     main.obj
 0002:000003bc       ??_C@_0BC@LKBFHLDI@b?5?9?5czarne?$CIblack?$CJ?$AA@ 0040d3bc     main.obj
 0002:000003d0       ??_C@_0BB@FMNKHOJE@g?5?9?5g?srna?5po?$LDowa?$AA@ 0040d3d0     main.obj
 0002:000003e4       ??_C@_0BB@CHNPGJIO@d?5?9?5dolna?5po?$LDowa?$AA@ 0040d3e4     main.obj
 0002:000003f8       ??_C@_0CN@EJBDEIIK@k1?0?5k2?0?5k3?5?9?5kolumna?51?0?5kolumna?5@ 0040d3f8     main.obj
 0002:00000428       ??_C@_0CJ@KMEGGBFA@w1?0?5w2?0?5?4?4?4?0?5w12?5?9?5wiersz?5trzech@ 0040d428     main.obj
 0002:00000454       ??_C@_0CP@FOKBNGLG@0?5?9?536?5?9?5pojedyncze?5pole?5o?5odpow@ 0040d454     main.obj
 0002:00000484       ??_C@_01JBBJJEPG@p?$AA@    0040d484     main.obj
 0002:00000488       ??_C@_01EFFIKLCJ@n?$AA@    0040d488     main.obj
 0002:0000048c       ??_C@_01KDCPPGHE@r?$AA@    0040d48c     main.obj
 0002:00000490       ??_C@_01OJONOECF@b?$AA@    0040d490     main.obj
 0002:00000494       ??_C@_01JEJKBAGA@g?$AA@    0040d494     main.obj
 0002:00000498       ??_C@_01LPLHEDKD@d?$AA@    0040d498     main.obj
 0002:0000049c       ??_C@_02ICGBAFJO@k1?$AA@   0040d49c     main.obj
 0002:000004a0       ??_C@_02KJEMFGFN@k2?$AA@   0040d4a0     main.obj
 0002:000004a4       ??_C@_02LAFHGHBM@k3?$AA@   0040d4a4     main.obj
 0002:000004a8       ??_C@_02JHFNFPIK@w1?$AA@   0040d4a8     main.obj
 0002:000004ac       ??_C@_02LMHAAMEJ@w2?$AA@   0040d4ac     main.obj
 0002:000004b0       ??_C@_02KFGLDNAI@w3?$AA@   0040d4b0     main.obj
 0002:000004b4       ??_C@_02OKCKKLMP@w4?$AA@   0040d4b4     main.obj
 0002:000004b8       ??_C@_02PDDBJKIO@w5?$AA@   0040d4b8     main.obj
 0002:000004bc       ??_C@_02NIBMMJEN@w6?$AA@   0040d4bc     main.obj
 0002:000004c0       ??_C@_02MBAHPIAM@w7?$AA@   0040d4c0     main.obj
 0002:000004c4       ??_C@_02EGJPOEMD@w8?$AA@   0040d4c4     main.obj
 0002:000004c8       ??_C@_02FPIENFIC@w9?$AA@   0040d4c8     main.obj
 0002:000004cc       ??_C@_03NCLMABJC@w10?$AA@  0040d4cc     main.obj
 0002:000004d0       ??_C@_03MLKHDAND@w11?$AA@  0040d4d0     main.obj
 0002:000004d4       ??_C@_03OAIKGDBA@w12?$AA@  0040d4d4     main.obj
 0002:000004d8       ??_C@_01GBGANLPD@0?$AA@    0040d4d8     main.obj
 0002:000004dc       ??_C@_01HIHLOKLC@1?$AA@    0040d4dc     main.obj
 0002:000004e0       ??_C@_01FDFGLJHB@2?$AA@    0040d4e0     main.obj
 0002:000004e4       ??_C@_01EKENIIDA@3?$AA@    0040d4e4     main.obj
 0002:000004e8       ??_C@_01FAMBOPH@4?$AA@     0040d4e8     main.obj
 0002:000004ec       ??_C@_01BMBHCPLG@5?$AA@    0040d4ec     main.obj
 0002:000004f0       ??_C@_01DHDKHMHF@6?$AA@    0040d4f0     main.obj
 0002:000004f4       ??_C@_01COCBENDE@7?$AA@    0040d4f4     main.obj
 0002:000004f8       ??_C@_01KJLJFBPL@8?$AA@    0040d4f8     main.obj
 0002:000004fc       ??_C@_01LAKCGALK@9?$AA@    0040d4fc     main.obj
 0002:00000500       ??_C@_02PKFBJPLJ@10?$AA@   0040d500     main.obj
 0002:00000504       ??_C@_02ODEKKOPI@11?$AA@   0040d504     main.obj
 0002:00000508       ??_C@_02MIGHPNDL@12?$AA@   0040d508     main.obj
 0002:0000050c       ??_C@_02NBHMMMHK@13?$AA@   0040d50c     main.obj
 0002:00000510       ??_C@_02JODNFKLN@14?$AA@   0040d510     main.obj
 0002:00000514       ??_C@_02IHCGGLPM@15?$AA@   0040d514     main.obj
 0002:00000518       ??_C@_02KMALDIDP@16?$AA@   0040d518     main.obj
 0002:0000051c       ??_C@_02LFBAAJHO@17?$AA@   0040d51c     main.obj
 0002:00000520       ??_C@_02DCIIBFLB@18?$AA@   0040d520     main.obj
 0002:00000524       ??_C@_02CLJDCEPA@19?$AA@   0040d524     main.obj
 0002:00000528       ??_C@_02PIBHCBOA@20?$AA@   0040d528     main.obj
 0002:0000052c       ??_C@_02OBAMBAKB@21?$AA@   0040d52c     main.obj
 0002:00000530       ??_C@_02MKCBEDGC@22?$AA@   0040d530     main.obj
 0002:00000534       ??_C@_02NDDKHCCD@23?$AA@   0040d534     main.obj
 0002:00000538       ??_C@_02JMHLOEOE@24?$AA@   0040d538     main.obj
 0002:0000053c       ??_C@_02IFGANFKF@25?$AA@   0040d53c     main.obj
 0002:00000540       ??_C@_02KOENIGGG@26?$AA@   0040d540     main.obj
 0002:00000544       ??_C@_02LHFGLHCH@27?$AA@   0040d544     main.obj
 0002:00000548       ??_C@_02DAMOKLOI@28?$AA@   0040d548     main.obj
 0002:0000054c       ??_C@_02CJNFJKKJ@29?$AA@   0040d54c     main.obj
 0002:00000550       ??_C@_02PJNFELNH@30?$AA@   0040d550     main.obj
 0002:00000554       ??_C@_02OAMOHKJG@31?$AA@   0040d554     main.obj
 0002:00000558       ??_C@_02MLODCJFF@32?$AA@   0040d558     main.obj
 0002:0000055c       ??_C@_02NCPIBIBE@33?$AA@   0040d55c     main.obj
 0002:00000560       ??_C@_02JNLJIOND@34?$AA@   0040d560     main.obj
 0002:00000564       ??_C@_02IEKCLPJC@35?$AA@   0040d564     main.obj
 0002:00000568       ??_C@_02KPIPOMFB@36?$AA@   0040d568     main.obj
 0002:0000056c       ??_C@_0CF@BGACGNBA@$?0?5jak?$LJ?5kwot?j?5chcesz?5obstawi?f?5wy@ 0040d56c     main.obj
 0002:00000594       ??_C@_05OMMBNPEF@Masz?5?$AA@ 0040d594     main.obj
 0002:0000059c       ??_C@_0CD@OGNPPNBN@Wprowadzi?$LDe?f?5nieprawid?$LDow?$LJ?5warto@ 0040d59c     main.obj
 0002:000005c0       ??_C@_01PBGHHLMH@?$AH?$AA@ 0040d5c0     main.obj
 0002:000005c4       ??_C@_0CF@LJDHNEHM@Nie?5mo?$LPesz?5obstawi?f?5zerowego?5zak@ 0040d5c4     main.obj
 0002:000005ec       ??_C@_0BI@CMKDFAEK@Nie?5masz?5tyle?5pieni?jdzy?$AA@ 0040d5ec     main.obj
 0002:00000604       ??_C@_0CJ@PMIHJCIC@Nie?5mo?$LPesz?5obstawi?f?5ujemn?$LJ?5kwot?$LJ@ 0040d604     main.obj
 0002:00000630       ??_C@_02MGHEPNFN@?$AI?$AI?$AA@ 0040d630     main.obj
 0002:00000634       ??_C@_02KNHHEEKP@?5?5?$AA@ 0040d634     main.obj
 0002:00000638       ??_C@_0BC@IEHJKDDM@Wylosowano?5numer?5?$AA@ 0040d638     main.obj
 0002:0000064c       ??_C@_02KHOJGJKF@?4?5?$AA@ 0040d64c     main.obj
 0002:00000650       ??_C@_02DEPNMBPN@$?4?$AA@  0040d650     main.obj
 0002:00000654       ??_C@_0CB@MBIMKPJH@Obstawiles?5poprawnie?0?5wygrywasz?5@ 0040d654     main.obj
 0002:00000678       ??_C@_0EF@FAPGEAPP@Obstawiles?5niepoprawnie?5lecz?5uda@ 0040d678     main.obj
 0002:000006c0       ??_C@_0CF@EMPIFKEH@Obstawiles?5niepoprawnie?0?5przegra@ 0040d6c0     main.obj
 0002:000006e8       ??_C@_0CM@BIICBBPD@Nie?5mo?$LPesz?5kontynuowa?f?0?5przegra?$LD@ 0040d6e8     main.obj
 0002:00000714       ??_C@_0DB@MONJHHJM@$?0?5czy?5chcesz?5grac?5dalej?$CI?8t?8?5?9?5t@ 0040d714     main.obj
 0002:00000748       ??_C@_0BA@KCLBOCHC@Na?5koncie?5masz?5?$AA@ 0040d748     main.obj
 0002:00000758       ??_C@_04IBLEHOMF@?4wav?$AA@ 0040d758     main.obj
 0002:00000760       ??_C@_05PNHGCFLK@p?4wav?$AA@ 0040d760     main.obj
 0002:00000768       ??_C@_05MEKKEGFB@n?4wav?$AA@ 0040d768     main.obj
 0002:00000770       ??_C@_05LALOIELB@r?4wav?$AA@ 0040d770     main.obj
 0002:00000778       ??_C@_05LDGIIGCK@b?4wav?$AA@ 0040d778     main.obj
 0002:00000780       ??_C@_05ODKFBHJJ@g?4wav?$AA@ 0040d780     main.obj
 0002:00000788       ??_C@_05GFDBGFDH@d?4wav?$AA@ 0040d788     main.obj
 0002:00000790       ??_C@_01DICPFPGM@k?$AA@    0040d790     main.obj
 0002:00000794       ??_C@_01NOFIACDB@w?$AA@    0040d794     main.obj
 0002:00000798       ??_C@_0BB@KLDNCCFE@log_aktualny?4txt?$AA@ 0040d798     main.obj
 0002:000007ac       ??_C@_0DJ@EFIKGJBI@Uruchomiono?5ponownie?5gr?j?5z?5wy?$LD?$LJc@ 0040d7ac     main.obj
 0002:000007e8       ??_C@_09LFKNBKJA@Posiadasz?$AA@ 0040d7e8     main.obj
 0002:000007f4       ??_C@_0L@DAFLKCID@Wylosowano?$AA@ 0040d7f4     main.obj
 0002:00000800       ??_C@_0M@DIDIAOPI@?5Wylosowano?$AA@ 0040d800     main.obj
 0002:0000080c       ??_C@_0BC@EAGHPBJK@Obstawiono?5zaklad?$AA@ 0040d80c     main.obj
 0002:00000820       ??_C@_0O@POHKAIHJ@Obstawiono?5za?$AA@ 0040d820     main.obj
 0002:00000830       ??_C@_0BE@CILJHICG@Gra?5rozpoczeta?5dnia?$AA@ 0040d830     main.obj
 0002:00000844       ??_C@_0N@KHLIPMCA@?5o?5godzinie?5?$AA@ 0040d844     main.obj
 0002:00000854       ??_C@_01LFCBOECM@?4?$AA@   0040d854     main.obj
 0002:00000858       ??_C@_0BF@EHKBBICH@Gra?5rozpoczeta?5dnia?5?$AA@ 0040d858     main.obj
 0002:00000870       ??_C@_01JLIPDDHJ@?3?$AA@   0040d870     main.obj
 0002:00000874       ??_C@_0BK@PLEOEKGI@Nowa?5gra?5rozpoczeta?5dnia?5?$AA@ 0040d874     main.obj
 0002:00000890       ??_C@_0BB@GJELGIOA@Efekty_d?$JPwi?jkowe?$AA@ 0040d890     main.obj
 0002:000008a4       ??_C@_0BN@JMMCOBLJ@Efekty_d?$JPwi?jkowe?1bankrut?4wav?$AA@ 0040d8a4     main.obj
 0002:000008c4       ??_C@_0DC@DNDHBNPK@Rozpoczynam?5pobieranie?5brakuj?$LJcy@ 0040d8c4     main.obj
 0002:000008f8       ??_C@_0FP@HCIMMKGN@https?3?1?1github?4com?1talez2709?1Rul@ 0040d8f8     main.obj
 0002:00000958       ??_C@_0IB@GKCCNHLI@Brak?5plik?sw?5dla?5efekt?sw?5d?$JPwi?jkow@ 0040d958     main.obj
 0002:000009dc       ??_C@_0BO@OCGMENDH@Efekty_d?$JPwi?jkowe?1wygrana1?4wav?$AA@ 0040d9dc     main.obj
 0002:000009fc       ??_C@_0BO@GEPIDPJJ@Efekty_d?$JPwi?jkowe?1wygrana2?4wav?$AA@ 0040d9fc     main.obj
 0002:00000a20       ??_C@_0GA@OFKIGHHP@https?3?1?1github?4com?1talez2709?1Rul@ 0040da20     main.obj
 0002:00000a80       ??_C@_0CF@PNMICDIM@Efekty_d?$JPwi?jkowe?1zwielokrotnenie@ 0040da80     main.obj
 0002:00000aa8       ??_C@_0GH@BAJDCEKO@https?3?1?1github?4com?1talez2709?1Rul@ 0040daa8     main.obj
 0002:00000b10       ??_C@_0CA@KILAJOJF@Pobrano?5brakuj?$LJce?5pliki?5efekt?sw?$AA@ 0040db10     main.obj
 0002:00000b30       ??_C@_05CMOJBPHN@G?$LDos?1?$AA@ 0040db30     main.obj
 0002:00000b38       ??_C@_05KFCKMKOB@Jacek?$AA@ 0040db38     main.obj
 0002:00000b40       ??_C@_03FPCJKMNP@Ewa?$AA@  0040db40     main.obj
 0002:00000b44       ??_C@_04CDICBAGM@Maja?$AA@ 0040db44     main.obj
 0002:00000b4c       ??_C@_03JIHJHPIE@Jan?$AA@  0040db4c     main.obj
 0002:00000b50       ??_C@_06DKNIKMFF@Jacek2?$AA@ 0040db50     main.obj
 0002:00000b58       ??_C@_04PLEDLCJI@Ewa2?$AA@ 0040db58     main.obj
 0002:00000b60       ??_C@_05KJFHPLBC@Maja2?$AA@ 0040db60     main.obj
 0002:00000b68       ??_C@_04HDNGKDH@Jan2?$AA@  0040db68     main.obj
 0002:00000b70       ??_C@_05NKPCGME@Agata?$AA@ 0040db70     main.obj
 0002:00000b78       ??_C@_01IDAFKMJL@_?$AA@    0040db78     main.obj
 0002:00000b7c       ??_C@_01KMDKNFGN@?1?$AA@   0040db7c     main.obj
 0002:00000b80       ??_C@_0ED@KNLDKMLM@https?3?1?1github?4com?1talez2709?1Rul@ 0040db80     main.obj
 0002:00000bc4       ??_C@_04JLFAMLOH@G?$LDos?$AA@ 0040dbc4     main.obj
 0002:00000bcc       ??_C@_0DB@JAANGCNE@Rozpoczynam?5pobieranie?5brakuj?$LJcy@ 0040dbcc     main.obj
 0002:00000c00       ??_C@_0FC@DPJNGIHL@Brak?5plik?sw?5dla?5g?$LDosu?5oraz?5nie?5m@ 0040dc00     main.obj
 0002:00000c54       ??_C@_0BP@KIMEIPBM@Pobrano?5brakuj?$LJce?5pliki?5g?$LDos?sw?$AA@ 0040dc54     main.obj
 0002:00000c74       ??_C@_0M@COFBHHKL@setting?4txt?$AA@ 0040dc74     main.obj
 0002:00000c80       ??_C@_0CC@GBEJJAFD@ilo?$JM?f_minimalna_obrot?sw_ruletki?5@ 0040dc80     main.obj
 0002:00000ca4       ??_C@_0CI@KGOEKJAK@ilo?$JM?f_max_dodatkowych_obrot?sw_ru@ 0040dca4     main.obj
 0002:00000ccc       ??_C@_0BP@NMHFMMDP@czas_przeskoku_kulki_szybki?550?$AA@ 0040dccc     main.obj
 0002:00000cec       ??_C@_0BO@ELNOLLHD@czas_przeskoku_kulki_wolny?575?$AA@ 0040dcec     main.obj
 0002:00000d0c       ??_C@_0BJ@OHAGCGBG@czas_przerwy_dzwi?jku?5500?$AA@ 0040dd0c     main.obj
 0002:00000d28       ??_C@_0BJ@NJDCNPPC@styl_liczenia_wygranej?51?$AA@ 0040dd28     main.obj
 0002:00000d44       ??_C@_0BG@DNDOADBI@kwota_pocz?$LJtkowa?51000?$AA@ 0040dd44     main.obj
 0002:00000d5c       ??_C@_0BA@ILKGKHCK@stan_d?$JPwi?jk?sw?51?$AA@ 0040dd5c     main.obj
 0002:00000d6c       ??_C@_0BG@EMABALP@czy_kontynuowa?f_gr?j?51?$AA@ 0040dd6c     main.obj
 0002:00000d84       ??_C@_0BG@COMBOMN@g?$LDos_odczytu_numeru?51?$AA@ 0040dd84     main.obj
 0002:00000d9c       ??_C@_0BP@CJDLAIMM@g?$LDos_szybko?$JM?f_odczytu_numeru?54?$AA@ 0040dd9c     main.obj
 0002:00000dbc       ??_C@_0BD@MFIDEEIL@efekty_d?$JPwi?jkowe?51?$AA@ 0040ddbc     main.obj
 0002:00000dd0       ??_C@_0GC@FGDMKFMP@Warto?$JM?f?5wolnego?5czasu?5przeskoku?5@ 0040ddd0     main.obj
 0002:00000e34       ??_C@_0BN@KMOICOCN@Ustawiam?5domy?$JMlne?5ustawienie?$AA@ 0040de34     main.obj
 0002:00000e54       ??_C@_0DL@EDLBNLFA@Ilo?$JM?f?5minimalna?5obrot?sw?5ruletki?5@ 0040de54     main.obj
 0002:00000e90       ??_C@_0DF@PACHBLM@Ilo?$JM?f?5max?5obrot?sw?5ruletki?5nie?5mo@ 0040de90     main.obj
 0002:00000ec8       ??_C@_0EG@FJFKONPC@Jedna?5z?5deklaracji?5w?5sprawie?5obr@ 0040dec8     main.obj
 0002:00000f10       ??_C@_0DH@EDACBMH@Styl?5liczeia?5wygranej?5przyjmuje?5@ 0040df10     main.obj
 0002:00000f48       ??_C@_0DD@CJFGHGHP@Czas?5przerwy?5d?$JPwi?jku?5nie?5mo?$LPe?5by@ 0040df48     main.obj
 0002:00000f7c       ??_C@_0CP@ODEFLMCC@Kwota?5pocz?$LJtkowa?5nie?5mo?$LPe?5by?f?5mn@ 0040df7c     main.obj
 0002:00000fac       ??_C@_0CP@LNDFINPO@Stan?5d?$JPwi?jk?sw?5przyjmuje?5warto?$JMci@ 0040dfac     main.obj
 0002:00000fdc       ??_C@_0DJ@OKKJHGDF@Opcja?5kontynuowania?5gry?5przyjmuj@ 0040dfdc     main.obj
 0002:00001018       ??_C@_0EB@BAPPBOHB@Opcja?5g?$LDos?5odczytu?5numeru?5przyjm@ 0040e018     main.obj
 0002:00001060       ??_C@_0ED@BNKOADPP@Opcja?5szybko?$JM?f?5g?$LDosu?5odczytu?5prz@ 0040e060     main.obj
 0002:000010a4       ??_C@_0DC@HENMFLLO@Opcja?5efekty?5d?$JPwi?jkowe?5przyjmuje@ 0040e0a4     main.obj
 0002:000010d8       ??_C@_0EG@GKBLFIMF@Nie?5mo?$LPesz?5mie?f?5wy?$LD?$LJczonych?5d?$JPwi@ 0040e0d8     main.obj
 0002:00001120       ??_C@_0DF@LJEKJLPK@Nie?5mo?$LPesz?5mie?f?5wy?$LD?$LJczonych?5d?$JPwi@ 0040e120     main.obj
 0002:00001158       ??_C@_01EPMOAMKG@$?$AA@    0040e158     main.obj
 0002:0000115c       ??_C@_0M@GPFIMODH@?5Wygrywasz?5?$AA@ 0040e15c     main.obj
 0002:00001168       ??_C@_0M@GNFNLGIH@?5Posiadasz?5?$AA@ 0040e168     main.obj
 0002:00001174       ??_C@_07KIPBKJCE@win?4wav?$AA@ 0040e174     main.obj
 0002:0000117c       ??_C@_0BL@LJEGNEAJ@?5Dostajesz?5polowe?5zak?$LDadu?5?$AA@ 0040e17c     main.obj
 0002:00001198       ??_C@_0N@NPCHEJIF@?5Przegrales?5?$AA@ 0040e198     main.obj
 0002:000011a8       ??_C@_0BJ@GCHIFPGC@Ko?qczysz?5gr?j?5z?5wynikiem?5?$AA@ 0040e1a8     main.obj
 0002:000011c4       ??_C@_0CL@DCKMMPCF@Gratuluje?5zwi?jkszy?$LDe?$JM?5sw?sj?5zas?sb@ 0040e1c4     main.obj
 0002:000011f0       ??_C@_0BO@CAHFKDBP@?5krotnie?5sw?sj?5zas?sb?5finansowy?$AA@ 0040e1f0     main.obj
 0002:00001210       ??_C@_0BH@GDCLDFHN@Gratuluje?5zwi?jkszy?$LDe?$JM?5?$AA@ 0040e210     main.obj
 0002:00001228       ??_C@_0P@LMKDJHDC@Obstawiono?5za?5?$AA@ 0040e228     main.obj
 0002:00001238       ??_C@_0BD@IOLLNBIB@Obstawiono?5zak?$LDad?5?$AA@ 0040e238     main.obj
 0002:0000124c       ??_C@_0BE@EKDPDLOA@?5Obstawiono?5zaklad?5?$AA@ 0040e24c     main.obj
 0002:00001260       ??_C@_0DA@EJNBAHOM@Kulka?5w?5grze?0?5zaczekaj?5na?5wyloso@ 0040e260     main.obj
 0002:00001290       ??_C@_0N@CGNKGGIC@?5Wylosowano?5?$AA@ 0040e290     main.obj
 0002:000012a0       ??_C@_0CA@FGPIEHEM@ilo?$JM?f_minimalna_obrot?sw_ruletki?$AA@ 0040e2a0     main.obj
 0002:000012c0       ??_C@_0CG@KNEPJEMG@ilo?$JM?f_max_dodatkowych_obrot?sw_ru@ 0040e2c0     main.obj
 0002:000012e8       ??_C@_0BM@MMKKMDHC@czas_przeskoku_kulki_szybki?$AA@ 0040e2e8     main.obj
 0002:00001304       ??_C@_0BL@LHGCEKLG@czas_przeskoku_kulki_wolny?$AA@ 0040e304     main.obj
 0002:00001320       ??_C@_0BH@LAIPMCHF@styl_liczenia_wygranej?$AA@ 0040e320     main.obj
 0002:00001338       ??_C@_0BB@KJAOIHBF@kwota_pocz?$LJtkowa?$AA@ 0040e338     main.obj
 0002:0000134c       ??_C@_0O@JDOJANCO@stan_d?$JPwi?jk?sw?$AA@ 0040e34c     main.obj
 0002:0000135c       ??_C@_0BE@MGBNNKM@czy_kontynuowa?f_gr?j?$AA@ 0040e35c     main.obj
 0002:00001370       ??_C@_0BE@ILPCOCN@g?$LDos_odczytu_numeru?$AA@ 0040e370     main.obj
 0002:00001384       ??_C@_0BN@ECEAENDF@g?$LDos_szybko?$JM?f_odczytu_numeru?$AA@ 0040e384     main.obj
 0002:000013a4       ??_C@_0BB@EHOIFKBK@efekty_d?$JPwi?jkowe?$AA@ 0040e3a4     main.obj
 0002:000013b8       ??_C@_0BI@CFPLBAOH@invalid?5string?5position?$AA@ 0040e3b8     main.obj
 0002:000013d0       ??_C@_0BA@JFNIOLAK@string?5too?5long?$AA@ 0040e3d0     main.obj
 0002:00001534       ??_8?$basic_fstream@DU?$char_traits@D@std@@@std@@7B?$basic_ostream@DU?$char_traits@D@std@@@1@@ 0040e534     main.obj
 0002:00001534       ??_8?$basic_ofstream@DU?$char_traits@D@std@@@std@@7B@ 0040e534     main.obj
 0002:00001534       ??_8?$basic_stringstream@DU?$char_traits@D@std@@V?$allocator@D@2@@std@@7B?$basic_istream@DU?$char_traits@D@std@@@1@@ 0040e534     main.obj
 0002:00001540       ??_7?$basic_filebuf@DU?$char_traits@D@std@@@std@@6B@ 0040e540     main.obj
 0002:0000157c       ??_8?$basic_stringstream@DU?$char_traits@D@std@@V?$allocator@D@2@@std@@7B?$basic_ostream@DU?$char_traits@D@std@@@1@@ 0040e57c     main.obj
 0002:00001588       ??_7?$basic_ofstream@DU?$char_traits@D@std@@@std@@6B@ 0040e588     main.obj
 0002:00001590       ??_7bad_cast@std@@6B@      0040e590     main.obj
 0002:0000159c       ??_7?$basic_stringbuf@DU?$char_traits@D@std@@V?$allocator@D@2@@std@@6B@ 0040e59c     main.obj
 0002:000015dc       ??_7?$basic_stringstream@DU?$char_traits@D@std@@V?$allocator@D@2@@std@@6B@ 0040e5dc     main.obj
 0002:000015e4       ??_7?$basic_fstream@DU?$char_traits@D@std@@@std@@6B@ 0040e5e4     main.obj
 0002:000015e8       ??_8?$basic_ifstream@DU?$char_traits@D@std@@@std@@7B@ 0040e5e8     main.obj
 0002:000015f0       ??_8?$basic_fstream@DU?$char_traits@D@std@@@std@@7B?$basic_istream@DU?$char_traits@D@std@@@1@@ 0040e5f0     main.obj
 0002:000015fc       ??_7?$basic_ifstream@DU?$char_traits@D@std@@@std@@6B@ 0040e5fc     main.obj
 0002:00001600       __real@4042800000000000    0040e600     main.obj
 0002:00001710       __load_config_used         0040e710     MSVCRT:loadcfg.obj
 0002:000017a8       ??_R4type_info@@6B@        0040e7a8     MSVCRT:std_type_info_static.obj
 0002:000017bc       ??_R3type_info@@8          0040e7bc     MSVCRT:std_type_info_static.obj
 0002:000017cc       ??_R2type_info@@8          0040e7cc     MSVCRT:std_type_info_static.obj
 0002:000017d4       ??_R1A@?0A@EA@type_info@@8 0040e7d4     MSVCRT:std_type_info_static.obj
 0002:000017f0       ??_R4bad_alloc@std@@6B@    0040e7f0     MSVCRT:throw_bad_alloc.obj
 0002:00001804       ??_R3bad_alloc@std@@8      0040e804     MSVCRT:throw_bad_alloc.obj
 0002:00001814       ??_R2bad_alloc@std@@8      0040e814     MSVCRT:throw_bad_alloc.obj
 0002:00001820       ??_R1A@?0A@EA@bad_alloc@std@@8 0040e820     MSVCRT:throw_bad_alloc.obj
 0002:0000183c       ??_R4bad_array_new_length@std@@6B@ 0040e83c     MSVCRT:throw_bad_alloc.obj
 0002:00001850       ??_R3bad_array_new_length@std@@8 0040e850     MSVCRT:throw_bad_alloc.obj
 0002:00001860       ??_R2bad_array_new_length@std@@8 0040e860     MSVCRT:throw_bad_alloc.obj
 0002:00001870       ??_R1A@?0A@EA@bad_array_new_length@std@@8 0040e870     MSVCRT:throw_bad_alloc.obj
 0002:0000188c       ??_R3?$basic_istream@DU?$char_traits@D@std@@@std@@8 0040e88c     main.obj
 0002:0000189c       ??_R3?$basic_iostream@DU?$char_traits@D@std@@@std@@8 0040e89c     main.obj
 0002:000018ac       ??_R2?$basic_fstream@DU?$char_traits@D@std@@@std@@8 0040e8ac     main.obj
 0002:000018d8       ??_R4exception@std@@6B@    0040e8d8     main.obj
 0002:000018ec       ??_R4?$basic_ofstream@DU?$char_traits@D@std@@@std@@6B@ 0040e8ec     main.obj
 0002:00001900       ??_R3?$basic_ofstream@DU?$char_traits@D@std@@@std@@8 0040e900     main.obj
 0002:00001910       ??_R1A@?0A@EA@?$basic_istream@DU?$char_traits@D@std@@@std@@8 0040e910     main.obj
 0002:0000192c       ??_R1A@?0A@EA@bad_cast@std@@8 0040e92c     main.obj
 0002:00001948       ??_R3?$basic_ifstream@DU?$char_traits@D@std@@@std@@8 0040e948     main.obj
 0002:00001958       ??_R2?$basic_stringbuf@DU?$char_traits@D@std@@V?$allocator@D@2@@std@@8 0040e958     main.obj
 0002:00001964       ??_R1A@?0A@EA@?$basic_ifstream@DU?$char_traits@D@std@@@std@@8 0040e964     main.obj
 0002:00001980       ??_R3?$basic_fstream@DU?$char_traits@D@std@@@std@@8 0040e980     main.obj
 0002:00001990       ??_R17A@3EA@?$_Iosb@H@std@@8 0040e990     main.obj
 0002:000019ac       ??_R1A@?0A@EA@?$basic_stringstream@DU?$char_traits@D@std@@V?$allocator@D@2@@std@@8 0040e9ac     main.obj
 0002:000019c8       ??_R1A@?0A@EA@?$basic_fstream@DU?$char_traits@D@std@@@std@@8 0040e9c8     main.obj
 0002:000019e4       ??_R1A@?0A@EA@exception@std@@8 0040e9e4     main.obj
 0002:00001a00       ??_R2?$basic_ofstream@DU?$char_traits@D@std@@@std@@8 0040ea00     main.obj
 0002:00001a18       ??_R1A@?0A@EA@?$basic_streambuf@DU?$char_traits@D@std@@@std@@8 0040ea18     main.obj
 0002:00001a34       ??_R2?$basic_istream@DU?$char_traits@D@std@@@std@@8 0040ea34     main.obj
 0002:00001a48       ??_R3?$basic_stringbuf@DU?$char_traits@D@std@@V?$allocator@D@2@@std@@8 0040ea48     main.obj
 0002:00001a58       ??_R2bad_cast@std@@8       0040ea58     main.obj
 0002:00001a64       ??_R2exception@std@@8      0040ea64     main.obj
 0002:00001a6c       ??_R2?$basic_ostream@DU?$char_traits@D@std@@@std@@8 0040ea6c     main.obj
 0002:00001a80       ??_R3?$basic_ios@DU?$char_traits@D@std@@@std@@8 0040ea80     main.obj
 0002:00001a90       ??_R1BA@?0A@EA@?$basic_ostream@DU?$char_traits@D@std@@@std@@8 0040ea90     main.obj
 0002:00001aac       ??_R4?$basic_ifstream@DU?$char_traits@D@std@@@std@@6B@ 0040eaac     main.obj
 0002:00001ac0       ??_R1A@?0A@EA@ios_base@std@@8 0040eac0     main.obj
 0002:00001adc       ??_R3exception@std@@8      0040eadc     main.obj
 0002:00001aec       ??_R1A@?0A@EA@?$basic_ostream@DU?$char_traits@D@std@@@std@@8 0040eaec     main.obj
 0002:00001b08       ??_R4?$basic_filebuf@DU?$char_traits@D@std@@@std@@6B@ 0040eb08     main.obj
 0002:00001b1c       ??_R2?$basic_streambuf@DU?$char_traits@D@std@@@std@@8 0040eb1c     main.obj
 0002:00001b24       ??_R1A@?0A@EA@?$_Iosb@H@std@@8 0040eb24     main.obj
 0002:00001b40       ??_R1A@?0A@EA@?$basic_stringbuf@DU?$char_traits@D@std@@V?$allocator@D@2@@std@@8 0040eb40     main.obj
 0002:00001b5c       ??_R2?$basic_iostream@DU?$char_traits@D@std@@@std@@8 0040eb5c     main.obj
 0002:00001b84       ??_R3bad_cast@std@@8       0040eb84     main.obj
 0002:00001b94       ??_R2?$basic_stringstream@DU?$char_traits@D@std@@V?$allocator@D@2@@std@@8 0040eb94     main.obj
 0002:00001bc0       ??_R4bad_cast@std@@6B@     0040ebc0     main.obj
 0002:00001bd4       ??_R4?$basic_stringbuf@DU?$char_traits@D@std@@V?$allocator@D@2@@std@@6B@ 0040ebd4     main.obj
 0002:00001be8       ??_R4?$basic_stringstream@DU?$char_traits@D@std@@V?$allocator@D@2@@std@@6B@ 0040ebe8     main.obj
 0002:00001bfc       ??_R1A@?0A@EA@?$basic_ofstream@DU?$char_traits@D@std@@@std@@8 0040ebfc     main.obj
 0002:00001c18       ??_R1A@?0A@EA@?$basic_filebuf@DU?$char_traits@D@std@@@std@@8 0040ec18     main.obj
 0002:00001c34       ??_R1A@A@3FA@?$basic_ios@DU?$char_traits@D@std@@@std@@8 0040ec34     main.obj
 0002:00001c50       ??_R3?$basic_filebuf@DU?$char_traits@D@std@@@std@@8 0040ec50     main.obj
 0002:00001c60       ??_R2ios_base@std@@8       0040ec60     main.obj
 0002:00001c6c       ??_R3?$basic_ostream@DU?$char_traits@D@std@@@std@@8 0040ec6c     main.obj
 0002:00001c7c       ??_R1A@?0A@EA@?$basic_iostream@DU?$char_traits@D@std@@@std@@8 0040ec7c     main.obj
 0002:00001c98       ??_R3ios_base@std@@8       0040ec98     main.obj
 0002:00001ca8       ??_R2?$basic_filebuf@DU?$char_traits@D@std@@@std@@8 0040eca8     main.obj
 0002:00001cb4       ??_R3?$basic_streambuf@DU?$char_traits@D@std@@@std@@8 0040ecb4     main.obj
 0002:00001cc4       ??_R3?$basic_stringstream@DU?$char_traits@D@std@@V?$allocator@D@2@@std@@8 0040ecc4     main.obj
 0002:00001cd4       ??_R2?$_Iosb@H@std@@8      0040ecd4     main.obj
 0002:00001cdc       ??_R1A@A@3EA@ios_base@std@@8 0040ecdc     main.obj
 0002:00001cf8       ??_R1A@?0A@EA@?$basic_ios@DU?$char_traits@D@std@@@std@@8 0040ecf8     main.obj
 0002:00001d14       ??_R4?$basic_fstream@DU?$char_traits@D@std@@@std@@6B@ 0040ed14     main.obj
 0002:00001d28       ??_R2?$basic_ifstream@DU?$char_traits@D@std@@@std@@8 0040ed28     main.obj
 0002:00001d40       ??_R3?$_Iosb@H@std@@8      0040ed40     main.obj
 0002:00001d50       ??_R17?0A@EA@?$_Iosb@H@std@@8 0040ed50     main.obj
 0002:00001d6c       ??_R2?$basic_ios@DU?$char_traits@D@std@@@std@@8 0040ed6c     main.obj
 0002:00001d80       ___safe_se_handler_table   0040ed80     <linker-defined>
 0002:00002150       ___rtc_iaa                 0040f150     MSVCRT:_initsect_.obj
 0002:00002154       ___rtc_izz                 0040f154     MSVCRT:_initsect_.obj
 0002:00002158       ___rtc_taa                 0040f158     MSVCRT:_initsect_.obj
 0002:0000215c       ___rtc_tzz                 0040f15c     MSVCRT:_initsect_.obj
 0002:000029cc       __TI2?AVbad_alloc@std@@    0040f9cc     MSVCRT:throw_bad_alloc.obj
 0002:000029dc       __CTA2?AVbad_alloc@std@@   0040f9dc     MSVCRT:throw_bad_alloc.obj
 0002:000029e8       __CT??_R0?AVbad_alloc@std@@@8??0bad_alloc@std@@QAE@ABV01@@Z12 0040f9e8     MSVCRT:throw_bad_alloc.obj
 0002:00002a04       __TI3?AVbad_array_new_length@std@@ 0040fa04     MSVCRT:throw_bad_alloc.obj
 0002:00002a14       __CTA3?AVbad_array_new_length@std@@ 0040fa14     MSVCRT:throw_bad_alloc.obj
 0002:00002a24       __CT??_R0?AVbad_array_new_length@std@@@8??0bad_array_new_length@std@@QAE@ABV01@@Z12 0040fa24     MSVCRT:throw_bad_alloc.obj
 0002:00002a40       __CT??_R0?AVbad_cast@std@@@8??0bad_cast@std@@QAE@ABV01@@Z12 0040fa40     main.obj
 0002:00002a5c       __CTA2?AVbad_cast@std@@    0040fa5c     main.obj
 0002:00002a68       __TI2?AVbad_cast@std@@     0040fa68     main.obj
 0002:00002a78       __CT??_R0?AVexception@std@@@8??0exception@std@@QAE@ABV01@@Z12 0040fa78     main.obj
 0002:00002a94       __IMPORT_DESCRIPTOR_WINMM  0040fa94     winmm:WINMM.dll
 0002:00002aa8       __IMPORT_DESCRIPTOR_KERNEL32 0040faa8     kernel32:KERNEL32.dll
 0002:00002abc       __IMPORT_DESCRIPTOR_MSVCP140 0040fabc     msvcprt:MSVCP140.dll
 0002:00002ad0       __IMPORT_DESCRIPTOR_urlmon 0040fad0     urlmon:urlmon.dll
 0002:00002ae4       __IMPORT_DESCRIPTOR_VCRUNTIME140 0040fae4     vcruntime:VCRUNTIME140.dll
 0002:00002af8       __IMPORT_DESCRIPTOR_api-ms-win-crt-locale-l1-1-0 0040faf8     ucrt:api-ms-win-crt-locale-l1-1-0.dll
 0002:00002b0c       __IMPORT_DESCRIPTOR_api-ms-win-crt-stdio-l1-1-0 0040fb0c     ucrt:api-ms-win-crt-stdio-l1-1-0.dll
 0002:00002b20       __IMPORT_DESCRIPTOR_api-ms-win-crt-utility-l1-1-0 0040fb20     ucrt:api-ms-win-crt-utility-l1-1-0.dll
 0002:00002b34       __IMPORT_DESCRIPTOR_api-ms-win-crt-filesystem-l1-1-0 0040fb34     ucrt:api-ms-win-crt-filesystem-l1-1-0.dll
 0002:00002b48       __IMPORT_DESCRIPTOR_api-ms-win-crt-runtime-l1-1-0 0040fb48     ucrt:api-ms-win-crt-runtime-l1-1-0.dll
 0002:00002b5c       __IMPORT_DESCRIPTOR_api-ms-win-crt-time-l1-1-0 0040fb5c     ucrt:api-ms-win-crt-time-l1-1-0.dll
 0002:00002b70       __IMPORT_DESCRIPTOR_api-ms-win-crt-convert-l1-1-0 0040fb70     ucrt:api-ms-win-crt-convert-l1-1-0.dll
 0002:00002b84       __IMPORT_DESCRIPTOR_api-ms-win-crt-heap-l1-1-0 0040fb84     ucrt:api-ms-win-crt-heap-l1-1-0.dll
 0002:00002b98       __IMPORT_DESCRIPTOR_api-ms-win-crt-math-l1-1-0 0040fb98     ucrt:api-ms-win-crt-math-l1-1-0.dll
 0002:00002bac       __NULL_IMPORT_DESCRIPTOR   0040fbac     winmm:WINMM.dll
 0003:00000000       ___scrt_native_dllmain_reason 00412000     MSVCRT:utility.obj
 0003:00000004       ___security_cookie         00412004     MSVCRT:gs_cookie.obj
 0003:00000008       ___security_cookie_complement 00412008     MSVCRT:gs_cookie.obj
 0003:0000000c       ___isa_enabled             0041200c     MSVCRT:_cpu_disp_.obj
 0003:00000010       ___scrt_default_matherr    00412010     MSVCRT:matherr.obj
 0003:00000014       ___scrt_ucrt_dll_is_in_use 00412014     MSVCRT:ucrt_stubs.obj
 0003:00000018       ?czy_kontynuowaÊ_grÍ@@3FA  00412018     main.obj
 0003:0000001a       ?EfektyKompletne@@3_NA     0041201a     main.obj
 0003:0000001b       ?G≥osyKompletne@@3_NA      0041201b     main.obj
 0003:0000001c       ?iloúÊ_max_dodatkowych_obrotÛw_ruletki@@3FA 0041201c     main.obj
 0003:00000020       ?iloúÊ_minimalna_obrotÛw_ruletki@@3FA 00412020     main.obj
 0003:00000024       ?efekty_düwiÍkowe@@3FA     00412024     main.obj
 0003:00000028       ?kwota_poczπtkowa@@3HA     00412028     main.obj
 0003:0000002c       ?g≥os_szybkoúÊ_odczytu_numeru@@3FA 0041202c     main.obj
 0003:00000030       ?stan_düwiÍkÛw@@3FA        00412030     main.obj
 0003:00000034       ?czas_przeskoku_kulki_wolny@@3FA 00412034     main.obj
 0003:00000038       ?styl_liczenia_wygranej@@3FA 00412038     main.obj
 0003:0000003c       ?czas_przeskoku_kulki_szybki@@3FA 0041203c     main.obj
 0003:00000040       ?g≥os_odczytu_numeru@@3FA  00412040     main.obj
 0003:00000044       ?czas_przerwy_dzwiÍku@@3FA 00412044     main.obj
 0003:00000048       ?G≥os@@3V?$basic_string@DU?$char_traits@D@std@@V?$allocator@D@2@@std@@A 00412048     main.obj
 0003:00000060       __fltused                  00412060     MSVCRT:fltused.obj
 0003:00000068       ??_R0?AVtype_info@@@8      00412068     MSVCRT:std_type_info_static.obj
 0003:00000080       ??_R0?AVbad_alloc@std@@@8  00412080     MSVCRT:throw_bad_alloc.obj
 0003:0000009c       ??_R0?AVbad_array_new_length@std@@@8 0041209c     MSVCRT:throw_bad_alloc.obj
 0003:000000c8       ??_R0?AV?$basic_stringstream@DU?$char_traits@D@std@@V?$allocator@D@2@@std@@@8 004120c8     main.obj
 0003:00000118       ??_R0?AV?$basic_filebuf@DU?$char_traits@D@std@@@std@@@8 00412118     main.obj
 0003:00000154       ??_R0?AV?$basic_fstream@DU?$char_traits@D@std@@@std@@@8 00412154     main.obj
 0003:00000190       ??_R0?AV?$basic_ifstream@DU?$char_traits@D@std@@@std@@@8 00412190     main.obj
 0003:000001d0       ??_R0?AV?$basic_stringbuf@DU?$char_traits@D@std@@V?$allocator@D@2@@std@@@8 004121d0     main.obj
 0003:00000220       ??_R0?AVios_base@std@@@8   00412220     main.obj
 0003:0000023c       ??_R0?AV?$basic_iostream@DU?$char_traits@D@std@@@std@@@8 0041223c     main.obj
 0003:00000278       ??_R0?AV?$_Iosb@H@std@@@8  00412278     main.obj
 0003:00000294       ??_R0?AV?$basic_ofstream@DU?$char_traits@D@std@@@std@@@8 00412294     main.obj
 0003:000002d0       ??_R0?AV?$basic_streambuf@DU?$char_traits@D@std@@@std@@@8 004122d0     main.obj
 0003:0000030c       ??_R0?AVbad_cast@std@@@8   0041230c     main.obj
 0003:00000328       ??_R0?AV?$basic_istream@DU?$char_traits@D@std@@@std@@@8 00412328     main.obj
 0003:00000364       ??_R0?AV?$basic_ios@DU?$char_traits@D@std@@@std@@@8 00412364     main.obj
 0003:0000039c       ??_R0?AV?$basic_ostream@DU?$char_traits@D@std@@@std@@@8 0041239c     main.obj
 0003:000003d8       ??_R0?AVexception@std@@@8  004123d8     main.obj
 0003:00000400       ___scrt_current_native_startup_state 00412400     MSVCRT:utility.obj
 0003:00000404       ___scrt_native_startup_lock 00412404     MSVCRT:utility.obj
 0003:00000744       ___isa_available           00412744     MSVCRT:_cpu_disp_.obj
 0003:00000748       ___favor                   00412748     MSVCRT:_cpu_disp_.obj
 0003:0000074c       ___scrt_debugger_hook_flag 0041274c     MSVCRT:utility_desktop.obj
 0003:00000750       ?__type_info_root_node@@3U__type_info_node@@A 00412750     MSVCRT:tncleanup.obj
 0003:00000758       ?_OptionsStorage@?1??__local_stdio_printf_options@@9@4_KA 00412758     MSVCRT:default_local_stdio_options.obj
 0003:00000760       ?_OptionsStorage@?1??__local_stdio_scanf_options@@9@4_KA 00412760     MSVCRT:default_local_stdio_options.obj
 0003:00000768       ?_Psave@?$_Facetptr@V?$ctype@D@std@@@std@@2PBVfacet@locale@2@B 00412768     main.obj
 0003:0000076c       ?_Psave@?$_Facetptr@V?$codecvt@DDU_Mbstatet@@@std@@@std@@2PBVfacet@locale@2@B 0041276c     main.obj
 0003:00000770       ?Czas@@3U_SYSTEMTIME@@A    00412770     main.obj
 0003:00000780       ?_Stinit@?1??_Init@?$basic_filebuf@DU?$char_traits@D@std@@@std@@IAEXPAU_iobuf@@W4_Initfl@23@@Z@4U_Mbstatet@@A 00412780     main.obj
 0003:00000788       ___dyn_tls_dtor_callback   00412788     <common>
 0003:0000078c       ___dyn_tls_init_callback   0041278c     <common>

 entry point at        0001:00009b44

 Static symbols

 0000:fffea000       .debug$S                   00400000     ucrt:api-ms-win-crt-runtime-l1-1-0.dll
 0000:fffea000       .debug$S                   00400000     msvcprt:MSVCP140.dll
 0000:fffea000       .debug$S                   00400000     msvcprt:MSVCP140.dll
 0000:fffea000       .debug$S                   00400000     msvcprt:MSVCP140.dll
 0000:fffea000       .debug$S                   00400000     msvcprt:MSVCP140.dll
 0000:fffea000       .debug$S                   00400000     msvcprt:MSVCP140.dll
 0000:fffea000       .debug$S                   00400000     msvcprt:MSVCP140.dll
 0000:fffea000       .debug$S                   00400000     msvcprt:MSVCP140.dll
 0000:fffea000       .debug$S                   00400000     msvcprt:MSVCP140.dll
 0000:fffea000       .debug$S                   00400000     msvcprt:MSVCP140.dll
 0000:fffea000       .debug$S                   00400000     msvcprt:MSVCP140.dll
 0000:fffea000       .debug$S                   00400000     msvcprt:MSVCP140.dll
 0000:fffea000       .debug$S                   00400000     msvcprt:MSVCP140.dll
 0000:fffea000       .debug$S                   00400000     msvcprt:MSVCP140.dll
 0000:fffea000       .debug$S                   00400000     msvcprt:MSVCP140.dll
 0000:fffea000       .debug$S                   00400000     msvcprt:MSVCP140.dll
 0000:fffea000       .debug$S                   00400000     msvcprt:MSVCP140.dll
 0000:fffea000       .debug$S                   00400000     msvcprt:MSVCP140.dll
[...]
 0001:0000ae08       __ehhandler$?uflow@?$basic_filebuf@DU?$char_traits@D@std@@@std@@MAEHXZ 0040be08 f   main.obj
 0001:0000ae08       __ehhandler$?overflow@?$basic_filebuf@DU?$char_traits@D@std@@@std@@MAEHH@Z 0040be08 f   main.obj
 0001:0000ae30       __ehhandler$??1_Fac_node@std@@QAE@XZ 0040be30 f   msvcprt:locale0_implib.obj
 0001:0000ae30       __ehhandler$??1?$basic_filebuf@DU?$char_traits@D@std@@@std@@UAE@XZ 0040be30 f   main.obj
 0001:0000ae50       __unwindfunclet$??0?$basic_stringstream@DU?$char_traits@D@std@@V?$allocator@D@2@@std@@QAE@H@Z$0 0040be50 f   main.obj
 0001:0000ae6d       __unwindfunclet$??0?$basic_stringstream@DU?$char_traits@D@std@@V?$allocator@D@2@@std@@QAE@H@Z$1 0040be6d f   main.obj
 0001:0000ae79       __unwindfunclet$??0?$basic_stringstream@DU?$char_traits@D@std@@V?$allocator@D@2@@std@@QAE@H@Z$3 0040be79 f   main.obj
 0001:0000ae82       __ehhandler$??0?$basic_stringstream@DU?$char_traits@D@std@@V?$allocator@D@2@@std@@QAE@H@Z 0040be82 f   main.obj
 0001:0000aea0       __ehhandler$??1sentry@?$basic_ostream@DU?$char_traits@D@std@@@std@@QAE@XZ 0040bea0 f   main.obj
 0001:0000aec0       __unwindfunclet$?open@?$basic_filebuf@DU?$char_traits@D@std@@@std@@QAEPAV12@PBDHH@Z$0 0040bec0 f   main.obj
 0001:0000aec8       __ehhandler$?open@?$basic_filebuf@DU?$char_traits@D@std@@@std@@QAEPAV12@PBDHH@Z 0040bec8 f   main.obj
 0001:0000aef0       __unwindfunclet$??$use_facet@V?$codecvt@DDU_Mbstatet@@@std@@@std@@YAABV?$codecvt@DDU_Mbstatet@@@0@ABVlocale@0@@Z$0 0040bef0 f   main.obj
 0001:0000aef0       __unwindfunclet$??$use_facet@V?$ctype@D@std@@@std@@YAABV?$ctype@D@0@ABVlocale@0@@Z$0 0040bef0 f   main.obj
 0001:0000aef9       __ehhandler$??$use_facet@V?$ctype@D@std@@@std@@YAABV?$ctype@D@0@ABVlocale@0@@Z 0040bef9 f   main.obj
 0001:0000aef9       __ehhandler$??$use_facet@V?$codecvt@DDU_Mbstatet@@@std@@@std@@YAABV?$codecvt@DDU_Mbstatet@@@0@ABVlocale@0@@Z 0040bef9 f   main.obj
 0001:0000af20       __unwindfunclet$??$?6U?$char_traits@D@std@@@std@@YAAAV?$basic_ostream@DU?$char_traits@D@std@@@0@AAV10@PBD@Z$4 0040bf20 f   main.obj
 0001:0000af28       __unwindfunclet$??$?6U?$char_traits@D@std@@@std@@YAAAV?$basic_ostream@DU?$char_traits@D@std@@@0@AAV10@PBD@Z$2 0040bf28 f   main.obj
 0001:0000af30       __ehhandler$??$?6U?$char_traits@D@std@@@std@@YAAAV?$basic_ostream@DU?$char_traits@D@std@@@0@AAV10@PBD@Z 0040bf30 f   main.obj
 0001:0000af50       __unwindfunclet$??$?HDU?$char_traits@D@std@@V?$allocator@D@1@@std@@YA?AV?$basic_string@DU?$char_traits@D@std@@V?$allocator@D@2@@0@ABV10@0@Z$0 0040bf50 f   main.obj
 0001:0000af69       __ehhandler$??$?HDU?$char_traits@D@std@@V?$allocator@D@1@@std@@YA?AV?$basic_string@DU?$char_traits@D@std@@V?$allocator@D@2@@0@ABV10@0@Z 0040bf69 f   main.obj
 0001:0000af90       __unwindfunclet$??$?HDU?$char_traits@D@std@@V?$allocator@D@1@@std@@YA?AV?$basic_string@DU?$char_traits@D@std@@V?$allocator@D@2@@0@QBDABV10@@Z$0 0040bf90 f   main.obj
 0001:0000af90       __unwindfunclet$??$?HDU?$char_traits@D@std@@V?$allocator@D@1@@std@@YA?AV?$basic_string@DU?$char_traits@D@std@@V?$allocator@D@2@@0@ABV10@QBD@Z$0 0040bf90 f   main.obj
 0001:0000afa9       __ehhandler$??$?HDU?$char_traits@D@std@@V?$allocator@D@1@@std@@YA?AV?$basic_string@DU?$char_traits@D@std@@V?$allocator@D@2@@0@QBDABV10@@Z 0040bfa9 f   main.obj
 0001:0000afa9       __ehhandler$??$?HDU?$char_traits@D@std@@V?$allocator@D@1@@std@@YA?AV?$basic_string@DU?$char_traits@D@std@@V?$allocator@D@2@@0@ABV10@QBD@Z 0040bfa9 f   main.obj
 0001:0000afd0       __unwindfunclet$??$?5DU?$char_traits@D@std@@V?$allocator@D@1@@std@@YAAAV?$basic_istream@DU?$char_traits@D@std@@@0@$$QAV10@AAV?$basic_string@DU?$char_traits@D@std@@V?$allocator@D@2@@0@@Z$4 0040bfd0 f   main.obj
 0001:0000afd8       __unwindfunclet$??$?5DU?$char_traits@D@std@@V?$allocator@D@1@@std@@YAAAV?$basic_istream@DU?$char_traits@D@std@@@0@$$QAV10@AAV?$basic_string@DU?$char_traits@D@std@@V?$allocator@D@2@@0@@Z$2 0040bfd8 f   main.obj
 0001:0000afe0       __unwindfunclet$??$?5DU?$char_traits@D@std@@V?$allocator@D@1@@std@@YAAAV?$basic_istream@DU?$char_traits@D@std@@@0@$$QAV10@AAV?$basic_string@DU?$char_traits@D@std@@V?$allocator@D@2@@0@@Z$3 0040bfe0 f   main.obj
 0001:0000afe8       __ehhandler$??$?5DU?$char_traits@D@std@@V?$allocator@D@1@@std@@YAAAV?$basic_istream@DU?$char_traits@D@std@@@0@$$QAV10@AAV?$basic_string@DU?$char_traits@D@std@@V?$allocator@D@2@@0@@Z 0040bfe8 f   main.obj
 0001:0000b010       __unwindfunclet$??$getline@DU?$char_traits@D@std@@V?$allocator@D@2@@std@@YAAAV?$basic_istream@DU?$char_traits@D@std@@@0@$$QAV10@AAV?$basic_string@DU?$char_traits@D@std@@V?$allocator@D@2@@0@D@Z$3 0040c010 f   main.obj
 0001:0000b018       __unwindfunclet$??$getline@DU?$char_traits@D@std@@V?$allocator@D@2@@std@@YAAAV?$basic_istream@DU?$char_traits@D@std@@@0@$$QAV10@AAV?$basic_string@DU?$char_traits@D@std@@V?$allocator@D@2@@0@D@Z$2 0040c018 f   main.obj
 0001:0000b020       __ehhandler$??$getline@DU?$char_traits@D@std@@V?$allocator@D@2@@std@@YAAAV?$basic_istream@DU?$char_traits@D@std@@@0@$$QAV10@AAV?$basic_string@DU?$char_traits@D@std@@V?$allocator@D@2@@0@D@Z 0040c020 f   main.obj
 0001:0000b040       __unwindfunclet$??$_Insert_string@DU?$char_traits@D@std@@I@std@@YAAAV?$basic_ostream@DU?$char_traits@D@std@@@0@AAV10@QBDI@Z$3 0040c040 f   main.obj
 0001:0000b048       __unwindfunclet$??$_Insert_string@DU?$char_traits@D@std@@I@std@@YAAAV?$basic_ostream@DU?$char_traits@D@std@@@0@AAV10@QBDI@Z$2 0040c048 f   main.obj
 0001:0000b050       __ehhandler$??$_Insert_string@DU?$char_traits@D@std@@I@std@@YAAAV?$basic_ostream@DU?$char_traits@D@std@@@0@AAV10@QBDI@Z 0040c050 f   main.obj
 0001:0000b070       __ehhandler$??1sentry@?$basic_istream@DU?$char_traits@D@std@@@std@@QAE@XZ 0040c070 f   main.obj
 0001:0000b090       ??__FG≥os@@YAXXZ           0040c090 f   main.obj
 0001:0000b0f6       ??__F_Fac_tidy_reg@std@@YAXXZ 0040c0f6 f   msvcprt:locale0_implib.obj
 0002:00000274       ?pre_cpp_initializer@@3P6AXXZA 0040d274     MSVCRT:exe_main.obj
 0002:00000278       ?_Fac_tidy_reg$initializer$@std@@3P6AXXZA 0040d278     msvcprt:locale0_implib.obj
 0002:0000027c       ?G≥os$initializer$@@3P6AXXZA 0040d27c     main.obj
 0002:00000288       ?pre_c_initializer@@3P6AHXZA 0040d288     MSVCRT:exe_main.obj
 0002:0000028c       ?post_pgo_initializer@@3P6AHXZA 0040d28c     MSVCRT:exe_main.obj
 0002:000002b8       _GS_ExceptionPointers      0040d2b8     MSVCRT:gs_report.obj
 0002:000013e0       ?Ruletka_ko≥o@@3QBHB       0040e3e0     main.obj
 0002:00001478       ?Ruletka_plansza_kolor_col@@3QBHB 0040e478     main.obj
 0002:0000150c       ?Ruletka_plansza_kolor@@3QBDB 0040e50c     main.obj
 0002:00001610       _Int32ToUInt32             0040e610     MSVCRT:_ftol3_.obj
 0002:00001618       _DP2to32                   0040e618     MSVCRT:_ftol3_.obj
 0002:00001620       _MantissaMask              0040e620     MSVCRT:_ftol3_.obj
 0002:00001628       _IntegerBit                0040e628     MSVCRT:_ftol3_.obj
 0002:00001630       _SignBit64                 0040e630     MSVCRT:_ftol3_.obj
 0002:00001638       _MinFP64                   0040e638     MSVCRT:_ftol3_.obj
 0002:00001640       _MinInt64                  0040e640     MSVCRT:_ftol3_.obj
 0002:00001648       _MaxInt64                  0040e648     MSVCRT:_ftol3_.obj
 0002:00001650       _MaxUInt64                 0040e650     MSVCRT:_ftol3_.obj
 0002:00001658       _MaxFP32                   0040e658     MSVCRT:_ftol3_.obj
 0002:00001660       _MinFP32                   0040e660     MSVCRT:_ftol3_.obj
 0002:00001668       _MinSubInexact             0040e668     MSVCRT:_ftol3_.obj
 0002:00001670       _FpExcptTable              0040e670     MSVCRT:_ftol3_.obj
 0002:00001680       _i1075                     0040e680     MSVCRT:_ftol3_.obj
 0002:00001684       _i1087                     0040e684     MSVCRT:_ftol3_.obj
 0002:00001688       _x0800                     0040e688     MSVCRT:_ftol3_.obj
 0002:0000168c       _x17FF                     0040e68c     MSVCRT:_ftol3_.obj
 0002:00001690       _CWMask                    0040e690     MSVCRT:_ftol3_.obj
 0002:00002160       __ehfuncinfo$??1_Sentry_base@?$basic_ostream@DU?$char_traits@D@std@@@std@@QAE@XZ 0040f160     main.obj
 0002:00002160       __ehfuncinfo$??1_Sentry_base@?$basic_istream@DU?$char_traits@D@std@@@std@@QAE@XZ 0040f160     main.obj
 0002:00002160       __ehfuncinfo$??1_Fac_node@std@@QAE@XZ 0040f160     msvcprt:locale0_implib.obj
 0002:00002160       __ehfuncinfo$??1locale@std@@QAE@XZ 0040f160     main.obj
 0002:00002160       __ehfuncinfo$??1?$basic_filebuf@DU?$char_traits@D@std@@@std@@UAE@XZ 0040f160     main.obj
 0002:00002184       __ehfuncinfo$_main         0040f184     main.obj
 0002:000021a8       __unwindtable$_main        0040f1a8     main.obj
 0002:000021d8       __ehfuncinfo$?Obstaw@@YA?AV?$basic_string@DU?$char_traits@D@std@@V?$allocator@D@2@@std@@XZ 0040f1d8     main.obj
 0002:000021fc       __unwindtable$?Obstaw@@YA?AV?$basic_string@DU?$char_traits@D@std@@V?$allocator@D@2@@std@@XZ 0040f1fc     main.obj
 0002:00002204       __ehfuncinfo$?Wczytaj_KwotÍ_Zak≥adu@@YAXAAHABH@Z 0040f204     main.obj
 0002:00002204       __ehfuncinfo$?_Endwrite@?$basic_filebuf@DU?$char_traits@D@std@@@std@@IAE_NXZ 0040f204     main.obj
 0002:00002228       __unwindtable$?Wczytaj_KwotÍ_Zak≥adu@@YAXAAHABH@Z 0040f228     main.obj
 0002:00002228       __unwindtable$?_Endwrite@?$basic_filebuf@DU?$char_traits@D@std@@@std@@IAE_NXZ 0040f228     main.obj
 0002:00002230       __ehfuncinfo$?ZakrÍÊ_Ruletkπ@@YAHXZ 0040f230     main.obj
 0002:00002254       __unwindtable$?ZakrÍÊ_Ruletkπ@@YAHXZ 0040f254     main.obj
 0002:0000225c       __ehfuncinfo$?Sprawdü_Zak≥ad@@YAHABHV?$basic_string@DU?$char_traits@D@std@@V?$allocator@D@2@@std@@0@Z 0040f25c     main.obj
 0002:00002280       __unwindtable$?Sprawdü_Zak≥ad@@YAHABHV?$basic_string@DU?$char_traits@D@std@@V?$allocator@D@2@@std@@0@Z 0040f280     main.obj
 0002:00002288       __ehfuncinfo$?Czy_KontynuowaÊ@@YA_NABH@Z 0040f288     main.obj
 0002:000022ac       __unwindtable$?Czy_KontynuowaÊ@@YA_NABH@Z 0040f2ac     main.obj
 0002:000022b8       __ehfuncinfo$?Odczytaj_liczbÍ@@YAXABHABV?$basic_string@DU?$char_traits@D@std@@V?$allocator@D@2@@std@@@Z 0040f2b8     main.obj
 0002:000022e0       __unwindtable$?Odczytaj_liczbÍ@@YAXABHABV?$basic_string@DU?$char_traits@D@std@@V?$allocator@D@2@@std@@@Z 0040f2e0     main.obj
 0002:00002358       __ehfuncinfo$?Wczytaj_z_pliku@@YAXAAV?$basic_ofstream@DU?$char_traits@D@std@@@std@@AAV?$basic_fstream@DU?$char_traits@D@std@@@2@AADAAH33AAV?$basic_string@DU?$char_traits@D@std@@V?$allocator@D@2@@2@@Z 0040f358     main.obj
 0002:0000237c       __unwindtable$?Wczytaj_z_pliku@@YAXAAV?$basic_ofstream@DU?$char_traits@D@std@@@std@@AAV?$basic_fstream@DU?$char_traits@D@std@@@2@AADAAH33AAV?$basic_string@DU?$char_traits@D@std@@V?$allocator@D@2@@2@@Z 0040f37c     main.obj
 0002:000023b0       __ehfuncinfo$?Sprawdü_Pliki@@YAXXZ 0040f3b0     main.obj
 0002:000023d8       __unwindtable$?Sprawdü_Pliki@@YAXXZ 0040f3d8     main.obj
 0002:000025d0       __ehfuncinfo$?Sprawdü_ustawienia@@YAXXZ 0040f5d0     main.obj
 0002:000025f4       __unwindtable$?Sprawdü_ustawienia@@YAXXZ 0040f5f4     main.obj
 0002:00002624       __ehfuncinfo$??0?$basic_ofstream@DU?$char_traits@D@std@@@std@@QAE@XZ 0040f624     main.obj
 0002:00002648       __unwindtable$??0?$basic_ofstream@DU?$char_traits@D@std@@@std@@QAE@XZ 0040f648     main.obj
 0002:00002660       __ehfuncinfo$?uflow@?$basic_filebuf@DU?$char_traits@D@std@@@std@@MAEHXZ 0040f660     main.obj
 0002:00002660       __ehfuncinfo$?overflow@?$basic_filebuf@DU?$char_traits@D@std@@@std@@MAEHH@Z 0040f660     main.obj
 0002:00002684       __unwindtable$?uflow@?$basic_filebuf@DU?$char_traits@D@std@@@std@@MAEHXZ 0040f684     main.obj
 0002:00002684       __unwindtable$?overflow@?$basic_filebuf@DU?$char_traits@D@std@@@std@@MAEHH@Z 0040f684     main.obj
 0002:0000268c       __ehfuncinfo$??0?$basic_stringstream@DU?$char_traits@D@std@@V?$allocator@D@2@@std@@QAE@H@Z 0040f68c     main.obj
 0002:000026b0       __unwindtable$??0?$basic_stringstream@DU?$char_traits@D@std@@V?$allocator@D@2@@std@@QAE@H@Z 0040f6b0     main.obj
 0002:000026c8       __ehfuncinfo$??1sentry@?$basic_ostream@DU?$char_traits@D@std@@@std@@QAE@XZ 0040f6c8     main.obj
 0002:000026c8       __ehfuncinfo$??1sentry@?$basic_istream@DU?$char_traits@D@std@@@std@@QAE@XZ 0040f6c8     main.obj
 0002:000026ec       __unwindtable$??1sentry@?$basic_istream@DU?$char_traits@D@std@@@std@@QAE@XZ 0040f6ec     main.obj
 0002:000026ec       __unwindtable$??1sentry@?$basic_ostream@DU?$char_traits@D@std@@@std@@QAE@XZ 0040f6ec     main.obj
 0002:000026f4       __ehfuncinfo$?open@?$basic_filebuf@DU?$char_traits@D@std@@@std@@QAEPAV12@PBDHH@Z 0040f6f4     main.obj
 0002:00002718       __unwindtable$?open@?$basic_filebuf@DU?$char_traits@D@std@@@std@@QAEPAV12@PBDHH@Z 0040f718     main.obj
 0002:00002728       __ehfuncinfo$??$use_facet@V?$ctype@D@std@@@std@@YAABV?$ctype@D@0@ABVlocale@0@@Z 0040f728     main.obj
 0002:00002728       __ehfuncinfo$??$use_facet@V?$codecvt@DDU_Mbstatet@@@std@@@std@@YAABV?$codecvt@DDU_Mbstatet@@@0@ABVlocale@0@@Z 0040f728     main.obj
 0002:0000274c       __unwindtable$??$use_facet@V?$ctype@D@std@@@std@@YAABV?$ctype@D@0@ABVlocale@0@@Z 0040f74c     main.obj
 0002:0000274c       __unwindtable$??$use_facet@V?$codecvt@DDU_Mbstatet@@@std@@@std@@YAABV?$codecvt@DDU_Mbstatet@@@0@ABVlocale@0@@Z 0040f74c     main.obj
 0002:00002754       __ehfuncinfo$??$?6U?$char_traits@D@std@@@std@@YAAAV?$basic_ostream@DU?$char_traits@D@std@@@0@AAV10@PBD@Z 0040f754     main.obj
 0002:00002778       __unwindtable$??$?6U?$char_traits@D@std@@@std@@YAAAV?$basic_ostream@DU?$char_traits@D@std@@@0@AAV10@PBD@Z 0040f778     main.obj
 0002:000027a8       __tryblocktable$??$?6U?$char_traits@D@std@@@std@@YAAAV?$basic_ostream@DU?$char_traits@D@std@@@0@AAV10@PBD@Z 0040f7a8     main.obj
 0002:000027bc       __catchsym$??$?6U?$char_traits@D@std@@@std@@YAAAV?$basic_ostream@DU?$char_traits@D@std@@@0@AAV10@PBD@Z$11 0040f7bc     main.obj
 0002:000027cc       __ehfuncinfo$??$?HDU?$char_traits@D@std@@V?$allocator@D@1@@std@@YA?AV?$basic_string@DU?$char_traits@D@std@@V?$allocator@D@2@@0@ABV10@0@Z 0040f7cc     main.obj
 0002:000027f0       __unwindtable$??$?HDU?$char_traits@D@std@@V?$allocator@D@1@@std@@YA?AV?$basic_string@DU?$char_traits@D@std@@V?$allocator@D@2@@0@ABV10@0@Z 0040f7f0     main.obj
 0002:000027f8       __ehfuncinfo$??$?HDU?$char_traits@D@std@@V?$allocator@D@1@@std@@YA?AV?$basic_string@DU?$char_traits@D@std@@V?$allocator@D@2@@0@QBDABV10@@Z 0040f7f8     main.obj
 0002:000027f8       __ehfuncinfo$??$?HDU?$char_traits@D@std@@V?$allocator@D@1@@std@@YA?AV?$basic_string@DU?$char_traits@D@std@@V?$allocator@D@2@@0@ABV10@QBD@Z 0040f7f8     main.obj
 0002:0000281c       __unwindtable$??$?HDU?$char_traits@D@std@@V?$allocator@D@1@@std@@YA?AV?$basic_string@DU?$char_traits@D@std@@V?$allocator@D@2@@0@ABV10@QBD@Z 0040f81c     main.obj
 0002:0000281c       __unwindtable$??$?HDU?$char_traits@D@std@@V?$allocator@D@1@@std@@YA?AV?$basic_string@DU?$char_traits@D@std@@V?$allocator@D@2@@0@QBDABV10@@Z 0040f81c     main.obj
 0002:00002824       __ehfuncinfo$??$?5DU?$char_traits@D@std@@V?$allocator@D@1@@std@@YAAAV?$basic_istream@DU?$char_traits@D@std@@@0@$$QAV10@AAV?$basic_string@DU?$char_traits@D@std@@V?$allocator@D@2@@0@@Z 0040f824     main.obj
 0002:00002848       __unwindtable$??$?5DU?$char_traits@D@std@@V?$allocator@D@1@@std@@YAAAV?$basic_istream@DU?$char_traits@D@std@@@0@$$QAV10@AAV?$basic_string@DU?$char_traits@D@std@@V?$allocator@D@2@@0@@Z 0040f848     main.obj
 0002:00002880       __tryblocktable$??$?5DU?$char_traits@D@std@@V?$allocator@D@1@@std@@YAAAV?$basic_istream@DU?$char_traits@D@std@@@0@$$QAV10@AAV?$basic_string@DU?$char_traits@D@std@@V?$allocator@D@2@@0@@Z 0040f880     main.obj
 0002:00002894       __catchsym$??$?5DU?$char_traits@D@std@@V?$allocator@D@1@@std@@YAAAV?$basic_istream@DU?$char_traits@D@std@@@0@$$QAV10@AAV?$basic_string@DU?$char_traits@D@std@@V?$allocator@D@2@@0@@Z$35 0040f894     main.obj
 0002:000028a4       __ehfuncinfo$??$getline@DU?$char_traits@D@std@@V?$allocator@D@2@@std@@YAAAV?$basic_istream@DU?$char_traits@D@std@@@0@$$QAV10@AAV?$basic_string@DU?$char_traits@D@std@@V?$allocator@D@2@@0@D@Z 0040f8a4     main.obj
 0002:000028c8       __unwindtable$??$getline@DU?$char_traits@D@std@@V?$allocator@D@2@@std@@YAAAV?$basic_istream@DU?$char_traits@D@std@@@0@$$QAV10@AAV?$basic_string@DU?$char_traits@D@std@@V?$allocator@D@2@@0@D@Z 0040f8c8     main.obj
 0002:000028f0       __tryblocktable$??$getline@DU?$char_traits@D@std@@V?$allocator@D@2@@std@@YAAAV?$basic_istream@DU?$char_traits@D@std@@@0@$$QAV10@AAV?$basic_string@DU?$char_traits@D@std@@V?$allocator@D@2@@0@D@Z 0040f8f0     main.obj
 0002:00002904       __catchsym$??$getline@DU?$char_traits@D@std@@V?$allocator@D@2@@std@@YAAAV?$basic_istream@DU?$char_traits@D@std@@@0@$$QAV10@AAV?$basic_string@DU?$char_traits@D@std@@V?$allocator@D@2@@0@D@Z$30 0040f904     main.obj
 0002:00002914       __ehfuncinfo$??$_Insert_string@DU?$char_traits@D@std@@I@std@@YAAAV?$basic_ostream@DU?$char_traits@D@std@@@0@AAV10@QBDI@Z 0040f914     main.obj
 0002:00002938       __unwindtable$??$_Insert_string@DU?$char_traits@D@std@@I@std@@YAAAV?$basic_ostream@DU?$char_traits@D@std@@@0@AAV10@QBDI@Z 0040f938     main.obj
 0002:00002968       __tryblocktable$??$_Insert_string@DU?$char_traits@D@std@@I@std@@YAAAV?$basic_ostream@DU?$char_traits@D@std@@@0@AAV10@QBDI@Z 0040f968     main.obj
 0002:0000297c       __catchsym$??$_Insert_string@DU?$char_traits@D@std@@I@std@@YAAAV?$basic_ostream@DU?$char_traits@D@std@@@0@AAV10@QBDI@Z$10 0040f97c     main.obj
 0002:00002990       __sehtable$___scrt_is_nonwritable_in_current_image 0040f990     MSVCRT:utility.obj
 0002:000029b0       __sehtable$?__scrt_common_main_seh@@YAHXZ 0040f9b0     MSVCRT:exe_main.obj
 0002:00002e3a       .idata$6                   0040fe3a     winmm:WINMM.dll
 0002:00002eca       .idata$6                   0040feca     kernel32:KERNEL32.dll
 0002:00003c48       .idata$6                   00410c48     msvcprt:MSVCP140.dll
 0002:00003c6c       .idata$6                   00410c6c     urlmon:urlmon.dll
 0002:00003d20       .idata$6                   00410d20     vcruntime:VCRUNTIME140.dll
 0002:00004048       .idata$6                   00411048     ucrt:api-ms-win-crt-locale-l1-1-0.dll
 0002:0000406a       .idata$6                   0041106a     ucrt:api-ms-win-crt-stdio-l1-1-0.dll
 0002:0000408a       .idata$6                   0041108a     ucrt:api-ms-win-crt-utility-l1-1-0.dll
 0002:000040ac       .idata$6                   004110ac     ucrt:api-ms-win-crt-filesystem-l1-1-0.dll
 0002:000040d2       .idata$6                   004110d2     ucrt:api-ms-win-crt-runtime-l1-1-0.dll
 0002:000040f4       .idata$6                   004110f4     ucrt:api-ms-win-crt-time-l1-1-0.dll
 0002:00004114       .idata$6                   00411114     ucrt:api-ms-win-crt-convert-l1-1-0.dll
 0002:00004136       .idata$6                   00411136     ucrt:api-ms-win-crt-heap-l1-1-0.dll
 0002:00004156       .idata$6                   00411156     ucrt:api-ms-win-crt-math-l1-1-0.dll
 0003:000003f8       ?_Fac_head@std@@3PAU_Fac_node@1@A 004123f8     msvcprt:locale0_implib.obj
 0003:000003fc       ?_Fac_tidy_reg@std@@3U_Fac_tidy_reg_t@1@B 004123fc     msvcprt:locale0_implib.obj
 0003:00000408       ?module_local_atexit_table@@3U_onexit_table_t@@A 00412408     MSVCRT:utility.obj
 0003:00000414       ?module_local_at_quick_exit_table@@3U_onexit_table_t@@A 00412414     MSVCRT:utility.obj
 0003:00000420       ?module_local_atexit_table_initialized@@3_NA 00412420     MSVCRT:utility.obj
 0003:00000421       ?is_initialized_as_dll@@3_NA 00412421     MSVCRT:utility.obj
 0003:00000428       _GS_ExceptionRecord        00412428     MSVCRT:gs_report.obj
 0003:00000478       _GS_ContextRecord          00412478     MSVCRT:gs_report.obj
 0004:00000060       $R000000                   00413060     * linker generated manifest res *

 Exports

  ordinal    name

