 Ruletka

 Timestamp is 5a5b3804 (Sun Jan 14 11:59:16 2018)

 Preferred load address is 00400000

 Start         Length     Name                   Class
 0001:00000000 00001050H .text$di                CODE
 0001:00001050 00059200H .text$mn                CODE
 0001:0005a250 000034a0H .text$x                 CODE
 0001:0005d6f0 0000014dH .text$yd                CODE
 0002:00000000 00000234H .idata$5                DATA
 0002:00000234 00000004H .00cfg                  DATA
 0002:00000238 00000004H .CRT$XCA                DATA
 0002:0000023c 00000004H .CRT$XCAA               DATA
 0002:00000240 00000034H .CRT$XCC                DATA
 0002:00000274 00000008H .CRT$XCL                DATA
 0002:0000027c 0000001cH .CRT$XCU                DATA
 0002:00000298 00000004H .CRT$XCZ                DATA
 0002:0000029c 00000004H .CRT$XIA                DATA
 0002:000002a0 00000004H .CRT$XIAA               DATA
 0002:000002a4 00000004H .CRT$XIAC               DATA
 0002:000002a8 00000014H .CRT$XIC                DATA
 0002:000002bc 00000004H .CRT$XIZ                DATA
 0002:000002c0 00000004H .CRT$XPA                DATA
 0002:000002c4 00000004H .CRT$XPB                DATA
 0002:000002c8 00000008H .CRT$XPX                DATA
 0002:000002d0 00000004H .CRT$XPXA               DATA
 0002:000002d4 00000004H .CRT$XPZ                DATA
 0002:000002d8 00000004H .CRT$XTA                DATA
 0002:000002dc 00000004H .CRT$XTZ                DATA
 0002:000002e0 00000000H .gfids$x                DATA
 0002:000002e0 00000000H .gfids$y                DATA
 0002:000002e0 0000f320H .rdata                  DATA
 0002:0000f600 000026e0H .rdata$r                DATA
 0002:00011ce0 000002c8H .rdata$sxdata           DATA
 0002:00011fa8 000003ccH .rdata$zzzdbg           DATA
 0002:00012374 00000004H .rtc$IAA                DATA
 0002:00012378 00000004H .rtc$IZZ                DATA
 0002:0001237c 00000004H .rtc$TAA                DATA
 0002:00012380 00000008H .rtc$TZZ                DATA
 0002:00012388 00004314H .xdata$x                DATA
 0002:0001669c 00000000H .edata                  DATA
 0002:0001669c 00000064H .idata$2                DATA
 0002:00016700 00000014H .idata$3                DATA
 0002:00016714 00000234H .idata$4                DATA
 0002:00016948 00000a60H .idata$6                DATA
 0003:00000000 00000ab0H .data                   DATA
 0003:00000ab0 00002080H .data$r                 DATA
 0003:00002b30 000012c8H .bss                    DATA
 0004:00000000 00000a50H .rsrc$01                DATA
 0004:00000a50 027e50e0H .rsrc$02                DATA

  Address         Publics by Value              Rva+Base       Lib:Object

 0000:00000000       __except_list              00000000     <absolute>
 0000:00000000       ___enclave_config          00000000     <absolute>
 0000:00000000       ___guard_longjmp_count     00000000     <absolute>
 0000:00000000       ___guard_fids_count        00000000     <absolute>
 0000:00000000       ___guard_longjmp_table     00000000     <absolute>
 0000:00000000       ___guard_iat_table         00000000     <absolute>
 0000:00000000       ___guard_iat_count         00000000     <absolute>
 0000:00000000       ___hybrid_code_map         00000000     <absolute>
 0000:00000000       ___hybrid_auxiliary_iat    00000000     <absolute>
 0000:00000000       ___guard_fids_table        00000000     <absolute>
 0000:00000000       ___dynamic_value_reloc_table 00000000     <absolute>
 0000:00000000       ___hybrid_code_map_count   00000000     <absolute>
 0000:000000b2       ___safe_se_handler_count   000000b2     <absolute>
 0000:00000100       ___guard_flags             00000100     <absolute>
 0000:00000000       ___ImageBase               00400000     <linker-defined>
 0001:00001050       ___local_stdio_printf_options 00402050 f i main.obj
 0001:00001060       ___local_stdio_scanf_options 00402060 f i main.obj
 0001:00001070       ??0exception@std@@QAE@QBD@Z 00402070 f i main.obj
 0001:000010c0       ??0exception@std@@QAE@ABV01@@Z 004020c0 f i main.obj
 0001:000010f0       ?what@exception@std@@UBEPBDXZ 004020f0 f i main.obj
 0001:00001100       ??_Einvalid_argument@std@@UAEPAXI@Z 00402100 f i * CIL library *:* CIL module *
 0001:00001100       ??_Ginvalid_argument@std@@UAEPAXI@Z 00402100 f i main.obj
 0001:00001100       ??_Gexception@std@@UAEPAXI@Z 00402100 f i main.obj
 0001:00001100       ??_Eexception@std@@UAEPAXI@Z 00402100 f i * CIL library *:* CIL module *
 0001:00001100       ??_Eruntime_error@std@@UAEPAXI@Z 00402100 f i * CIL library *:* CIL module *
 0001:00001100       ??_Gbad_cast@std@@UAEPAXI@Z 00402100 f i main.obj
 0001:00001100       ??_Glogic_error@std@@UAEPAXI@Z 00402100 f i main.obj
 0001:00001100       ??_Gruntime_error@std@@UAEPAXI@Z 00402100 f i main.obj
 0001:00001100       ??_Elogic_error@std@@UAEPAXI@Z 00402100 f i * CIL library *:* CIL module *
 0001:00001100       ??_Ebad_cast@std@@UAEPAXI@Z 00402100 f i * CIL library *:* CIL module *
 0001:00001130       ?destroy@stl_condition_variable_vista@details@Concurrency@@UAEXXZ 00402130 f i libcpmt:cond.obj
 0001:00001130       ?Destroy@WaitAnyBlock@details@Concurrency@@UAEXXZ 00402130 f i libconcrt:event.obj
 0001:00001130       __initialize_denormal_control 00402130 f i LIBCMT:denormal_control.obj
 0001:00001130       ?destroy@stl_critical_section_win7@details@Concurrency@@UAEXXZ 00402130 f i libcpmt:mutex.obj
 0001:00001130       __initialize_invalid_parameter_handler 00402130 f i LIBCMT:invalid_parameter_handler.obj
 0001:00001130       ??3@YAXPAX0@Z              00402130 f i main.obj
 0001:00001130       ?_Lock@?$basic_streambuf@DU?$char_traits@D@std@@@std@@UAEXXZ 00402130 f i main.obj
 0001:00001130       ?_Unlock@?$basic_streambuf@DU?$char_traits@D@std@@@std@@UAEXXZ 00402130 f i main.obj
 0001:00001130       ?RMAwaken@InternalContextBase@details@Concurrency@@EAEXXZ 00402130 f i libconcrt:InternalContextBase.obj
 0001:00001130       ?NotifyAffinitizedWork@FairScheduleGroupSegment@details@Concurrency@@UAEXXZ 00402130 f i libconcrt:SchedulerBase.obj
 0001:00001130       ?destroy@stl_condition_variable_win7@details@Concurrency@@UAEXXZ 00402130 f i libcpmt:cond.obj
 0001:00001130       ??1critical_section@Concurrency@@QAE@XZ 00402130 f i libconcrt:rtlocks.obj
 0001:00001130       @_guard_check_icall_nop@4  00402130 f i LIBCMT:guard_support.obj
 0001:00001140       __vsprintf_s_l             00402140 f i main.obj
 0001:00001180       _sprintf_s                 00402180 f i main.obj
 0001:000011a0       __snprintf_s               004021a0 f i main.obj
 0001:000011e0       _sscanf_s                  004021e0 f i main.obj
 0001:00001210       ??0invalid_argument@std@@QAE@PBD@Z 00402210 f i main.obj
 0001:00001270       ??1bad_exception@std@@UAE@XZ 00402270 f i libvcruntime:frame.obj
 0001:00001270       ??1context_self_unblock@Concurrency@@UAE@XZ 00402270 f i libconcrt:Exceptions.obj
 0001:00001270       ??1bad_array_new_length@std@@UAE@XZ 00402270 f i LIBCMT:throw_bad_alloc.obj
 0001:00001270       ??1improper_lock@Concurrency@@UAE@XZ 00402270 f i libconcrt:rtlocks.obj
 0001:00001270       ??1invalid_operation@Concurrency@@UAE@XZ 00402270 f i libconcrt:ResourceManager.obj
 0001:00001270       ??1unsupported_os@Concurrency@@UAE@XZ 00402270 f i libconcrt:ResourceManager.obj
 0001:00001270       ??1out_of_range@std@@UAE@XZ 00402270 f i libcpmt:xthrow.obj
 0001:00001270       ??1invalid_argument@std@@UAE@XZ 00402270 f i main.obj
 0001:00001270       ??1__non_rtti_object@std@@UAE@XZ 00402270 f i libvcruntime:rtti.obj
 0001:00001270       ??1failure@ios_base@std@@UAE@XZ 00402270 f i main.obj
 0001:00001270       ??1invalid_scheduler_policy_key@Concurrency@@UAE@XZ 00402270 f i libconcrt:Exceptions.obj
 0001:00001270       ??1runtime_error@std@@UAE@XZ 00402270 f i main.obj
 0001:00001270       ??1_Interruption_exception@details@Concurrency@@UAE@XZ 00402270 f i libconcrt:TaskCollection.obj
 0001:00001270       ??1nested_scheduler_missing_detach@Concurrency@@UAE@XZ 00402270 f i libconcrt:Exceptions.obj
 0001:00001270       ??1missing_wait@Concurrency@@UAE@XZ 00402270 f i libconcrt:Exceptions.obj
 0001:00001270       ??1invalid_scheduler_policy_thread_specification@Concurrency@@UAE@XZ 00402270 f i libconcrt:Exceptions.obj
 0001:00001270       ??1context_unblock_unbalanced@Concurrency@@UAE@XZ 00402270 f i libconcrt:Exceptions.obj
 0001:00001270       ??1bad_cast@std@@UAE@XZ    00402270 f i main.obj
 0001:00001270       ??1improper_scheduler_reference@Concurrency@@UAE@XZ 00402270 f i libconcrt:SchedulerBase.obj
 0001:00001270       ??1improper_scheduler_attach@Concurrency@@UAE@XZ 00402270 f i libconcrt:SchedulerBase.obj
 0001:00001270       ??1scheduler_resource_allocation_error@Concurrency@@UAE@XZ 00402270 f i libconcrt:Platform.obj
 0001:00001270       ??1bad_alloc@std@@UAE@XZ   00402270 f i libcpmt:xthrow.obj
 0001:00001270       ??1invalid_scheduler_policy_value@Concurrency@@UAE@XZ 00402270 f i libconcrt:Exceptions.obj
 0001:00001270       ??1length_error@std@@UAE@XZ 00402270 f i libcpmt:xthrow.obj
 0001:00001270       ??1system_error@std@@UAE@XZ 00402270 f i main.obj
 0001:00001270       ??1invalid_oversubscribe_operation@Concurrency@@UAE@XZ 00402270 f i libconcrt:Exceptions.obj
 0001:00001270       ??1scheduler_worker_creation_error@Concurrency@@UAE@XZ 00402270 f i libconcrt:Exceptions.obj
 0001:00001290       ??0runtime_error@std@@QAE@PBD@Z 00402290 f i main.obj
 0001:000012f0       ??0_Locinfo@std@@QAE@PBD@Z 004022f0 f i main.obj
 0001:000013b0       ??1_Locinfo@std@@QAE@XZ    004023b0 f i main.obj
 0001:00001480       ??0runtime_error@std@@QAE@ABV01@@Z 00402480 f i main.obj
 0001:000014c0       ??_G_Facet_base@std@@UAEPAXI@Z 004024c0 f i main.obj
 0001:000014c0       ??_E_Facet_base@std@@UAEPAXI@Z 004024c0 f i * CIL library *:* CIL module *
 0001:000014f0       ?_Incref@facet@locale@std@@UAEXXZ 004024f0 f i main.obj
 0001:00001500       ?_Decref@facet@locale@std@@UAEPAV_Facet_base@3@XZ 00402500 f i main.obj
 0001:00001520       ??1facet@locale@std@@MAE@XZ 00402520 f i main.obj
 0001:00001530       ??1locale@std@@QAE@XZ      00402530 f i main.obj
 0001:00001580       ?do_max_length@codecvt_base@std@@MBEHXZ 00402580 f i main.obj
 0001:00001580       ?do_encoding@codecvt_base@std@@MBEHXZ 00402580 f i main.obj
 0001:00001590       ?do_tolower@?$ctype@D@std@@MBEDD@Z 00402590 f i main.obj
 0001:000015b0       ?do_tolower@?$ctype@D@std@@MBEPBDPADPBD@Z 004025b0 f i main.obj
 0001:00001600       ?do_toupper@?$ctype@D@std@@MBEDD@Z 00402600 f i main.obj
 0001:00001620       ?do_toupper@?$ctype@D@std@@MBEPBDPADPBD@Z 00402620 f i main.obj
 0001:00001670       ?do_widen@?$ctype@D@std@@MBEDD@Z 00402670 f i main.obj
 0001:00001680       ?do_widen@?$ctype@D@std@@MBEPBDPBD0PAD@Z 00402680 f i main.obj
 0001:000016a0       ?do_narrow@?$ctype@D@std@@MBEDDD@Z 004026a0 f i main.obj
 0001:000016b0       ?do_narrow@?$ctype@D@std@@MBEPBDPBD0DPAD@Z 004026b0 f i main.obj
 0001:000016d0       ??_E?$ctype@D@std@@MAEPAXI@Z 004026d0 f i * CIL library *:* CIL module *
 0001:000016d0       ??_G?$ctype@D@std@@MAEPAXI@Z 004026d0 f i main.obj
 0001:00001730       ??_E_Iostream_error_category@std@@UAEPAXI@Z 00402730 f i * CIL library *:* CIL module *
 0001:00001730       ??_G_Iostream_error_category@std@@UAEPAXI@Z 00402730 f i main.obj
 0001:00001730       ??_Gerror_category@std@@UAEPAXI@Z 00402730 f i main.obj
 0001:00001730       ??_E_Generic_error_category@std@@UAEPAXI@Z 00402730 f i * CIL library *:* CIL module *
 0001:00001730       ??_G_Generic_error_category@std@@UAEPAXI@Z 00402730 f i main.obj
 0001:00001730       ??_Eerror_category@std@@UAEPAXI@Z 00402730 f i * CIL library *:* CIL module *
 0001:00001760       ?default_error_condition@error_category@std@@UBE?AVerror_condition@2@H@Z 00402760 f i main.obj
 0001:00001780       ?equivalent@error_category@std@@UBE_NHABVerror_condition@2@@Z 00402780 f i main.obj
 0001:000017c0       ?equivalent@error_category@std@@UBE_NABVerror_code@2@H@Z 004027c0 f i main.obj
 0001:000017f0       ?make_error_code@std@@YA?AVerror_code@1@W4io_errc@1@@Z 004027f0 f i main.obj
 0001:00001830       ?_Makestr@_System_error@std@@CA?AV?$basic_string@DU?$char_traits@D@std@@V?$allocator@D@2@@2@Verror_code@2@V32@@Z 00402830 f i main.obj
 0001:000019b0       ??0_System_error@std@@IAE@Verror_code@1@ABV?$basic_string@DU?$char_traits@D@std@@V?$allocator@D@2@@1@@Z 004029b0 f i main.obj
 0001:00001aa0       ??_Esystem_error@std@@UAEPAXI@Z 00402aa0 f i * CIL library *:* CIL module *
 0001:00001aa0       ??_Efailure@ios_base@std@@UAEPAXI@Z 00402aa0 f i * CIL library *:* CIL module *
 0001:00001aa0       ??_Gsystem_error@std@@UAEPAXI@Z 00402aa0 f i main.obj
 0001:00001aa0       ??_E_System_error@std@@UAEPAXI@Z 00402aa0 f i * CIL library *:* CIL module *
 0001:00001aa0       ??_Gfailure@ios_base@std@@UAEPAXI@Z 00402aa0 f i main.obj
 0001:00001aa0       ??_G_System_error@std@@UAEPAXI@Z 00402aa0 f i main.obj
 0001:00001ad0       ?name@_Generic_error_category@std@@UBEPBDXZ 00402ad0 f i main.obj
 0001:00001ae0       ?message@_Generic_error_category@std@@UBE?AV?$basic_string@DU?$char_traits@D@std@@V?$allocator@D@2@@2@H@Z 00402ae0 f i main.obj
 0001:00001b30       ?name@_Iostream_error_category@std@@UBEPBDXZ 00402b30 f i main.obj
 0001:00001b40       ?message@_Iostream_error_category@std@@UBE?AV?$basic_string@DU?$char_traits@D@std@@V?$allocator@D@2@@2@H@Z 00402b40 f i main.obj
 0001:00001bc0       ??0failure@ios_base@std@@QAE@PBDABVerror_code@2@@Z 00402bc0 f i main.obj
 0001:00001ca0       ?clear@ios_base@std@@QAEXH_N@Z 00402ca0 f i main.obj
 0001:00001d60       ??0failure@ios_base@std@@QAE@ABV012@@Z 00402d60 f i main.obj
 0001:00001db0       ??0system_error@std@@QAE@ABV01@@Z 00402db0 f i main.obj
 0001:00001e00       ??0_System_error@std@@QAE@ABV01@@Z 00402e00 f i main.obj
 0001:00001e50       ??_Gios_base@std@@UAEPAXI@Z 00402e50 f i main.obj
 0001:00001e50       ??_Eios_base@std@@UAEPAXI@Z 00402e50 f i * CIL library *:* CIL module *
 0001:00001eb0       ?to_string@std@@YA?AV?$basic_string@DU?$char_traits@D@std@@V?$allocator@D@2@@1@H@Z 00402eb0 f i main.obj
 0001:00001f60       ??1_Auto_cnd@std@@QAE@XZ   00402f60 f i main.obj
 0001:00001f70       ??1_Auto_mtx@std@@QAE@XZ   00402f70 f i main.obj
 0001:00001f80       ??0_Pad@std@@QAE@XZ        00402f80 f i main.obj
 0001:00002050       ?_Launch@_Pad@std@@QAEXPAU_Thrd_imp_t@@@Z 00403050 f i main.obj
 0001:000020b0       ?_Call_func@_Pad@std@@CGIPAX@Z 004030b0 f i main.obj
 0001:000020c0       ??1thread@std@@QAE@XZ      004030c0 f i main.obj
 0001:000020d0       ?join@thread@std@@QAEXXZ   004030d0 f i main.obj
 0001:00002140       ??1?$basic_string@DU?$char_traits@D@std@@V?$allocator@D@2@@std@@QAE@XZ 00403140 f i main.obj
 0001:00002140       ??1?$pair@$$CBV?$basic_string@DU?$char_traits@D@std@@V?$allocator@D@2@@std@@G@std@@QAE@XZ 00403140 f i main.obj
 0001:00002140       ?_Tidy_deallocate@?$basic_string@DU?$char_traits@D@std@@V?$allocator@D@2@@std@@QAEXXZ 00403140 f i main.obj
 0001:000021a0       _main                      004031a0 f   main.obj
 0001:000026b0       ??_D?$basic_ofstream@DU?$char_traits@D@std@@@std@@QAEXXZ 004036b0 f i main.obj
 0001:00002740       ??_D?$basic_fstream@DU?$char_traits@D@std@@@std@@QAEXXZ 00403740 f i main.obj
 0001:00002800       ?Obstaw@@YA?AV?$basic_string@DU?$char_traits@D@std@@V?$allocator@D@2@@std@@XZ 00403800 f   main.obj
 0001:00003360       ?Wczytaj_Kwotê_Zak³adu@@YAXAAHABH@Z 00404360 f   main.obj
 0001:00003510       ?Zakrêæ_Ruletk¹@@YAHXZ     00404510 f   main.obj
 0001:000038c0       ?SprawdŸ_Zak³ad@@YAHABHABV?$basic_string@DU?$char_traits@D@std@@V?$allocator@D@2@@std@@0@Z 004048c0 f   main.obj
 0001:00003b90       ?Czy_Kontynuowaæ@@YA_NABH@Z 00404b90 f   main.obj
 0001:00003e60       ?Wylosuj@@YAHABH0@Z        00404e60 f   main.obj
 0001:00004030       ?Odczytaj_Liczbê@@YAXABHABV?$basic_string@DU?$char_traits@D@std@@V?$allocator@D@2@@std@@@Z 00405030 f   main.obj
 0001:00004d00       ??_D?$basic_stringstream@DU?$char_traits@D@std@@V?$allocator@D@2@@std@@QAEXXZ 00405d00 f i main.obj
 0001:00004dc0       ?Wczytaj_z_Pliku@@YAXAAV?$basic_ofstream@DU?$char_traits@D@std@@@std@@AAV?$basic_fstream@DU?$char_traits@D@std@@@2@AADAAH33AAV?$basic_string@DU?$char_traits@D@std@@V?$allocator@D@2@@2@@Z 00405dc0 f   main.obj
 0001:00006570       ??_D?$basic_istringstream@DU?$char_traits@D@std@@V?$allocator@D@2@@std@@QAEXXZ 00407570 f i main.obj
 0001:00006600       ?SprawdŸ_Pliki@@YAXABF0@Z  00407600 f   main.obj
 0001:0000ac90       ?__autoclassinit2@?$vector@Vthread@std@@V?$allocator@Vthread@std@@@2@@std@@QAEXI@Z 0040bc90 f i main.obj
 0001:0000acb0       ??1?$stack@V?$basic_string@DU?$char_traits@D@std@@V?$allocator@D@2@@std@@V?$deque@V?$basic_string@DU?$char_traits@D@std@@V?$allocator@D@2@@std@@V?$allocator@V?$basic_string@DU?$char_traits@D@std@@V?$allocator@D@2@@std@@@2@@2@@std@@QAE@XZ 0040bcb0 f i main.obj
 0001:0000acd0       ?__autoclassinit2@?$stack@V?$basic_string@DU?$char_traits@D@std@@V?$allocator@D@2@@std@@V?$deque@V?$basic_string@DU?$char_traits@D@std@@V?$allocator@D@2@@std@@V?$allocator@V?$basic_string@DU?$char_traits@D@std@@V?$allocator@D@2@@std@@@2@@2@@std@@QAEXI@Z 0040bcd0 f i main.obj
 0001:0000ace0       ?SprawdŸ_Ustawienia@@YAXXZ 0040bce0 f   main.obj
 0001:0000b3f0       ??_D?$basic_ifstream@DU?$char_traits@D@std@@@std@@QAEXXZ 0040c3f0 f i main.obj
 0001:0000b480       ?Og³oœ_Wynik@@YAXABH0AAHAAV?$basic_ofstream@DU?$char_traits@D@std@@@std@@AAV?$basic_fstream@DU?$char_traits@D@std@@@2@@Z 0040c480 f   main.obj
 0001:0000b880       ?Koniec_Gry@@YAXAAV?$basic_ofstream@DU?$char_traits@D@std@@@std@@AAV?$basic_fstream@DU?$char_traits@D@std@@@2@ABH@Z 0040c880 f   main.obj
 0001:0000baa0       ?Pêtla_G³ówna@@YAXAAH00AAV?$basic_ofstream@DU?$char_traits@D@std@@@std@@AAV?$basic_fstream@DU?$char_traits@D@std@@@2@ABDAAV?$basic_string@DU?$char_traits@D@std@@V?$allocator@D@2@@2@0@Z 0040caa0 f   main.obj
 0001:0000be80       ?Ustaw_Ustawienia@@YAXAAV?$basic_string@DU?$char_traits@D@std@@V?$allocator@D@2@@std@@@Z 0040ce80 f   main.obj
 0001:0000c610       ?Inicjacje_Pocz¹tkowe@@YAXXZ 0040d610 f   main.obj
 0001:0000c6a0       ?Wyci¹gnij_z_Programu@@YA_NABV?$basic_string@DU?$char_traits@D@std@@V?$allocator@D@2@@std@@ABG@Z 0040d6a0 f   main.obj
 0001:0000c760       ?Wypakuj_Rar@@YAXABV?$basic_string@DU?$char_traits@D@std@@V?$allocator@D@2@@std@@@Z 0040d760 f   main.obj
 0001:0000cb00       ?Przenieœ_Plik@@YA_NABV?$basic_string@DU?$char_traits@D@std@@V?$allocator@D@2@@std@@0@Z 0040db00 f   main.obj
 0001:0000cb20       ?Usuñ_Folder_Wypakowany_i_Winrar@@YAXABV?$basic_string@DU?$char_traits@D@std@@V?$allocator@D@2@@std@@@Z 0040db20 f   main.obj
 0001:0000d660       ?StringtoBool@@YA_NABV?$basic_string@DU?$char_traits@D@std@@V?$allocator@D@2@@std@@@Z 0040e660 f   main.obj
 0001:0000dd70       ??0invalid_argument@std@@QAE@ABV01@@Z 0040ed70 f i main.obj
 0001:0000ddb0       ??0logic_error@std@@QAE@ABV01@@Z 0040edb0 f i main.obj
 0001:0000ddf0       ?TerminateProcess@@YAHABKABI@Z 0040edf0 f   main.obj
 0001:0000de20       ??0?$stack@V?$basic_string@DU?$char_traits@D@std@@V?$allocator@D@2@@std@@V?$deque@V?$basic_string@DU?$char_traits@D@std@@V?$allocator@D@2@@std@@V?$allocator@V?$basic_string@DU?$char_traits@D@std@@V?$allocator@D@2@@std@@@2@@2@@std@@QAE@XZ 0040ee20 f i main.obj
 0001:0000de70       ?_Unchecked_end@?$vector@Vthread@std@@V?$allocator@Vthread@std@@@2@@std@@QAEPAVthread@2@XZ 0040ee70 f i main.obj
 0001:0000de70       ?GetExecutionResourceTls@?$ThreadProxyFactory@VFreeThreadProxy@details@Concurrency@@@details@Concurrency@@UAEKXZ 0040ee70 f i libconcrt:ThreadProxyFactoryManager.obj
 0001:0000de80       ?_Unchecked_begin@?$vector@Vthread@std@@V?$allocator@Vthread@std@@@2@@std@@QAEPAVthread@2@XZ 0040ee80 f i main.obj
 0001:0000de80       ??$?CV__ExceptionPtr@@$0A@@?$shared_ptr@V__ExceptionPtr@@@std@@QBEPAV__ExceptionPtr@@XZ 0040ee80 f i libcpmt:excptptr.obj
 0001:0000de90       ??$emplace_back@Vthread@std@@@?$vector@Vthread@std@@V?$allocator@Vthread@std@@@2@@std@@QAE@$$QAVthread@1@@Z 0040ee90 f i main.obj
 0001:0000e020       ?_Tidy@?$vector@Vthread@std@@V?$allocator@Vthread@std@@@2@@std@@AAEXXZ 0040f020 f i main.obj
 0001:0000e020       ??1?$vector@Vthread@std@@V?$allocator@Vthread@std@@@2@@std@@QAE@XZ 0040f020 f i main.obj
 0001:0000e0b0       ??0?$vector@Vthread@std@@V?$allocator@Vthread@std@@@2@@std@@QAE@XZ 0040f0b0 f i main.obj
 0001:0000e0d0       ??R?$mersenne_twister@I$0CA@$0CHA@$0BIN@$0BP@$0JJAILANP@$0L@$06$0JNCMFGIA@$0P@$0OPMGAAAA@$0BC@@std@@QAEIXZ 0040f0d0 f i main.obj
 0001:0000e260       ??1?$_Tree@V?$_Tmap_traits@V?$basic_string@DU?$char_traits@D@std@@V?$allocator@D@2@@std@@GU?$less@V?$basic_string@DU?$char_traits@D@std@@V?$allocator@D@2@@std@@@2@V?$allocator@U?$pair@$$CBV?$basic_string@DU?$char_traits@D@std@@V?$allocator@D@2@@std@@G@std@@@2@$0A@@std@@@std@@QAE@XZ 0040f260 f i main.obj
 0001:0000e290       ?at@?$map@V?$basic_string@DU?$char_traits@D@std@@V?$allocator@D@2@@std@@GU?$less@V?$basic_string@DU?$char_traits@D@std@@V?$allocator@D@2@@std@@@2@V?$allocator@U?$pair@$$CBV?$basic_string@DU?$char_traits@D@std@@V?$allocator@D@2@@std@@G@std@@@2@@std@@QBEABGABV?$basic_string@DU?$char_traits@D@std@@V?$allocator@D@2@@2@@Z 0040f290 f i main.obj
 0001:0000e410       ??1?$_Yarn@D@std@@QAE@XZ   0040f410 f i main.obj
 0001:0000e410       ??1?$_Yarn@_W@std@@QAE@XZ  0040f410 f i main.obj
 0001:0000e430       ?find@?$basic_string@DU?$char_traits@D@std@@V?$allocator@D@2@@std@@QBEIQBDI@Z 0040f430 f i main.obj
 0001:0000e540       ?resize@?$basic_string@DU?$char_traits@D@std@@V?$allocator@D@2@@std@@QAEXID@Z 0040f540 f i main.obj
 0001:0000e5c0       ?c_str@?$basic_string@DU?$char_traits@D@std@@V?$allocator@D@2@@std@@QBEPBDXZ 0040f5c0 f i main.obj
 0001:0000e5c0       ?_Myptr@?$_String_val@U?$_Simple_types@D@std@@@std@@QBEPBDXZ 0040f5c0 f i main.obj
 0001:0000e5d0       ?erase@?$basic_string@DU?$char_traits@D@std@@V?$allocator@D@2@@std@@QAEAAV12@II@Z 0040f5d0 f i main.obj
 0001:0000e620       ?append@?$basic_string@DU?$char_traits@D@std@@V?$allocator@D@2@@std@@QAEAAV12@ABV12@@Z 0040f620 f i main.obj
 0001:0000e690       ??4?$basic_string@DU?$char_traits@D@std@@V?$allocator@D@2@@std@@QAEAAV01@$$QAV01@@Z 0040f690 f i main.obj
 0001:0000e6d0       ??0?$basic_string@DU?$char_traits@D@std@@V?$allocator@D@2@@std@@QAE@QBD@Z 0040f6d0 f i main.obj
 0001:0000e710       ??0?$basic_string@DU?$char_traits@D@std@@V?$allocator@D@2@@std@@QAE@ABV01@@Z 0040f710 f i main.obj
 0001:0000e7d0       ??0?$basic_ofstream@DU?$char_traits@D@std@@@std@@QAE@XZ 0040f7d0 f i main.obj
 0001:0000e8a0       ?imbue@?$basic_filebuf@DU?$char_traits@D@std@@@std@@MAEXABVlocale@2@@Z 0040f8a0 f i main.obj
 0001:0000e8c0       ?sync@?$basic_filebuf@DU?$char_traits@D@std@@@std@@MAEHXZ 0040f8c0 f i main.obj
 0001:0000e8f0       ?setbuf@?$basic_filebuf@DU?$char_traits@D@std@@@std@@MAEPAV?$basic_streambuf@DU?$char_traits@D@std@@@2@PAD_J@Z 0040f8f0 f i main.obj
 0001:0000e940       ?seekpos@?$basic_filebuf@DU?$char_traits@D@std@@@std@@MAE?AV?$fpos@U_Mbstatet@@@2@V32@H@Z 0040f940 f i main.obj
 0001:0000ea50       ?seekoff@?$basic_filebuf@DU?$char_traits@D@std@@@std@@MAE?AV?$fpos@U_Mbstatet@@@2@_JHH@Z 0040fa50 f i main.obj
 0001:0000eb70       ?uflow@?$basic_filebuf@DU?$char_traits@D@std@@@std@@MAEHXZ 0040fb70 f i main.obj
 0001:0000ee10       ?underflow@?$basic_filebuf@DU?$char_traits@D@std@@@std@@MAEHXZ 0040fe10 f i main.obj
 0001:0000ee50       ?pbackfail@?$basic_filebuf@DU?$char_traits@D@std@@@std@@MAEHH@Z 0040fe50 f i main.obj
 0001:0000ef00       ?overflow@?$basic_filebuf@DU?$char_traits@D@std@@@std@@MAEHH@Z 0040ff00 f i main.obj
 0001:0000f130       ?_Unlock@?$basic_filebuf@DU?$char_traits@D@std@@@std@@UAEXXZ 00410130 f i main.obj
 0001:0000f140       ?_Lock@?$basic_filebuf@DU?$char_traits@D@std@@@std@@UAEXXZ 00410140 f i main.obj
 0001:0000f150       ??1?$basic_filebuf@DU?$char_traits@D@std@@@std@@UAE@XZ 00410150 f i main.obj
 0001:0000f200       ?str@?$basic_stringstream@DU?$char_traits@D@std@@V?$allocator@D@2@@std@@QBE?AV?$basic_string@DU?$char_traits@D@std@@V?$allocator@D@2@@2@XZ 00410200 f i main.obj
 0001:0000f2f0       ?seekpos@?$basic_stringbuf@DU?$char_traits@D@std@@V?$allocator@D@2@@std@@MAE?AV?$fpos@U_Mbstatet@@@2@V32@H@Z 004102f0 f i main.obj
 0001:0000f430       ?seekoff@?$basic_stringbuf@DU?$char_traits@D@std@@V?$allocator@D@2@@std@@MAE?AV?$fpos@U_Mbstatet@@@2@_JHH@Z 00410430 f i main.obj
 0001:0000f600       ?underflow@?$basic_stringbuf@DU?$char_traits@D@std@@V?$allocator@D@2@@std@@MAEHXZ 00410600 f i main.obj
 0001:0000f660       ?pbackfail@?$basic_stringbuf@DU?$char_traits@D@std@@V?$allocator@D@2@@std@@MAEHH@Z 00410660 f i main.obj
 0001:0000f6c0       ?overflow@?$basic_stringbuf@DU?$char_traits@D@std@@V?$allocator@D@2@@std@@MAEHH@Z 004106c0 f i main.obj
 0001:0000f910       ??1?$basic_stringbuf@DU?$char_traits@D@std@@V?$allocator@D@2@@std@@UAE@XZ 00410910 f i main.obj
 0001:0000fa40       ??1?$basic_iostream@DU?$char_traits@D@std@@@std@@UAE@XZ 00410a40 f i main.obj
 0001:0000faa0       ?flush@?$basic_ostream@DU?$char_traits@D@std@@@std@@QAEAAV12@XZ 00410aa0 f i main.obj
 0001:0000fb70       ?write@?$basic_ostream@DU?$char_traits@D@std@@@std@@QAEAAV12@PBD_J@Z 00410b70 f i main.obj
 0001:0000fce0       ??6?$basic_ostream@DU?$char_traits@D@std@@@std@@QAEAAV01@H@Z 00410ce0 f i main.obj
 0001:0000fea0       ??6?$basic_ostream@DU?$char_traits@D@std@@@std@@QAEAAV01@G@Z 00410ea0 f i main.obj
 0001:00010080       ??1?$basic_ostream@DU?$char_traits@D@std@@@std@@UAE@XZ 00411080 f i main.obj
 0001:000100a0       ??5?$basic_istream@DU?$char_traits@D@std@@@std@@QAEAAV01@AAH@Z 004110a0 f i main.obj
 0001:00010350       ??1?$basic_istream@DU?$char_traits@D@std@@@std@@UAE@XZ 00411350 f i main.obj
 0001:00010370       ?imbue@?$basic_streambuf@DU?$char_traits@D@std@@@std@@MAEXABVlocale@2@@Z 00411370 f i main.obj
 0001:00010380       __get_startup_new_mode     00411380 f i LIBCMT:new_mode.obj
 0001:00010380       ?EnterCriticalRegion@ContextBase@details@Concurrency@@QAEHXZ 00411380 f i libconcrt:ContextBase.obj
 0001:00010380       ?GetDefaultDestination@VirtualProcessor@details@Concurrency@@UAEPAUIExecutionContext@3@XZ 00411380 f i libconcrt:VirtualProcessor.obj
 0001:00010380       ?ExitHyperCriticalRegion@ContextBase@details@Concurrency@@QAEHXZ 00411380 f i libconcrt:ContextBase.obj
 0001:00010380       ?PreRunnableSearch@VirtualProcessor@details@Concurrency@@UAEPAVInternalContextBase@23@XZ 00411380 f i libconcrt:VirtualProcessor.obj
 0001:00010380       __matherr                  00411380 f i LIBCMT:matherr.obj
 0001:00010380       ?ExitCriticalRegion@ContextBase@details@Concurrency@@QAEHXZ 00411380 f i libconcrt:ContextBase.obj
 0001:00010380       ?EnterHyperCriticalRegion@ContextBase@details@Concurrency@@QAEHXZ 00411380 f i libconcrt:ContextBase.obj
 0001:00010380       __get_startup_thread_locale_mode 00411380 f i LIBCMT:thread_locale.obj
 0001:00010380       __get_startup_commit_mode  00411380 f i LIBCMT:commit_mode.obj
 0001:00010380       ?sync@?$basic_streambuf@DU?$char_traits@D@std@@@std@@MAEHXZ 00411380 f i main.obj
 0001:00010380       ?GetContextKind@ExternalContextBase@details@Concurrency@@EBE?AW4ContextKind@ContextBase@23@XZ 00411380 f i libconcrt:ExternalContextBase.obj
 0001:00010380       ___scrt_initialize_winrt   00411380 f i LIBCMT:utility_desktop.obj
 0001:00010390       ?setbuf@?$basic_streambuf@DU?$char_traits@D@std@@@std@@MAEPAV12@PAD_J@Z 00411390 f i main.obj
 0001:000103a0       ?seekpos@?$basic_streambuf@DU?$char_traits@D@std@@@std@@MAE?AV?$fpos@U_Mbstatet@@@2@V32@H@Z 004113a0 f i main.obj
 0001:000103e0       ?seekoff@?$basic_streambuf@DU?$char_traits@D@std@@@std@@MAE?AV?$fpos@U_Mbstatet@@@2@_JHH@Z 004113e0 f i main.obj
 0001:00010420       ?xsputn@?$basic_streambuf@DU?$char_traits@D@std@@@std@@MAE_JPBD_J@Z 00411420 f i main.obj
 0001:00010550       ?xsgetn@?$basic_streambuf@DU?$char_traits@D@std@@@std@@MAE_JPAD_J@Z 00411550 f i main.obj
 0001:00010680       ?uflow@?$basic_streambuf@DU?$char_traits@D@std@@@std@@MAEHXZ 00411680 f i main.obj
 0001:000106b0       ?underflow@?$basic_streambuf@DU?$char_traits@D@std@@@std@@MAEHXZ 004116b0 f i main.obj
 0001:000106b0       ?GetVirtualProcessorId@ExternalContextBase@details@Concurrency@@UBEIXZ 004116b0 f i libconcrt:ExternalContextBase.obj
 0001:000106c0       ?showmanyc@?$basic_streambuf@DU?$char_traits@D@std@@@std@@MAE_JXZ 004116c0 f i main.obj
 0001:000106d0       ?pbackfail@?$basic_streambuf@DU?$char_traits@D@std@@@std@@MAEHH@Z 004116d0 f i main.obj
 0001:000106d0       ?overflow@?$basic_streambuf@DU?$char_traits@D@std@@@std@@MAEHH@Z 004116d0 f i main.obj
 0001:000106e0       ??1?$basic_streambuf@DU?$char_traits@D@std@@@std@@UAE@XZ 004116e0 f i main.obj
 0001:00010750       ??1?$basic_ios@DU?$char_traits@D@std@@@std@@UAE@XZ 00411750 f i main.obj
 0001:000107a0       ??_G?$basic_fstream@DU?$char_traits@D@std@@@std@@UAEPAXI@Z 004117a0 f i main.obj
 0001:000107a0       ??_E?$basic_fstream@DU?$char_traits@D@std@@@std@@UAEPAXI@Z 004117a0 f i * CIL library *:* CIL module *
 0001:000107d0       ??_E?$basic_ofstream@DU?$char_traits@D@std@@@std@@UAEPAXI@Z 004117d0 f i * CIL library *:* CIL module *
 0001:000107d0       ??_G?$basic_ofstream@DU?$char_traits@D@std@@@std@@UAEPAXI@Z 004117d0 f i main.obj
 0001:00010880       ??_E?$basic_ifstream@DU?$char_traits@D@std@@@std@@UAEPAXI@Z 00411880 f i * CIL library *:* CIL module *
 0001:00010880       ??_G?$basic_ifstream@DU?$char_traits@D@std@@@std@@UAEPAXI@Z 00411880 f i main.obj
 0001:00010930       ??_E?$basic_filebuf@DU?$char_traits@D@std@@@std@@UAEPAXI@Z 00411930 f i * CIL library *:* CIL module *
 0001:00010930       ??_G?$basic_filebuf@DU?$char_traits@D@std@@@std@@UAEPAXI@Z 00411930 f i main.obj
 0001:00010960       ??_E?$basic_stringstream@DU?$char_traits@D@std@@V?$allocator@D@2@@std@@UAEPAXI@Z 00411960 f i * CIL library *:* CIL module *
 0001:00010960       ??_G?$basic_stringstream@DU?$char_traits@D@std@@V?$allocator@D@2@@std@@UAEPAXI@Z 00411960 f i main.obj
 0001:00010990       ??_G?$basic_istringstream@DU?$char_traits@D@std@@V?$allocator@D@2@@std@@UAEPAXI@Z 00411990 f i main.obj
 0001:00010990       ??_E?$basic_istringstream@DU?$char_traits@D@std@@V?$allocator@D@2@@std@@UAEPAXI@Z 00411990 f i * CIL library *:* CIL module *
 0001:00010a40       ??_E?$basic_stringbuf@DU?$char_traits@D@std@@V?$allocator@D@2@@std@@UAEPAXI@Z 00411a40 f i * CIL library *:* CIL module *
 0001:00010a40       ??_G?$basic_stringbuf@DU?$char_traits@D@std@@V?$allocator@D@2@@std@@UAEPAXI@Z 00411a40 f i main.obj
 0001:00010a70       ??_G?$basic_iostream@DU?$char_traits@D@std@@@std@@UAEPAXI@Z 00411a70 f i main.obj
 0001:00010a70       ??_E?$basic_iostream@DU?$char_traits@D@std@@@std@@UAEPAXI@Z 00411a70 f i * CIL library *:* CIL module *
 0001:00010b30       ??_E?$basic_ostream@DU?$char_traits@D@std@@@std@@UAEPAXI@Z 00411b30 f i * CIL library *:* CIL module *
 0001:00010b30       ??_G?$basic_ostream@DU?$char_traits@D@std@@@std@@UAEPAXI@Z 00411b30 f i main.obj
 0001:00010bb0       ??1sentry@?$basic_istream@DU?$char_traits@D@std@@@std@@QAE@XZ 00411bb0 f i main.obj
 0001:00010c00       ??_G?$basic_istream@DU?$char_traits@D@std@@@std@@UAEPAXI@Z 00411c00 f i main.obj
 0001:00010c00       ??_E?$basic_istream@DU?$char_traits@D@std@@@std@@UAEPAXI@Z 00411c00 f i * CIL library *:* CIL module *
 0001:00010c80       ??_G?$basic_streambuf@DU?$char_traits@D@std@@@std@@UAEPAXI@Z 00411c80 f i main.obj
 0001:00010c80       ??_E?$basic_streambuf@DU?$char_traits@D@std@@@std@@UAEPAXI@Z 00411c80 f i * CIL library *:* CIL module *
 0001:00010d10       ??_G?$basic_ios@DU?$char_traits@D@std@@@std@@UAEPAXI@Z 00411d10 f i main.obj
 0001:00010d10       ??_E?$basic_ios@DU?$char_traits@D@std@@@std@@UAEPAXI@Z 00411d10 f i * CIL library *:* CIL module *
 0001:00010d70       ??_D?$basic_ostream@DU?$char_traits@D@std@@@std@@QAEXXZ 00411d70 f i main.obj
 0001:00010de0       ??_D?$basic_istream@DU?$char_traits@D@std@@@std@@QAEXXZ 00411de0 f i main.obj
 0001:00010e50       ?_Tidy@?$deque@V?$basic_string@DU?$char_traits@D@std@@V?$allocator@D@2@@std@@V?$allocator@V?$basic_string@DU?$char_traits@D@std@@V?$allocator@D@2@@std@@@2@@std@@IAEXXZ 00411e50 f i main.obj
 0001:00010f70       ?pop_back@?$deque@V?$basic_string@DU?$char_traits@D@std@@V?$allocator@D@2@@std@@V?$allocator@V?$basic_string@DU?$char_traits@D@std@@V?$allocator@D@2@@std@@@2@@std@@QAEXXZ 00411f70 f i main.obj
 0001:00010ff0       ?back@?$deque@V?$basic_string@DU?$char_traits@D@std@@V?$allocator@D@2@@std@@V?$allocator@V?$basic_string@DU?$char_traits@D@std@@V?$allocator@D@2@@std@@@2@@std@@QAEAAV?$basic_string@DU?$char_traits@D@std@@V?$allocator@D@2@@2@XZ 00411ff0 f i main.obj
 0001:00011040       ?empty@?$deque@V?$basic_string@DU?$char_traits@D@std@@V?$allocator@D@2@@std@@V?$allocator@V?$basic_string@DU?$char_traits@D@std@@V?$allocator@D@2@@std@@@2@@std@@QBE_NXZ 00412040 f i main.obj
 0001:00011050       ?push_back@?$deque@V?$basic_string@DU?$char_traits@D@std@@V?$allocator@D@2@@std@@V?$allocator@V?$basic_string@DU?$char_traits@D@std@@V?$allocator@D@2@@std@@@2@@std@@QAEX$$QAV?$basic_string@DU?$char_traits@D@std@@V?$allocator@D@2@@2@@Z 00412050 f i main.obj
 0001:000110e0       ?_Xlength@?$vector@Vthread@std@@V?$allocator@Vthread@std@@@2@@std@@CAXXZ 004120e0 f i main.obj
 0001:000110e0       ?_Xlength@?$vector@V?$basic_string@DU?$char_traits@D@std@@V?$allocator@D@2@@std@@V?$allocator@V?$basic_string@DU?$char_traits@D@std@@V?$allocator@D@2@@std@@@2@@std@@CAXXZ 004120e0 f i main.obj
 0001:000110f0       ??1_Sentry_base@?$basic_ostream@DU?$char_traits@D@std@@@std@@QAE@XZ 004120f0 f i main.obj
 0001:000110f0       ??1_Sentry_base@?$basic_istream@DU?$char_traits@D@std@@@std@@QAE@XZ 004120f0 f i main.obj
 0001:00011140       ?do_get@?$num_get@DV?$istreambuf_iterator@DU?$char_traits@D@std@@@std@@@std@@MBE?AV?$istreambuf_iterator@DU?$char_traits@D@std@@@2@V32@0AAVios_base@2@AAHAAPAX@Z 00412140 f i main.obj
 0001:000112d0       ?do_get@?$num_get@DV?$istreambuf_iterator@DU?$char_traits@D@std@@@std@@@std@@MBE?AV?$istreambuf_iterator@DU?$char_traits@D@std@@@2@V32@0AAVios_base@2@AAHAAO@Z 004122d0 f i main.obj
 0001:000112d0       ?do_get@?$num_get@DV?$istreambuf_iterator@DU?$char_traits@D@std@@@std@@@std@@MBE?AV?$istreambuf_iterator@DU?$char_traits@D@std@@@2@V32@0AAVios_base@2@AAHAAN@Z 004122d0 f i main.obj
 0001:00011490       ?do_get@?$num_get@DV?$istreambuf_iterator@DU?$char_traits@D@std@@@std@@@std@@MBE?AV?$istreambuf_iterator@DU?$char_traits@D@std@@@2@V32@0AAVios_base@2@AAHAAM@Z 00412490 f i main.obj
 0001:00011650       ?do_get@?$num_get@DV?$istreambuf_iterator@DU?$char_traits@D@std@@@std@@@std@@MBE?AV?$istreambuf_iterator@DU?$char_traits@D@std@@@2@V32@0AAVios_base@2@AAHAA_K@Z 00412650 f i main.obj
 0001:000117e0       ?do_get@?$num_get@DV?$istreambuf_iterator@DU?$char_traits@D@std@@@std@@@std@@MBE?AV?$istreambuf_iterator@DU?$char_traits@D@std@@@2@V32@0AAVios_base@2@AAHAA_J@Z 004127e0 f i main.obj
 0001:00011970       ?do_get@?$num_get@DV?$istreambuf_iterator@DU?$char_traits@D@std@@@std@@@std@@MBE?AV?$istreambuf_iterator@DU?$char_traits@D@std@@@2@V32@0AAVios_base@2@AAHAAK@Z 00412970 f i main.obj
 0001:00011b00       ?do_get@?$num_get@DV?$istreambuf_iterator@DU?$char_traits@D@std@@@std@@@std@@MBE?AV?$istreambuf_iterator@DU?$char_traits@D@std@@@2@V32@0AAVios_base@2@AAHAAJ@Z 00412b00 f i main.obj
 0001:00011c90       ?do_get@?$num_get@DV?$istreambuf_iterator@DU?$char_traits@D@std@@@std@@@std@@MBE?AV?$istreambuf_iterator@DU?$char_traits@D@std@@@2@V32@0AAVios_base@2@AAHAAI@Z 00412c90 f i main.obj
 0001:00011e30       ?do_get@?$num_get@DV?$istreambuf_iterator@DU?$char_traits@D@std@@@std@@@std@@MBE?AV?$istreambuf_iterator@DU?$char_traits@D@std@@@2@V32@0AAVios_base@2@AAHAAG@Z 00412e30 f i main.obj
 0001:00011fe0       ?do_get@?$num_get@DV?$istreambuf_iterator@DU?$char_traits@D@std@@@std@@@std@@MBE?AV?$istreambuf_iterator@DU?$char_traits@D@std@@@2@V32@0AAVios_base@2@AAHAA_N@Z 00412fe0 f i main.obj
 0001:00012430       ?do_length@?$codecvt@DDU_Mbstatet@@@std@@MBEHAAU_Mbstatet@@PBD1I@Z 00413430 f i main.obj
 0001:00012450       ?do_unshift@?$codecvt@DDU_Mbstatet@@@std@@MBEHAAU_Mbstatet@@PAD1AAPAD@Z 00413450 f i main.obj
 0001:00012470       ?do_out@?$codecvt@DDU_Mbstatet@@@std@@MBEHAAU_Mbstatet@@PBD1AAPBDPAD3AAPAD@Z 00413470 f i main.obj
 0001:00012470       ?do_in@?$codecvt@DDU_Mbstatet@@@std@@MBEHAAU_Mbstatet@@PBD1AAPBDPAD3AAPAD@Z 00413470 f i main.obj
 0001:00012490       __should_initialize_environment 00413490 f i LIBCMT:env_mode.obj
 0001:00012490       ?SweepWaitNode@SingleWaitBlock@details@Concurrency@@UAE_NXZ 00413490 f i libconcrt:event.obj
 0001:00012490       ?AllowGeneralFetchOfReservedContexts@SchedulerBase@details@Concurrency@@MAE_NXZ 00413490 f i libconcrt:SchedulerBase.obj
 0001:00012490       ?do_always_noconv@?$codecvt@DDU_Mbstatet@@@std@@MBE_NXZ 00413490 f i main.obj
 0001:00012490       ___acrt_uninitialize_command_line 00413490 f i libucrt:argv_data.obj
 0001:000124a0       ??1sentry@?$basic_ostream@DU?$char_traits@D@std@@@std@@QAE@XZ 004134a0 f i main.obj
 0001:00012510       ??0sentry@?$basic_ostream@DU?$char_traits@D@std@@@std@@QAE@AAV12@@Z 00413510 f i main.obj
 0001:000125a0       ?do_put@?$num_put@DV?$ostreambuf_iterator@DU?$char_traits@D@std@@@std@@@std@@MBE?AV?$ostreambuf_iterator@DU?$char_traits@D@std@@@2@V32@AAVios_base@2@DPBX@Z 004135a0 f i main.obj
 0001:00012610       ?do_put@?$num_put@DV?$ostreambuf_iterator@DU?$char_traits@D@std@@@std@@@std@@MBE?AV?$ostreambuf_iterator@DU?$char_traits@D@std@@@2@V32@AAVios_base@2@DO@Z 00413610 f i main.obj
 0001:000127d0       ?do_put@?$num_put@DV?$ostreambuf_iterator@DU?$char_traits@D@std@@@std@@@std@@MBE?AV?$ostreambuf_iterator@DU?$char_traits@D@std@@@2@V32@AAVios_base@2@DN@Z 004137d0 f i main.obj
 0001:00012990       ?do_put@?$num_put@DV?$ostreambuf_iterator@DU?$char_traits@D@std@@@std@@@std@@MBE?AV?$ostreambuf_iterator@DU?$char_traits@D@std@@@2@V32@AAVios_base@2@D_K@Z 00413990 f i main.obj
 0001:00012a10       ?do_put@?$num_put@DV?$ostreambuf_iterator@DU?$char_traits@D@std@@@std@@@std@@MBE?AV?$ostreambuf_iterator@DU?$char_traits@D@std@@@2@V32@AAVios_base@2@D_J@Z 00413a10 f i main.obj
 0001:00012a90       ?do_put@?$num_put@DV?$ostreambuf_iterator@DU?$char_traits@D@std@@@std@@@std@@MBE?AV?$ostreambuf_iterator@DU?$char_traits@D@std@@@2@V32@AAVios_base@2@DK@Z 00413a90 f i main.obj
 0001:00012b10       ?do_put@?$num_put@DV?$ostreambuf_iterator@DU?$char_traits@D@std@@@std@@@std@@MBE?AV?$ostreambuf_iterator@DU?$char_traits@D@std@@@2@V32@AAVios_base@2@DJ@Z 00413b10 f i main.obj
 0001:00012b90       ?do_put@?$num_put@DV?$ostreambuf_iterator@DU?$char_traits@D@std@@@std@@@std@@MBE?AV?$ostreambuf_iterator@DU?$char_traits@D@std@@@2@V32@AAVios_base@2@D_N@Z 00413b90 f i main.obj
 0001:00012d90       ?put@?$num_put@DV?$ostreambuf_iterator@DU?$char_traits@D@std@@@std@@@std@@QBE?AV?$ostreambuf_iterator@DU?$char_traits@D@std@@@2@V32@AAVios_base@2@DJ@Z 00413d90 f i main.obj
 0001:00012dc0       ?_Tidy@?$vector@V?$basic_string@DU?$char_traits@D@std@@V?$allocator@D@2@@std@@V?$allocator@V?$basic_string@DU?$char_traits@D@std@@V?$allocator@D@2@@std@@@2@@std@@AAEXXZ 00413dc0 f i main.obj
 0001:00012ed0       ??1?$_Deque_alloc@U?$_Deque_base_types@GV?$allocator@G@std@@@std@@@std@@QAE@XZ 00413ed0 f i main.obj
 0001:00012ef0       ?_Tidy@?$deque@GV?$allocator@G@std@@@std@@IAEXXZ 00413ef0 f i main.obj
 0001:00012fc0       ?push_back@?$basic_string@DU?$char_traits@D@std@@V?$allocator@D@2@@std@@QAEXD@Z 00413fc0 f i main.obj
 0001:00013010       ?assign@?$basic_string@DU?$char_traits@D@std@@V?$allocator@D@2@@std@@QAEAAV12@ID@Z 00414010 f i main.obj
 0001:00013160       ?assign@?$basic_string@DU?$char_traits@D@std@@V?$allocator@D@2@@std@@QAEAAV12@QBDI@Z 00414160 f i main.obj
 0001:000132b0       ?append@?$basic_string@DU?$char_traits@D@std@@V?$allocator@D@2@@std@@QAEAAV12@ID@Z 004142b0 f i main.obj
 0001:00013310       ?append@?$basic_string@DU?$char_traits@D@std@@V?$allocator@D@2@@std@@QAEAAV12@QBDI@Z 00414310 f i main.obj
 0001:00013370       ??0?$basic_string@DU?$char_traits@D@std@@V?$allocator@D@2@@std@@QAE@ABV01@IIABV?$allocator@D@1@@Z 00414370 f i main.obj
 0001:000133d0       ?_Reset_back@?$basic_filebuf@DU?$char_traits@D@std@@@std@@AAEXXZ 004143d0 f i main.obj
 0001:00013400       ?_Initcvt@?$basic_filebuf@DU?$char_traits@D@std@@@std@@IAEXPBV?$codecvt@DDU_Mbstatet@@@2@@Z 00414400 f i main.obj
 0001:00013490       ?_Endwrite@?$basic_filebuf@DU?$char_traits@D@std@@@std@@IAE_NXZ 00414490 f i main.obj
 0001:00013610       ?_Init@?$basic_filebuf@DU?$char_traits@D@std@@@std@@IAEXPAU_iobuf@@W4_Initfl@12@@Z 00414610 f i main.obj
 0001:00013710       ?close@?$basic_filebuf@DU?$char_traits@D@std@@@std@@QAEPAV12@XZ 00414710 f i main.obj
 0001:000137d0       ?open@?$basic_filebuf@DU?$char_traits@D@std@@@std@@QAEPAV12@PBDHH@Z 004147d0 f i main.obj
 0001:000138a0       ??0?$basic_iostream@DU?$char_traits@D@std@@@std@@QAE@PAV?$basic_streambuf@DU?$char_traits@D@std@@@1@@Z 004148a0 f i main.obj
 0001:00013960       ??0?$basic_ostream@DU?$char_traits@D@std@@@std@@QAE@PAV?$basic_streambuf@DU?$char_traits@D@std@@@1@_N@Z 00414960 f i main.obj
 0001:00013a00       ??0?$basic_istream@DU?$char_traits@D@std@@@std@@QAE@PAV?$basic_streambuf@DU?$char_traits@D@std@@@1@_N@Z 00414a00 f i main.obj
 0001:00013aa0       ?sputn@?$basic_streambuf@DU?$char_traits@D@std@@@std@@QAE_JPBD_J@Z 00414aa0 f i main.obj
 0001:00013ac0       ??_G?$codecvt@DDU_Mbstatet@@@std@@MAEPAXI@Z 00414ac0 f i main.obj
 0001:00013ac0       ??_E?$codecvt@DDU_Mbstatet@@@std@@MAEPAXI@Z 00414ac0 f i * CIL library *:* CIL module *
 0001:00013ac0       ??_G?$num_get@DV?$istreambuf_iterator@DU?$char_traits@D@std@@@std@@@std@@MAEPAXI@Z 00414ac0 f i main.obj
 0001:00013ac0       ??_G?$num_put@DV?$ostreambuf_iterator@DU?$char_traits@D@std@@@std@@@std@@MAEPAXI@Z 00414ac0 f i main.obj
 0001:00013ac0       ??_E?$num_put@DV?$ostreambuf_iterator@DU?$char_traits@D@std@@@std@@@std@@MAEPAXI@Z 00414ac0 f i * CIL library *:* CIL module *
 0001:00013ac0       ??_E?$num_get@DV?$istreambuf_iterator@DU?$char_traits@D@std@@@std@@@std@@MAEPAXI@Z 00414ac0 f i * CIL library *:* CIL module *
 0001:00013af0       ?do_truename@?$numpunct@D@std@@MBE?AV?$basic_string@DU?$char_traits@D@std@@V?$allocator@D@2@@2@XZ 00414af0 f i main.obj
 0001:00013b30       ?do_falsename@?$numpunct@D@std@@MBE?AV?$basic_string@DU?$char_traits@D@std@@V?$allocator@D@2@@2@XZ 00414b30 f i main.obj
 0001:00013b70       ?do_grouping@?$numpunct@D@std@@MBE?AV?$basic_string@DU?$char_traits@D@std@@V?$allocator@D@2@@2@XZ 00414b70 f i main.obj
 0001:00013bb0       ?do_thousands_sep@?$numpunct@D@std@@MBEDXZ 00414bb0 f i main.obj
 0001:00013bc0       ?do_decimal_point@?$numpunct@D@std@@MBEDXZ 00414bc0 f i main.obj
 0001:00013bd0       ?_Growmap@?$deque@V?$basic_string@DU?$char_traits@D@std@@V?$allocator@D@2@@std@@V?$allocator@V?$basic_string@DU?$char_traits@D@std@@V?$allocator@D@2@@std@@@2@@std@@IAEXI@Z 00414bd0 f i main.obj
 0001:00013da0       ?_Getffld@?$num_get@DV?$istreambuf_iterator@DU?$char_traits@D@std@@@std@@@std@@ABAHPADAAV?$istreambuf_iterator@DU?$char_traits@D@std@@@2@1AAVios_base@2@PAH@Z 00414da0 f i main.obj
 0001:00014fb0       ?_Getifld@?$num_get@DV?$istreambuf_iterator@DU?$char_traits@D@std@@@std@@@std@@ABAHPADAAV?$istreambuf_iterator@DU?$char_traits@D@std@@@2@1HABVlocale@2@@Z 00415fb0 f i main.obj
 0001:000158f0       ?_Rep@?$num_put@DV?$ostreambuf_iterator@DU?$char_traits@D@std@@@std@@@std@@ABA?AV?$ostreambuf_iterator@DU?$char_traits@D@std@@@2@V32@DI@Z 004168f0 f i main.obj
 0001:00015970       ?_Put@?$num_put@DV?$ostreambuf_iterator@DU?$char_traits@D@std@@@std@@@std@@ABA?AV?$ostreambuf_iterator@DU?$char_traits@D@std@@@2@V32@PBDI@Z 00416970 f i main.obj
 0001:000159f0       ?_Iput@?$num_put@DV?$ostreambuf_iterator@DU?$char_traits@D@std@@@std@@@std@@ABA?AV?$ostreambuf_iterator@DU?$char_traits@D@std@@@2@V32@AAVios_base@2@DPADI@Z 004169f0 f i main.obj
 0001:00015e40       ?_Ifmt@?$num_put@DV?$ostreambuf_iterator@DU?$char_traits@D@std@@@std@@@std@@ABAPADPADPBDH@Z 00416e40 f i main.obj
 0001:00015ed0       ?_Fput@?$num_put@DV?$ostreambuf_iterator@DU?$char_traits@D@std@@@std@@@std@@ABA?AV?$ostreambuf_iterator@DU?$char_traits@D@std@@@2@V32@AAVios_base@2@DPBDI@Z 00416ed0 f i main.obj
 0001:00016380       ?_Ffmt@?$num_put@DV?$ostreambuf_iterator@DU?$char_traits@D@std@@@std@@@std@@ABAPADPADDH@Z 00417380 f i main.obj
 0001:00016440       ?erase@?$_Tree@V?$_Tmap_traits@V?$basic_string@DU?$char_traits@D@std@@V?$allocator@D@2@@std@@GU?$less@V?$basic_string@DU?$char_traits@D@std@@V?$allocator@D@2@@std@@@2@V?$allocator@U?$pair@$$CBV?$basic_string@DU?$char_traits@D@std@@V?$allocator@D@2@@std@@G@std@@@2@$0A@@std@@@std@@QAE?AV?$_Tree_iterator@V?$_Tree_val@U?$_Tree_simple_types@U?$pair@$$CBV?$basic_string@DU?$char_traits@D@std@@V?$allocator@D@2@@std@@G@std@@@std@@@std@@@2@V?$_Tree_const_iterator@V?$_Tree_val@U?$_Tree_simple_types@U?$pair@$$CBV?$basic_string@DU?$char_traits@D@std@@V?$allocator@D@2@@std@@G@std@@@std@@@std@@@2@0@Z 00417440 f i main.obj
 0001:00016600       ?_Xran@?$_String_val@U?$_Simple_types@D@std@@@std@@SAXXZ 00417600 f i main.obj
 0001:00016610       ?replace@?$basic_string@DU?$char_traits@D@std@@V?$allocator@D@2@@std@@QAEAAV12@IIQBDI@Z 00417610 f i main.obj
 0001:00016780       ?_Init@?$basic_stringbuf@DU?$char_traits@D@std@@V?$allocator@D@2@@std@@IAEXPBDIH@Z 00417780 f i main.obj
 0001:00016860       ?_Osfx@?$basic_ostream@DU?$char_traits@D@std@@@std@@QAEXXZ 00417860 f i main.obj
 0001:000168f0       ?_Ipfx@?$basic_istream@DU?$char_traits@D@std@@@std@@QAE_N_N@Z 004178f0 f i main.obj
 0001:00016b20       ??0?$basic_streambuf@DU?$char_traits@D@std@@@std@@IAE@XZ 00417b20 f i main.obj
 0001:00016be0       ?init@?$basic_ios@DU?$char_traits@D@std@@@std@@IAEXPAV?$basic_streambuf@DU?$char_traits@D@std@@@2@_N@Z 00417be0 f i main.obj
 0001:00016d30       ??_E?$numpunct@D@std@@MAEPAXI@Z 00417d30 f i * CIL library *:* CIL module *
 0001:00016d30       ??_G?$numpunct@D@std@@MAEPAXI@Z 00417d30 f i main.obj
 0001:00016d80       ?_Tidy@?$numpunct@D@std@@AAEXXZ 00417d80 f i main.obj
 0001:00016da0       ?_Xlen@?$deque@V?$basic_string@DU?$char_traits@D@std@@V?$allocator@D@2@@std@@V?$allocator@V?$basic_string@DU?$char_traits@D@std@@V?$allocator@D@2@@std@@@2@@std@@IBEXXZ 00417da0 f i main.obj
 0001:00016da0       ?_Xlen@?$deque@GV?$allocator@G@std@@@std@@IBEXXZ 00417da0 f i main.obj
 0001:00016db0       ?_Getffldx@?$num_get@DV?$istreambuf_iterator@DU?$char_traits@D@std@@@std@@@std@@ABAHPADAAV?$istreambuf_iterator@DU?$char_traits@D@std@@@2@1AAVios_base@2@PAH@Z 00417db0 f i main.obj
 0001:000181b0       ?insert@?$basic_string@DU?$char_traits@D@std@@V?$allocator@D@2@@std@@QAEAAV12@IID@Z 004191b0 f i main.obj
 0001:00018230       ?_Buyheadnode@?$_Tree_comp_alloc@V?$_Tmap_traits@V?$basic_string@DU?$char_traits@D@std@@V?$allocator@D@2@@std@@GU?$less@V?$basic_string@DU?$char_traits@D@std@@V?$allocator@D@2@@std@@@2@V?$allocator@U?$pair@$$CBV?$basic_string@DU?$char_traits@D@std@@V?$allocator@D@2@@std@@G@std@@@2@$0A@@std@@@std@@QAEPAU?$_Tree_node@U?$pair@$$CBV?$basic_string@DU?$char_traits@D@std@@V?$allocator@D@2@@std@@G@std@@PAX@2@XZ 00419230 f i main.obj
 0001:00018250       ?_Erase@?$_Tree@V?$_Tmap_traits@V?$basic_string@DU?$char_traits@D@std@@V?$allocator@D@2@@std@@GU?$less@V?$basic_string@DU?$char_traits@D@std@@V?$allocator@D@2@@std@@@2@V?$allocator@U?$pair@$$CBV?$basic_string@DU?$char_traits@D@std@@V?$allocator@D@2@@std@@G@std@@@2@$0A@@std@@@std@@IAEXPAU?$_Tree_node@U?$pair@$$CBV?$basic_string@DU?$char_traits@D@std@@V?$allocator@D@2@@std@@G@std@@PAX@2@@Z 00419250 f i main.obj
 0001:000182e0       ?_Extract@?$_Tree@V?$_Tmap_traits@V?$basic_string@DU?$char_traits@D@std@@V?$allocator@D@2@@std@@GU?$less@V?$basic_string@DU?$char_traits@D@std@@V?$allocator@D@2@@std@@@2@V?$allocator@U?$pair@$$CBV?$basic_string@DU?$char_traits@D@std@@V?$allocator@D@2@@std@@G@std@@@2@$0A@@std@@@std@@QAEPAU?$_Tree_node@U?$pair@$$CBV?$basic_string@DU?$char_traits@D@std@@V?$allocator@D@2@@std@@G@std@@PAX@2@V?$_Tree_const_iterator@V?$_Tree_val@U?$_Tree_simple_types@U?$pair@$$CBV?$basic_string@DU?$char_traits@D@std@@V?$allocator@D@2@@std@@G@std@@@std@@@std@@@2@@Z 004192e0 f i main.obj
 0001:00018700       ??$use_facet@V?$ctype@D@std@@@std@@YAABV?$ctype@D@0@ABVlocale@0@@Z 00419700 f i main.obj
 0001:00018880       ??$?0A6AXXZ$$VX@thread@std@@QAE@A6AXXZ@Z 00419880 f i main.obj
 0001:00018970       ??$ref@V?$basic_string@DU?$char_traits@D@std@@V?$allocator@D@2@@std@@@std@@YA?AV?$reference_wrapper@V?$basic_string@DU?$char_traits@D@std@@V?$allocator@D@2@@std@@@0@AAV?$basic_string@DU?$char_traits@D@std@@V?$allocator@D@2@@0@@Z 00419970 f i main.obj
 0001:00018970       ??$ref@$$CBV?$basic_string@DU?$char_traits@D@std@@V?$allocator@D@2@@std@@@std@@YA?AV?$reference_wrapper@$$CBV?$basic_string@DU?$char_traits@D@std@@V?$allocator@D@2@@std@@@0@ABV?$basic_string@DU?$char_traits@D@std@@V?$allocator@D@2@@0@@Z 00419970 f i main.obj
 0001:00018980       ??$?6U?$char_traits@D@std@@@std@@YAAAV?$basic_ostream@DU?$char_traits@D@std@@@0@AAV10@D@Z 00419980 f i main.obj
 0001:00018c50       ??$?6U?$char_traits@D@std@@@std@@YAAAV?$basic_ostream@DU?$char_traits@D@std@@@0@AAV10@PBD@Z 00419c50 f i main.obj
 0001:00018f10       ??$endl@DU?$char_traits@D@std@@@std@@YAAAV?$basic_ostream@DU?$char_traits@D@std@@@0@AAV10@@Z 00419f10 f i main.obj
 0001:00018fc0       ??$?HDU?$char_traits@D@std@@V?$allocator@D@1@@std@@YA?AV?$basic_string@DU?$char_traits@D@std@@V?$allocator@D@2@@0@$$QAV10@0@Z 00419fc0 f i main.obj
 0001:000190c0       ??$?HDU?$char_traits@D@std@@V?$allocator@D@1@@std@@YA?AV?$basic_string@DU?$char_traits@D@std@@V?$allocator@D@2@@0@ABV10@0@Z 0041a0c0 f i main.obj
 0001:00019200       ??$?HDU?$char_traits@D@std@@V?$allocator@D@1@@std@@YA?AV?$basic_string@DU?$char_traits@D@std@@V?$allocator@D@2@@0@$$QAV10@QBD@Z 0041a200 f i main.obj
 0001:000192a0       ??$?HDU?$char_traits@D@std@@V?$allocator@D@1@@std@@YA?AV?$basic_string@DU?$char_traits@D@std@@V?$allocator@D@2@@0@ABV10@QBD@Z 0041a2a0 f i main.obj
 0001:000193f0       ??$?HDU?$char_traits@D@std@@V?$allocator@D@1@@std@@YA?AV?$basic_string@DU?$char_traits@D@std@@V?$allocator@D@2@@0@$$QAV10@D@Z 0041a3f0 f i main.obj
 0001:00019470       ??$?HDU?$char_traits@D@std@@V?$allocator@D@1@@std@@YA?AV?$basic_string@DU?$char_traits@D@std@@V?$allocator@D@2@@0@ABV10@D@Z 0041a470 f i main.obj
 0001:00019590       ??$getline@DU?$char_traits@D@std@@V?$allocator@D@2@@std@@YAAAV?$basic_istream@DU?$char_traits@D@std@@@0@AAV10@AAV?$basic_string@DU?$char_traits@D@std@@V?$allocator@D@2@@0@@Z 0041a590 f i main.obj
 0001:00019650       ??$?6DU?$char_traits@D@std@@V?$allocator@D@1@@std@@YAAAV?$basic_ostream@DU?$char_traits@D@std@@@0@AAV10@ABV?$basic_string@DU?$char_traits@D@std@@V?$allocator@D@2@@0@@Z 0041a650 f i main.obj
 0001:00019780       ??$_Range_construct_or_tidy@PBV?$basic_string@DU?$char_traits@D@std@@V?$allocator@D@2@@std@@@?$vector@V?$basic_string@DU?$char_traits@D@std@@V?$allocator@D@2@@std@@V?$allocator@V?$basic_string@DU?$char_traits@D@std@@V?$allocator@D@2@@std@@@2@@std@@AAEXPBV?$basic_string@DU?$char_traits@D@std@@V?$allocator@D@2@@1@0Uforward_iterator_tag@1@@Z 0041a780 f i main.obj
 0001:00019890       ??$_Construct@PBG@?$deque@GV?$allocator@G@std@@@std@@QAEXPBG0@Z 0041a890 f i main.obj
 0001:000199a0       ??$use_facet@V?$codecvt@DDU_Mbstatet@@@std@@@std@@YAABV?$codecvt@DDU_Mbstatet@@@0@ABVlocale@0@@Z 0041a9a0 f i main.obj
 0001:00019af0       ??$use_facet@V?$num_put@DV?$ostreambuf_iterator@DU?$char_traits@D@std@@@std@@@std@@@std@@YAABV?$num_put@DV?$ostreambuf_iterator@DU?$char_traits@D@std@@@std@@@0@ABVlocale@0@@Z 0041aaf0 f i main.obj
 0001:00019c40       ??$use_facet@V?$numpunct@D@std@@@std@@YAABV?$numpunct@D@0@ABVlocale@0@@Z 0041ac40 f i main.obj
 0001:00019dc0       ??$_Getloctxt@DV?$istreambuf_iterator@DU?$char_traits@D@std@@@std@@@std@@YAHAAV?$istreambuf_iterator@DU?$char_traits@D@std@@@0@0IPBD@Z 0041adc0 f i main.obj
 0001:0001a5b0       ??$_Destroy_range@V?$allocator@V?$basic_string@DU?$char_traits@D@std@@V?$allocator@D@2@@std@@@std@@@std@@YAXPAV?$basic_string@DU?$char_traits@D@std@@V?$allocator@D@2@@0@0AAV?$allocator@V?$basic_string@DU?$char_traits@D@std@@V?$allocator@D@2@@std@@@0@@Z 0041b5b0 f i main.obj
 0001:0001a940       ??0bad_cast@std@@QAE@ABV01@@Z 0041b940 f i main.obj
 0001:0001a9f0       ??1?$unique_ptr@V?$tuple@P6AXABF0@ZV?$reference_wrapper@F@std@@V12@@std@@U?$default_delete@V?$tuple@P6AXABF0@ZV?$reference_wrapper@F@std@@V12@@std@@@2@@std@@QAE@XZ 0041b9f0 f i main.obj
 0001:0001aa10       ??1?$unique_ptr@V?$tuple@P6AXAAV?$basic_ofstream@DU?$char_traits@D@std@@@std@@AAV?$basic_fstream@DU?$char_traits@D@std@@@2@AADAAH33AAV?$basic_string@DU?$char_traits@D@std@@V?$allocator@D@2@@2@@ZV?$reference_wrapper@V?$basic_ofstream@DU?$char_traits@D@std@@@std@@@2@V?$reference_wrapper@V?$basic_fstream@DU?$char_traits@D@std@@@std@@@2@V?$reference_wrapper@D@2@V?$reference_wrapper@H@2@V82@V82@V?$reference_wrapper@V?$basic_string@DU?$char_traits@D@std@@V?$allocator@D@2@@std@@@2@@std@@U?$default_delete@V?$tuple@P6AXAAV?$basic_ofstream@DU?$char_traits@D@std@@@std@@AAV?$basic_fstream@DU?$char_traits@D@std@@@2@AADAAH33AAV?$basic_string@DU?$char_traits@D@std@@V?$allocator@D@2@@2@@ZV?$reference_wrapper@V?$basic_ofstream@DU?$char_traits@D@std@@@std@@@2@V?$reference_wrapper@V?$basic_fstream@DU?$char_traits@D@std@@@std@@@2@V?$reference_wrapper@D@2@V?$reference_wrapper@H@2@V82@V82@V?$reference_wrapper@V?$basic_string@DU?$char_traits@D@std@@V?$allocator@D@2@@std@@@2@@std@@@2@@std@@QAE@XZ 0041ba10 f i main.obj
 0001:0001aa30       ??1?$unique_ptr@V?$tuple@P6AXXZ@std@@U?$default_delete@V?$tuple@P6AXXZ@std@@@2@@std@@QAE@XZ 0041ba30 f i main.obj
 0001:0001aa50       ?_Fail@?$_Default_allocate_traits@$00@std@@SAXXZ 0041ba50 f i main.obj
 0001:0001aa60       ?_Growmap@?$deque@GV?$allocator@G@std@@@std@@IAEXI@Z 0041ba60 f i main.obj
 0001:0001ac20       ?_Xlen@?$basic_string@DU?$char_traits@D@std@@V?$allocator@D@2@@std@@SAXXZ 0041bc20 f i main.obj
 0001:0001ac30       ?reserve@?$basic_string@DU?$char_traits@D@std@@V?$allocator@D@2@@std@@QAEXI@Z 0041bc30 f i main.obj
 0001:0001acd0       ?put@?$basic_ostream@DU?$char_traits@D@std@@@std@@QAEAAV12@D@Z 0041bcd0 f i main.obj
 0001:0001ae60       ?insert@?$basic_string@DU?$char_traits@D@std@@V?$allocator@D@2@@std@@QAEAAV12@IQBDI@Z 0041be60 f i main.obj
 0001:0001af10       ?_Init@?$numpunct@D@std@@IAEXABV_Locinfo@2@_N@Z 0041bf10 f i main.obj
 0001:0001b0a0       ??$?5DU?$char_traits@D@std@@V?$allocator@D@1@@std@@YAAAV?$basic_istream@DU?$char_traits@D@std@@@0@$$QAV10@AAV?$basic_string@DU?$char_traits@D@std@@V?$allocator@D@2@@0@@Z 0041c0a0 f i main.obj
 0001:0001b390       ??$_Immortalize_impl@V_Iostream_error_category@std@@@std@@YGHPAX0PAPAX@Z 0041c390 f i main.obj
 0001:0001b3b0       ??$getline@DU?$char_traits@D@std@@V?$allocator@D@2@@std@@YAAAV?$basic_istream@DU?$char_traits@D@std@@@0@$$QAV10@AAV?$basic_string@DU?$char_traits@D@std@@V?$allocator@D@2@@0@D@Z 0041c3b0 f i main.obj
 0001:0001b630       ??$_Insert_string@DU?$char_traits@D@std@@I@std@@YAAAV?$basic_ostream@DU?$char_traits@D@std@@@0@AAV10@QBDI@Z 0041c630 f i main.obj
 0001:0001b8c0       ??$_Uninitialized_move_al_unchecked@PAVthread@std@@PAV12@V?$allocator@Vthread@std@@@2@@std@@YAPAVthread@0@PAV10@00AAV?$allocator@Vthread@std@@@0@U_General_ptr_iterator_tag@0@U_Unused_parameter@0@@Z 0041c8c0 f i main.obj
 0001:0001bb80       ??1?$_LaunchPad@V?$unique_ptr@V?$tuple@P6AXXZ@std@@U?$default_delete@V?$tuple@P6AXXZ@std@@@2@@std@@@std@@QAE@XZ 0041cb80 f i main.obj
 0001:0001bc10       ??1?$_LaunchPad@V?$unique_ptr@V?$tuple@P6AXAAV?$basic_ofstream@DU?$char_traits@D@std@@@std@@AAV?$basic_fstream@DU?$char_traits@D@std@@@2@AADAAH33AAV?$basic_string@DU?$char_traits@D@std@@V?$allocator@D@2@@2@@ZV?$reference_wrapper@V?$basic_ofstream@DU?$char_traits@D@std@@@std@@@2@V?$reference_wrapper@V?$basic_fstream@DU?$char_traits@D@std@@@std@@@2@V?$reference_wrapper@D@2@V?$reference_wrapper@H@2@V82@V82@V?$reference_wrapper@V?$basic_string@DU?$char_traits@D@std@@V?$allocator@D@2@@std@@@2@@std@@U?$default_delete@V?$tuple@P6AXAAV?$basic_ofstream@DU?$char_traits@D@std@@@std@@AAV?$basic_fstream@DU?$char_traits@D@std@@@2@AADAAH33AAV?$basic_string@DU?$char_traits@D@std@@V?$allocator@D@2@@2@@ZV?$reference_wrapper@V?$basic_ofstream@DU?$char_traits@D@std@@@std@@@2@V?$reference_wrapper@V?$basic_fstream@DU?$char_traits@D@std@@@std@@@2@V?$reference_wrapper@D@2@V?$reference_wrapper@H@2@V82@V82@V?$reference_wrapper@V?$basic_string@DU?$char_traits@D@std@@V?$allocator@D@2@@std@@@2@@std@@@2@@std@@@std@@QAE@XZ 0041cc10 f i main.obj
 0001:0001bca0       ??1?$_LaunchPad@V?$unique_ptr@V?$tuple@P6AXABF0@ZV?$reference_wrapper@F@std@@V12@@std@@U?$default_delete@V?$tuple@P6AXABF0@ZV?$reference_wrapper@F@std@@V12@@std@@@2@@std@@@std@@QAE@XZ 0041cca0 f i main.obj
 0001:0001beb0       ?_Go@?$_LaunchPad@V?$unique_ptr@V?$tuple@P6AXABF0@ZV?$reference_wrapper@F@std@@V12@@std@@U?$default_delete@V?$tuple@P6AXABF0@ZV?$reference_wrapper@F@std@@V12@@std@@@2@@std@@@std@@UAEXXZ 0041ceb0 f i main.obj
 0001:0001bf70       ?_Go@?$_LaunchPad@V?$unique_ptr@V?$tuple@P6AXAAV?$basic_ofstream@DU?$char_traits@D@std@@@std@@AAV?$basic_fstream@DU?$char_traits@D@std@@@2@AADAAH33AAV?$basic_string@DU?$char_traits@D@std@@V?$allocator@D@2@@2@@ZV?$reference_wrapper@V?$basic_ofstream@DU?$char_traits@D@std@@@std@@@2@V?$reference_wrapper@V?$basic_fstream@DU?$char_traits@D@std@@@std@@@2@V?$reference_wrapper@D@2@V?$reference_wrapper@H@2@V82@V82@V?$reference_wrapper@V?$basic_string@DU?$char_traits@D@std@@V?$allocator@D@2@@std@@@2@@std@@U?$default_delete@V?$tuple@P6AXAAV?$basic_ofstream@DU?$char_traits@D@std@@@std@@AAV?$basic_fstream@DU?$char_traits@D@std@@@2@AADAAH33AAV?$basic_string@DU?$char_traits@D@std@@V?$allocator@D@2@@2@@ZV?$reference_wrapper@V?$basic_ofstream@DU?$char_traits@D@std@@@std@@@2@V?$reference_wrapper@V?$basic_fstream@DU?$char_traits@D@std@@@std@@@2@V?$reference_wrapper@D@2@V?$reference_wrapper@H@2@V82@V82@V?$reference_wrapper@V?$basic_string@DU?$char_traits@D@std@@V?$allocator@D@2@@std@@@2@@std@@@2@@std@@@std@@UAEXXZ 0041cf70 f i main.obj
 0001:0001c040       ?_Go@?$_LaunchPad@V?$unique_ptr@V?$tuple@P6AXXZ@std@@U?$default_delete@V?$tuple@P6AXXZ@std@@@2@@std@@@std@@UAEXXZ 0041d040 f i main.obj
 0001:0001c0f0       ??$_Buynode@ABU?$pair@$$CBV?$basic_string@DU?$char_traits@D@std@@V?$allocator@D@2@@std@@G@std@@@?$_Tree_comp_alloc@V?$_Tmap_traits@V?$basic_string@DU?$char_traits@D@std@@V?$allocator@D@2@@std@@GU?$less@V?$basic_string@DU?$char_traits@D@std@@V?$allocator@D@2@@std@@@2@V?$allocator@U?$pair@$$CBV?$basic_string@DU?$char_traits@D@std@@V?$allocator@D@2@@std@@G@std@@@2@$0A@@std@@@std@@QAEPAU?$_Tree_node@U?$pair@$$CBV?$basic_string@DU?$char_traits@D@std@@V?$allocator@D@2@@std@@G@std@@PAX@1@ABU?$pair@$$CBV?$basic_string@DU?$char_traits@D@std@@V?$allocator@D@2@@std@@G@1@@Z 0041d0f0 f i main.obj
 0001:0001c180       ??$_Insert_hint@AAU?$pair@$$CBV?$basic_string@DU?$char_traits@D@std@@V?$allocator@D@2@@std@@G@std@@PAU?$_Tree_node@U?$pair@$$CBV?$basic_string@DU?$char_traits@D@std@@V?$allocator@D@2@@std@@G@std@@PAX@2@@?$_Tree@V?$_Tmap_traits@V?$basic_string@DU?$char_traits@D@std@@V?$allocator@D@2@@std@@GU?$less@V?$basic_string@DU?$char_traits@D@std@@V?$allocator@D@2@@std@@@2@V?$allocator@U?$pair@$$CBV?$basic_string@DU?$char_traits@D@std@@V?$allocator@D@2@@std@@G@std@@@2@$0A@@std@@@std@@IAE?AV?$_Tree_iterator@V?$_Tree_val@U?$_Tree_simple_types@U?$pair@$$CBV?$basic_string@DU?$char_traits@D@std@@V?$allocator@D@2@@std@@G@std@@@std@@@std@@@1@V?$_Tree_const_iterator@V?$_Tree_val@U?$_Tree_simple_types@U?$pair@$$CBV?$basic_string@DU?$char_traits@D@std@@V?$allocator@D@2@@std@@G@std@@@std@@@std@@@1@AAU?$pair@$$CBV?$basic_string@DU?$char_traits@D@std@@V?$allocator@D@2@@std@@G@1@PAU?$_Tree_node@U?$pair@$$CBV?$basic_string@DU?$char_traits@D@std@@V?$allocator@D@2@@std@@G@std@@PAX@1@@Z 0041d180 f i main.obj
 0001:0001c730       ?_Freenode0@?$_Tree_comp_alloc@V?$_Tmap_traits@V?$basic_string@DU?$char_traits@D@std@@V?$allocator@D@2@@std@@GU?$less@V?$basic_string@DU?$char_traits@D@std@@V?$allocator@D@2@@std@@@2@V?$allocator@U?$pair@$$CBV?$basic_string@DU?$char_traits@D@std@@V?$allocator@D@2@@std@@G@std@@@2@$0A@@std@@@std@@QAEXPAU?$_Tree_node@U?$pair@$$CBV?$basic_string@DU?$char_traits@D@std@@V?$allocator@D@2@@std@@G@std@@PAX@2@@Z 0041d730 f i main.obj
 0001:0001c750       ?_Buynode0@?$_Tree_comp_alloc@V?$_Tmap_traits@V?$basic_string@DU?$char_traits@D@std@@V?$allocator@D@2@@std@@GU?$less@V?$basic_string@DU?$char_traits@D@std@@V?$allocator@D@2@@std@@@2@V?$allocator@U?$pair@$$CBV?$basic_string@DU?$char_traits@D@std@@V?$allocator@D@2@@std@@G@std@@@2@$0A@@std@@@std@@QAEPAU?$_Tree_node@U?$pair@$$CBV?$basic_string@DU?$char_traits@D@std@@V?$allocator@D@2@@std@@G@std@@PAX@2@XZ 0041d750 f i main.obj
 0001:0001c780       ?_Destroy_if_node@?$_Tree@V?$_Tmap_traits@V?$basic_string@DU?$char_traits@D@std@@V?$allocator@D@2@@std@@GU?$less@V?$basic_string@DU?$char_traits@D@std@@V?$allocator@D@2@@std@@@2@V?$allocator@U?$pair@$$CBV?$basic_string@DU?$char_traits@D@std@@V?$allocator@D@2@@std@@G@std@@@2@$0A@@std@@@std@@IAEXPAU?$_Tree_node@U?$pair@$$CBV?$basic_string@DU?$char_traits@D@std@@V?$allocator@D@2@@std@@G@std@@PAX@2@@Z 0041d780 f i main.obj
 0001:0001c7f0       ??$_Uninitialized_copy_al_unchecked@PBV?$basic_string@DU?$char_traits@D@std@@V?$allocator@D@2@@std@@PAV12@V?$allocator@V?$basic_string@DU?$char_traits@D@std@@V?$allocator@D@2@@std@@@2@@std@@YAPAV?$basic_string@DU?$char_traits@D@std@@V?$allocator@D@2@@0@PBV10@0PAV10@AAV?$allocator@V?$basic_string@DU?$char_traits@D@std@@V?$allocator@D@2@@std@@@0@U_General_ptr_iterator_tag@0@U_Unused_parameter@0@@Z 0041d7f0 f i main.obj
 0001:0001c880       ??$_Insert_at@AAU?$pair@$$CBV?$basic_string@DU?$char_traits@D@std@@V?$allocator@D@2@@std@@G@std@@PAU?$_Tree_node@U?$pair@$$CBV?$basic_string@DU?$char_traits@D@std@@V?$allocator@D@2@@std@@G@std@@PAX@2@@?$_Tree@V?$_Tmap_traits@V?$basic_string@DU?$char_traits@D@std@@V?$allocator@D@2@@std@@GU?$less@V?$basic_string@DU?$char_traits@D@std@@V?$allocator@D@2@@std@@@2@V?$allocator@U?$pair@$$CBV?$basic_string@DU?$char_traits@D@std@@V?$allocator@D@2@@std@@G@std@@@2@$0A@@std@@@std@@IAE?AV?$_Tree_iterator@V?$_Tree_val@U?$_Tree_simple_types@U?$pair@$$CBV?$basic_string@DU?$char_traits@D@std@@V?$allocator@D@2@@std@@G@std@@@std@@@std@@@1@_NPAU?$_Tree_node@U?$pair@$$CBV?$basic_string@DU?$char_traits@D@std@@V?$allocator@D@2@@std@@G@std@@PAX@1@AAU?$pair@$$CBV?$basic_string@DU?$char_traits@D@std@@V?$allocator@D@2@@std@@G@1@1@Z 0041d880 f i main.obj
 0001:0001cad0       ??$_Insert_nohint@AAU?$pair@$$CBV?$basic_string@DU?$char_traits@D@std@@V?$allocator@D@2@@std@@G@std@@PAU?$_Tree_node@U?$pair@$$CBV?$basic_string@DU?$char_traits@D@std@@V?$allocator@D@2@@std@@G@std@@PAX@2@@?$_Tree@V?$_Tmap_traits@V?$basic_string@DU?$char_traits@D@std@@V?$allocator@D@2@@std@@GU?$less@V?$basic_string@DU?$char_traits@D@std@@V?$allocator@D@2@@std@@@2@V?$allocator@U?$pair@$$CBV?$basic_string@DU?$char_traits@D@std@@V?$allocator@D@2@@std@@G@std@@@2@$0A@@std@@@std@@IAE?AU?$pair@V?$_Tree_iterator@V?$_Tree_val@U?$_Tree_simple_types@U?$pair@$$CBV?$basic_string@DU?$char_traits@D@std@@V?$allocator@D@2@@std@@G@std@@@std@@@std@@@std@@_N@1@_NAAU?$pair@$$CBV?$basic_string@DU?$char_traits@D@std@@V?$allocator@D@2@@std@@G@1@PAU?$_Tree_node@U?$pair@$$CBV?$basic_string@DU?$char_traits@D@std@@V?$allocator@D@2@@std@@G@std@@PAX@1@@Z 0041dad0 f i main.obj
 0001:0001cdc1       ??_E?$basic_ostream@DU?$char_traits@D@std@@@std@@$4PPPPPPPM@A@AEPAXI@Z 0041ddc1 f i main.obj
 0001:0001cdc9       ??_E?$basic_stringstream@DU?$char_traits@D@std@@V?$allocator@D@2@@std@@$4PPPPPPPM@A@AEPAXI@Z 0041ddc9 f i main.obj
 0001:0001cdd1       ??_E?$basic_ifstream@DU?$char_traits@D@std@@@std@@$4PPPPPPPM@A@AEPAXI@Z 0041ddd1 f i main.obj
 0001:0001cdd9       ??_E?$basic_istream@DU?$char_traits@D@std@@@std@@$4PPPPPPPM@A@AEPAXI@Z 0041ddd9 f i main.obj
 0001:0001cde1       ??_E?$basic_ofstream@DU?$char_traits@D@std@@@std@@$4PPPPPPPM@A@AEPAXI@Z 0041dde1 f i main.obj
 0001:0001cde9       ??_E?$basic_istringstream@DU?$char_traits@D@std@@V?$allocator@D@2@@std@@$4PPPPPPPM@A@AEPAXI@Z 0041dde9 f i main.obj
 0001:0001cdf1       ??_E?$basic_iostream@DU?$char_traits@D@std@@@std@@$4PPPPPPPM@A@AEPAXI@Z 0041ddf1 f i main.obj
 0001:0001cdf9       ??_E?$basic_fstream@DU?$char_traits@D@std@@@std@@$4PPPPPPPM@A@AEPAXI@Z 0041ddf9 f i main.obj
 0001:0001ce01       ??1GlobalCore@details@Concurrency@@QAE@XZ 0041de01 f i libcpmt:cond.obj
 0001:0001ce0e       ??_EGlobalCore@details@Concurrency@@QAEPAXI@Z 0041de0e f i libcpmt:cond.obj
 0001:0001ce9a       ??_H@YGXPAXIIP6EPAX0@Z@Z   0041de9a f i libcpmt:cond.obj
 0001:0001cec4       ?create_stl_condition_variable@details@Concurrency@@YAXPAVstl_condition_variable_interface@12@@Z 0041dec4 f i libcpmt:cond.obj
 0001:0001cf39       ?destroy@stl_condition_variable_concrt@details@Concurrency@@UAEXXZ 0041df39 f i libcpmt:cond.obj
 0001:0001d009       ?notify_all@stl_condition_variable_concrt@details@Concurrency@@UAEXXZ 0041e009 f i libcpmt:cond.obj
 0001:0001d011       ?notify_all@stl_condition_variable_win7@details@Concurrency@@UAEXXZ 0041e011 f i libcpmt:cond.obj
 0001:0001d011       ?notify_all@stl_condition_variable_vista@details@Concurrency@@UAEXXZ 0041e011 f i libcpmt:cond.obj
 0001:0001d01c       ?notify_one@stl_condition_variable_concrt@details@Concurrency@@UAEXXZ 0041e01c f i libcpmt:cond.obj
 0001:0001d024       ?notify_one@stl_condition_variable_vista@details@Concurrency@@UAEXXZ 0041e024 f i libcpmt:cond.obj
 0001:0001d024       ?notify_one@stl_condition_variable_win7@details@Concurrency@@UAEXXZ 0041e024 f i libcpmt:cond.obj
 0001:0001d02f       ?wait@stl_condition_variable_concrt@details@Concurrency@@UAEXPAVstl_critical_section_interface@23@@Z 0041e02f f i libcpmt:cond.obj
 0001:0001d045       ?wait@stl_condition_variable_vista@details@Concurrency@@UAEXPAVstl_critical_section_interface@23@@Z 0041e045 f i libcpmt:cond.obj
 0001:0001d060       ?wait@stl_condition_variable_win7@details@Concurrency@@UAEXPAVstl_critical_section_interface@23@@Z 0041e060 f i libcpmt:cond.obj
 0001:0001d07b       ?wait_for@stl_condition_variable_concrt@details@Concurrency@@UAE_NPAVstl_critical_section_interface@23@I@Z 0041e07b f i libcpmt:cond.obj
 0001:0001d094       ?wait_for@stl_condition_variable_vista@details@Concurrency@@UAE_NPAVstl_critical_section_interface@23@I@Z 0041e094 f i libcpmt:cond.obj
 0001:0001d0b6       ?wait_for@stl_condition_variable_win7@details@Concurrency@@UAE_NPAVstl_critical_section_interface@23@I@Z 0041e0b6 f i libcpmt:cond.obj
 0001:0001d0da       __Cnd_broadcast            0041e0da f   libcpmt:cond.obj
 0001:0001d0f8       __Cnd_destroy              0041e0f8 f   libcpmt:cond.obj
 0001:0001d11f       __Cnd_destroy_in_situ      0041e11f f   libcpmt:cond.obj
 0001:0001d13b       __Cnd_init                 0041e13b f   libcpmt:cond.obj
 0001:0001d169       __Cnd_init_in_situ         0041e169 f   libcpmt:cond.obj
 0001:0001d16e       __Cnd_signal               0041e16e f   libcpmt:cond.obj
 0001:0001d18c       __Cnd_wait                 0041e18c f   libcpmt:cond.obj
 0001:0001d1a1       __Stollx                   0041e1a1 f   libcpmt:xstoll.obj
 0001:0001d271       __Stolx                    0041e271 f   libcpmt:xstol.obj
 0001:0001d318       __Stoulx                   0041e318 f   libcpmt:xstoul.obj
 0001:0001d48d       __Query_perf_counter       0041e48d f   libcpmt:xtime.obj
 0001:0001d4a6       __Query_perf_frequency     0041e4a6 f   libcpmt:xtime.obj
 0001:0001d4bf       __Xtime_diff_to_millis2    0041e4bf f   libcpmt:xtime.obj
 0001:0001d5fe       _xtime_get                 0041e5fe f   libcpmt:xtime.obj
 0001:0001d622       ??0_Init_locks@std@@QAE@XZ 0041e622 f   libcpmt:xlock.obj
 0001:0001d64f       ??0_Lockit@std@@QAE@H@Z    0041e64f f   libcpmt:xlock.obj
 0001:0001d680       ??1_Init_locks@std@@QAE@XZ 0041e680 f   libcpmt:xlock.obj
 0001:0001d6a7       ??1_Lockit@std@@QAE@XZ     0041e6a7 f   libcpmt:xlock.obj
 0001:0001d6c6       __Lock_at_thread_exit_mutex 0041e6c6 f   libcpmt:xlock.obj
 0001:0001d6d2       __Unlock_at_thread_exit_mutex 0041e6d2 f   libcpmt:xlock.obj
 0001:0001d6de       ??$_Immortalize_impl@V_Generic_error_category@std@@@std@@YGHPAX0PAPAX@Z 0041e6de f i libcpmt:xonce.obj
 0001:0001d6f8       ?_Execute_once@std@@YAHAAUonce_flag@1@P6GHPAX1PAPAX@Z1@Z 0041e6f8 f   libcpmt:xonce.obj
 0001:0001d710       ?generic_category@std@@YAABVerror_category@1@XZ 0041e710 f i libcpmt:xonce.obj
 0001:0001d739       ??0system_error@std@@QAE@HABVerror_category@1@PBD@Z 0041e739 f i libcpmt:thread0.obj
 0001:0001d783       ?_Throw_C_error@std@@YAXH@Z 0041e783 f   libcpmt:thread0.obj
 0001:0001d7b0       ?_Throw_Cpp_error@std@@YAXH@Z 0041e7b0 f   libcpmt:thread0.obj
 0001:0001d7e5       ?uncaught_exceptions@std@@YAHXZ 0041e7e5 f   libcpmt:uncaught.obj
 0001:0001d7ea       ??0_Init_cout@std@@QAE@XZ  0041e7ea f i libcpmt:cout.obj
 0001:0001d843       ??0_Locimp@locale@std@@AAE@_N@Z 0041e843 f i libcpmt:locale0.obj
 0001:0001d886       ??1_Fac_node@std@@QAE@XZ   0041e886 f i libcpmt:locale0.obj
 0001:0001d8e5       ??1_Fac_tidy_reg_t@std@@QAE@XZ 0041e8e5 f i libcpmt:locale0.obj
 0001:0001d90c       ??1_Locimp@locale@std@@MAE@XZ 0041e90c f i libcpmt:locale0.obj
 0001:0001d967       ??4?$_Yarn@D@std@@QAEAAV01@PBD@Z 0041e967 f i libcpmt:locale0.obj
 0001:0001d9bb       ??_E_Locimp@locale@std@@MAEPAXI@Z 0041e9bb f i libcpmt:locale0.obj
 0001:0001d9bb       ??_G_Locimp@locale@std@@MAEPAXI@Z 0041e9bb f i libcpmt:locale0.obj
 0001:0001d9dd       ?_Facet_Register@std@@YAXPAV_Facet_base@1@@Z 0041e9dd f   libcpmt:locale0.obj
 0001:0001da0b       ?_Getgloballocale@locale@std@@CAPAV_Locimp@12@XZ 0041ea0b f   libcpmt:locale0.obj
 0001:0001da11       ?_Init@locale@std@@CAPAV_Locimp@12@_N@Z 0041ea11 f   libcpmt:locale0.obj
 0001:0001dab9       ?_Locimp_dtor@_Locimp@locale@std@@CAXPAV123@@Z 0041eab9 f   libcpmt:locale0.obj
 0001:0001db2e       ?_Locinfo_ctor@_Locinfo@std@@SAXPAV12@PBD@Z 0041eb2e f   libcpmt:locale0.obj
 0001:0001db79       ?_Locinfo_dtor@_Locinfo@std@@SAXPAV12@@Z 0041eb79 f   libcpmt:locale0.obj
 0001:0001db93       ?_New_Locimp@_Locimp@locale@std@@CAPAV123@_N@Z 0041eb93 f   libcpmt:locale0.obj
 0001:0001dbb8       __Deletegloballocale       0041ebb8 f   libcpmt:locale0.obj
 0001:0001dc1d       ??0bad_alloc@std@@QAE@ABV01@@Z 0041ec1d f i libcpmt:xthrow.obj
 0001:0001dc38       ??0bad_alloc@std@@QAE@XZ   0041ec38 f i libcpmt:xthrow.obj
 0001:0001dc50       ??0length_error@std@@QAE@ABV01@@Z 0041ec50 f i libcpmt:xthrow.obj
 0001:0001dc6b       ??0length_error@std@@QAE@PBD@Z 0041ec6b f i libcpmt:xthrow.obj
 0001:0001dc8c       ??0out_of_range@std@@QAE@ABV01@@Z 0041ec8c f i libcpmt:xthrow.obj
 0001:0001dca7       ??0out_of_range@std@@QAE@PBD@Z 0041eca7 f i libcpmt:xthrow.obj
 0001:0001dcc8       ?_Xinvalid_argument@std@@YAXPBD@Z 0041ecc8 f   libcpmt:xthrow.obj
 0001:0001dce8       ?_Xlength_error@std@@YAXPBD@Z 0041ece8 f   libcpmt:xthrow.obj
 0001:0001dd08       ?_Xout_of_range@std@@YAXPBD@Z 0041ed08 f   libcpmt:xthrow.obj
 0001:0001dd28       ?_Addstd@ios_base@std@@SAXPAV12@@Z 0041ed28 f   libcpmt:ios.obj
 0001:0001dd76       ?_Callfns@ios_base@std@@AAEXW4event@12@@Z 0041ed76 f i libcpmt:ios.obj
 0001:0001dda8       ?_Ios_base_dtor@ios_base@std@@CAXPAV12@@Z 0041eda8 f   libcpmt:ios.obj
 0001:0001dde8       ?_Tidy@ios_base@std@@AAEXXZ 0041ede8 f i libcpmt:ios.obj
 0001:0001de30       ??$_Xfiopen@D@std@@YAPAU_iobuf@@PBDHH@Z 0041ee30 f i libcpmt:fiopen.obj
 0001:0001dedc       ?_Fiopen@std@@YAPAU_iobuf@@PBDHH@Z 0041eedc f   libcpmt:fiopen.obj
 0001:0001dee5       ?_Random_device@std@@YAIXZ 0041eee5 f   libcpmt:xrngdev.obj
 0001:0001df09       ?_Syserror_map@std@@YAPBDH@Z 0041ef09 f   libcpmt:syserror.obj
 0001:0001df2e       __Stoullx                  0041ef2e f   libcpmt:xstoull.obj
 0001:0001e111       __Getctype                 0041f111 f   libcpmt:_tolower.obj
 0001:0001e179       __Tolower                  0041f179 f   libcpmt:_tolower.obj
 0001:0001e279       ??0stl_critical_section_vista@details@Concurrency@@QAE@XZ 0041f279 f i libcpmt:mutex.obj
 0001:0001e299       ?create_stl_critical_section@details@Concurrency@@YAXPAVstl_critical_section_interface@12@@Z 0041f299 f i libcpmt:mutex.obj
 0001:0001e30d       ?destroy@stl_critical_section_concrt@details@Concurrency@@UAEXXZ 0041f30d f i libcpmt:mutex.obj
 0001:0001e315       ?destroy@stl_critical_section_vista@details@Concurrency@@UAEXXZ 0041f315 f i libcpmt:mutex.obj
 0001:0001e320       ?lock@stl_critical_section_concrt@details@Concurrency@@UAEXXZ 0041f320 f i libcpmt:mutex.obj
 0001:0001e328       ?lock@stl_critical_section_vista@details@Concurrency@@UAEXXZ 0041f328 f i libcpmt:mutex.obj
 0001:0001e333       ?lock@stl_critical_section_win7@details@Concurrency@@UAEXXZ 0041f333 f i libcpmt:mutex.obj
 0001:0001e4c6       ?try_lock@stl_critical_section_concrt@details@Concurrency@@UAE_NXZ 0041f4c6 f i libcpmt:mutex.obj
 0001:0001e4ce       ?try_lock@stl_critical_section_vista@details@Concurrency@@UAE_NXZ 0041f4ce f i libcpmt:mutex.obj
 0001:0001e4de       ?try_lock@stl_critical_section_win7@details@Concurrency@@UAE_NXZ 0041f4de f i libcpmt:mutex.obj
 0001:0001e4ee       ?try_lock_for@stl_critical_section_concrt@details@Concurrency@@UAE_NI@Z 0041f4ee f i libcpmt:mutex.obj
 0001:0001e4fa       ?try_lock_for@stl_critical_section_vista@details@Concurrency@@UAE_NI@Z 0041f4fa f i libcpmt:mutex.obj
 0001:0001e50c       ?try_lock_for@stl_critical_section_win7@details@Concurrency@@UAE_NI@Z 0041f50c f i libcpmt:mutex.obj
 0001:0001e51e       ?unlock@stl_critical_section_concrt@details@Concurrency@@UAEXXZ 0041f51e f i libcpmt:mutex.obj
 0001:0001e526       ?unlock@stl_critical_section_vista@details@Concurrency@@UAEXXZ 0041f526 f i libcpmt:mutex.obj
 0001:0001e531       ?unlock@stl_critical_section_win7@details@Concurrency@@UAEXXZ 0041f531 f i libcpmt:mutex.obj
 0001:0001e53c       __Mtx_clear_owner          0041f53c f   libcpmt:mutex.obj
 0001:0001e54b       __Mtx_destroy              0041f54b f   libcpmt:mutex.obj
 0001:0001e576       __Mtx_destroy_in_situ      0041f576 f   libcpmt:mutex.obj
 0001:0001e594       __Mtx_getconcrtcs          0041f594 f   libcpmt:mutex.obj
 0001:0001e59f       __Mtx_init                 0041f59f f   libcpmt:mutex.obj
 0001:0001e5d1       __Mtx_init_in_situ         0041f5d1 f   libcpmt:mutex.obj
 0001:0001e5f2       __Mtx_lock                 0041f5f2 f   libcpmt:mutex.obj
 0001:0001e603       __Mtx_reset_owner          0041f603 f   libcpmt:mutex.obj
 0001:0001e617       __Mtx_unlock               0041f617 f   libcpmt:mutex.obj
 0001:0001e641       __Getcvt                   0041f641 f   libcpmt:xwctomb.obj
 0001:0001e6ac       __Cnd_do_broadcast_at_thread_exit 0041f6ac f   libcpmt:xnotify.obj
 0001:0001e758       __Thrd_current             0041f758 f   libcpmt:cthread.obj
 0001:0001e7a4       __Thrd_equal               0041f7a4 f   libcpmt:cthread.obj
 0001:0001e7b4       __Thrd_id                  0041f7b4 f   libcpmt:cthread.obj
 0001:0001e7b4       ?GetCurrentThreadId@platform@details@Concurrency@@YAJXZ 0041f7b4 f   libcpmt:ppltasks.obj
 0001:0001e7ba       __Thrd_join                0041f7ba f   libcpmt:cthread.obj
 0001:0001e809       __Thrd_start               0041f809 f   libcpmt:cthread.obj
 0001:0001e836       __Toupper                  0041f836 f   libcpmt:_toupper.obj
 0001:0001ece0       ___crtAcquireSRWLockExclusive 0041fce0 f   libcpmt:winapisupp.obj
 0001:0001ecff       ___crtCloseThreadpoolTimer 0041fcff f   libcpmt:winapisupp.obj
 0001:0001ed20       ___crtCloseThreadpoolWait  0041fd20 f   libcpmt:winapisupp.obj
 0001:0001ed41       ___crtCreateEventExW       0041fd41 f   libcpmt:winapisupp.obj
 0001:0001ed86       ___crtCreateSemaphoreExW   0041fd86 f   libcpmt:winapisupp.obj
 0001:0001eddc       ___crtCreateThreadpoolTimer 0041fddc f   libcpmt:winapisupp.obj
 0001:0001ee07       ___crtCreateThreadpoolWait 0041fe07 f   libcpmt:winapisupp.obj
 0001:0001ee32       ___crtFlushProcessWriteBuffers 0041fe32 f   libcpmt:winapisupp.obj
 0001:0001ee4c       ___crtFreeLibraryWhenCallbackReturns 0041fe4c f   libcpmt:winapisupp.obj
 0001:0001ee70       ___crtGetCurrentProcessorNumber 0041fe70 f   libcpmt:winapisupp.obj
 0001:0001ee8e       ___crtGetSystemTimePreciseAsFileTime 0041fe8e f   libcpmt:winapisupp.obj
 0001:0001eeb7       ___crtGetTickCount64       0041feb7 f   libcpmt:winapisupp.obj
 0001:0001eedb       ___crtInitOnceExecuteOnce  0041fedb f   libcpmt:winapisupp.obj
 0001:0001ef69       ___crtInitializeConditionVariable 0041ff69 f   libcpmt:winapisupp.obj
 0001:0001ef88       ___crtInitializeCriticalSectionEx 0041ff88 f   libcpmt:winapisupp.obj
 0001:0001efc0       ___crtInitializeSRWLock    0041ffc0 f   libcpmt:winapisupp.obj
 0001:0001efdf       ___crtReleaseSRWLockExclusive 0041ffdf f   libcpmt:winapisupp.obj
 0001:0001effe       ___crtSetThreadpoolTimer   0041fffe f   libcpmt:winapisupp.obj
 0001:0001f028       ___crtSetThreadpoolWait    00420028 f   libcpmt:winapisupp.obj
 0001:0001f04f       ___crtSleepConditionVariableCS 0042004f f   libcpmt:winapisupp.obj
 0001:0001f074       ___crtSleepConditionVariableSRW 00420074 f   libcpmt:winapisupp.obj
 0001:0001f09c       ___crtTryAcquireSRWLockExclusive 0042009c f   libcpmt:winapisupp.obj
 0001:0001f0bb       ___crtWaitForThreadpoolTimerCallbacks 004200bb f   libcpmt:winapisupp.obj
 0001:0001f0df       ___crtWakeAllConditionVariable 004200df f   libcpmt:winapisupp.obj
 0001:0001f0fe       ___crtWakeConditionVariable 004200fe f   libcpmt:winapisupp.obj
 0001:0001f11d       __Mtxdst                   0042011d f   libcpmt:xmtx.obj
 0001:0001f12b       __Mtxinit                  0042012b f   libcpmt:xmtx.obj
 0001:0001f142       __Mtxlock                  00420142 f   libcpmt:xmtx.obj
 0001:0001f150       __Mtxunlock                00420150 f   libcpmt:xmtx.obj
 0001:0001f15e       ??1_Init_atexit@@QAE@XZ    0042015e f i libcpmt:iosptrs.obj
 0001:0001f1c2       ?_Atexit@@YAXP6AXXZ@Z      004201c2 f   libcpmt:iosptrs.obj
 0001:0001f1f0       ___crtLCMapStringA         004201f0 f   libcpmt:StlLCMapStringA.obj
 0001:0001f3c7       __freea_crt                004203c7 f i libcpmt:StlLCMapStringA.obj
 0001:0001f3e5       _GetTableIndexFromLocaleName 004203e5 f   libcpmt:winapinls.obj
 0001:0001f433       ___crtDownlevelLocaleNameToLCID 00420433 f   libcpmt:winapinls.obj
 0001:0001f45d       ___crtLCMapStringEx        0042045d f   libcpmt:winapinls.obj
 0001:0001f4b3       ___wcsnicmp_ascii          004204b3 f   libcpmt:winapinls.obj
 0001:0001f51d       @__security_check_cookie@4 0042051d f   LIBCMT:_secchk_.obj
 0001:0001f52e       ??_V@YAXPAX@Z              0042052e f   LIBCMT:delete_array.obj
 0001:0001f533       ??2@YAPAXI@Z               00420533 f   LIBCMT:new_scalar.obj
 0001:0001f563       ??_M@YGXPAXIIP6EX0@Z@Z     00420563 f   LIBCMT:ehvecdtr.obj
 0001:0001f5dd       ?__ArrayUnwind@@YGXPAXIIP6EX0@Z@Z 004205dd f   LIBCMT:ehvecdtr.obj
 0001:0001f68f       ___scrt_acquire_startup_lock 0042068f f   LIBCMT:utility.obj
 0001:0001f6c4       ___scrt_initialize_crt     004206c4 f   LIBCMT:utility.obj
 0001:0001f6fd       ___scrt_initialize_onexit_tables 004206fd f   LIBCMT:utility.obj
 0001:0001f7a7       ___scrt_is_nonwritable_in_current_image 004207a7 f   LIBCMT:utility.obj
 0001:0001f831       ___scrt_release_startup_lock 00420831 f   LIBCMT:utility.obj
 0001:0001f84e       ___scrt_uninitialize_crt   0042084e f   LIBCMT:utility.obj
 0001:0001f876       __onexit                   00420876 f   LIBCMT:utility.obj
 0001:0001f8b1       _atexit                    004208b1 f   LIBCMT:utility.obj
 0001:0001f8c6       ??3@YAXPAXI@Z              004208c6 f   LIBCMT:delete_scalar_size.obj
 0001:0001f8d4       ??_U@YAPAXI@Z              004208d4 f   LIBCMT:new_array.obj
 0001:0001f8dd       ??_Gtype_info@@UAEPAXI@Z   004208dd f i LIBCMT:std_type_info_static.obj
 0001:0001f8dd       ??_Etype_info@@UAEPAXI@Z   004208dd f i LIBCMT:std_type_info_static.obj
 0001:0001fb35       _mainCRTStartup            00420b35 f   LIBCMT:exe_main.obj
 0001:0001fb3f       ??_V@YAXPAXI@Z             00420b3f f   LIBCMT:delete_array_size.obj
[...]
 0002:00016118       __sehtable$__fcloseall     00475118     libucrt:closeall.obj
 0002:00016138       __sehtable$??$common_ftell@_J@@YA_JV__crt_stdio_stream@@@Z 00475138     libucrt:ftell.obj
 0002:00016158       __sehtable$___set_fpsr_sse2 00475158     libucrt:fpctrl.obj
 0002:00016178       __sehtable$??$common_lseek@_J@@YA_JH_JH@Z 00475178     libucrt:lseek.obj
 0002:00016198       __sehtable$_raise          00475198     libucrt:signal.obj
 0002:000161b8       __sehtable$??$?RV<lambda_a048d3beccc847880fc8490e18b82769>@@AAV<lambda_ec61778202f4f5fc7e7711acc23c3bca>@@V<lambda_f7496a158712204296dd6628a163878e>@@@?$__crt_seh_guarded_call@P6AXH@Z@@QAEP6AXH@Z$$QAV<lambda_a048d3beccc847880fc8490e18b82769>@@AAV<lambda_ec61778202f4f5fc7e7711acc23c3bca>@@$$QAV<lambda_f7496a158712204296dd6628a163878e>@@@Z 004751b8     libucrt:signal.obj
 0002:000161d8       __sehtable$___acrt_update_thread_multibyte_data 004751d8     libucrt:mbctype.obj
 0002:000161f8       __sehtable$??$?RV<lambda_978dc153c237d78434369da87b74ff60>@@AAV<lambda_ad1ced32f4ac17aa236e5ef05d6b3b7c>@@V<lambda_4a8533e2866a575feecb8298ce776b0d>@@@?$__crt_seh_guarded_call@X@@QAEX$$QAV<lambda_978dc153c237d78434369da87b74ff60>@@AAV<lambda_ad1ced32f4ac17aa236e5ef05d6b3b7c>@@$$QAV<lambda_4a8533e2866a575feecb8298ce776b0d>@@@Z 004751f8     libucrt:mbctype.obj
 0002:00016218       __sehtable$__alloc_osfhnd  00475218     libucrt:osfinfo.obj
 0002:00016238       __sehtable$___acrt_lowio_ensure_fh_exists 00475238     libucrt:osfinfo.obj
 0002:00016258       __sehtable$___acrt_update_thread_locale_data 00475258     libucrt:locale_refcounting.obj
 0002:00016278       __sehtable$__read          00475278     libucrt:read.obj
 0002:00016298       __sehtable$??$common_sopen_dispatch@D@@YAHQBDHHHQAHH@Z 00475298     libucrt:open.obj
 0002:000162b4       __unwindtable$?_CurrentException@__ExceptionPtr@@SA?AV?$shared_ptr@V__ExceptionPtr@@@std@@XZ 004752b4     libcpmt:excptptr.obj
 0002:000162c4       __tryblocktable$?_CurrentException@__ExceptionPtr@@SA?AV?$shared_ptr@V__ExceptionPtr@@@std@@XZ 004752c4     libcpmt:excptptr.obj
 0002:000162d8       __catchsym$?_CurrentException@__ExceptionPtr@@SA?AV?$shared_ptr@V__ExceptionPtr@@@std@@XZ$8 004752d8     libcpmt:excptptr.obj
 0002:000162f8       __ehfuncinfo$?_CurrentException@__ExceptionPtr@@SA?AV?$shared_ptr@V__ExceptionPtr@@@std@@XZ 004752f8     libcpmt:excptptr.obj
 0002:0001631c       __unwindtable$?_CopyException@__ExceptionPtr@@SA?AV?$shared_ptr@V__ExceptionPtr@@@std@@PBXPBU_s_ThrowInfo@@_N@Z 0047531c     libcpmt:excptptr.obj
 0002:0001632c       __tryblocktable$?_CopyException@__ExceptionPtr@@SA?AV?$shared_ptr@V__ExceptionPtr@@@std@@PBXPBU_s_ThrowInfo@@_N@Z 0047532c     libcpmt:excptptr.obj
 0002:00016340       __catchsym$?_CopyException@__ExceptionPtr@@SA?AV?$shared_ptr@V__ExceptionPtr@@@std@@PBXPBU_s_ThrowInfo@@_N@Z$6 00475340     libcpmt:excptptr.obj
 0002:00016360       __ehfuncinfo$?_CopyException@__ExceptionPtr@@SA?AV?$shared_ptr@V__ExceptionPtr@@@std@@PBXPBU_s_ThrowInfo@@_N@Z 00475360     libcpmt:excptptr.obj
 0002:00016384       __unwindtable$?_InitBadAllocException@__ExceptionPtr@@CA?AV?$shared_ptr@V__ExceptionPtr@@@std@@XZ 00475384     libcpmt:excptptr.obj
 0002:0001638c       __ehfuncinfo$?_InitBadAllocException@__ExceptionPtr@@CA?AV?$shared_ptr@V__ExceptionPtr@@@std@@XZ 0047538c     libcpmt:excptptr.obj
 0002:000163b0       __catchsym$?_CallCopyCtor@__ExceptionPtr@@ABEXPAX0IQBU_s_CatchableType@@@Z$2 004753b0     libcpmt:excptptr.obj
 0002:000163c0       __unwindtable$?_CallCopyCtor@__ExceptionPtr@@ABEXPAX0IQBU_s_CatchableType@@@Z 004753c0     libcpmt:excptptr.obj
 0002:000163d0       __tryblocktable$?_CallCopyCtor@__ExceptionPtr@@ABEXPAX0IQBU_s_CatchableType@@@Z 004753d0     libcpmt:excptptr.obj
 0002:000163e4       __ehfuncinfo$?_CallCopyCtor@__ExceptionPtr@@ABEXPAX0IQBU_s_CatchableType@@@Z 004753e4     libcpmt:excptptr.obj
 0002:00016408       __unwindtable$??$make_shared@V__ExceptionPtr@@AAPAUEHExceptionRecord@@_N@std@@YA?AV?$shared_ptr@V__ExceptionPtr@@@0@AAPAUEHExceptionRecord@@$$QA_N@Z 00475408     libcpmt:excptptr.obj
 0002:00016410       __ehfuncinfo$??$make_shared@V__ExceptionPtr@@AAPAUEHExceptionRecord@@_N@std@@YA?AV?$shared_ptr@V__ExceptionPtr@@@0@AAPAUEHExceptionRecord@@$$QA_N@Z 00475410     libcpmt:excptptr.obj
 0002:00016434       __catchsym$??$allocate_shared@V__ExceptionPtr@@U?$_StaticAllocator@H@@AAPAUEHExceptionRecord@@_N@std@@YA?AV?$shared_ptr@V__ExceptionPtr@@@0@ABU?$_StaticAllocator@H@@AAPAUEHExceptionRecord@@$$QA_N@Z$15 00475434     libcpmt:excptptr.obj
 0002:00016444       __tryblocktable$??$allocate_shared@V__ExceptionPtr@@U?$_StaticAllocator@H@@AAPAUEHExceptionRecord@@_N@std@@YA?AV?$shared_ptr@V__ExceptionPtr@@@0@ABU?$_StaticAllocator@H@@AAPAUEHExceptionRecord@@$$QA_N@Z 00475444     libcpmt:excptptr.obj
 0002:00016458       __unwindtable$??$allocate_shared@V__ExceptionPtr@@U?$_StaticAllocator@H@@AAPAUEHExceptionRecord@@_N@std@@YA?AV?$shared_ptr@V__ExceptionPtr@@@0@ABU?$_StaticAllocator@H@@AAPAUEHExceptionRecord@@$$QA_N@Z 00475458     libcpmt:excptptr.obj
 0002:00016470       __ehfuncinfo$??$allocate_shared@V__ExceptionPtr@@U?$_StaticAllocator@H@@AAPAUEHExceptionRecord@@_N@std@@YA?AV?$shared_ptr@V__ExceptionPtr@@@0@ABU?$_StaticAllocator@H@@AAPAUEHExceptionRecord@@$$QA_N@Z 00475470     libcpmt:excptptr.obj
 0002:00016494       __unwindtable$??$?0AAPAUEHExceptionRecord@@_N@?$_Ref_count_obj@V__ExceptionPtr@@@std@@QAE@AAPAUEHExceptionRecord@@$$QA_N@Z 00475494     libcpmt:excptptr.obj
 0002:000164a4       __ehfuncinfo$??$?0AAPAUEHExceptionRecord@@_N@?$_Ref_count_obj@V__ExceptionPtr@@@std@@QAE@AAPAUEHExceptionRecord@@$$QA_N@Z 004754a4     libcpmt:excptptr.obj
 0002:000164c8       __unwindtable$??$?0AAPAUEHExceptionRecord@@_N@?$_Ref_count_obj_alloc@V__ExceptionPtr@@U?$_StaticAllocator@H@@@std@@QAE@ABU?$_StaticAllocator@H@@AAPAUEHExceptionRecord@@$$QA_N@Z 004754c8     libcpmt:excptptr.obj
 0002:000164d8       __ehfuncinfo$??$?0AAPAUEHExceptionRecord@@_N@?$_Ref_count_obj_alloc@V__ExceptionPtr@@U?$_StaticAllocator@H@@@std@@QAE@ABU?$_StaticAllocator@H@@AAPAUEHExceptionRecord@@$$QA_N@Z 004754d8     libcpmt:excptptr.obj
 0002:00016500       __sehtable$??_L@YGXPAXIIP6EX0@Z1@Z 00475500     LIBCMT:ehvecctr.obj
 0002:00016520       __sehtable$__IsNonwritableInCurrentImage 00475520     LIBCMT:pesect.obj
 0002:00016956       .idata$6                   00475956     winmm:WINMM.dll
 0002:00016aba       .idata$6                   00475aba     kernel32:KERNEL32.dll
 0002:00016ad4       .idata$6                   00475ad4     user32:USER32.dll
 0002:00016af0       .idata$6                   00475af0     shell32:SHELL32.dll
 0002:00016b12       .idata$6                   00475b12     urlmon:urlmon.dll
 0003:00000000       ?init@std@@3JA             00477000     libcpmt:xlock.obj
 0003:00000008       ?atcount_cdecl@@3IA        00477008     libcpmt:iosptrs.obj
 0003:00000094       ?g_CommitFrequency@details@Concurrency@@3HA 00477094     libconcrt:utils.obj
 0003:000000fc       ?eventGuidRegistration@?4??_RegisterConcRTEventTracing@details@Concurrency@@YAXXZ@4PAU_TRACE_GUID_REGISTRATION@@A 004770fc     libconcrt:Trace.obj
 0003:00000140       ?__vcrt_flsindex@@3KA      00477140     libvcruntime:per_thread_data.obj
 0003:00000264       _errno_no_memory           00477264     libucrt:errno.obj
 0003:00000268       _doserrno_no_memory        00477268     libucrt:errno.obj
 0003:00000280       __ctype_loc_style          00477280     libucrt:wsetlocale.obj
 0003:00000290       ___acrt_flsindex           00477290     libucrt:per_thread_data.obj
 0003:00000394       ?__DAZ_ENABLED@?1??__set_fpsr_sse2@@9@9 00477394     libucrt:fpctrl.obj
 0003:000003a0       _tzstd_program             004773a0     libucrt:timeset.obj
 0003:000003e0       _tzdst_program             004773e0     libucrt:timeset.obj
 0003:00000420       _tzname_states             00477420     libucrt:timeset.obj
 0003:00000428       ___rgctypeflag             00477428     libucrt:mbctype.obj
 0003:00000430       ___rgcode_page_info        00477430     libucrt:mbctype.obj
 0003:00000a60       ?_StaticAllocStorageLeft@@3IA 00477a60     libcpmt:excptptr.obj
 0003:000025f8       ??_R0?AV?$_LaunchPad@V?$unique_ptr@V?$tuple@V<lambda_805fed3b06783348e08c25774bf3dd5e>@@V?$basic_string@DU?$char_traits@D@std@@V?$allocator@D@2@@std@@V?$reference_wrapper@V?$basic_string@DU?$char_traits@D@std@@V?$allocator@D@2@@std@@@3@V?$reference_wrapper@$$CBV?$basic_string@DU?$char_traits@D@std@@V?$allocator@D@2@@std@@@3@@std@@U?$default_delete@V?$tuple@V<lambda_805fed3b06783348e08c25774bf3dd5e>@@V?$basic_string@DU?$char_traits@D@std@@V?$allocator@D@2@@std@@V?$reference_wrapper@V?$basic_string@DU?$char_traits@D@std@@V?$allocator@D@2@@std@@@3@V?$reference_wrapper@$$CBV?$basic_string@DU?$char_traits@D@std@@V?$allocator@D@2@@std@@@3@@std@@@2@@std@@@std@@@8 004795f8     main.obj
 0003:00002b30       ?initlocks@std@@3V_Init_locks@1@A 00479b30     libcpmt:xlock.obj
 0003:00002b38       ?mtx@std@@3PAU_RTL_CRITICAL_SECTION@@A 00479b38     libcpmt:xlock.obj
 0003:00002c08       ?initlocks@@3V_Init_locks@std@@A 00479c08     libcpmt:cout.obj
 0003:00002c09       ?init_cout@std@@3U_Init_cout@1@A 00479c09     libcpmt:cout.obj
 0003:00002c60       ?fout@std@@3V?$basic_filebuf@DU?$char_traits@D@std@@@1@A 00479c60     libcpmt:cout.obj
 0003:00002cb8       ?_Fac_head@std@@3PAU_Fac_node@1@A 00479cb8     libcpmt:locale0.obj
 0003:00002cc4       _global_locale             00479cc4     libcpmt:locale0.obj
 0003:00002cdc       ?classic_locale@std@@3Vlocale@1@A 00479cdc     libcpmt:locale0.obj
 0003:00002ce4       ?_Fac_tidy_reg@std@@3U_Fac_tidy_reg_t@1@B 00479ce4     libcpmt:locale0.obj
 0003:00002ce5       ?registered@?1??_Setgloballocale@locale@std@@CAXPAX@Z@4_NA 00479ce5     libcpmt:locale0.obj
 0003:00002ce8       ?initlocks@@3V_Init_locks@std@@A 00479ce8     libcpmt:cin.obj
 0003:00002ce9       ?init_cin@std@@3U_Init_cin@1@A 00479ce9     libcpmt:cin.obj
 0003:00002cf0       ?fin@std@@3V?$basic_filebuf@DU?$char_traits@D@std@@@1@A 00479cf0     libcpmt:cin.obj
 0003:00002da8       ?stdstr@std@@3PAPAVios_base@1@A 00479da8     libcpmt:ios.obj
 0003:00002dd0       ?stdopens@std@@3PADA       00479dd0     libcpmt:ios.obj
 0003:00002de8       _thread_exit_data          00479de8     libcpmt:xnotify.obj
 0003:00003020       ?atfuns_cdecl@@3PAP6AXXZA  0047a020     libcpmt:iosptrs.obj
 0003:00003068       ?initlocks@std@@3V_Init_locks@1@A 0047a068     libcpmt:iosptrs.obj
 0003:00003069       ?init_atexit@@3U_Init_atexit@@A 0047a069     libcpmt:iosptrs.obj
 0003:000030ec       ?module_local_atexit_table@@3U_onexit_table_t@@A 0047a0ec     LIBCMT:utility.obj
 0003:000030f8       ?module_local_at_quick_exit_table@@3U_onexit_table_t@@A 0047a0f8     LIBCMT:utility.obj
 0003:00003104       ?module_local_atexit_table_initialized@@3_NA 0047a104     LIBCMT:utility.obj
 0003:00003105       ?is_initialized_as_dll@@3_NA 0047a105     LIBCMT:utility.obj
 0003:00003108       _GS_ExceptionRecord        0047a108     LIBCMT:gs_report.obj
 0003:00003158       _GS_ContextRecord          0047a158     LIBCMT:gs_report.obj
 0003:00003440       ?s_pfnGetCurrentProcessorNumberEx@platform@details@Concurrency@@3P6GXPAU_PROCESSOR_NUMBER@@@ZA 0047a440     libconcrt:Platform.obj
 0003:00003444       ?s_pfnSetThreadGroupAffinity@platform@details@Concurrency@@3P6GHPAXPBU_GROUP_AFFINITY@@PAU4@@ZA 0047a444     libconcrt:Platform.obj
 0003:00003448       ?s_pfnGetThreadGroupAffinity@platform@details@Concurrency@@3P6GHPAXPAU_GROUP_AFFINITY@@@ZA 0047a448     libconcrt:Platform.obj
 0003:0000344c       ?s_waiterPool@platform@details@Concurrency@@3PAVWaiterThreadPool@123@A 0047a44c     libconcrt:Platform.obj
 0003:00003450       ?s_defaultWaiterPool@platform@details@Concurrency@@3VDefaultWaiterPool@123@A 0047a450     libconcrt:Platform.obj
 0003:00003458       ?g_TraceInitialized@details@Concurrency@@3_NA 0047a458     libconcrt:utils.obj
 0003:0000345c       ?g_DesiredTraceLevel@details@Concurrency@@3HA 0047a45c     libconcrt:utils.obj
 0003:00003460       ?g_TraceCount@details@Concurrency@@3_KA 0047a460     libconcrt:utils.obj
 0003:00003470       ?g_DebugOutFilePtr@details@Concurrency@@3PAU_iobuf@@A 0047a470     libconcrt:utils.obj
 0003:00003568       ?__vcrt_startup_thread_ptd@@3U__vcrt_ptd@@A 0047a568     libvcruntime:per_thread_data.obj
 0003:00003594       ___vcrt_lock_table         0047a594     libvcruntime:locks.obj
 0003:000035ac       ___vcrt_locks_initialized  0047a5ac     libvcruntime:locks.obj
 0003:000035b0       ?module_handles@@3PAPAUHINSTANCE__@@A 0047a5b0     libvcruntime:winapi_downlevel.obj
 0003:000035bc       ?encoded_function_pointers@@3PAPAXA 0047a5bc     libvcruntime:winapi_downlevel.obj
 0003:000035f8       ?heap@@3V_HeapManager@@A   0047a5f8     libvcruntime:undname.obj
 0003:0000360c       ___acrt_invalid_parameter_handler 0047a60c     libucrt:invalid_parameter.obj
 0003:00003628       ___acrt_lock_table         0047a628     libucrt:locks.obj
 0003:00003760       ___acrt_locks_initialized  0047a760     libucrt:locks.obj
 0003:00003764       ___acrt_new_handler        0047a764     libucrt:new_handler.obj
 0003:00003768       _c_termination_complete    0047a768     libucrt:exit.obj
 0003:0000376c       _thread_local_exit_callback_func 0047a76c     libucrt:exit.obj
 0003:00003770       ?c_exit_complete@?5??common_exit@@YAXHW4_crt_exit_cleanup_mode@@W4_crt_exit_return_mode@@@Z@4_NA 0047a770     libucrt:exit.obj
 0003:00003778       ?program_name@?5???$common_configure_argv@D@@YAHW4_crt_argv_mode@@@Z@4PADA 0047a778     libucrt:argv_parsing.obj
 0003:000038a8       ___acrt_app_type           0047a8a8     libucrt:report_runtime_error.obj
 0003:000038ac       _user_matherr              0047a8ac     libucrt:matherr.obj
 0003:000038cc       ___acrt_global_new_mode    0047a8cc     libucrt:new_mode.obj
 0003:00003ae0       _enable_percent_n          0047aae0     libucrt:printf_count_output.obj
 0003:00003af0       _module_handles            0047aaf0     libucrt:winapi_thunks.obj
 0003:00003b40       _encoded_function_pointers 0047ab40     libucrt:winapi_thunks.obj
 0003:00003bc0       ?static_enum_proc@?1??enum_system_locales_ex_nolock@@YAHQ6GHPA_WKJ@Z@Z@4P6GH0KJ@ZA 0047abc0     libucrt:winapi_thunks.obj
 0003:00003bc4       ?state_cache@?1??__acrt_is_packaged_app@@9@4JA 0047abc4     libucrt:winapi_thunks.obj
 0003:00003bcc       _ctrlc_action              0047abcc     libucrt:signal.obj
 0003:00003bd0       _ctrlbreak_action          0047abd0     libucrt:signal.obj
 0003:00003bd4       _abort_action              0047abd4     libucrt:signal.obj
 0003:00003bd8       _term_action               0047abd8     libucrt:signal.obj
 0003:00003bec       __tzname                   0047abec     libucrt:timeset.obj
 0003:00003bf0       _tz_api_used               0047abf0     libucrt:tzset.obj
 0003:00003bf8       _tz_info                   0047abf8     libucrt:tzset.obj
 0003:00003cbc       _fSystemSet                0047acbc     libucrt:mbctype.obj
 0003:00003cc0       ?initialized@?1??__acrt_initialize_multibyte@@9@4_NA 0047acc0     libucrt:mbctype.obj
 0003:00003cc8       __pmatherr_set             0047acc8     libucrt:libm_error.obj
 0003:00003cd0       ?s_asyncId@platform@details@Concurrency@@3IA 0047acd0     libcpmt:ppltasks.obj
 0003:00003ce0       ?_StaticAllocStorage@@3PADA 0047ace0     libcpmt:excptptr.obj
 0003:00003d84       ?Nazwa_g³osu@@3V?$vector@V?$basic_string@DU?$char_traits@D@std@@V?$allocator@D@2@@std@@V?$allocator@V?$basic_string@DU?$char_traits@D@std@@V?$allocator@D@2@@std@@@2@@std@@B 0047ad84     main.obj
 0003:00003d90       ?Numer_zasobu_rar@@3V?$map@V?$basic_string@DU?$char_traits@D@std@@V?$allocator@D@2@@std@@GU?$less@V?$basic_string@DU?$char_traits@D@std@@V?$allocator@D@2@@std@@@2@V?$allocator@U?$pair@$$CBV?$basic_string@DU?$char_traits@D@std@@V?$allocator@D@2@@std@@G@std@@@2@@std@@B 0047ad90     main.obj
 0003:00003d98       ?Ruletka_plansza_kolor_col@@3V?$deque@GV?$allocator@G@std@@@std@@B 0047ad98     main.obj
 0004:00000a50       $R000000                   0047ba50     Resource.res
 0004:00007a28       $R006FD8                   00482a28     Resource.res
 0004:00007a40       $R006FF0                   00482a40     Resource.res
 0004:0005dcb0       $R05D260                   004d8cb0     Resource.res
 0004:000df030       $R0DE5E0                   0055a030     Resource.res
 0004:001352a0       $R134850                   005b02a0     Resource.res
 0004:0028db70       $R28D120                   00708b70     Resource.res
 0004:0039ef10       $R39E4C0                   00819f10     Resource.res
 0004:0047ba00       $R47AFB0                   008f6a00     Resource.res
 0004:00542758       $R541D08                   009bd758     Resource.res
 0004:006094b8       $R608A68                   00a844b8     Resource.res
 0004:006b0838       $R6AFDE8                   00b2b838     Resource.res
 0004:007c1818       $R7C0DC8                   00c3c818     Resource.res
 0004:008c31b0       $R8C2760                   00d3e1b0     Resource.res
 0004:009b27a8       $R9B1D58                   00e2d7a8     Resource.res
 0004:00a891d8       $RA88788                   00f041d8     Resource.res
 0004:00b56cc8       $RB56278                   00fd1cc8     Resource.res
 0004:00c55470       $RC54A20                   010d0470     Resource.res
 0004:00d3aa58       $RD3A008                   011b5a58     Resource.res
 0004:00e08550       $RE07B00                   01283550     Resource.res
 0004:00ec3878       $REC2E28                   0133e878     Resource.res
 0004:00f6b398       $RF6A948                   013e6398     Resource.res
 0004:01078710       $R077CC0                   014f3710     Resource.res
 0004:01168440       $R1679F0                   015e3440     Resource.res
 0004:01239dc0       $R239370                   016b4dc0     Resource.res
 0004:012fcf58       $R2FC508                   01777f58     Resource.res
 0004:013ba540       $R3B9AF0                   01835540     Resource.res
 0004:014a1290       $R4A0840                   0191c290     Resource.res
 0004:01567b98       $R567148                   019e2b98     Resource.res
 0004:01619670       $R618C20                   01a94670     Resource.res
 0004:016bae70       $R6BA420                   01b35e70     Resource.res
 0004:0174c648       $R74BBF8                   01bc7648     Resource.res
 0004:01859688       $R858C38                   01cd4688     Resource.res
 0004:01945af8       $R9450A8                   01dc0af8     Resource.res
 0004:01a21d68       $RA21318                   01e9cd68     Resource.res
 0004:01aea6f8       $RAE9CA8                   01f656f8     Resource.res
 0004:01b99a30       $RB98FE0                   02014a30     Resource.res
 0004:01c77360       $RC76910                   020f2360     Resource.res
 0004:01d36328       $RD358D8                   021b1328     Resource.res
 0004:01de3de8       $RDE3398                   0225ede8     Resource.res
 0004:01e804e8       $RE7FA98                   022fb4e8     Resource.res
 0004:01f0da78       $RF0D028                   02388a78     Resource.res
 0004:02013678       $R012C28                   0248e678     Resource.res
 0004:0210ba88       $R10B038                   02586a88     Resource.res
 0004:021ee1d8       $R1ED788                   026691d8     Resource.res
 0004:022b91a0       $R2B8750                   027341a0     Resource.res
 0004:02373790       $R372D40                   027ee790     Resource.res
 0004:02464420       $R4639D0                   028df420     Resource.res
 0004:0253f2c0       $R53E870                   029ba2c0     Resource.res
 0004:02607358       $R606908                   02a82358     Resource.res
 0004:026ba510       $R6B9AC0                   02b35510     Resource.res
 0004:0275b480       $R75AA30                   02bd6480     Resource.res
 0004:027e5a10       $R7E4FC0                   02c60a10     Resource.res

 Exports

  ordinal    name

